#
# There is insufficient memory for the Java Runtime Environment to continue.
# Native memory allocation (malloc) failed to allocate 1449368 bytes. Error detail: Chunk::new
# Possible reasons:
#   The system is out of physical RAM or swap space
#   This process is running with CompressedOops enabled, and the Java Heap may be blocking the growth of the native heap
# Possible solutions:
#   Reduce memory load on the system
#   Increase physical memory or swap space
#   Check if swap backing store is full
#   Decrease Java heap size (-Xmx/-Xms)
#   Decrease number of Java threads
#   Decrease Java thread stack sizes (-Xss)
#   Set larger code cache with -XX:ReservedCodeCacheSize=
#   JVM is running with Unscaled Compressed Oops mode in which the Java heap is
#     placed in the first 4GB address space. The Java Heap base address is the
#     maximum limit for the native heap growth. Please use -XX:HeapBaseMinAddress
#     to set the Java Heap base and to place the Java Heap above 4GB virtual address.
# This output file may be truncated or incomplete.
#
#  Out of Memory Error (arena.cpp:186), pid=25668, tid=27968
#
# JRE version: OpenJDK Runtime Environment Temurin-25.0.2+10 (25.0.2+10) (build 25.0.2+10-LTS)
# Java VM: OpenJDK 64-Bit Server VM Temurin-25.0.2+10 (25.0.2+10-LTS, mixed mode, sharing, tiered, compressed oops, compressed class ptrs, g1 gc, windows-amd64)
# No core dump will be written. Minidumps are not enabled by default on client versions of Windows
#

---------------  S U M M A R Y ------------

Command Line: --enable-native-access=ALL-UNNAMED -Dclassworlds.conf=C:\Program Files\Apache NetBeans\java\maven\bin\m2.conf -Dmaven.home=C:\Program Files\Apache NetBeans\java\maven -Dlibrary.jansi.path=C:\Program Files\Apache NetBeans\java\maven\lib\jansi-native -Dmaven.multiModuleProjectDirectory=C:\Users\ASUS\Documents\NetBeansProjects\Lubiproject1 org.codehaus.plexus.classworlds.launcher.Launcher -Dmaven.ext.class.path=C:\Program Files\Apache NetBeans\java\maven-nblib\netbeans-eventspy.jar --no-transfer-progress install

Host: Intel(R) Celeron(R) N4000 CPU @ 1.10GHz, 2 cores, 3G,  Windows 11 , 64 bit Build 26100 (10.0.26100.8115)
Time: Fri Apr  3 20:27:24 2026 SE Asia Standard Time elapsed time: 423.170547 seconds (0d 0h 7m 3s)

---------------  T H R E A D  ---------------

Current thread (0x000002caa5b2fb60):  JavaThread "C2 CompilerThread0" daemon [_thread_in_native, id=27968, stack(0x000000e117000000,0x000000e117100000) (1024K)]


Current CompileTask:
C2:423170 1467       4       java.lang.String::replace (42 bytes)

Stack: [0x000000e117000000,0x000000e117100000]
Native frames: (J=compiled Java code, j=interpreted, Vv=VM code, C=native code)
V  [jvm.dll+0x7a8bc9]  (no source info available)
V  [jvm.dll+0x77310d]  (no source info available)
V  [jvm.dll+0x9f55f3]  (no source info available)
V  [jvm.dll+0x9f7be1]  (no source info available)
V  [jvm.dll+0x9f82f3]  (no source info available)
V  [jvm.dll+0x2fce26]  (no source info available)
V  [jvm.dll+0x111076]  (no source info available)
V  [jvm.dll+0x11139e]  (no source info available)
V  [jvm.dll+0x19fff2]  (no source info available)
V  [jvm.dll+0x3b5f62]  (no source info available)
V  [jvm.dll+0x7ae53c]  (no source info available)
V  [jvm.dll+0x2c0407]  (no source info available)
V  [jvm.dll+0x2bf3cf]  (no source info available)
V  [jvm.dll+0x237140]  (no source info available)
V  [jvm.dll+0x2cf4c6]  (no source info available)
V  [jvm.dll+0x2cd74a]  (no source info available)
V  [jvm.dll+0x48fbee]  (no source info available)
V  [jvm.dll+0x996b0d]  (no source info available)
V  [jvm.dll+0x7a71a5]  (no source info available)
C  [ucrtbase.dll+0x37b0]  (no source info available)
C  [KERNEL32.DLL+0x2e8d7]  (no source info available)
C  [ntdll.dll+0x8c3fc]  (no source info available)

Lock stack of current Java thread (top to bottom):


---------------  P R O C E S S  ---------------

Threads class SMR info:
_java_thread_list=0x000002caaa28ac80, length=11, elements={
0x000002ca88a8d630, 0x000002caa5b23f60, 0x000002caa5b270a0, 0x000002caa5b2b7d0,
0x000002caa5b2d4f0, 0x000002caa5b2e0b0, 0x000002caa5b2ec70, 0x000002caa5b2fb60,
0x000002caa5ba75a0, 0x000002caaa035640, 0x000002caaa044d00
}

Java Threads: ( => current thread )
  0x000002ca88a8d630 JavaThread "main"                              [_thread_in_native, id=26412, stack(0x000000e116100000,0x000000e116200000) (1024K)]
  0x000002caa5b23f60 JavaThread "Reference Handler"          daemon [_thread_blocked, id=24748, stack(0x000000e116a00000,0x000000e116b00000) (1024K)]
  0x000002caa5b270a0 JavaThread "Finalizer"                  daemon [_thread_blocked, id=24284, stack(0x000000e116b00000,0x000000e116c00000) (1024K)]
  0x000002caa5b2b7d0 JavaThread "Signal Dispatcher"          daemon [_thread_blocked, id=27856, stack(0x000000e116c00000,0x000000e116d00000) (1024K)]
  0x000002caa5b2d4f0 JavaThread "Attach Listener"            daemon [_thread_blocked, id=27924, stack(0x000000e116d00000,0x000000e116e00000) (1024K)]
  0x000002caa5b2e0b0 JavaThread "Service Thread"             daemon [_thread_blocked, id=27928, stack(0x000000e116e00000,0x000000e116f00000) (1024K)]
  0x000002caa5b2ec70 JavaThread "Monitor Deflation Thread"   daemon [_thread_blocked, id=27932, stack(0x000000e116f00000,0x000000e117000000) (1024K)]
=>0x000002caa5b2fb60 JavaThread "C2 CompilerThread0"         daemon [_thread_in_native, id=27968, stack(0x000000e117000000,0x000000e117100000) (1024K)]
  0x000002caa5ba75a0 JavaThread "C1 CompilerThread0"         daemon [_thread_blocked, id=4332, stack(0x000000e117100000,0x000000e117200000) (1024K)]
  0x000002caaa035640 JavaThread "Notification Thread"        daemon [_thread_blocked, id=22848, stack(0x000000e117200000,0x000000e117300000) (1024K)]
  0x000002caaa044d00 JavaThread "Common-Cleaner"             daemon [_thread_blocked, id=16348, stack(0x000000e117300000,0x000000e117400000) (1024K)]
Total: 11

Other Threads:
  0x000002ca8ae8d6c0 VMThread "VM Thread"                           [id=10332, stack(0x000000e116900000,0x000000e116a00000) (1024K)]
  0x000002caa5b0a9f0 WatcherThread "VM Periodic Task Thread"        [id=16020, stack(0x000000e116800000,0x000000e116900000) (1024K)]
  0x000002ca8ae055a0 WorkerThread "GC Thread#0"                     [id=22424, stack(0x000000e116300000,0x000000e116400000) (1024K)]
  0x000002caa5b77250 WorkerThread "GC Thread#1"                     [id=15980, stack(0x000000e116000000,0x000000e116100000) (1024K)]
  0x000002ca8ae11e30 ConcurrentGCThread "G1 Main Marker"            [id=24556, stack(0x000000e116400000,0x000000e116500000) (1024K)]
  0x000002ca8ae138c0 WorkerThread "G1 Conc#0"                       [id=6532, stack(0x000000e116500000,0x000000e116600000) (1024K)]
  0x000002ca8ae30d70 ConcurrentGCThread "G1 Refine#0"               [id=16444, stack(0x000000e116600000,0x000000e116700000) (1024K)]
  0x000002ca8ae32990 ConcurrentGCThread "G1 Service"                [id=21100, stack(0x000000e116700000,0x000000e116800000) (1024K)]
Total: 8

Threads with active compile tasks:
C2 CompilerThread0  431847 1467       4       java.lang.String::replace (42 bytes)
Total: 1

VM state: not at safepoint (normal execution)

VM Mutex/Monitor currently owned by a thread: None

Heap address: 0x00000000c2c00000, size: 980 MB, Compressed Oops mode: 32-bit

CDS archive(s) mapped at: [0x0000000019000000-0x0000000019dd0000-0x0000000019dd0000), size 14483456, SharedBaseAddress: 0x0000000019000000, ArchiveRelocationMode: 1.
Compressed class space mapped at: 0x000000001a000000-0x000000005a000000, reserved size: 1073741824
UseCompressedClassPointers 1, UseCompactObjectHeaders 0
Narrow klass pointer bits 32, Max shift 3
Narrow klass base: 0x0000000019000000, Narrow klass shift: 0
Encoding Range: [0x0000000019000000 - 0x0000000119000000), (4294967296 bytes)
Klass Range:    [0x0000000019010000 - 0x000000005a000000), (1090453504 bytes)
Klass ID Range:  [65536 - 1090519033) (1090453497)
Protection zone: [0x0000000019000000 - 0x0000000019010000), (65536 bytes)

GC Precious Log:
 CardTable entry size: 512
 Card Set container configuration: InlinePtr #cards 5 size 8 Array Of Cards #cards 10 size 36 Howl #buckets 4 coarsen threshold 1843 Howl Bitmap #cards 512 size 80 coarsen threshold 460 Card regions per heap region 1 cards per card region 2048
 CPUs: 2 total, 2 available
 Memory: 3919M
 Large Page Support: Disabled
 NUMA Support: Disabled
 Compressed Oops: Enabled (32-bit)
 Heap Region Size: 1M
 Heap Min Capacity: 8M
 Heap Initial Capacity: 62M
 Heap Max Capacity: 980M
 Pre-touch: Disabled
 Parallel Workers: 2
 Concurrent Workers: 1
 Concurrent Refinement Workers: 2
 Periodic GC: Disabled

Heap:
 garbage-first heap   total reserved 1003520K, committed 65536K, used 7634K [0x00000000c2c00000, 0x0000000100000000)
  region size 1024K, 5 young (5120K), 1 survivors (1024K)

Heap Regions: E=young(eden), S=young(survivor), O=old, HS=humongous(starts), HC=humongous(continues), CS=collection set, F=free, TAMS=top-at-mark-start, PB=parsable bottom
|   0|0x00000000c2c00000, 0x00000000c2d00000, 0x00000000c2d00000|100%| O|  |TAMS 0x00000000c2c00000| PB 0x00000000c2c00000| Untracked |  0
|   1|0x00000000c2d00000, 0x00000000c2e00000, 0x00000000c2e00000|100%| O|  |TAMS 0x00000000c2d00000| PB 0x00000000c2d00000| Untracked |  0
|   2|0x00000000c2e00000, 0x00000000c2eb3948, 0x00000000c2f00000| 70%| O|  |TAMS 0x00000000c2e00000| PB 0x00000000c2e00000| Untracked |  0
|   3|0x00000000c2f00000, 0x00000000c2f00000, 0x00000000c3000000|  0%| F|  |TAMS 0x00000000c2f00000| PB 0x00000000c2f00000| Untracked |  0
|   4|0x00000000c3000000, 0x00000000c3000000, 0x00000000c3100000|  0%| F|  |TAMS 0x00000000c3000000| PB 0x00000000c3000000| Untracked |  0
|   5|0x00000000c3100000, 0x00000000c3100000, 0x00000000c3200000|  0%| F|  |TAMS 0x00000000c3100000| PB 0x00000000c3100000| Untracked |  0
|   6|0x00000000c3200000, 0x00000000c3200000, 0x00000000c3300000|  0%| F|  |TAMS 0x00000000c3200000| PB 0x00000000c3200000| Untracked |  0
|   7|0x00000000c3300000, 0x00000000c3300000, 0x00000000c3400000|  0%| F|  |TAMS 0x00000000c3300000| PB 0x00000000c3300000| Untracked |  0
|   8|0x00000000c3400000, 0x00000000c3400000, 0x00000000c3500000|  0%| F|  |TAMS 0x00000000c3400000| PB 0x00000000c3400000| Untracked |  0
|   9|0x00000000c3500000, 0x00000000c3500000, 0x00000000c3600000|  0%| F|  |TAMS 0x00000000c3500000| PB 0x00000000c3500000| Untracked |  0
|  10|0x00000000c3600000, 0x00000000c3600000, 0x00000000c3700000|  0%| F|  |TAMS 0x00000000c3600000| PB 0x00000000c3600000| Untracked |  0
|  11|0x00000000c3700000, 0x00000000c3700000, 0x00000000c3800000|  0%| F|  |TAMS 0x00000000c3700000| PB 0x00000000c3700000| Untracked |  0
|  12|0x00000000c3800000, 0x00000000c3800000, 0x00000000c3900000|  0%| F|  |TAMS 0x00000000c3800000| PB 0x00000000c3800000| Untracked |  0
|  13|0x00000000c3900000, 0x00000000c3900000, 0x00000000c3a00000|  0%| F|  |TAMS 0x00000000c3900000| PB 0x00000000c3900000| Untracked |  0
|  14|0x00000000c3a00000, 0x00000000c3a00000, 0x00000000c3b00000|  0%| F|  |TAMS 0x00000000c3a00000| PB 0x00000000c3a00000| Untracked |  0
|  15|0x00000000c3b00000, 0x00000000c3b00000, 0x00000000c3c00000|  0%| F|  |TAMS 0x00000000c3b00000| PB 0x00000000c3b00000| Untracked |  0
|  16|0x00000000c3c00000, 0x00000000c3c00000, 0x00000000c3d00000|  0%| F|  |TAMS 0x00000000c3c00000| PB 0x00000000c3c00000| Untracked |  0
|  17|0x00000000c3d00000, 0x00000000c3d00000, 0x00000000c3e00000|  0%| F|  |TAMS 0x00000000c3d00000| PB 0x00000000c3d00000| Untracked |  0
|  18|0x00000000c3e00000, 0x00000000c3e00000, 0x00000000c3f00000|  0%| F|  |TAMS 0x00000000c3e00000| PB 0x00000000c3e00000| Untracked |  0
|  19|0x00000000c3f00000, 0x00000000c3f00000, 0x00000000c4000000|  0%| F|  |TAMS 0x00000000c3f00000| PB 0x00000000c3f00000| Untracked |  0
|  20|0x00000000c4000000, 0x00000000c4000000, 0x00000000c4100000|  0%| F|  |TAMS 0x00000000c4000000| PB 0x00000000c4000000| Untracked |  0
|  21|0x00000000c4100000, 0x00000000c4100000, 0x00000000c4200000|  0%| F|  |TAMS 0x00000000c4100000| PB 0x00000000c4100000| Untracked |  0
|  22|0x00000000c4200000, 0x00000000c4200000, 0x00000000c4300000|  0%| F|  |TAMS 0x00000000c4200000| PB 0x00000000c4200000| Untracked |  0
|  23|0x00000000c4300000, 0x00000000c4300000, 0x00000000c4400000|  0%| F|  |TAMS 0x00000000c4300000| PB 0x00000000c4300000| Untracked |  0
|  24|0x00000000c4400000, 0x00000000c4400000, 0x00000000c4500000|  0%| F|  |TAMS 0x00000000c4400000| PB 0x00000000c4400000| Untracked |  0
|  25|0x00000000c4500000, 0x00000000c4500000, 0x00000000c4600000|  0%| F|  |TAMS 0x00000000c4500000| PB 0x00000000c4500000| Untracked |  0
|  26|0x00000000c4600000, 0x00000000c4600000, 0x00000000c4700000|  0%| F|  |TAMS 0x00000000c4600000| PB 0x00000000c4600000| Untracked |  0
|  27|0x00000000c4700000, 0x00000000c4700000, 0x00000000c4800000|  0%| F|  |TAMS 0x00000000c4700000| PB 0x00000000c4700000| Untracked |  0
|  28|0x00000000c4800000, 0x00000000c4800000, 0x00000000c4900000|  0%| F|  |TAMS 0x00000000c4800000| PB 0x00000000c4800000| Untracked |  0
|  29|0x00000000c4900000, 0x00000000c4900000, 0x00000000c4a00000|  0%| F|  |TAMS 0x00000000c4900000| PB 0x00000000c4900000| Untracked |  0
|  30|0x00000000c4a00000, 0x00000000c4a00000, 0x00000000c4b00000|  0%| F|  |TAMS 0x00000000c4a00000| PB 0x00000000c4a00000| Untracked |  0
|  31|0x00000000c4b00000, 0x00000000c4b00000, 0x00000000c4c00000|  0%| F|  |TAMS 0x00000000c4b00000| PB 0x00000000c4b00000| Untracked |  0
|  32|0x00000000c4c00000, 0x00000000c4c00000, 0x00000000c4d00000|  0%| F|  |TAMS 0x00000000c4c00000| PB 0x00000000c4c00000| Untracked |  0
|  33|0x00000000c4d00000, 0x00000000c4d00000, 0x00000000c4e00000|  0%| F|  |TAMS 0x00000000c4d00000| PB 0x00000000c4d00000| Untracked |  0
|  34|0x00000000c4e00000, 0x00000000c4e00000, 0x00000000c4f00000|  0%| F|  |TAMS 0x00000000c4e00000| PB 0x00000000c4e00000| Untracked |  0
|  35|0x00000000c4f00000, 0x00000000c4f00000, 0x00000000c5000000|  0%| F|  |TAMS 0x00000000c4f00000| PB 0x00000000c4f00000| Untracked |  0
|  36|0x00000000c5000000, 0x00000000c5000000, 0x00000000c5100000|  0%| F|  |TAMS 0x00000000c5000000| PB 0x00000000c5000000| Untracked |  0
|  37|0x00000000c5100000, 0x00000000c5100000, 0x00000000c5200000|  0%| F|  |TAMS 0x00000000c5100000| PB 0x00000000c5100000| Untracked |  0
|  38|0x00000000c5200000, 0x00000000c5200000, 0x00000000c5300000|  0%| F|  |TAMS 0x00000000c5200000| PB 0x00000000c5200000| Untracked |  0
|  39|0x00000000c5300000, 0x00000000c5300000, 0x00000000c5400000|  0%| F|  |TAMS 0x00000000c5300000| PB 0x00000000c5300000| Untracked |  0
|  40|0x00000000c5400000, 0x00000000c5400000, 0x00000000c5500000|  0%| F|  |TAMS 0x00000000c5400000| PB 0x00000000c5400000| Untracked |  0
|  41|0x00000000c5500000, 0x00000000c5500000, 0x00000000c5600000|  0%| F|  |TAMS 0x00000000c5500000| PB 0x00000000c5500000| Untracked |  0
|  42|0x00000000c5600000, 0x00000000c5600000, 0x00000000c5700000|  0%| F|  |TAMS 0x00000000c5600000| PB 0x00000000c5600000| Untracked |  0
|  43|0x00000000c5700000, 0x00000000c5700000, 0x00000000c5800000|  0%| F|  |TAMS 0x00000000c5700000| PB 0x00000000c5700000| Untracked |  0
|  44|0x00000000c5800000, 0x00000000c5800000, 0x00000000c5900000|  0%| F|  |TAMS 0x00000000c5800000| PB 0x00000000c5800000| Untracked |  0
|  45|0x00000000c5900000, 0x00000000c5900000, 0x00000000c5a00000|  0%| F|  |TAMS 0x00000000c5900000| PB 0x00000000c5900000| Untracked |  0
|  46|0x00000000c5a00000, 0x00000000c5a00000, 0x00000000c5b00000|  0%| F|  |TAMS 0x00000000c5a00000| PB 0x00000000c5a00000| Untracked |  0
|  47|0x00000000c5b00000, 0x00000000c5b00000, 0x00000000c5c00000|  0%| F|  |TAMS 0x00000000c5b00000| PB 0x00000000c5b00000| Untracked |  0
|  48|0x00000000c5c00000, 0x00000000c5c00000, 0x00000000c5d00000|  0%| F|  |TAMS 0x00000000c5c00000| PB 0x00000000c5c00000| Untracked |  0
|  49|0x00000000c5d00000, 0x00000000c5d9c1a0, 0x00000000c5e00000| 60%| S|CS|TAMS 0x00000000c5d00000| PB 0x00000000c5d00000| Complete |  0
|  50|0x00000000c5e00000, 0x00000000c5e00000, 0x00000000c5f00000|  0%| F|  |TAMS 0x00000000c5e00000| PB 0x00000000c5e00000| Untracked |  0
|  51|0x00000000c5f00000, 0x00000000c5f00000, 0x00000000c6000000|  0%| F|  |TAMS 0x00000000c5f00000| PB 0x00000000c5f00000| Untracked |  0
|  52|0x00000000c6000000, 0x00000000c6000000, 0x00000000c6100000|  0%| F|  |TAMS 0x00000000c6000000| PB 0x00000000c6000000| Untracked |  0
|  53|0x00000000c6100000, 0x00000000c6100000, 0x00000000c6200000|  0%| F|  |TAMS 0x00000000c6100000| PB 0x00000000c6100000| Untracked |  0
|  54|0x00000000c6200000, 0x00000000c6200000, 0x00000000c6300000|  0%| F|  |TAMS 0x00000000c6200000| PB 0x00000000c6200000| Untracked |  0
|  55|0x00000000c6300000, 0x00000000c6300000, 0x00000000c6400000|  0%| F|  |TAMS 0x00000000c6300000| PB 0x00000000c6300000| Untracked |  0
|  56|0x00000000c6400000, 0x00000000c6400000, 0x00000000c6500000|  0%| F|  |TAMS 0x00000000c6400000| PB 0x00000000c6400000| Untracked |  0
|  57|0x00000000c6500000, 0x00000000c6500000, 0x00000000c6600000|  0%| F|  |TAMS 0x00000000c6500000| PB 0x00000000c6500000| Untracked |  0
|  58|0x00000000c6600000, 0x00000000c66d0c68, 0x00000000c6700000| 81%| E|  |TAMS 0x00000000c6600000| PB 0x00000000c6600000| Complete |  0
|  59|0x00000000c6700000, 0x00000000c6800000, 0x00000000c6800000|100%| E|CS|TAMS 0x00000000c6700000| PB 0x00000000c6700000| Complete |  0
|  60|0x00000000c6800000, 0x00000000c6900000, 0x00000000c6900000|100%| E|CS|TAMS 0x00000000c6800000| PB 0x00000000c6800000| Complete |  0
|  61|0x00000000c6900000, 0x00000000c6a00000, 0x00000000c6a00000|100%| E|CS|TAMS 0x00000000c6900000| PB 0x00000000c6900000| Complete |  0
| 978|0x00000000ffe00000, 0x00000000fff00000, 0x00000000fff00000|100%| O|  |TAMS 0x00000000ffe00000| PB 0x00000000ffe00000| Untracked |  0
| 979|0x00000000fff00000, 0x00000000fff24ea8, 0x0000000100000000| 14%| O|  |TAMS 0x00000000fff00000| PB 0x00000000fff00000| Untracked |  0

Card table byte_map: [0x000002ca8ab80000,0x000002ca8ad70000] _byte_map_base: 0x000002ca8a56a000

Marking Bits: (CMBitMap*) 0x000002ca8ae05d30
 Bits: [0x000002caa28c0000, 0x000002caa3810000)

Polling page: 0x000002ca88a50000

Metaspace:
Metaspace        used 6338K, committed 6528K, reserved 1114112K
 class space     used 768K, committed 896K, reserved 1048576K

Usage:
  Non-class:      5.44 MB used.
      Class:    768.34 KB used.
       Both:      6.19 MB used.

Virtual space:
  Non-class space:       64.00 MB reserved,       5.50 MB (  9%) committed,  1 nodes.
      Class space:        1.00 GB reserved,     896.00 KB ( <1%) committed,  1 nodes.
             Both:        1.06 GB reserved,       6.38 MB ( <1%) committed. 

Chunk freelists:
   Non-Class:  8.64 MB
       Class:  15.17 MB
        Both:  23.81 MB

MaxMetaspaceSize: unlimited
CompressedClassSpaceSize: 1.00 GB
Initial GC threshold: 21.00 MB
Current GC threshold: 21.00 MB
CDS: on
 - commit_granule_bytes: 65536.
 - commit_granule_words: 8192.
 - virtual_space_node_default_size: 8388608.
 - enlarge_chunks_in_place: 1.
UseCompressedClassPointers 1, UseCompactObjectHeaders 0
Narrow klass pointer bits 32, Max shift 3
Narrow klass base: 0x0000000019000000, Narrow klass shift: 0
Encoding Range: [0x0000000019000000 - 0x0000000119000000), (4294967296 bytes)
Klass Range:    [0x0000000019010000 - 0x000000005a000000), (1090453504 bytes)
Klass ID Range:  [65536 - 1090519033) (1090453497)
Protection zone: [0x0000000019000000 - 0x0000000019010000), (65536 bytes)


Internal statistics:

num_allocs_failed_limit: 0.
num_arena_births: 56.
num_arena_deaths: 0.
num_vsnodes_births: 2.
num_vsnodes_deaths: 0.
num_space_committed: 102.
num_space_uncommitted: 0.
num_chunks_returned_to_freelist: 0.
num_chunks_taken_from_freelist: 254.
num_chunk_merges: 0.
num_chunk_splits: 160.
num_chunks_enlarged: 130.
num_inconsistent_stats: 0.

CodeHeap 'non-profiled nmethods': size=120128Kb used=443Kb max_used=443Kb free=119684Kb
 bounds [0x000002ca9b370000, 0x000002ca9b5e0000, 0x000002caa28c0000]
CodeHeap 'profiled nmethods': size=120000Kb used=2178Kb max_used=2178Kb free=117821Kb
 bounds [0x000002ca938c0000, 0x000002ca93b30000, 0x000002ca9adf0000]
CodeHeap 'non-nmethods': size=5632Kb used=1342Kb max_used=1363Kb free=4290Kb
 bounds [0x000002ca9adf0000, 0x000002ca9b060000, 0x000002ca9b370000]
CodeCache: size=245760Kb, used=3963Kb, max_used=3984Kb, free=241795Kb
 total_blobs=1967, nmethods=1497, adapters=374, full_count=0
Compilation: enabled, stopped_count=0, restarted_count=0

Compilation events (20 events):
Event: 420.575 Thread 0x000002caa5ba75a0 1463       3       java.nio.file.attribute.FileTime::from (18 bytes)
Event: 420.575 Thread 0x000002caa5ba75a0 nmethod 1463 0x000002ca93ad4388 code [0x000002ca93ad4480, 0x000002ca93ad4848]
Event: 420.575 Thread 0x000002caa5ba75a0 1464       3       java.nio.file.attribute.FileTime::<init> (21 bytes)
Event: 420.576 Thread 0x000002caa5ba75a0 nmethod 1464 0x000002ca93ad4888 code [0x000002ca93ad4980, 0x000002ca93ad4ba0]
Event: 420.577 Thread 0x000002caa5b2fb60 nmethod 1461 0x000002ca9b3dc608 code [0x000002ca9b3dc700, 0x000002ca9b3dca70]
Event: 420.577 Thread 0x000002caa5b2fb60 1462       4       java.lang.CharacterData::of (136 bytes)
Event: 420.579 Thread 0x000002caa5b2fb60 nmethod 1462 0x000002ca9b3dcb08 code [0x000002ca9b3dcc00, 0x000002ca9b3dcca0]
Event: 420.579 Thread 0x000002caa5b2fb60 1465       4       java.lang.AbstractStringBuilder::<init> (39 bytes)
Event: 420.580 Thread 0x000002caa5b2fb60 nmethod 1465 0x000002ca9b3dce08 code [0x000002ca9b3dcf00, 0x000002ca9b3dd130]
Event: 420.582 Thread 0x000002caa5ba75a0 1466       1       java.lang.Class::getAnnotationType (5 bytes)
Event: 420.583 Thread 0x000002caa5ba75a0 nmethod 1466 0x000002ca9b3dd188 code [0x000002ca9b3dd280, 0x000002ca9b3dd348]
Event: 420.583 Thread 0x000002caa5b2fb60 1467       4       java.lang.String::replace (42 bytes)
Event: 420.585 Thread 0x000002caa5ba75a0 1468       3       sun.nio.fs.WindowsPathParser::normalize (339 bytes)
Event: 420.587 Thread 0x000002caa5ba75a0 nmethod 1468 0x000002ca93ad4c08 code [0x000002ca93ad4d00, 0x000002ca93ad7820]
Event: 420.590 Thread 0x000002caa5ba75a0 1470       3       com.google.common.cache.LocalCache::expiresAfterAccess (15 bytes)
Event: 420.593 Thread 0x000002caa5ba75a0 nmethod 1470 0x000002ca93ad7888 code [0x000002ca93ad7980, 0x000002ca93ad7ae0]
Event: 420.593 Thread 0x000002caa5ba75a0 1471       3       java.lang.invoke.DirectMethodHandle::internalMemberName (8 bytes)
Event: 420.593 Thread 0x000002caa5ba75a0 nmethod 1471 0x000002ca93ad7b88 code [0x000002ca93ad7c80, 0x000002ca93ad7e40]
Event: 421.106 Thread 0x000002caa5ba75a0 1472       3       java.nio.ByteOrder::nativeOrder (4 bytes)
Event: 421.106 Thread 0x000002caa5ba75a0 nmethod 1472 0x000002ca93ad7e88 code [0x000002ca93ad7f80, 0x000002ca93ad8070]

GC Heap Usage History (4 events):
Event: 222.881 {heap Before GC invocations=0 (full 0):
 garbage-first heap   total reserved 1003520K, committed 65536K, used 14483K [0x00000000c2c00000, 0x0000000100000000)
  region size 1024K, 14 young (14336K), 0 survivors (0K)
}
Event: 235.904 {heap After GC invocations=1 (full 0):
 garbage-first heap   total reserved 1003520K, committed 65536K, used 3829K [0x00000000c2c00000, 0x0000000100000000)
  region size 1024K, 2 young (2048K), 2 survivors (2048K)
}
Event: 396.593 {heap Before GC invocations=1 (full 0):
 garbage-first heap   total reserved 1003520K, committed 65536K, used 16117K [0x00000000c2c00000, 0x0000000100000000)
  region size 1024K, 14 young (14336K), 2 survivors (2048K)
}
Event: 396.690 {heap After GC invocations=2 (full 0):
 garbage-first heap   total reserved 1003520K, committed 65536K, used 4562K [0x00000000c2c00000, 0x0000000100000000)
  region size 1024K, 1 young (1024K), 1 survivors (1024K)
}

Metaspace Usage History (4 events):
Event: 222.881 {metaspace Before GC invocations=0 (full 0):
 Metaspace       used 4252K, committed 4480K, reserved 1114112K
  class space    used 467K, committed 576K, reserved 1048576K
}
Event: 235.904 {metaspace After GC invocations=1 (full 0):
 Metaspace       used 4252K, committed 4480K, reserved 1114112K
  class space    used 467K, committed 576K, reserved 1048576K
}
Event: 396.593 {metaspace Before GC invocations=1 (full 0):
 Metaspace       used 5827K, committed 6080K, reserved 1114112K
  class space    used 712K, committed 832K, reserved 1048576K
}
Event: 396.690 {metaspace After GC invocations=2 (full 0):
 Metaspace       used 5827K, committed 6080K, reserved 1114112K
  class space    used 712K, committed 832K, reserved 1048576K
}

Dll operation events (7 events):
Event: 3.523 Loaded shared library C:\Program Files\Apache NetBeans\jdk\bin\java.dll
Event: 15.705 Loaded shared library C:\Program Files\Apache NetBeans\jdk\bin\net.dll
Event: 15.710 Loaded shared library C:\Program Files\Apache NetBeans\jdk\bin\nio.dll
Event: 15.732 Loaded shared library C:\Program Files\Apache NetBeans\jdk\bin\zip.dll
Event: 37.293 Loaded shared library C:\Program Files\Apache NetBeans\java\maven\lib\jansi-native\Windows\x86_64\jansi.dll
Event: 37.740 Loaded shared library C:\Program Files\Apache NetBeans\jdk\bin\verify.dll
Event: 43.928 Loaded shared library C:\Program Files\Apache NetBeans\jdk\bin\jimage.dll

Deoptimization events (20 events):
Event: 368.961 Thread 0x000002ca88a8d630 Uncommon trap: trap_request=0xffffffc6 fr.pc=0x000002ca9b3aa034 relative=0x00000000000003b4
Event: 368.961 Thread 0x000002ca88a8d630 Uncommon trap: reason=bimorphic_or_optimized_type_check action=maybe_recompile pc=0x000002ca9b3aa034 method=java.util.concurrent.ConcurrentHashMap.get(Ljava/lang/Object;)Ljava/lang/Object; @ 149 c2
Event: 368.961 Thread 0x000002ca88a8d630 DEOPT PACKING pc=0x000002ca9b3aa034 sp=0x000000e1161fdd10
Event: 368.961 Thread 0x000002ca88a8d630 DEOPT UNPACKING pc=0x000002ca9ae7857c sp=0x000000e1161fdc80 mode 2
Event: 397.929 Thread 0x000002ca88a8d630 Uncommon trap: trap_request=0xffffffde fr.pc=0x000002ca9b3a9ac8 relative=0x0000000000000248
Event: 397.929 Thread 0x000002ca88a8d630 Uncommon trap: reason=class_check action=maybe_recompile pc=0x000002ca9b3a9ac8 method=java.util.HashMap.getNode(Ljava/lang/Object;)Ljava/util/HashMap$Node; @ 128 c2
Event: 397.929 Thread 0x000002ca88a8d630 DEOPT PACKING pc=0x000002ca9b3a9ac8 sp=0x000000e1161fe1d0
Event: 397.930 Thread 0x000002ca88a8d630 DEOPT UNPACKING pc=0x000002ca9ae7857c sp=0x000000e1161fe138 mode 2
Event: 406.793 Thread 0x000002ca88a8d630 Uncommon trap: trap_request=0xffffffde fr.pc=0x000002ca9b3a9ac8 relative=0x0000000000000248
Event: 406.793 Thread 0x000002ca88a8d630 Uncommon trap: reason=class_check action=maybe_recompile pc=0x000002ca9b3a9ac8 method=java.util.HashMap.getNode(Ljava/lang/Object;)Ljava/util/HashMap$Node; @ 128 c2
Event: 406.793 Thread 0x000002ca88a8d630 DEOPT PACKING pc=0x000002ca9b3a9ac8 sp=0x000000e1161fe1d0
Event: 406.793 Thread 0x000002ca88a8d630 DEOPT UNPACKING pc=0x000002ca9ae7857c sp=0x000000e1161fe138 mode 2
Event: 407.945 Thread 0x000002ca88a8d630 Uncommon trap: trap_request=0xffffffc6 fr.pc=0x000002ca9b3aa034 relative=0x00000000000003b4
Event: 407.945 Thread 0x000002ca88a8d630 Uncommon trap: reason=bimorphic_or_optimized_type_check action=maybe_recompile pc=0x000002ca9b3aa034 method=java.util.concurrent.ConcurrentHashMap.get(Ljava/lang/Object;)Ljava/lang/Object; @ 149 c2
Event: 407.945 Thread 0x000002ca88a8d630 DEOPT PACKING pc=0x000002ca9b3aa034 sp=0x000000e1161fd8d0
Event: 407.945 Thread 0x000002ca88a8d630 DEOPT UNPACKING pc=0x000002ca9ae7857c sp=0x000000e1161fd840 mode 2
Event: 409.181 Thread 0x000002ca88a8d630 Uncommon trap: trap_request=0xffffffc6 fr.pc=0x000002ca9b3aa034 relative=0x00000000000003b4
Event: 409.181 Thread 0x000002ca88a8d630 Uncommon trap: reason=bimorphic_or_optimized_type_check action=maybe_recompile pc=0x000002ca9b3aa034 method=java.util.concurrent.ConcurrentHashMap.get(Ljava/lang/Object;)Ljava/lang/Object; @ 149 c2
Event: 409.181 Thread 0x000002ca88a8d630 DEOPT PACKING pc=0x000002ca9b3aa034 sp=0x000000e1161fd8d0
Event: 409.181 Thread 0x000002ca88a8d630 DEOPT UNPACKING pc=0x000002ca9ae7857c sp=0x000000e1161fd840 mode 2

Classes loaded (20 events):
Event: 307.803 Loading class java/lang/reflect/ParameterizedType
Event: 307.803 Loading class java/lang/reflect/ParameterizedType done
Event: 309.168 Loading class java/lang/reflect/WildcardType
Event: 309.169 Loading class java/lang/reflect/WildcardType done
Event: 310.255 Loading class sun/reflect/generics/tree/TypeVariableSignature
Event: 310.255 Loading class sun/reflect/generics/tree/TypeVariableSignature done
Event: 319.222 Loading class java/lang/annotation/IncompleteAnnotationException
Event: 319.222 Loading class java/lang/annotation/IncompleteAnnotationException done
Event: 319.416 Loading class jdk/internal/foreign/MemorySessionImpl
Event: 319.416 Loading class java/lang/foreign/MemorySegment$Scope
Event: 319.416 Loading class java/lang/foreign/MemorySegment$Scope done
Event: 319.417 Loading class jdk/internal/foreign/MemorySessionImpl done
Event: 344.591 Loading class java/lang/foreign/MemorySegment
Event: 344.848 Loading class java/lang/foreign/MemorySegment done
Event: 367.982 Loading class sun/reflect/generics/reflectiveObjects/TypeVariableImpl
Event: 367.987 Loading class sun/reflect/generics/reflectiveObjects/LazyReflectiveObjectGenerator
Event: 367.987 Loading class sun/reflect/generics/reflectiveObjects/LazyReflectiveObjectGenerator done
Event: 367.987 Loading class sun/reflect/generics/reflectiveObjects/TypeVariableImpl done
Event: 367.988 Loading class sun/reflect/generics/reflectiveObjects/ParameterizedTypeImpl
Event: 367.988 Loading class sun/reflect/generics/reflectiveObjects/ParameterizedTypeImpl done

Classes unloaded (0 events):
No events

Classes redefined (0 events):
No events

Internal exceptions (20 events):
Event: 37.307 Thread 0x000002ca88a8d630 Exception <a 'java/lang/NullPointerException'{0x00000000c655afd8}> (0x00000000c655afd8) 
thrown [s\src\hotspot\share\interpreter\linkResolver.cpp, line 1416]
Event: 37.696 Thread 0x000002ca88a8d630 Exception <a 'sun/nio/fs/WindowsException'{0x00000000c657c570}> (0x00000000c657c570) 
thrown [s\src\hotspot\share\prims\jni.cpp, line 516]
Event: 37.696 Thread 0x000002ca88a8d630 Exception <a 'sun/nio/fs/WindowsException'{0x00000000c657cba0}> (0x00000000c657cba0) 
thrown [s\src\hotspot\share\prims\jni.cpp, line 516]
Event: 37.697 Thread 0x000002ca88a8d630 Exception <a 'sun/nio/fs/WindowsException'{0x00000000c657d100}> (0x00000000c657d100) 
thrown [s\src\hotspot\share\prims\jni.cpp, line 516]
Event: 37.697 Thread 0x000002ca88a8d630 Exception <a 'sun/nio/fs/WindowsException'{0x00000000c657d640}> (0x00000000c657d640) 
thrown [s\src\hotspot\share\prims\jni.cpp, line 516]
Event: 37.697 Thread 0x000002ca88a8d630 Exception <a 'sun/nio/fs/WindowsException'{0x00000000c657db30}> (0x00000000c657db30) 
thrown [s\src\hotspot\share\prims\jni.cpp, line 516]
Event: 37.732 Thread 0x000002ca88a8d630 Exception <a 'sun/nio/fs/WindowsException'{0x00000000c657dfd8}> (0x00000000c657dfd8) 
thrown [s\src\hotspot\share\prims\jni.cpp, line 516]
Event: 39.597 Thread 0x000002ca88a8d630 Exception <a 'java/lang/NoSuchMethodError'{0x00000000c65b7610}: 'void java.lang.invoke.DirectMethodHandle$Holder.invokeVirtual(java.lang.Object, java.lang.Object)'> (0x00000000c65b7610) 
thrown [s\src\hotspot\share\interpreter\linkResolver.cpp, line 804]
Event: 39.915 Thread 0x000002ca88a8d630 Exception <a 'java/lang/NoSuchMethodError'{0x00000000c65d8908}: 'void java.lang.invoke.DirectMethodHandle$Holder.invokeStatic(java.lang.Object, java.lang.Object)'> (0x00000000c65d8908) 
thrown [s\src\hotspot\share\interpreter\linkResolver.cpp, line 804]
Event: 39.919 Thread 0x000002ca88a8d630 Exception <a 'java/lang/NoSuchMethodError'{0x00000000c65e09e0}: 'void java.lang.invoke.DirectMethodHandle$Holder.invokeStaticInit(java.lang.Object, java.lang.Object)'> (0x00000000c65e09e0) 
thrown [s\src\hotspot\share\interpreter\linkResolver.cpp, line 804]
Event: 40.233 Thread 0x000002ca88a8d630 Exception <a 'java/lang/NoSuchMethodError'{0x00000000c641bee0}: 'void java.lang.invoke.DirectMethodHandle$Holder.invokeSpecial(java.lang.Object, java.lang.Object, java.lang.Object, java.lang.Object, java.lang.Object)'> (0x00000000c641bee0) 
thrown [s\src\hotspot\share\interpreter\linkResolver.cpp, line 804]
Event: 43.915 Thread 0x000002ca88a8d630 Exception <a 'java/lang/NoSuchMethodError'{0x00000000c6457bf0}: 'void java.lang.invoke.DirectMethodHandle$Holder.invokeStatic(java.lang.Object, java.lang.Object, java.lang.Object)'> (0x00000000c6457bf0) 
thrown [s\src\hotspot\share\interpreter\linkResolver.cpp, line 804]
Event: 122.830 Thread 0x000002ca88a8d630 Exception <a 'java/lang/NoSuchMethodError'{0x00000000c621dea0}: 'java.lang.Object java.lang.invoke.DirectMethodHandle$Holder.invokeSpecialIFC(java.lang.Object, java.lang.Object, java.lang.Object, java.lang.Object)'> (0x00000000c621dea0) 
thrown [s\src\hotspot\share\interpreter\linkResolver.cpp, line 804]
Event: 207.744 Thread 0x000002ca88a8d630 Exception <a 'java/lang/NoSuchMethodError'{0x00000000c5d59fa8}: 'void java.lang.invoke.DirectMethodHandle$Holder.invokeSpecial(java.lang.Object, java.lang.Object, java.lang.Object)'> (0x00000000c5d59fa8) 
thrown [s\src\hotspot\share\interpreter\linkResolver.cpp, line 804]
Event: 219.622 Thread 0x000002ca88a8d630 Exception <a 'java/lang/NoSuchMethodError'{0x00000000c5c74598}: 'java.lang.Object java.lang.invoke.DirectMethodHandle$Holder.invokeInterface(java.lang.Object, java.lang.Object)'> (0x00000000c5c74598) 
thrown [s\src\hotspot\share\interpreter\linkResolver.cpp, line 804]
Event: 235.918 Thread 0x000002ca88a8d630 Exception <a 'java/lang/NoSuchMethodError'{0x00000000c691f380}: 'int java.lang.invoke.DirectMethodHandle$Holder.invokeStatic(java.lang.Object, java.lang.Object, java.lang.Object, java.lang.Object)'> (0x00000000c691f380) 
thrown [s\src\hotspot\share\interpreter\linkResolver.cpp, line 804]
Event: 250.512 Thread 0x000002ca88a8d630 Exception <a 'java/lang/NoSuchMethodError'{0x00000000c6949330}: 'int java.lang.invoke.DirectMethodHandle$Holder.invokeSpecialIFC(java.lang.Object, java.lang.Object, java.lang.Object, java.lang.Object, java.lang.Object)'> (0x00000000c6949330) 
thrown [s\src\hotspot\share\interpreter\linkResolver.cpp, line 804]
Event: 300.541 Thread 0x000002ca88a8d630 Exception <a 'java/lang/NoSuchMethodError'{0x00000000c67345d8}: 'java.lang.Object java.lang.invoke.DirectMethodHandle$Holder.newInvokeSpecial(java.lang.Object, java.lang.Object, java.lang.Object, java.lang.Object, java.lang.Object)'> (0x00000000c67345d8) 
thrown [s\src\hotspot\share\interpreter\linkResolver.cpp, line 804]
Event: 313.804 Thread 0x000002ca88a8d630 Exception <a 'java/lang/NoSuchMethodError'{0x00000000c664e068}: 'int java.lang.invoke.DirectMethodHandle$Holder.invokeStaticInit(java.lang.Object, java.lang.Object)'> (0x00000000c664e068) 
thrown [s\src\hotspot\share\interpreter\linkResolver.cpp, line 804]
Event: 319.238 Thread 0x000002ca88a8d630 Exception <a 'java/lang/NoClassDefFoundError'{0x00000000c66880d0}: javax/enterprise/inject/Typed> (0x00000000c66880d0) 
thrown [s\src\hotspot\share\classfile\systemDictionary.cpp, line 316]

VM Operations (14 events):
Event: 15.734 Executing non-safepoint VM operation: HandshakeAllThreads (Deoptimize)
Event: 15.734 Executing non-safepoint VM operation: HandshakeAllThreads (Deoptimize) done
Event: 35.774 Executing non-safepoint VM operation: HandshakeAllThreads (Deoptimize)
Event: 35.774 Executing non-safepoint VM operation: HandshakeAllThreads (Deoptimize) done
Event: 44.705 Executing non-safepoint VM operation: HandshakeAllThreads (Deoptimize)
Event: 95.479 Executing non-safepoint VM operation: HandshakeAllThreads (Deoptimize) done
Event: 222.880 Executing safepoint VM operation: G1CollectForAllocation (G1 Evacuation Pause)
Event: 235.904 Executing safepoint VM operation: G1CollectForAllocation (G1 Evacuation Pause) done
Event: 304.328 Executing non-safepoint VM operation: HandshakeAllThreads (HandshakeForDeflation)
Event: 304.398 Executing non-safepoint VM operation: HandshakeAllThreads (HandshakeForDeflation) done
Event: 304.398 Executing non-safepoint VM operation: RendezvousGCThreads
Event: 304.398 Executing non-safepoint VM operation: RendezvousGCThreads done
Event: 396.590 Executing safepoint VM operation: G1CollectForAllocation (G1 Evacuation Pause)
Event: 396.691 Executing safepoint VM operation: G1CollectForAllocation (G1 Evacuation Pause) done

Memory protections (0 events):
No events

Nmethod flushes (0 events):
No events

Events (13 events):
Event: 11.927 Thread 0x000002ca88a8d630 Thread added: 0x000002ca88a8d630
Event: 13.651 Thread 0x000002ca88a8d630 Thread added: 0x000002caa5b23f60
Event: 13.652 Thread 0x000002ca88a8d630 Thread added: 0x000002caa5b270a0
Event: 14.107 Thread 0x000002ca88a8d630 Thread added: 0x000002caa5b2b7d0
Event: 14.107 Thread 0x000002ca88a8d630 Thread added: 0x000002caa5b2d4f0
Event: 14.107 Thread 0x000002ca88a8d630 Thread added: 0x000002caa5b2e0b0
Event: 14.108 Thread 0x000002ca88a8d630 Thread added: 0x000002caa5b2ec70
Event: 14.108 Thread 0x000002ca88a8d630 Thread added: 0x000002caa5b2fb60
Event: 14.343 Thread 0x000002ca88a8d630 Thread added: 0x000002caa5ba75a0
Event: 15.303 Thread 0x000002ca88a8d630 Thread added: 0x000002caaa035640
Event: 15.700 Thread 0x000002ca88a8d630 Thread added: 0x000002caaa044d00
Event: 36.579 Thread 0x000002ca88a8d630 Thread added: 0x000002caaa07fd00
Event: 153.588 Thread 0x000002caaa07fd00 Thread exited: 0x000002caaa07fd00


Dynamic libraries:
0x00007ff61ab00000 - 0x00007ff61ab0e000 	C:\Program Files\Apache NetBeans\jdk\bin\java.exe
0x00007ffea0ee0000 - 0x00007ffea1147000 	C:\WINDOWS\SYSTEM32\ntdll.dll
0x00007ffe9fee0000 - 0x00007ffe9ffa9000 	C:\WINDOWS\System32\KERNEL32.DLL
0x00007ffe9dbe0000 - 0x00007ffe9dfd4000 	C:\WINDOWS\System32\KERNELBASE.dll
0x00007ffe9e110000 - 0x00007ffe9e25b000 	C:\WINDOWS\System32\ucrtbase.dll
0x00007ffe806e0000 - 0x00007ffe806f6000 	C:\Program Files\Apache NetBeans\jdk\bin\jli.dll
0x00007ffe9ed70000 - 0x00007ffe9ef35000 	C:\WINDOWS\System32\USER32.dll
0x00007ffe9eb90000 - 0x00007ffe9ebb7000 	C:\WINDOWS\System32\win32u.dll
0x00007ffea09d0000 - 0x00007ffea09fb000 	C:\WINDOWS\System32\GDI32.dll
0x00007ffe9dfe0000 - 0x00007ffe9e10a000 	C:\WINDOWS\System32\gdi32full.dll
0x00007ffe9ebc0000 - 0x00007ffe9ec63000 	C:\WINDOWS\System32\msvcp_win.dll
0x00007ffe91b10000 - 0x00007ffe91b2e000 	C:\Program Files\Apache NetBeans\jdk\bin\VCRUNTIME140.dll
0x00007ffe8ba70000 - 0x00007ffe8bd03000 	C:\WINDOWS\WinSxS\amd64_microsoft.windows.common-controls_6595b64144ccf1df_6.0.26100.8115_none_3e075c82e3354f9c\COMCTL32.dll
0x00007ffea0400000 - 0x00007ffea04a9000 	C:\WINDOWS\System32\msvcrt.dll
0x00007ffe9fd40000 - 0x00007ffe9fd72000 	C:\WINDOWS\System32\IMM32.DLL
0x00007ffe8bdb0000 - 0x00007ffe8bdbc000 	C:\Program Files\Apache NetBeans\jdk\bin\vcruntime140_1.dll
0x00007ffe68510000 - 0x00007ffe6859d000 	C:\Program Files\Apache NetBeans\jdk\bin\msvcp140.dll
0x00007ffe2ca00000 - 0x00007ffe2d926000 	C:\Program Files\Apache NetBeans\jdk\bin\server\jvm.dll
0x00007ffea0660000 - 0x00007ffea0716000 	C:\WINDOWS\System32\ADVAPI32.dll
0x00007ffea04b0000 - 0x00007ffea0557000 	C:\WINDOWS\System32\sechost.dll
0x00007ffe9f250000 - 0x00007ffe9f368000 	C:\WINDOWS\System32\RPCRT4.dll
0x00007ffea0940000 - 0x00007ffea09c0000 	C:\WINDOWS\System32\WS2_32.dll
0x00007ffe9d610000 - 0x00007ffe9d66e000 	C:\WINDOWS\SYSTEM32\POWRPROF.dll
0x00007ffe7a540000 - 0x00007ffe7a576000 	C:\WINDOWS\SYSTEM32\WINMM.dll
0x00007ffe8c650000 - 0x00007ffe8c65b000 	C:\WINDOWS\SYSTEM32\VERSION.dll
0x00007ffe9d5f0000 - 0x00007ffe9d604000 	C:\WINDOWS\SYSTEM32\UMPDC.dll
0x00007ffe9c540000 - 0x00007ffe9c55b000 	C:\WINDOWS\SYSTEM32\kernel.appcore.dll
0x00007ffe8bda0000 - 0x00007ffe8bdaa000 	C:\Program Files\Apache NetBeans\jdk\bin\jimage.dll
0x00007ffe9b6f0000 - 0x00007ffe9b932000 	C:\WINDOWS\SYSTEM32\DBGHELP.DLL
0x00007ffe9ffb0000 - 0x00007ffea0332000 	C:\WINDOWS\System32\combase.dll
0x00007ffe9f400000 - 0x00007ffe9f4d7000 	C:\WINDOWS\System32\OLEAUT32.dll
0x00007ffe8c3b0000 - 0x00007ffe8c3eb000 	C:\WINDOWS\SYSTEM32\dbgcore.DLL
0x00007ffe9d9c0000 - 0x00007ffe9da65000 	C:\WINDOWS\System32\bcryptPrimitives.dll
0x00007ffe80700000 - 0x00007ffe8071e000 	C:\Program Files\Apache NetBeans\jdk\bin\java.dll
0x00007ffea0790000 - 0x00007ffea0927000 	C:\WINDOWS\System32\ole32.dll
0x00007ffe9f570000 - 0x00007ffe9fcd6000 	C:\WINDOWS\System32\SHELL32.dll
0x00007ffe9da70000 - 0x00007ffe9dbda000 	C:\WINDOWS\System32\wintypes.dll
0x00007ffe9e260000 - 0x00007ffe9eac5000 	C:\WINDOWS\System32\windows.storage.dll
0x00007ffe9ef40000 - 0x00007ffe9f037000 	C:\WINDOWS\System32\SHCORE.dll
0x00007ffea0720000 - 0x00007ffea0786000 	C:\WINDOWS\System32\shlwapi.dll
0x00007ffe9d6d0000 - 0x00007ffe9d6f9000 	C:\WINDOWS\SYSTEM32\profapi.dll
0x00007ffe76930000 - 0x00007ffe76941000 	C:\Program Files\Apache NetBeans\jdk\bin\net.dll
0x00007ffe9cab0000 - 0x00007ffe9cb1c000 	C:\WINDOWS\system32\mswsock.dll
0x00007ffe685a0000 - 0x00007ffe685b6000 	C:\Program Files\Apache NetBeans\jdk\bin\nio.dll
0x00007ffe76950000 - 0x00007ffe76967000 	C:\Program Files\Apache NetBeans\jdk\bin\zip.dll
0x00007ffe7bf10000 - 0x00007ffe7bf34000 	C:\Program Files\Apache NetBeans\java\maven\lib\jansi-native\Windows\x86_64\jansi.dll
0x00007ffe87100000 - 0x00007ffe87110000 	C:\Program Files\Apache NetBeans\jdk\bin\verify.dll

JVMTI agents: none

dbghelp: loaded successfully - version: 4.0.5 - missing functions: none
symbol engine: initialized successfully - sym options: 0x614 - pdb path: .;C:\Program Files\Apache NetBeans\jdk\bin;C:\WINDOWS\SYSTEM32;C:\WINDOWS\WinSxS\amd64_microsoft.windows.common-controls_6595b64144ccf1df_6.0.26100.8115_none_3e075c82e3354f9c;C:\Program Files\Apache NetBeans\jdk\bin\server;C:\Program Files\Apache NetBeans\java\maven\lib\jansi-native\Windows\x86_64

VM Arguments:
jvm_args: --enable-native-access=ALL-UNNAMED -Dclassworlds.conf=C:\Program Files\Apache NetBeans\java\maven\bin\m2.conf -Dmaven.home=C:\Program Files\Apache NetBeans\java\maven -Dlibrary.jansi.path=C:\Program Files\Apache NetBeans\java\maven\lib\jansi-native -Dmaven.multiModuleProjectDirectory=C:\Users\ASUS\Documents\NetBeansProjects\Lubiproject1 
java_command: org.codehaus.plexus.classworlds.launcher.Launcher -Dmaven.ext.class.path=C:\Program Files\Apache NetBeans\java\maven-nblib\netbeans-eventspy.jar --no-transfer-progress install
java_class_path (initial): C:\Program Files\Apache NetBeans\java\maven\boot\plexus-classworlds-2.9.0.jar
Launcher Type: SUN_STANDARD

[Global flags]
     intx CICompilerCount                          = 2                                         {product} {ergonomic}
     uint ConcGCThreads                            = 1                                         {product} {ergonomic}
     uint G1ConcRefinementThreads                  = 2                                         {product} {ergonomic}
   size_t G1HeapRegionSize                         = 1048576                                   {product} {ergonomic}
   size_t InitialHeapSize                          = 65011712                                  {product} {ergonomic}
   size_t MarkStackSize                            = 4194304                                   {product} {ergonomic}
   size_t MarkStackSizeMax                         = 536870912                                 {product} {ergonomic}
   size_t MaxHeapSize                              = 1027604480                                {product} {ergonomic}
   size_t MaxNewSize                               = 616562688                                 {product} {ergonomic}
   size_t MinHeapDeltaBytes                        = 1048576                                   {product} {ergonomic}
   size_t MinHeapSize                              = 8388608                                   {product} {ergonomic}
    uintx NonNMethodCodeHeapSize                   = 5767168                                {pd product} {ergonomic}
    uintx NonProfiledCodeHeapSize                  = 123011072                              {pd product} {ergonomic}
    uintx ProfiledCodeHeapSize                     = 122880000                              {pd product} {ergonomic}
    uintx ReservedCodeCacheSize                    = 251658240                              {pd product} {ergonomic}
     bool SegmentedCodeCache                       = true                                      {product} {ergonomic}
   size_t SoftMaxHeapSize                          = 1027604480                             {manageable} {ergonomic}
     bool UseCompressedOops                        = true                           {product lp64_product} {ergonomic}
     bool UseG1GC                                  = true                                      {product} {ergonomic}
     bool UseLargePagesIndividualAllocation        = false                                  {pd product} {ergonomic}

Logging:
Log output configuration:
 #0: stdout all=warning uptime,level,tags foldmultilines=false
 #1: stderr all=off uptime,level,tags foldmultilines=false

Release file:
IMPLEMENTOR="Eclipse Adoptium" 
IMPLEMENTOR_VERSION="Temurin-25.0.2+10" 
JAVA_RUNTIME_VERSION="25.0.2+10-LTS" 
JAVA_VERSION="25.0.2" 
JAVA_VERSION_DATE="2026-01-20" 
LIBC="default" 
MODULES="java.base java.compiler java.datatransfer java.xml java.prefs java.desktop java.instrument java.logging java.management java.security.sasl java.naming java.rmi java.management.rmi java.net.http java.scripting java.security.jgss java.transaction.xa java.sql java.sql.rowset java.xml.crypto java.se java.smartcardio jdk.accessibility jdk.internal.jvmstat jdk.attach jdk.charsets jdk.internal.opt jdk.zipfs jdk.compiler jdk.crypto.cryptoki jdk.crypto.ec jdk.crypto.mscapi jdk.dynalink jdk.internal.ed jdk.editpad jdk.internal.vm.ci jdk.graal.compiler jdk.graal.compiler.management jdk.hotspot.agent jdk.httpserver jdk.incubator.vector jdk.internal.le jdk.internal.md jdk.jartool jdk.javadoc jdk.jcmd jdk.management jdk.management.agent jdk.jconsole jdk.jdeps jdk.jdwp.agent jdk.jdi jdk.jfr jdk.jlink jdk.jpackage jdk.jshell jdk.jsobject jdk.jstatd jdk.localedata jdk.management.jfr jdk.naming.dns jdk.naming.rmi jdk.net jdk.nio.mapmode jdk.sctp jdk.security.auth jdk.security.jgss jdk.unsupported jdk.unsupported.desktop jdk.xml.dom" 
OS_ARCH="x86_64" 
OS_NAME="Windows" 
SOURCE=".:git:9e3c947043a4" 
BUILD_SOURCE="git:458965074606f027bd5afce2cfd5c1055dea0438"
BUILD_SOURCE_REPO="https://github.com/adoptium/temurin-build.git"
SOURCE_REPO="https://github.com/adoptium/jdk25u.git"
FULL_VERSION="25.0.2+10-LTS"
SEMANTIC_VERSION="25.0.2+10"
BUILD_INFO="OS: Windows Server 2022 Version: 10.0"
JVM_VARIANT="Hotspot"
JVM_VERSION="25.0.2+10-LTS"
IMAGE_TYPE="JDK"

Environment Variables:
JAVA_HOME=C:\Program Files\Apache NetBeans\jdk
PATH=C:\WINDOWS\system32;C:\WINDOWS;C:\WINDOWS\System32\Wbem;C:\WINDOWS\System32\WindowsPowerShell\v1.0\;C:\WINDOWS\System32\OpenSSH\;C:\Program Files\Git\cmd;C:\Users\ASUS\AppData\Local\Microsoft\WindowsApps;;C:\Program Files\Apache NetBeans\bin\
USERNAME=ASUS
OS=Windows_NT
PROCESSOR_IDENTIFIER=Intel64 Family 6 Model 122 Stepping 1, GenuineIntel
TMP=C:\Users\ASUS\AppData\Local\Temp
TEMP=C:\Users\ASUS\AppData\Local\Temp




Compilation memory statistics disabled.

Periodic native trim disabled

---------------  S Y S T E M  ---------------

OS:
 Windows 11 , 64 bit Build 26100 (10.0.26100.8115)
OS uptime: 0 days 4:19 hours

CPU: total 2 (initial active 2) (2 cores per cpu, 1 threads per core) family 6 model 122 stepping 1 microcode 0x34, cx8, cmov, fxsr, mmx, 3dnowpref, sse, sse2, sse3, ssse3, sse4.1, sse4.2, popcnt, tsc, tscinvbit, aes, erms, clmul, sha, clflush, clflushopt, rdtscp, rdpid
Processor Information for the first 2 processors :
  Max Mhz: 1101, Current Mhz: 1101, Mhz Limit: 1101

Memory: 4k page, system-wide physical 3919M (135M free)
TotalPageFile size 15695M (AvailPageFile size 390M)
current process WorkingSet (physical memory assigned to process): 34M, peak: 48M
current process commit charge ("private bytes"): 146M, peak: 152M

vm_info: OpenJDK 64-Bit Server VM (25.0.2+10-LTS) for windows-amd64 JRE (25.0.2+10-LTS), built on 2026-01-20T00:00:00Z with MS VC++ 17.12 (VS2022)

END.
