#
# There is insufficient memory for the Java Runtime Environment to continue.
# Native memory allocation (malloc) failed to allocate 356952 bytes. Error detail: Chunk::new
# Possible reasons:
#   The system is out of physical RAM or swap space
#   This process is running with CompressedOops enabled, and the Java Heap may be blocking the growth of the native heap
# Possible solutions:
#   Reduce memory load on the system
#   Increase physical memory or swap space
#   Check if swap backing store is full
#   Decrease Java heap size (-Xmx/-Xms)
#   Decrease number of Java threads
#   Decrease Java thread stack sizes (-Xss)
#   Set larger code cache with -XX:ReservedCodeCacheSize=
#   JVM is running with Unscaled Compressed Oops mode in which the Java heap is
#     placed in the first 4GB address space. The Java Heap base address is the
#     maximum limit for the native heap growth. Please use -XX:HeapBaseMinAddress
#     to set the Java Heap base and to place the Java Heap above 4GB virtual address.
# This output file may be truncated or incomplete.
#
#  Out of Memory Error (arena.cpp:186), pid=20492, tid=19416
#
# JRE version: OpenJDK Runtime Environment Temurin-25.0.2+10 (25.0.2+10) (build 25.0.2+10-LTS)
# Java VM: OpenJDK 64-Bit Server VM Temurin-25.0.2+10 (25.0.2+10-LTS, mixed mode, sharing, tiered, compressed oops, compressed class ptrs, g1 gc, windows-amd64)
# No core dump will be written. Minidumps are not enabled by default on client versions of Windows
#

---------------  S U M M A R Y ------------

Command Line: --enable-native-access=ALL-UNNAMED -Dclassworlds.conf=C:\Program Files\Apache NetBeans\java\maven\bin\m2.conf -Dmaven.home=C:\Program Files\Apache NetBeans\java\maven -Dlibrary.jansi.path=C:\Program Files\Apache NetBeans\java\maven\lib\jansi-native -Dmaven.multiModuleProjectDirectory=C:\Users\ASUS\Documents\NetBeansProjects\Lubiproject1 org.codehaus.plexus.classworlds.launcher.Launcher -Dmaven.ext.class.path=C:\Program Files\Apache NetBeans\java\maven-nblib\netbeans-eventspy.jar --no-transfer-progress install

Host: Intel(R) Celeron(R) N4000 CPU @ 1.10GHz, 2 cores, 3G,  Windows 11 , 64 bit Build 26100 (10.0.26100.8115)
Time: Fri Apr  3 20:29:12 2026 SE Asia Standard Time elapsed time: 546.376592 seconds (0d 0h 9m 6s)

---------------  T H R E A D  ---------------

Current thread (0x0000020779174b50):  JavaThread "C2 CompilerThread0" daemon [_thread_in_native, id=19416, stack(0x0000005ba7000000,0x0000005ba7100000) (1024K)]


Current CompileTask:
C2:546376 1821       4       java.util.Arrays::copyOf (33 bytes)

Stack: [0x0000005ba7000000,0x0000005ba7100000]
Native frames: (J=compiled Java code, j=interpreted, Vv=VM code, C=native code)
V  [jvm.dll+0x7a8bc9]  (no source info available)
V  [jvm.dll+0x77310d]  (no source info available)
V  [jvm.dll+0x9f55f3]  (no source info available)
V  [jvm.dll+0x9f7be1]  (no source info available)
V  [jvm.dll+0x9f82f3]  (no source info available)
V  [jvm.dll+0x2fce26]  (no source info available)
V  [jvm.dll+0x111076]  (no source info available)
V  [jvm.dll+0x11139e]  (no source info available)
V  [jvm.dll+0x19fff2]  (no source info available)
V  [jvm.dll+0x3b5f62]  (no source info available)
V  [jvm.dll+0x7ae53c]  (no source info available)
V  [jvm.dll+0x2c0407]  (no source info available)
V  [jvm.dll+0x2bf3cf]  (no source info available)
V  [jvm.dll+0x237140]  (no source info available)
V  [jvm.dll+0x2cf4c6]  (no source info available)
V  [jvm.dll+0x2cd74a]  (no source info available)
V  [jvm.dll+0x48fbee]  (no source info available)
V  [jvm.dll+0x996b0d]  (no source info available)
V  [jvm.dll+0x7a71a5]  (no source info available)
C  [ucrtbase.dll+0x37b0]  (no source info available)
C  [KERNEL32.DLL+0x2e8d7]  (no source info available)
C  [ntdll.dll+0x8c3fc]  (no source info available)

Lock stack of current Java thread (top to bottom):


---------------  P R O C E S S  ---------------

Threads class SMR info:
_java_thread_list=0x0000020779219220, length=11, elements={
0x000002076b11d630, 0x0000020779168da0, 0x0000020779169960, 0x000002077916dca0,
0x0000020779171180, 0x00000207791730a0, 0x0000020779173c60, 0x0000020779174b50,
0x00000207791eb5d0, 0x00000207792b3e30, 0x00000207792b8e50
}

Java Threads: ( => current thread )
  0x000002076b11d630 JavaThread "main"                              [_thread_in_vm, id=26416, stack(0x0000005ba6100000,0x0000005ba6200000) (1024K)]
  0x0000020779168da0 JavaThread "Reference Handler"          daemon [_thread_blocked, id=22536, stack(0x0000005ba6a00000,0x0000005ba6b00000) (1024K)]
  0x0000020779169960 JavaThread "Finalizer"                  daemon [_thread_blocked, id=24088, stack(0x0000005ba6b00000,0x0000005ba6c00000) (1024K)]
  0x000002077916dca0 JavaThread "Signal Dispatcher"          daemon [_thread_blocked, id=4760, stack(0x0000005ba6c00000,0x0000005ba6d00000) (1024K)]
  0x0000020779171180 JavaThread "Attach Listener"            daemon [_thread_blocked, id=27036, stack(0x0000005ba6d00000,0x0000005ba6e00000) (1024K)]
  0x00000207791730a0 JavaThread "Service Thread"             daemon [_thread_blocked, id=22204, stack(0x0000005ba6e00000,0x0000005ba6f00000) (1024K)]
  0x0000020779173c60 JavaThread "Monitor Deflation Thread"   daemon [_thread_blocked, id=12640, stack(0x0000005ba6f00000,0x0000005ba7000000) (1024K)]
=>0x0000020779174b50 JavaThread "C2 CompilerThread0"         daemon [_thread_in_native, id=19416, stack(0x0000005ba7000000,0x0000005ba7100000) (1024K)]
  0x00000207791eb5d0 JavaThread "C1 CompilerThread0"         daemon [_thread_blocked, id=25544, stack(0x0000005ba7100000,0x0000005ba7200000) (1024K)]
  0x00000207792b3e30 JavaThread "Notification Thread"        daemon [_thread_blocked, id=26456, stack(0x0000005ba7200000,0x0000005ba7300000) (1024K)]
  0x00000207792b8e50 JavaThread "Common-Cleaner"             daemon [_thread_blocked, id=23040, stack(0x0000005ba7300000,0x0000005ba7400000) (1024K)]
Total: 11

Other Threads:
  0x0000020779157b90 VMThread "VM Thread"                           [id=13420, stack(0x0000005ba6900000,0x0000005ba6a00000) (1024K)]
  0x000002076d4cbec0 WatcherThread "VM Periodic Task Thread"        [id=27380, stack(0x0000005ba6800000,0x0000005ba6900000) (1024K)]
  0x000002076d4455a0 WorkerThread "GC Thread#0"                     [id=12400, stack(0x0000005ba6300000,0x0000005ba6400000) (1024K)]
  0x0000020779668d50 WorkerThread "GC Thread#1"                     [id=10368, stack(0x0000005ba6000000,0x0000005ba6100000) (1024K)]
  0x000002076d451e30 ConcurrentGCThread "G1 Main Marker"            [id=364, stack(0x0000005ba6400000,0x0000005ba6500000) (1024K)]
  0x000002076d4529d0 WorkerThread "G1 Conc#0"                       [id=26428, stack(0x0000005ba6500000,0x0000005ba6600000) (1024K)]
  0x000002076d46d180 ConcurrentGCThread "G1 Refine#0"               [id=9420, stack(0x0000005ba6600000,0x0000005ba6700000) (1024K)]
  0x000002076d46dd90 ConcurrentGCThread "G1 Service"                [id=19124, stack(0x0000005ba6700000,0x0000005ba6800000) (1024K)]
Total: 8

Threads with active compile tasks:
C2 CompilerThread0  551315 1821       4       java.util.Arrays::copyOf (33 bytes)
Total: 1

VM state: not at safepoint (normal execution)

VM Mutex/Monitor currently owned by a thread: None

Heap address: 0x00000000c2c00000, size: 980 MB, Compressed Oops mode: 32-bit

CDS archive(s) mapped at: [0x0000000029000000-0x0000000029dd0000-0x0000000029dd0000), size 14483456, SharedBaseAddress: 0x0000000029000000, ArchiveRelocationMode: 1.
Compressed class space mapped at: 0x000000002a000000-0x000000006a000000, reserved size: 1073741824
UseCompressedClassPointers 1, UseCompactObjectHeaders 0
Narrow klass pointer bits 32, Max shift 3
Narrow klass base: 0x0000000029000000, Narrow klass shift: 0
Encoding Range: [0x0000000029000000 - 0x0000000129000000), (4294967296 bytes)
Klass Range:    [0x0000000029010000 - 0x000000006a000000), (1090453504 bytes)
Klass ID Range:  [65536 - 1090519033) (1090453497)
Protection zone: [0x0000000029000000 - 0x0000000029010000), (65536 bytes)

GC Precious Log:
 CardTable entry size: 512
 Card Set container configuration: InlinePtr #cards 5 size 8 Array Of Cards #cards 10 size 36 Howl #buckets 4 coarsen threshold 1843 Howl Bitmap #cards 512 size 80 coarsen threshold 460 Card regions per heap region 1 cards per card region 2048
 CPUs: 2 total, 2 available
 Memory: 3919M
 Large Page Support: Disabled
 NUMA Support: Disabled
 Compressed Oops: Enabled (32-bit)
 Heap Region Size: 1M
 Heap Min Capacity: 8M
 Heap Initial Capacity: 62M
 Heap Max Capacity: 980M
 Pre-touch: Disabled
 Parallel Workers: 2
 Concurrent Workers: 1
 Concurrent Refinement Workers: 2
 Periodic GC: Disabled

Heap:
 garbage-first heap   total reserved 1003520K, committed 65536K, used 11156K [0x00000000c2c00000, 0x0000000100000000)
  region size 1024K, 10 young (10240K), 3 survivors (3072K)

Heap Regions: E=young(eden), S=young(survivor), O=old, HS=humongous(starts), HC=humongous(continues), CS=collection set, F=free, TAMS=top-at-mark-start, PB=parsable bottom
|   0|0x00000000c2c00000, 0x00000000c2cc2410, 0x00000000c2d00000| 75%| O|  |TAMS 0x00000000c2c00000| PB 0x00000000c2c00000| Untracked |  0
|   1|0x00000000c2d00000, 0x00000000c2d00000, 0x00000000c2e00000|  0%| F|  |TAMS 0x00000000c2d00000| PB 0x00000000c2d00000| Untracked |  0
|   2|0x00000000c2e00000, 0x00000000c2e00000, 0x00000000c2f00000|  0%| F|  |TAMS 0x00000000c2e00000| PB 0x00000000c2e00000| Untracked |  0
|   3|0x00000000c2f00000, 0x00000000c2f00000, 0x00000000c3000000|  0%| F|  |TAMS 0x00000000c2f00000| PB 0x00000000c2f00000| Untracked |  0
|   4|0x00000000c3000000, 0x00000000c3000000, 0x00000000c3100000|  0%| F|  |TAMS 0x00000000c3000000| PB 0x00000000c3000000| Untracked |  0
|   5|0x00000000c3100000, 0x00000000c3100000, 0x00000000c3200000|  0%| F|  |TAMS 0x00000000c3100000| PB 0x00000000c3100000| Untracked |  0
|   6|0x00000000c3200000, 0x00000000c3200000, 0x00000000c3300000|  0%| F|  |TAMS 0x00000000c3200000| PB 0x00000000c3200000| Untracked |  0
|   7|0x00000000c3300000, 0x00000000c3300000, 0x00000000c3400000|  0%| F|  |TAMS 0x00000000c3300000| PB 0x00000000c3300000| Untracked |  0
|   8|0x00000000c3400000, 0x00000000c3400000, 0x00000000c3500000|  0%| F|  |TAMS 0x00000000c3400000| PB 0x00000000c3400000| Untracked |  0
|   9|0x00000000c3500000, 0x00000000c3500000, 0x00000000c3600000|  0%| F|  |TAMS 0x00000000c3500000| PB 0x00000000c3500000| Untracked |  0
|  10|0x00000000c3600000, 0x00000000c3600000, 0x00000000c3700000|  0%| F|  |TAMS 0x00000000c3600000| PB 0x00000000c3600000| Untracked |  0
|  11|0x00000000c3700000, 0x00000000c3700000, 0x00000000c3800000|  0%| F|  |TAMS 0x00000000c3700000| PB 0x00000000c3700000| Untracked |  0
|  12|0x00000000c3800000, 0x00000000c3800000, 0x00000000c3900000|  0%| F|  |TAMS 0x00000000c3800000| PB 0x00000000c3800000| Untracked |  0
|  13|0x00000000c3900000, 0x00000000c3900000, 0x00000000c3a00000|  0%| F|  |TAMS 0x00000000c3900000| PB 0x00000000c3900000| Untracked |  0
|  14|0x00000000c3a00000, 0x00000000c3a00000, 0x00000000c3b00000|  0%| F|  |TAMS 0x00000000c3a00000| PB 0x00000000c3a00000| Untracked |  0
|  15|0x00000000c3b00000, 0x00000000c3b00000, 0x00000000c3c00000|  0%| F|  |TAMS 0x00000000c3b00000| PB 0x00000000c3b00000| Untracked |  0
|  16|0x00000000c3c00000, 0x00000000c3c00000, 0x00000000c3d00000|  0%| F|  |TAMS 0x00000000c3c00000| PB 0x00000000c3c00000| Untracked |  0
|  17|0x00000000c3d00000, 0x00000000c3d00000, 0x00000000c3e00000|  0%| F|  |TAMS 0x00000000c3d00000| PB 0x00000000c3d00000| Untracked |  0
|  18|0x00000000c3e00000, 0x00000000c3e00000, 0x00000000c3f00000|  0%| F|  |TAMS 0x00000000c3e00000| PB 0x00000000c3e00000| Untracked |  0
|  19|0x00000000c3f00000, 0x00000000c3f00000, 0x00000000c4000000|  0%| F|  |TAMS 0x00000000c3f00000| PB 0x00000000c3f00000| Untracked |  0
|  20|0x00000000c4000000, 0x00000000c4000000, 0x00000000c4100000|  0%| F|  |TAMS 0x00000000c4000000| PB 0x00000000c4000000| Untracked |  0
|  21|0x00000000c4100000, 0x00000000c4100000, 0x00000000c4200000|  0%| F|  |TAMS 0x00000000c4100000| PB 0x00000000c4100000| Untracked |  0
|  22|0x00000000c4200000, 0x00000000c4200000, 0x00000000c4300000|  0%| F|  |TAMS 0x00000000c4200000| PB 0x00000000c4200000| Untracked |  0
|  23|0x00000000c4300000, 0x00000000c4300000, 0x00000000c4400000|  0%| F|  |TAMS 0x00000000c4300000| PB 0x00000000c4300000| Untracked |  0
|  24|0x00000000c4400000, 0x00000000c4400000, 0x00000000c4500000|  0%| F|  |TAMS 0x00000000c4400000| PB 0x00000000c4400000| Untracked |  0
|  25|0x00000000c4500000, 0x00000000c4500000, 0x00000000c4600000|  0%| F|  |TAMS 0x00000000c4500000| PB 0x00000000c4500000| Untracked |  0
|  26|0x00000000c4600000, 0x00000000c4600000, 0x00000000c4700000|  0%| F|  |TAMS 0x00000000c4600000| PB 0x00000000c4600000| Untracked |  0
|  27|0x00000000c4700000, 0x00000000c4700000, 0x00000000c4800000|  0%| F|  |TAMS 0x00000000c4700000| PB 0x00000000c4700000| Untracked |  0
|  28|0x00000000c4800000, 0x00000000c4800000, 0x00000000c4900000|  0%| F|  |TAMS 0x00000000c4800000| PB 0x00000000c4800000| Untracked |  0
|  29|0x00000000c4900000, 0x00000000c4900000, 0x00000000c4a00000|  0%| F|  |TAMS 0x00000000c4900000| PB 0x00000000c4900000| Untracked |  0
|  30|0x00000000c4a00000, 0x00000000c4a00000, 0x00000000c4b00000|  0%| F|  |TAMS 0x00000000c4a00000| PB 0x00000000c4a00000| Untracked |  0
|  31|0x00000000c4b00000, 0x00000000c4b00000, 0x00000000c4c00000|  0%| F|  |TAMS 0x00000000c4b00000| PB 0x00000000c4b00000| Untracked |  0
|  32|0x00000000c4c00000, 0x00000000c4c00000, 0x00000000c4d00000|  0%| F|  |TAMS 0x00000000c4c00000| PB 0x00000000c4c00000| Untracked |  0
|  33|0x00000000c4d00000, 0x00000000c4d00000, 0x00000000c4e00000|  0%| F|  |TAMS 0x00000000c4d00000| PB 0x00000000c4d00000| Untracked |  0
|  34|0x00000000c4e00000, 0x00000000c4efdf50, 0x00000000c4f00000| 99%| S|CS|TAMS 0x00000000c4e00000| PB 0x00000000c4e00000| Complete |  0
|  35|0x00000000c4f00000, 0x00000000c5000000, 0x00000000c5000000|100%| S|CS|TAMS 0x00000000c4f00000| PB 0x00000000c4f00000| Complete |  0
|  36|0x00000000c5000000, 0x00000000c5100000, 0x00000000c5100000|100%| S|CS|TAMS 0x00000000c5000000| PB 0x00000000c5000000| Complete |  0
|  37|0x00000000c5100000, 0x00000000c5100000, 0x00000000c5200000|  0%| F|  |TAMS 0x00000000c5100000| PB 0x00000000c5100000| Untracked |  0
|  38|0x00000000c5200000, 0x00000000c5200000, 0x00000000c5300000|  0%| F|  |TAMS 0x00000000c5200000| PB 0x00000000c5200000| Untracked |  0
|  39|0x00000000c5300000, 0x00000000c5300000, 0x00000000c5400000|  0%| F|  |TAMS 0x00000000c5300000| PB 0x00000000c5300000| Untracked |  0
|  40|0x00000000c5400000, 0x00000000c5400000, 0x00000000c5500000|  0%| F|  |TAMS 0x00000000c5400000| PB 0x00000000c5400000| Untracked |  0
|  41|0x00000000c5500000, 0x00000000c5500000, 0x00000000c5600000|  0%| F|  |TAMS 0x00000000c5500000| PB 0x00000000c5500000| Untracked |  0
|  42|0x00000000c5600000, 0x00000000c5600000, 0x00000000c5700000|  0%| F|  |TAMS 0x00000000c5600000| PB 0x00000000c5600000| Untracked |  0
|  43|0x00000000c5700000, 0x00000000c5700000, 0x00000000c5800000|  0%| F|  |TAMS 0x00000000c5700000| PB 0x00000000c5700000| Untracked |  0
|  44|0x00000000c5800000, 0x00000000c5800000, 0x00000000c5900000|  0%| F|  |TAMS 0x00000000c5800000| PB 0x00000000c5800000| Untracked |  0
|  45|0x00000000c5900000, 0x00000000c5900000, 0x00000000c5a00000|  0%| F|  |TAMS 0x00000000c5900000| PB 0x00000000c5900000| Untracked |  0
|  46|0x00000000c5a00000, 0x00000000c5a00000, 0x00000000c5b00000|  0%| F|  |TAMS 0x00000000c5a00000| PB 0x00000000c5a00000| Untracked |  0
|  47|0x00000000c5b00000, 0x00000000c5b00000, 0x00000000c5c00000|  0%| F|  |TAMS 0x00000000c5b00000| PB 0x00000000c5b00000| Untracked |  0
|  48|0x00000000c5c00000, 0x00000000c5c00000, 0x00000000c5d00000|  0%| F|  |TAMS 0x00000000c5c00000| PB 0x00000000c5c00000| Untracked |  0
|  49|0x00000000c5d00000, 0x00000000c5d00000, 0x00000000c5e00000|  0%| F|  |TAMS 0x00000000c5d00000| PB 0x00000000c5d00000| Untracked |  0
|  50|0x00000000c5e00000, 0x00000000c5e00000, 0x00000000c5f00000|  0%| F|  |TAMS 0x00000000c5e00000| PB 0x00000000c5e00000| Untracked |  0
|  51|0x00000000c5f00000, 0x00000000c5f00000, 0x00000000c6000000|  0%| F|  |TAMS 0x00000000c5f00000| PB 0x00000000c5f00000| Untracked |  0
|  52|0x00000000c6000000, 0x00000000c6000000, 0x00000000c6100000|  0%| F|  |TAMS 0x00000000c6000000| PB 0x00000000c6000000| Untracked |  0
|  53|0x00000000c6100000, 0x00000000c6100000, 0x00000000c6200000|  0%| F|  |TAMS 0x00000000c6100000| PB 0x00000000c6100000| Untracked |  0
|  54|0x00000000c6200000, 0x00000000c6200000, 0x00000000c6300000|  0%| F|  |TAMS 0x00000000c6200000| PB 0x00000000c6200000| Untracked |  0
|  55|0x00000000c6300000, 0x00000000c63da570, 0x00000000c6400000| 85%| E|  |TAMS 0x00000000c6300000| PB 0x00000000c6300000| Complete |  0
|  56|0x00000000c6400000, 0x00000000c6500000, 0x00000000c6500000|100%| E|CS|TAMS 0x00000000c6400000| PB 0x00000000c6400000| Complete |  0
|  57|0x00000000c6500000, 0x00000000c6600000, 0x00000000c6600000|100%| E|CS|TAMS 0x00000000c6500000| PB 0x00000000c6500000| Complete |  0
|  58|0x00000000c6600000, 0x00000000c6700000, 0x00000000c6700000|100%| E|CS|TAMS 0x00000000c6600000| PB 0x00000000c6600000| Complete |  0
|  59|0x00000000c6700000, 0x00000000c6800000, 0x00000000c6800000|100%| E|CS|TAMS 0x00000000c6700000| PB 0x00000000c6700000| Complete |  0
|  60|0x00000000c6800000, 0x00000000c6900000, 0x00000000c6900000|100%| E|CS|TAMS 0x00000000c6800000| PB 0x00000000c6800000| Complete |  0
|  61|0x00000000c6900000, 0x00000000c6a00000, 0x00000000c6a00000|100%| E|CS|TAMS 0x00000000c6900000| PB 0x00000000c6900000| Complete |  0
| 978|0x00000000ffe00000, 0x00000000fff00000, 0x00000000fff00000|100%| O|  |TAMS 0x00000000ffe00000| PB 0x00000000ffe00000| Untracked |  0
| 979|0x00000000fff00000, 0x00000000fff24ea8, 0x0000000100000000| 14%| O|  |TAMS 0x00000000fff00000| PB 0x00000000fff00000| Untracked |  0

Card table byte_map: [0x000002076d1d0000,0x000002076d3c0000] _byte_map_base: 0x000002076cbba000

Marking Bits: (CMBitMap*) 0x000002076d445d30
 Bits: [0x0000020775f00000, 0x0000020776e50000)

Polling page: 0x000002076b280000

Metaspace:
Metaspace        used 8626K, committed 8768K, reserved 1114112K
 class space     used 1056K, committed 1152K, reserved 1048576K

Usage:
  Non-class:      7.39 MB used.
      Class:      1.03 MB used.
       Both:      8.42 MB used.

Virtual space:
  Non-class space:       64.00 MB reserved,       7.44 MB ( 12%) committed,  1 nodes.
      Class space:        1.00 GB reserved,       1.12 MB ( <1%) committed,  1 nodes.
             Both:        1.06 GB reserved,       8.56 MB ( <1%) committed. 

Chunk freelists:
   Non-Class:  6.88 MB
       Class:  14.89 MB
        Both:  21.77 MB

MaxMetaspaceSize: unlimited
CompressedClassSpaceSize: 1.00 GB
Initial GC threshold: 21.00 MB
Current GC threshold: 21.00 MB
CDS: on
 - commit_granule_bytes: 65536.
 - commit_granule_words: 8192.
 - virtual_space_node_default_size: 8388608.
 - enlarge_chunks_in_place: 1.
UseCompressedClassPointers 1, UseCompactObjectHeaders 0
Narrow klass pointer bits 32, Max shift 3
Narrow klass base: 0x0000000029000000, Narrow klass shift: 0
Encoding Range: [0x0000000029000000 - 0x0000000129000000), (4294967296 bytes)
Klass Range:    [0x0000000029010000 - 0x000000006a000000), (1090453504 bytes)
Klass ID Range:  [65536 - 1090519033) (1090453497)
Protection zone: [0x0000000029000000 - 0x0000000029010000), (65536 bytes)


Internal statistics:

num_allocs_failed_limit: 0.
num_arena_births: 60.
num_arena_deaths: 0.
num_vsnodes_births: 2.
num_vsnodes_deaths: 0.
num_space_committed: 137.
num_space_uncommitted: 0.
num_chunks_returned_to_freelist: 0.
num_chunks_taken_from_freelist: 339.
num_chunk_merges: 0.
num_chunk_splits: 228.
num_chunks_enlarged: 192.
num_inconsistent_stats: 0.

CodeHeap 'non-profiled nmethods': size=120128Kb used=564Kb max_used=564Kb free=119563Kb
 bounds [0x0000020707ab0000, 0x0000020707d20000, 0x000002070f000000]
CodeHeap 'profiled nmethods': size=120000Kb used=2768Kb max_used=2768Kb free=117231Kb
 bounds [0x0000020700000000, 0x00000207002c0000, 0x0000020707530000]
CodeHeap 'non-nmethods': size=5632Kb used=1356Kb max_used=1389Kb free=4275Kb
 bounds [0x0000020707530000, 0x00000207077a0000, 0x0000020707ab0000]
CodeCache: size=245760Kb, used=4688Kb, max_used=4721Kb, free=241069Kb
 total_blobs=2288, nmethods=1803, adapters=388, full_count=0
Compilation: enabled, stopped_count=0, restarted_count=0

Compilation events (20 events):
Event: 514.154 Thread 0x00000207791eb5d0 nmethod 1809 0x0000020707b3bb88 code [0x0000020707b3bc80, 0x0000020707b3bd48]
Event: 514.158 Thread 0x00000207791eb5d0 1810       3       java.util.Arrays$ArrayItr::next (36 bytes)
Event: 514.159 Thread 0x00000207791eb5d0 nmethod 1810 0x00000207002b1388 code [0x00000207002b1480, 0x00000207002b16c0]
Event: 521.928 Thread 0x0000020779174b50 1816   !   4       java.lang.reflect.Executable::declaredAnnotations (85 bytes)
Event: 521.928 Thread 0x00000207791eb5d0 1811       3       java.util.TimSort::reverseRange (32 bytes)
Event: 521.928 Thread 0x00000207791eb5d0 nmethod 1811 0x00000207002b1708 code [0x00000207002b1800, 0x00000207002b1c98]
Event: 521.928 Thread 0x00000207791eb5d0 1812       3       com.google.common.collect.ComparatorOrdering::compare (12 bytes)
Event: 521.929 Thread 0x00000207791eb5d0 nmethod 1812 0x00000207002b1d08 code [0x00000207002b1e00, 0x00000207002b1fd0]
Event: 521.929 Thread 0x00000207791eb5d0 1813       3       java.lang.reflect.Constructor::newInstance (34 bytes)
Event: 521.929 Thread 0x00000207791eb5d0 nmethod 1813 0x00000207002b2008 code [0x00000207002b2100, 0x00000207002b23a8]
Event: 521.929 Thread 0x00000207791eb5d0 1814       3       java.lang.invoke.Invokers::maybeCustomize (5 bytes)
Event: 522.065 Thread 0x00000207791eb5d0 nmethod 1814 0x00000207002b2408 code [0x00000207002b2500, 0x00000207002b26a0]
Event: 522.359 Thread 0x0000020779174b50 nmethod 1816 0x0000020707b3be88 code [0x0000020707b3bf80, 0x0000020707b3ca60]
Event: 532.102 Thread 0x00000207791eb5d0 1817       3       com.google.inject.internal.DeclaredMembers$$Lambda/0x000000002a098d08::apply (8 bytes)
Event: 532.127 Thread 0x0000020779174b50 1819       4       java.lang.Object::<init> (1 bytes)
Event: 532.128 Thread 0x0000020779174b50 nmethod 1819 0x0000020707b3ca88 code [0x0000020707b3cb80, 0x0000020707b3cc28]
Event: 532.346 Thread 0x00000207791eb5d0 nmethod 1817 0x00000207002b2708 code [0x00000207002b2800, 0x00000207002b3198]
Event: 532.346 Thread 0x00000207791eb5d0 1818       3       com.google.inject.internal.DeclaredMembers::lambda$getDeclaredMethods$1 (8 bytes)
Event: 532.347 Thread 0x00000207791eb5d0 nmethod 1818 0x00000207002b3208 code [0x00000207002b3300, 0x00000207002b3b40]
Event: 542.737 Thread 0x0000020779174b50 1821       4       java.util.Arrays::copyOf (33 bytes)

GC Heap Usage History (4 events):
Event: 141.846 {heap Before GC invocations=0 (full 0):
 garbage-first heap   total reserved 1003520K, committed 65536K, used 14483K [0x00000000c2c00000, 0x0000000100000000)
  region size 1024K, 14 young (14336K), 0 survivors (0K)
}
Event: 142.533 {heap After GC invocations=1 (full 0):
 garbage-first heap   total reserved 1003520K, committed 65536K, used 3996K [0x00000000c2c00000, 0x0000000100000000)
  region size 1024K, 2 young (2048K), 2 survivors (2048K)
}
Event: 412.926 {heap Before GC invocations=1 (full 0):
 garbage-first heap   total reserved 1003520K, committed 65536K, used 26524K [0x00000000c2c00000, 0x0000000100000000)
  region size 1024K, 25 young (25600K), 2 survivors (2048K)
}
Event: 413.107 {heap After GC invocations=2 (full 0):
 garbage-first heap   total reserved 1003520K, committed 65536K, used 5012K [0x00000000c2c00000, 0x0000000100000000)
  region size 1024K, 3 young (3072K), 3 survivors (3072K)
}

Metaspace Usage History (4 events):
Event: 141.849 {metaspace Before GC invocations=0 (full 0):
 Metaspace       used 4350K, committed 4544K, reserved 1114112K
  class space    used 489K, committed 576K, reserved 1048576K
}
Event: 142.533 {metaspace After GC invocations=1 (full 0):
 Metaspace       used 4350K, committed 4544K, reserved 1114112K
  class space    used 489K, committed 576K, reserved 1048576K
}
Event: 412.927 {metaspace Before GC invocations=1 (full 0):
 Metaspace       used 7093K, committed 7296K, reserved 1114112K
  class space    used 858K, committed 960K, reserved 1048576K
}
Event: 413.107 {metaspace After GC invocations=2 (full 0):
 Metaspace       used 7093K, committed 7296K, reserved 1114112K
  class space    used 858K, committed 960K, reserved 1048576K
}

Dll operation events (7 events):
Event: 0.208 Loaded shared library C:\Program Files\Apache NetBeans\jdk\bin\java.dll
Event: 29.564 Loaded shared library C:\Program Files\Apache NetBeans\jdk\bin\net.dll
Event: 29.584 Loaded shared library C:\Program Files\Apache NetBeans\jdk\bin\nio.dll
Event: 29.620 Loaded shared library C:\Program Files\Apache NetBeans\jdk\bin\zip.dll
Event: 46.269 Loaded shared library C:\Program Files\Apache NetBeans\java\maven\lib\jansi-native\Windows\x86_64\jansi.dll
Event: 46.627 Loaded shared library C:\Program Files\Apache NetBeans\jdk\bin\verify.dll
Event: 53.149 Loaded shared library C:\Program Files\Apache NetBeans\jdk\bin\jimage.dll

Deoptimization events (20 events):
Event: 420.293 Thread 0x000002076b11d630 Uncommon trap: trap_request=0xffffff45 fr.pc=0x0000020707ae5658 relative=0x0000000000000058
Event: 420.293 Thread 0x000002076b11d630 Uncommon trap: reason=unstable_if action=reinterpret pc=0x0000020707ae5658 method=java.lang.ref.ReferenceQueue.poll()Ljava/lang/ref/Reference; @ 4 c2
Event: 420.293 Thread 0x000002076b11d630 DEOPT PACKING pc=0x0000020707ae5658 sp=0x0000005ba61fc470
Event: 420.293 Thread 0x000002076b11d630 DEOPT UNPACKING pc=0x00000207075b857c sp=0x0000005ba61fc3e8 mode 2
Event: 457.721 Thread 0x000002076b11d630 Uncommon trap: trap_request=0xffffffc6 fr.pc=0x0000020707aea9ac relative=0x00000000000003ac
Event: 457.721 Thread 0x000002076b11d630 Uncommon trap: reason=bimorphic_or_optimized_type_check action=maybe_recompile pc=0x0000020707aea9ac method=java.util.concurrent.ConcurrentHashMap.get(Ljava/lang/Object;)Ljava/lang/Object; @ 149 c2
Event: 457.721 Thread 0x000002076b11d630 DEOPT PACKING pc=0x0000020707aea9ac sp=0x0000005ba61fdb50
Event: 457.721 Thread 0x000002076b11d630 DEOPT UNPACKING pc=0x00000207075b857c sp=0x0000005ba61fdad0 mode 2
Event: 459.633 Thread 0x000002076b11d630 Uncommon trap: trap_request=0xffffffc6 fr.pc=0x0000020707aea9ac relative=0x00000000000003ac
Event: 459.633 Thread 0x000002076b11d630 Uncommon trap: reason=bimorphic_or_optimized_type_check action=maybe_recompile pc=0x0000020707aea9ac method=java.util.concurrent.ConcurrentHashMap.get(Ljava/lang/Object;)Ljava/lang/Object; @ 149 c2
Event: 459.633 Thread 0x000002076b11d630 DEOPT PACKING pc=0x0000020707aea9ac sp=0x0000005ba61fdb40
Event: 459.633 Thread 0x000002076b11d630 DEOPT UNPACKING pc=0x00000207075b857c sp=0x0000005ba61fdac0 mode 2
Event: 459.633 Thread 0x000002076b11d630 Uncommon trap: trap_request=0xffffffc6 fr.pc=0x0000020707aea9ac relative=0x00000000000003ac
Event: 459.633 Thread 0x000002076b11d630 Uncommon trap: reason=bimorphic_or_optimized_type_check action=maybe_recompile pc=0x0000020707aea9ac method=java.util.concurrent.ConcurrentHashMap.get(Ljava/lang/Object;)Ljava/lang/Object; @ 149 c2
Event: 459.633 Thread 0x000002076b11d630 DEOPT PACKING pc=0x0000020707aea9ac sp=0x0000005ba61fdb40
Event: 459.633 Thread 0x000002076b11d630 DEOPT UNPACKING pc=0x00000207075b857c sp=0x0000005ba61fdac0 mode 2
Event: 459.633 Thread 0x000002076b11d630 Uncommon trap: trap_request=0xffffffc6 fr.pc=0x0000020707aea9ac relative=0x00000000000003ac
Event: 459.633 Thread 0x000002076b11d630 Uncommon trap: reason=bimorphic_or_optimized_type_check action=maybe_recompile pc=0x0000020707aea9ac method=java.util.concurrent.ConcurrentHashMap.get(Ljava/lang/Object;)Ljava/lang/Object; @ 149 c2
Event: 459.633 Thread 0x000002076b11d630 DEOPT PACKING pc=0x0000020707aea9ac sp=0x0000005ba61fdb40
Event: 459.633 Thread 0x000002076b11d630 DEOPT UNPACKING pc=0x00000207075b857c sp=0x0000005ba61fdac0 mode 2

Classes loaded (20 events):
Event: 415.370 Loading class java/lang/invoke/MethodHandle$1
Event: 415.450 Loading class java/lang/invoke/MethodHandle$1 done
Event: 437.359 Loading class sun/reflect/generics/tree/BottomSignature
Event: 437.359 Loading class sun/reflect/generics/tree/BottomSignature done
Event: 437.360 Loading class sun/reflect/generics/tree/Wildcard
Event: 437.360 Loading class sun/reflect/generics/tree/Wildcard done
Event: 437.361 Loading class sun/reflect/generics/reflectiveObjects/WildcardTypeImpl
Event: 437.558 Loading class sun/reflect/generics/reflectiveObjects/WildcardTypeImpl done
Event: 437.559 Loading class sun/reflect/annotation/AnnotatedTypeFactory$AnnotatedParameterizedTypeImpl
Event: 437.560 Loading class java/lang/reflect/AnnotatedParameterizedType
Event: 437.560 Loading class java/lang/reflect/AnnotatedParameterizedType done
Event: 437.560 Loading class sun/reflect/annotation/AnnotatedTypeFactory$AnnotatedParameterizedTypeImpl done
Event: 480.248 Loading class java/util/concurrent/CompletionService
Event: 480.307 Loading class java/util/concurrent/CompletionService done
Event: 510.061 Loading class java/security/NoSuchAlgorithmException
Event: 510.062 Loading class java/security/GeneralSecurityException
Event: 510.062 Loading class java/security/GeneralSecurityException done
Event: 510.062 Loading class java/security/NoSuchAlgorithmException done
Event: 521.857 Loading class java/util/EventObject
Event: 521.857 Loading class java/util/EventObject done

Classes unloaded (0 events):
No events

Classes redefined (0 events):
No events

Internal exceptions (20 events):
Event: 46.285 Thread 0x000002076b11d630 Exception <a 'java/lang/NullPointerException'{0x00000000c655afb8}> (0x00000000c655afb8) 
thrown [s\src\hotspot\share\interpreter\linkResolver.cpp, line 1416]
Event: 46.622 Thread 0x000002076b11d630 Exception <a 'sun/nio/fs/WindowsException'{0x00000000c657c550}> (0x00000000c657c550) 
thrown [s\src\hotspot\share\prims\jni.cpp, line 516]
Event: 46.623 Thread 0x000002076b11d630 Exception <a 'sun/nio/fs/WindowsException'{0x00000000c657cb80}> (0x00000000c657cb80) 
thrown [s\src\hotspot\share\prims\jni.cpp, line 516]
Event: 46.624 Thread 0x000002076b11d630 Exception <a 'sun/nio/fs/WindowsException'{0x00000000c657d0e0}> (0x00000000c657d0e0) 
thrown [s\src\hotspot\share\prims\jni.cpp, line 516]
Event: 46.624 Thread 0x000002076b11d630 Exception <a 'sun/nio/fs/WindowsException'{0x00000000c657d620}> (0x00000000c657d620) 
thrown [s\src\hotspot\share\prims\jni.cpp, line 516]
Event: 46.624 Thread 0x000002076b11d630 Exception <a 'sun/nio/fs/WindowsException'{0x00000000c657db10}> (0x00000000c657db10) 
thrown [s\src\hotspot\share\prims\jni.cpp, line 516]
Event: 46.625 Thread 0x000002076b11d630 Exception <a 'sun/nio/fs/WindowsException'{0x00000000c657dfb8}> (0x00000000c657dfb8) 
thrown [s\src\hotspot\share\prims\jni.cpp, line 516]
Event: 48.989 Thread 0x000002076b11d630 Exception <a 'java/lang/NoSuchMethodError'{0x00000000c65b7610}: 'void java.lang.invoke.DirectMethodHandle$Holder.invokeVirtual(java.lang.Object, java.lang.Object)'> (0x00000000c65b7610) 
thrown [s\src\hotspot\share\interpreter\linkResolver.cpp, line 804]
Event: 48.996 Thread 0x000002076b11d630 Exception <a 'java/lang/NoSuchMethodError'{0x00000000c65d8908}: 'void java.lang.invoke.DirectMethodHandle$Holder.invokeStatic(java.lang.Object, java.lang.Object)'> (0x00000000c65d8908) 
thrown [s\src\hotspot\share\interpreter\linkResolver.cpp, line 804]
Event: 48.998 Thread 0x000002076b11d630 Exception <a 'java/lang/NoSuchMethodError'{0x00000000c65e09e0}: 'void java.lang.invoke.DirectMethodHandle$Holder.invokeStaticInit(java.lang.Object, java.lang.Object)'> (0x00000000c65e09e0) 
thrown [s\src\hotspot\share\interpreter\linkResolver.cpp, line 804]
Event: 49.866 Thread 0x000002076b11d630 Exception <a 'java/lang/NoSuchMethodError'{0x00000000c641bee0}: 'void java.lang.invoke.DirectMethodHandle$Holder.invokeSpecial(java.lang.Object, java.lang.Object, java.lang.Object, java.lang.Object, java.lang.Object)'> (0x00000000c641bee0) 
thrown [s\src\hotspot\share\interpreter\linkResolver.cpp, line 804]
Event: 52.536 Thread 0x000002076b11d630 Exception <a 'java/lang/NoSuchMethodError'{0x00000000c6457bf0}: 'void java.lang.invoke.DirectMethodHandle$Holder.invokeStatic(java.lang.Object, java.lang.Object, java.lang.Object)'> (0x00000000c6457bf0) 
thrown [s\src\hotspot\share\interpreter\linkResolver.cpp, line 804]
Event: 108.738 Thread 0x000002076b11d630 Exception <a 'java/lang/NoSuchMethodError'{0x00000000c621dea0}: 'java.lang.Object java.lang.invoke.DirectMethodHandle$Holder.invokeSpecialIFC(java.lang.Object, java.lang.Object, java.lang.Object, java.lang.Object)'> (0x00000000c621dea0) 
thrown [s\src\hotspot\share\interpreter\linkResolver.cpp, line 804]
Event: 129.363 Thread 0x000002076b11d630 Exception <a 'java/lang/NoSuchMethodError'{0x00000000c5d0ea28}: 'void java.lang.invoke.DirectMethodHandle$Holder.invokeSpecial(java.lang.Object, java.lang.Object, java.lang.Object)'> (0x00000000c5d0ea28) 
thrown [s\src\hotspot\share\interpreter\linkResolver.cpp, line 804]
Event: 135.051 Thread 0x000002076b11d630 Exception <a 'java/lang/NoSuchMethodError'{0x00000000c5c29520}: 'java.lang.Object java.lang.invoke.DirectMethodHandle$Holder.invokeInterface(java.lang.Object, java.lang.Object)'> (0x00000000c5c29520) 
thrown [s\src\hotspot\share\interpreter\linkResolver.cpp, line 804]
Event: 141.826 Thread 0x000002076b11d630 Exception <a 'java/lang/NoSuchMethodError'{0x00000000c5cd4518}: 'int java.lang.invoke.DirectMethodHandle$Holder.invokeStatic(java.lang.Object, java.lang.Object, java.lang.Object, java.lang.Object)'> (0x00000000c5cd4518) 
thrown [s\src\hotspot\share\interpreter\linkResolver.cpp, line 804]
Event: 141.846 Thread 0x000002076b11d630 Exception <a 'java/lang/NoSuchMethodError'{0x00000000c5cfe6e8}: 'int java.lang.invoke.DirectMethodHandle$Holder.invokeSpecialIFC(java.lang.Object, java.lang.Object, java.lang.Object, java.lang.Object, java.lang.Object)'> (0x00000000c5cfe6e8) 
thrown [s\src\hotspot\share\interpreter\linkResolver.cpp, line 804]
Event: 162.653 Thread 0x000002076b11d630 Exception <a 'java/lang/NoSuchMethodError'{0x00000000c68cb8f8}: 'java.lang.Object java.lang.invoke.DirectMethodHandle$Holder.newInvokeSpecial(java.lang.Object, java.lang.Object, java.lang.Object, java.lang.Object, java.lang.Object)'> (0x00000000c68cb8f8) 
thrown [s\src\hotspot\share\interpreter\linkResolver.cpp, line 804]
Event: 179.693 Thread 0x000002076b11d630 Exception <a 'java/lang/NoSuchMethodError'{0x00000000c67f1fb0}: 'int java.lang.invoke.DirectMethodHandle$Holder.invokeStaticInit(java.lang.Object, java.lang.Object)'> (0x00000000c67f1fb0) 
thrown [s\src\hotspot\share\interpreter\linkResolver.cpp, line 804]
Event: 180.959 Thread 0x000002076b11d630 Exception <a 'java/lang/NoClassDefFoundError'{0x00000000c662c290}: javax/enterprise/inject/Typed> (0x00000000c662c290) 
thrown [s\src\hotspot\share\classfile\systemDictionary.cpp, line 316]

VM Operations (20 events):
Event: 141.846 Executing safepoint VM operation: G1CollectForAllocation (G1 Evacuation Pause)
Event: 142.533 Executing safepoint VM operation: G1CollectForAllocation (G1 Evacuation Pause) done
Event: 180.684 Executing non-safepoint VM operation: HandshakeAllThreads (HandshakeForDeflation)
Event: 180.942 Executing non-safepoint VM operation: HandshakeAllThreads (HandshakeForDeflation) done
Event: 181.172 Executing non-safepoint VM operation: RendezvousGCThreads
Event: 181.172 Executing non-safepoint VM operation: RendezvousGCThreads done
Event: 412.925 Executing safepoint VM operation: G1CollectForAllocation (G1 Evacuation Pause)
Event: 413.107 Executing safepoint VM operation: G1CollectForAllocation (G1 Evacuation Pause) done
Event: 447.251 Executing non-safepoint VM operation: HandshakeAllThreads (Deoptimize)
Event: 447.251 Executing non-safepoint VM operation: HandshakeAllThreads (Deoptimize) done
Event: 481.585 Executing non-safepoint VM operation: HandshakeAllThreads (HandshakeForDeflation)
Event: 481.703 Executing non-safepoint VM operation: HandshakeAllThreads (HandshakeForDeflation) done
Event: 481.708 Executing non-safepoint VM operation: RendezvousGCThreads
Event: 481.708 Executing non-safepoint VM operation: RendezvousGCThreads done
Event: 530.844 Executing non-safepoint VM operation: HandshakeAllThreads (Deoptimize)
Event: 531.247 Executing non-safepoint VM operation: HandshakeAllThreads (Deoptimize) done
Event: 542.277 Executing non-safepoint VM operation: HandshakeAllThreads (HandshakeForDeflation)
Event: 542.285 Executing non-safepoint VM operation: HandshakeAllThreads (HandshakeForDeflation) done
Event: 542.724 Executing non-safepoint VM operation: RendezvousGCThreads
Event: 542.724 Executing non-safepoint VM operation: RendezvousGCThreads done

Memory protections (0 events):
No events

Nmethod flushes (0 events):
No events

Events (13 events):
Event: 0.920 Thread 0x000002076b11d630 Thread added: 0x000002076b11d630
Event: 1.335 Thread 0x000002076b11d630 Thread added: 0x0000020779168da0
Event: 1.335 Thread 0x000002076b11d630 Thread added: 0x0000020779169960
Event: 1.336 Thread 0x000002076b11d630 Thread added: 0x000002077916dca0
Event: 1.336 Thread 0x000002076b11d630 Thread added: 0x0000020779171180
Event: 1.336 Thread 0x000002076b11d630 Thread added: 0x00000207791730a0
Event: 1.336 Thread 0x000002076b11d630 Thread added: 0x0000020779173c60
Event: 1.337 Thread 0x000002076b11d630 Thread added: 0x0000020779174b50
Event: 1.522 Thread 0x000002076b11d630 Thread added: 0x00000207791eb5d0
Event: 26.497 Thread 0x000002076b11d630 Thread added: 0x00000207792b3e30
Event: 27.982 Thread 0x000002076b11d630 Thread added: 0x00000207792b8e50
Event: 46.009 Thread 0x000002076b11d630 Thread added: 0x00000207793b4870
Event: 183.376 Thread 0x00000207793b4870 Thread exited: 0x00000207793b4870


Dynamic libraries:
0x00007ff61ab00000 - 0x00007ff61ab0e000 	C:\Program Files\Apache NetBeans\jdk\bin\java.exe
0x00007ffea0ee0000 - 0x00007ffea1147000 	C:\WINDOWS\SYSTEM32\ntdll.dll
0x00007ffe9fee0000 - 0x00007ffe9ffa9000 	C:\WINDOWS\System32\KERNEL32.DLL
0x00007ffe9dbe0000 - 0x00007ffe9dfd4000 	C:\WINDOWS\System32\KERNELBASE.dll
0x00007ffe9e110000 - 0x00007ffe9e25b000 	C:\WINDOWS\System32\ucrtbase.dll
0x00007ffe806e0000 - 0x00007ffe806f6000 	C:\Program Files\Apache NetBeans\jdk\bin\jli.dll
0x00007ffe9ed70000 - 0x00007ffe9ef35000 	C:\WINDOWS\System32\USER32.dll
0x00007ffe9eb90000 - 0x00007ffe9ebb7000 	C:\WINDOWS\System32\win32u.dll
0x00007ffea09d0000 - 0x00007ffea09fb000 	C:\WINDOWS\System32\GDI32.dll
0x00007ffe9dfe0000 - 0x00007ffe9e10a000 	C:\WINDOWS\System32\gdi32full.dll
0x00007ffe9ebc0000 - 0x00007ffe9ec63000 	C:\WINDOWS\System32\msvcp_win.dll
0x00007ffe91b10000 - 0x00007ffe91b2e000 	C:\Program Files\Apache NetBeans\jdk\bin\VCRUNTIME140.dll
0x00007ffe8ba70000 - 0x00007ffe8bd03000 	C:\WINDOWS\WinSxS\amd64_microsoft.windows.common-controls_6595b64144ccf1df_6.0.26100.8115_none_3e075c82e3354f9c\COMCTL32.dll
0x00007ffea0400000 - 0x00007ffea04a9000 	C:\WINDOWS\System32\msvcrt.dll
0x00007ffe9fd40000 - 0x00007ffe9fd72000 	C:\WINDOWS\System32\IMM32.DLL
0x00007ffe8bdb0000 - 0x00007ffe8bdbc000 	C:\Program Files\Apache NetBeans\jdk\bin\vcruntime140_1.dll
0x00007ffe68510000 - 0x00007ffe6859d000 	C:\Program Files\Apache NetBeans\jdk\bin\msvcp140.dll
0x00007ffe2ca00000 - 0x00007ffe2d926000 	C:\Program Files\Apache NetBeans\jdk\bin\server\jvm.dll
0x00007ffea0660000 - 0x00007ffea0716000 	C:\WINDOWS\System32\ADVAPI32.dll
0x00007ffea04b0000 - 0x00007ffea0557000 	C:\WINDOWS\System32\sechost.dll
0x00007ffe9f250000 - 0x00007ffe9f368000 	C:\WINDOWS\System32\RPCRT4.dll
0x00007ffea0940000 - 0x00007ffea09c0000 	C:\WINDOWS\System32\WS2_32.dll
0x00007ffe9d610000 - 0x00007ffe9d66e000 	C:\WINDOWS\SYSTEM32\POWRPROF.dll
0x00007ffe7a540000 - 0x00007ffe7a576000 	C:\WINDOWS\SYSTEM32\WINMM.dll
0x00007ffe8c650000 - 0x00007ffe8c65b000 	C:\WINDOWS\SYSTEM32\VERSION.dll
0x00007ffe9d5f0000 - 0x00007ffe9d604000 	C:\WINDOWS\SYSTEM32\UMPDC.dll
0x00007ffe9c540000 - 0x00007ffe9c55b000 	C:\WINDOWS\SYSTEM32\kernel.appcore.dll
0x00007ffe8bda0000 - 0x00007ffe8bdaa000 	C:\Program Files\Apache NetBeans\jdk\bin\jimage.dll
0x00007ffe9b6f0000 - 0x00007ffe9b932000 	C:\WINDOWS\SYSTEM32\DBGHELP.DLL
0x00007ffe9ffb0000 - 0x00007ffea0332000 	C:\WINDOWS\System32\combase.dll
0x00007ffe9f400000 - 0x00007ffe9f4d7000 	C:\WINDOWS\System32\OLEAUT32.dll
0x00007ffe8c3b0000 - 0x00007ffe8c3eb000 	C:\WINDOWS\SYSTEM32\dbgcore.DLL
0x00007ffe9d9c0000 - 0x00007ffe9da65000 	C:\WINDOWS\System32\bcryptPrimitives.dll
0x00007ffe80700000 - 0x00007ffe8071e000 	C:\Program Files\Apache NetBeans\jdk\bin\java.dll
0x00007ffea0790000 - 0x00007ffea0927000 	C:\WINDOWS\System32\ole32.dll
0x00007ffe9f570000 - 0x00007ffe9fcd6000 	C:\WINDOWS\System32\SHELL32.dll
0x00007ffe9da70000 - 0x00007ffe9dbda000 	C:\WINDOWS\System32\wintypes.dll
0x00007ffe9e260000 - 0x00007ffe9eac5000 	C:\WINDOWS\System32\windows.storage.dll
0x00007ffe9ef40000 - 0x00007ffe9f037000 	C:\WINDOWS\System32\SHCORE.dll
0x00007ffea0720000 - 0x00007ffea0786000 	C:\WINDOWS\System32\shlwapi.dll
0x00007ffe9d6d0000 - 0x00007ffe9d6f9000 	C:\WINDOWS\SYSTEM32\profapi.dll
0x00007ffe76930000 - 0x00007ffe76941000 	C:\Program Files\Apache NetBeans\jdk\bin\net.dll
0x00007ffe9cab0000 - 0x00007ffe9cb1c000 	C:\WINDOWS\system32\mswsock.dll
0x00007ffe685a0000 - 0x00007ffe685b6000 	C:\Program Files\Apache NetBeans\jdk\bin\nio.dll
0x00007ffe76950000 - 0x00007ffe76967000 	C:\Program Files\Apache NetBeans\jdk\bin\zip.dll
0x00007ffe7bf10000 - 0x00007ffe7bf34000 	C:\Program Files\Apache NetBeans\java\maven\lib\jansi-native\Windows\x86_64\jansi.dll
0x00007ffe87100000 - 0x00007ffe87110000 	C:\Program Files\Apache NetBeans\jdk\bin\verify.dll

JVMTI agents: none

dbghelp: loaded successfully - version: 4.0.5 - missing functions: none
symbol engine: initialized successfully - sym options: 0x614 - pdb path: .;C:\Program Files\Apache NetBeans\jdk\bin;C:\WINDOWS\SYSTEM32;C:\WINDOWS\WinSxS\amd64_microsoft.windows.common-controls_6595b64144ccf1df_6.0.26100.8115_none_3e075c82e3354f9c;C:\Program Files\Apache NetBeans\jdk\bin\server;C:\Program Files\Apache NetBeans\java\maven\lib\jansi-native\Windows\x86_64

VM Arguments:
jvm_args: --enable-native-access=ALL-UNNAMED -Dclassworlds.conf=C:\Program Files\Apache NetBeans\java\maven\bin\m2.conf -Dmaven.home=C:\Program Files\Apache NetBeans\java\maven -Dlibrary.jansi.path=C:\Program Files\Apache NetBeans\java\maven\lib\jansi-native -Dmaven.multiModuleProjectDirectory=C:\Users\ASUS\Documents\NetBeansProjects\Lubiproject1 
java_command: org.codehaus.plexus.classworlds.launcher.Launcher -Dmaven.ext.class.path=C:\Program Files\Apache NetBeans\java\maven-nblib\netbeans-eventspy.jar --no-transfer-progress install
java_class_path (initial): C:\Program Files\Apache NetBeans\java\maven\boot\plexus-classworlds-2.9.0.jar
Launcher Type: SUN_STANDARD

[Global flags]
     intx CICompilerCount                          = 2                                         {product} {ergonomic}
     uint ConcGCThreads                            = 1                                         {product} {ergonomic}
     uint G1ConcRefinementThreads                  = 2                                         {product} {ergonomic}
   size_t G1HeapRegionSize                         = 1048576                                   {product} {ergonomic}
   size_t InitialHeapSize                          = 65011712                                  {product} {ergonomic}
   size_t MarkStackSize                            = 4194304                                   {product} {ergonomic}
   size_t MarkStackSizeMax                         = 536870912                                 {product} {ergonomic}
   size_t MaxHeapSize                              = 1027604480                                {product} {ergonomic}
   size_t MaxNewSize                               = 616562688                                 {product} {ergonomic}
   size_t MinHeapDeltaBytes                        = 1048576                                   {product} {ergonomic}
   size_t MinHeapSize                              = 8388608                                   {product} {ergonomic}
    uintx NonNMethodCodeHeapSize                   = 5767168                                {pd product} {ergonomic}
    uintx NonProfiledCodeHeapSize                  = 123011072                              {pd product} {ergonomic}
    uintx ProfiledCodeHeapSize                     = 122880000                              {pd product} {ergonomic}
    uintx ReservedCodeCacheSize                    = 251658240                              {pd product} {ergonomic}
     bool SegmentedCodeCache                       = true                                      {product} {ergonomic}
   size_t SoftMaxHeapSize                          = 1027604480                             {manageable} {ergonomic}
     bool UseCompressedOops                        = true                           {product lp64_product} {ergonomic}
     bool UseG1GC                                  = true                                      {product} {ergonomic}
     bool UseLargePagesIndividualAllocation        = false                                  {pd product} {ergonomic}

Logging:
Log output configuration:
 #0: stdout all=warning uptime,level,tags foldmultilines=false
 #1: stderr all=off uptime,level,tags foldmultilines=false

Release file:
IMPLEMENTOR="Eclipse Adoptium" 
IMPLEMENTOR_VERSION="Temurin-25.0.2+10" 
JAVA_RUNTIME_VERSION="25.0.2+10-LTS" 
JAVA_VERSION="25.0.2" 
JAVA_VERSION_DATE="2026-01-20" 
LIBC="default" 
MODULES="java.base java.compiler java.datatransfer java.xml java.prefs java.desktop java.instrument java.logging java.management java.security.sasl java.naming java.rmi java.management.rmi java.net.http java.scripting java.security.jgss java.transaction.xa java.sql java.sql.rowset java.xml.crypto java.se java.smartcardio jdk.accessibility jdk.internal.jvmstat jdk.attach jdk.charsets jdk.internal.opt jdk.zipfs jdk.compiler jdk.crypto.cryptoki jdk.crypto.ec jdk.crypto.mscapi jdk.dynalink jdk.internal.ed jdk.editpad jdk.internal.vm.ci jdk.graal.compiler jdk.graal.compiler.management jdk.hotspot.agent jdk.httpserver jdk.incubator.vector jdk.internal.le jdk.internal.md jdk.jartool jdk.javadoc jdk.jcmd jdk.management jdk.management.agent jdk.jconsole jdk.jdeps jdk.jdwp.agent jdk.jdi jdk.jfr jdk.jlink jdk.jpackage jdk.jshell jdk.jsobject jdk.jstatd jdk.localedata jdk.management.jfr jdk.naming.dns jdk.naming.rmi jdk.net jdk.nio.mapmode jdk.sctp jdk.security.auth jdk.security.jgss jdk.unsupported jdk.unsupported.desktop jdk.xml.dom" 
OS_ARCH="x86_64" 
OS_NAME="Windows" 
SOURCE=".:git:9e3c947043a4" 
BUILD_SOURCE="git:458965074606f027bd5afce2cfd5c1055dea0438"
BUILD_SOURCE_REPO="https://github.com/adoptium/temurin-build.git"
SOURCE_REPO="https://github.com/adoptium/jdk25u.git"
FULL_VERSION="25.0.2+10-LTS"
SEMANTIC_VERSION="25.0.2+10"
BUILD_INFO="OS: Windows Server 2022 Version: 10.0"
JVM_VARIANT="Hotspot"
JVM_VERSION="25.0.2+10-LTS"
IMAGE_TYPE="JDK"

Environment Variables:
JAVA_HOME=C:\Program Files\Apache NetBeans\jdk
PATH=C:\WINDOWS\system32;C:\WINDOWS;C:\WINDOWS\System32\Wbem;C:\WINDOWS\System32\WindowsPowerShell\v1.0\;C:\WINDOWS\System32\OpenSSH\;C:\Program Files\Git\cmd;C:\Users\ASUS\AppData\Local\Microsoft\WindowsApps;;C:\Program Files\Apache NetBeans\bin\
USERNAME=ASUS
OS=Windows_NT
PROCESSOR_IDENTIFIER=Intel64 Family 6 Model 122 Stepping 1, GenuineIntel
TMP=C:\Users\ASUS\AppData\Local\Temp
TEMP=C:\Users\ASUS\AppData\Local\Temp




Compilation memory statistics disabled.

Periodic native trim disabled

---------------  S Y S T E M  ---------------

OS:
 Windows 11 , 64 bit Build 26100 (10.0.26100.8115)
OS uptime: 0 days 4:21 hours

CPU: total 2 (initial active 2) (2 cores per cpu, 1 threads per core) family 6 model 122 stepping 1 microcode 0x34, cx8, cmov, fxsr, mmx, 3dnowpref, sse, sse2, sse3, ssse3, sse4.1, sse4.2, popcnt, tsc, tscinvbit, aes, erms, clmul, sha, clflush, clflushopt, rdtscp, rdpid
Processor Information for the first 2 processors :
  Max Mhz: 1101, Current Mhz: 1101, Mhz Limit: 1101

Memory: 4k page, system-wide physical 3919M (191M free)
TotalPageFile size 15695M (AvailPageFile size 334M)
current process WorkingSet (physical memory assigned to process): 22M, peak: 46M
current process commit charge ("private bytes"): 147M, peak: 153M

vm_info: OpenJDK 64-Bit Server VM (25.0.2+10-LTS) for windows-amd64 JRE (25.0.2+10-LTS), built on 2026-01-20T00:00:00Z with MS VC++ 17.12 (VS2022)

END.
