#
# There is insufficient memory for the Java Runtime Environment to continue.
# Native memory allocation (malloc) failed to allocate 79464 bytes. Error detail: Chunk::new
# Possible reasons:
#   The system is out of physical RAM or swap space
#   This process is running with CompressedOops enabled, and the Java Heap may be blocking the growth of the native heap
# Possible solutions:
#   Reduce memory load on the system
#   Increase physical memory or swap space
#   Check if swap backing store is full
#   Decrease Java heap size (-Xmx/-Xms)
#   Decrease number of Java threads
#   Decrease Java thread stack sizes (-Xss)
#   Set larger code cache with -XX:ReservedCodeCacheSize=
#   JVM is running with Unscaled Compressed Oops mode in which the Java heap is
#     placed in the first 4GB address space. The Java Heap base address is the
#     maximum limit for the native heap growth. Please use -XX:HeapBaseMinAddress
#     to set the Java Heap base and to place the Java Heap above 4GB virtual address.
# This output file may be truncated or incomplete.
#
#  Out of Memory Error (arena.cpp:186), pid=2428, tid=16000
#
# JRE version: OpenJDK Runtime Environment Temurin-25.0.2+10 (25.0.2+10) (build 25.0.2+10-LTS)
# Java VM: OpenJDK 64-Bit Server VM Temurin-25.0.2+10 (25.0.2+10-LTS, mixed mode, sharing, tiered, compressed oops, compressed class ptrs, g1 gc, windows-amd64)
# No core dump will be written. Minidumps are not enabled by default on client versions of Windows
#

---------------  S U M M A R Y ------------

Command Line: --enable-native-access=ALL-UNNAMED -Dclassworlds.conf=C:\Program Files\Apache NetBeans\java\maven\bin\m2.conf -Dmaven.home=C:\Program Files\Apache NetBeans\java\maven -Dlibrary.jansi.path=C:\Program Files\Apache NetBeans\java\maven\lib\jansi-native -Dmaven.multiModuleProjectDirectory=C:\Users\ASUS\Documents\NetBeansProjects\Lubiproject1 org.codehaus.plexus.classworlds.launcher.Launcher -Dmaven.ext.class.path=C:\Program Files\Apache NetBeans\java\maven-nblib\netbeans-eventspy.jar --no-transfer-progress install

Host: Intel(R) Celeron(R) N4000 CPU @ 1.10GHz, 2 cores, 3G,  Windows 11 , 64 bit Build 26100 (10.0.26100.8115)
Time: Fri Apr  3 17:07:52 2026 SE Asia Standard Time elapsed time: 376.609868 seconds (0d 0h 6m 16s)

---------------  T H R E A D  ---------------

Current thread (0x000001f054679430):  JavaThread "C2 CompilerThread0" daemon [_thread_in_native, id=16000, stack(0x00000042b9200000,0x00000042b9300000) (1024K)]


Current CompileTask:
C2:376610 2069       4       jdk.internal.classfile.impl.SplitConstantPool::internalAdd (78 bytes)

Stack: [0x00000042b9200000,0x00000042b9300000]
Native frames: (J=compiled Java code, j=interpreted, Vv=VM code, C=native code)
V  [jvm.dll+0x7a8bc9]  (no source info available)
V  [jvm.dll+0x77310d]  (no source info available)
V  [jvm.dll+0x9f55f3]  (no source info available)
V  [jvm.dll+0x9f7be1]  (no source info available)
V  [jvm.dll+0x9f82f3]  (no source info available)
V  [jvm.dll+0x2fce26]  (no source info available)
V  [jvm.dll+0x111076]  (no source info available)
V  [jvm.dll+0x11139e]  (no source info available)
V  [jvm.dll+0x382261]  (no source info available)
V  [jvm.dll+0x6b8da6]  (no source info available)
V  [jvm.dll+0x2c957a]  (no source info available)
V  [jvm.dll+0x2c1621]  (no source info available)
V  [jvm.dll+0x2bf2df]  (no source info available)
V  [jvm.dll+0x237140]  (no source info available)
V  [jvm.dll+0x2cf4c6]  (no source info available)
V  [jvm.dll+0x2cd74a]  (no source info available)
V  [jvm.dll+0x48fbee]  (no source info available)
V  [jvm.dll+0x996b0d]  (no source info available)
V  [jvm.dll+0x7a71a5]  (no source info available)
C  [ucrtbase.dll+0x37b0]  (no source info available)
C  [KERNEL32.DLL+0x2e8d7]  (no source info available)
C  [ntdll.dll+0x8c3fc]  (no source info available)

Lock stack of current Java thread (top to bottom):


---------------  P R O C E S S  ---------------

Threads class SMR info:
_java_thread_list=0x000001f06f730710, length=11, elements={
0x000001f0523dd600, 0x000001f05466cac0, 0x000001f05466d3e0, 0x000001f0546721d0,
0x000001f054672990, 0x000001f054676170, 0x000001f054678940, 0x000001f054679430,
0x000001f05468b4b0, 0x000001f06f4b8580, 0x000001f06f4c3840
}

Java Threads: ( => current thread )
  0x000001f0523dd600 JavaThread "main"                              [_thread_in_Java, id=4756, stack(0x00000042b8300000,0x00000042b8400000) (1024K)]
  0x000001f05466cac0 JavaThread "Reference Handler"          daemon [_thread_blocked, id=7080, stack(0x00000042b8c00000,0x00000042b8d00000) (1024K)]
  0x000001f05466d3e0 JavaThread "Finalizer"                  daemon [_thread_blocked, id=3456, stack(0x00000042b8d00000,0x00000042b8e00000) (1024K)]
  0x000001f0546721d0 JavaThread "Signal Dispatcher"          daemon [_thread_blocked, id=2600, stack(0x00000042b8e00000,0x00000042b8f00000) (1024K)]
  0x000001f054672990 JavaThread "Attach Listener"            daemon [_thread_blocked, id=5040, stack(0x00000042b8f00000,0x00000042b9000000) (1024K)]
  0x000001f054676170 JavaThread "Service Thread"             daemon [_thread_blocked, id=15956, stack(0x00000042b9000000,0x00000042b9100000) (1024K)]
  0x000001f054678940 JavaThread "Monitor Deflation Thread"   daemon [_thread_blocked, id=968, stack(0x00000042b9100000,0x00000042b9200000) (1024K)]
=>0x000001f054679430 JavaThread "C2 CompilerThread0"         daemon [_thread_in_native, id=16000, stack(0x00000042b9200000,0x00000042b9300000) (1024K)]
  0x000001f05468b4b0 JavaThread "C1 CompilerThread0"         daemon [_thread_blocked, id=15716, stack(0x00000042b9300000,0x00000042b9400000) (1024K)]
  0x000001f06f4b8580 JavaThread "Notification Thread"        daemon [_thread_blocked, id=15744, stack(0x00000042b9400000,0x00000042b9500000) (1024K)]
  0x000001f06f4c3840 JavaThread "Common-Cleaner"             daemon [_thread_blocked, id=15856, stack(0x00000042b9500000,0x00000042b9600000) (1024K)]
Total: 11

Other Threads:
  0x000001f05465acd0 VMThread "VM Thread"                           [id=8316, stack(0x00000042b8b00000,0x00000042b8c00000) (1024K)]
  0x000001f06f37c0d0 WatcherThread "VM Periodic Task Thread"        [id=3360, stack(0x00000042b8a00000,0x00000042b8b00000) (1024K)]
  0x000001f0546055a0 WorkerThread "GC Thread#0"                     [id=9780, stack(0x00000042b8500000,0x00000042b8600000) (1024K)]
  0x000001f06f5b3750 WorkerThread "GC Thread#1"                     [id=9940, stack(0x00000042b9600000,0x00000042b9700000) (1024K)]
  0x000001f054611e30 ConcurrentGCThread "G1 Main Marker"            [id=12392, stack(0x00000042b8600000,0x00000042b8700000) (1024K)]
  0x000001f054614060 WorkerThread "G1 Conc#0"                       [id=14752, stack(0x00000042b8700000,0x00000042b8800000) (1024K)]
  0x000001f05462d180 ConcurrentGCThread "G1 Refine#0"               [id=14744, stack(0x00000042b8800000,0x00000042b8900000) (1024K)]
  0x000001f05462dd90 ConcurrentGCThread "G1 Service"                [id=8636, stack(0x00000042b8900000,0x00000042b8a00000) (1024K)]
Total: 8

Threads with active compile tasks:
C2 CompilerThread0  387827 2069       4       jdk.internal.classfile.impl.SplitConstantPool::internalAdd (78 bytes)
Total: 1

VM state: not at safepoint (normal execution)

VM Mutex/Monitor currently owned by a thread: None

Heap address: 0x00000000c2c00000, size: 980 MB, Compressed Oops mode: 32-bit

CDS archive(s) mapped at: [0x0000000080000000-0x0000000080dd0000-0x0000000080dd0000), size 14483456, SharedBaseAddress: 0x0000000080000000, ArchiveRelocationMode: 1.
Compressed class space mapped at: 0x0000000081000000-0x00000000c1000000, reserved size: 1073741824
UseCompressedClassPointers 1, UseCompactObjectHeaders 0
Narrow klass pointer bits 32, Max shift 3
Narrow klass base: 0x0000000080000000, Narrow klass shift: 0
Encoding Range: [0x0000000080000000 - 0x0000000180000000), (4294967296 bytes)
Klass Range:    [0x0000000080010000 - 0x00000000c1000000), (1090453504 bytes)
Klass ID Range:  [65536 - 1090519033) (1090453497)
Protection zone: [0x0000000080000000 - 0x0000000080010000), (65536 bytes)

GC Precious Log:
 CardTable entry size: 512
 Card Set container configuration: InlinePtr #cards 5 size 8 Array Of Cards #cards 10 size 36 Howl #buckets 4 coarsen threshold 1843 Howl Bitmap #cards 512 size 80 coarsen threshold 460 Card regions per heap region 1 cards per card region 2048
 CPUs: 2 total, 2 available
 Memory: 3919M
 Large Page Support: Disabled
 NUMA Support: Disabled
 Compressed Oops: Enabled (32-bit)
 Heap Region Size: 1M
 Heap Min Capacity: 8M
 Heap Initial Capacity: 62M
 Heap Max Capacity: 980M
 Pre-touch: Disabled
 Parallel Workers: 2
 Concurrent Workers: 1
 Concurrent Refinement Workers: 2
 Periodic GC: Disabled

Heap:
 garbage-first heap   total reserved 1003520K, committed 65536K, used 10814K [0x00000000c2c00000, 0x0000000100000000)
  region size 1024K, 7 young (7168K), 1 survivors (1024K)

Heap Regions: E=young(eden), S=young(survivor), O=old, HS=humongous(starts), HC=humongous(continues), CS=collection set, F=free, TAMS=top-at-mark-start, PB=parsable bottom
|   0|0x00000000c2c00000, 0x00000000c2d00000, 0x00000000c2d00000|100%| O|  |TAMS 0x00000000c2c00000| PB 0x00000000c2c00000| Untracked |  0
|   1|0x00000000c2d00000, 0x00000000c2e00000, 0x00000000c2e00000|100%| O|  |TAMS 0x00000000c2d00000| PB 0x00000000c2d00000| Untracked |  0
|   2|0x00000000c2e00000, 0x00000000c2f00000, 0x00000000c2f00000|100%| O|  |TAMS 0x00000000c2e00000| PB 0x00000000c2e00000| Untracked |  0
|   3|0x00000000c2f00000, 0x00000000c2fb0770, 0x00000000c3000000| 68%| O|  |TAMS 0x00000000c2f00000| PB 0x00000000c2f00000| Untracked |  0
|   4|0x00000000c3000000, 0x00000000c3000000, 0x00000000c3100000|  0%| F|  |TAMS 0x00000000c3000000| PB 0x00000000c3000000| Untracked |  0
|   5|0x00000000c3100000, 0x00000000c3100000, 0x00000000c3200000|  0%| F|  |TAMS 0x00000000c3100000| PB 0x00000000c3100000| Untracked |  0
|   6|0x00000000c3200000, 0x00000000c3200000, 0x00000000c3300000|  0%| F|  |TAMS 0x00000000c3200000| PB 0x00000000c3200000| Untracked |  0
|   7|0x00000000c3300000, 0x00000000c3300000, 0x00000000c3400000|  0%| F|  |TAMS 0x00000000c3300000| PB 0x00000000c3300000| Untracked |  0
|   8|0x00000000c3400000, 0x00000000c3400000, 0x00000000c3500000|  0%| F|  |TAMS 0x00000000c3400000| PB 0x00000000c3400000| Untracked |  0
|   9|0x00000000c3500000, 0x00000000c3500000, 0x00000000c3600000|  0%| F|  |TAMS 0x00000000c3500000| PB 0x00000000c3500000| Untracked |  0
|  10|0x00000000c3600000, 0x00000000c3600000, 0x00000000c3700000|  0%| F|  |TAMS 0x00000000c3600000| PB 0x00000000c3600000| Untracked |  0
|  11|0x00000000c3700000, 0x00000000c3700000, 0x00000000c3800000|  0%| F|  |TAMS 0x00000000c3700000| PB 0x00000000c3700000| Untracked |  0
|  12|0x00000000c3800000, 0x00000000c3800000, 0x00000000c3900000|  0%| F|  |TAMS 0x00000000c3800000| PB 0x00000000c3800000| Untracked |  0
|  13|0x00000000c3900000, 0x00000000c3900000, 0x00000000c3a00000|  0%| F|  |TAMS 0x00000000c3900000| PB 0x00000000c3900000| Untracked |  0
|  14|0x00000000c3a00000, 0x00000000c3a00000, 0x00000000c3b00000|  0%| F|  |TAMS 0x00000000c3a00000| PB 0x00000000c3a00000| Untracked |  0
|  15|0x00000000c3b00000, 0x00000000c3b00000, 0x00000000c3c00000|  0%| F|  |TAMS 0x00000000c3b00000| PB 0x00000000c3b00000| Untracked |  0
|  16|0x00000000c3c00000, 0x00000000c3c00000, 0x00000000c3d00000|  0%| F|  |TAMS 0x00000000c3c00000| PB 0x00000000c3c00000| Untracked |  0
|  17|0x00000000c3d00000, 0x00000000c3d00000, 0x00000000c3e00000|  0%| F|  |TAMS 0x00000000c3d00000| PB 0x00000000c3d00000| Untracked |  0
|  18|0x00000000c3e00000, 0x00000000c3e00000, 0x00000000c3f00000|  0%| F|  |TAMS 0x00000000c3e00000| PB 0x00000000c3e00000| Untracked |  0
|  19|0x00000000c3f00000, 0x00000000c3f00000, 0x00000000c4000000|  0%| F|  |TAMS 0x00000000c3f00000| PB 0x00000000c3f00000| Untracked |  0
|  20|0x00000000c4000000, 0x00000000c4000000, 0x00000000c4100000|  0%| F|  |TAMS 0x00000000c4000000| PB 0x00000000c4000000| Untracked |  0
|  21|0x00000000c4100000, 0x00000000c4100000, 0x00000000c4200000|  0%| F|  |TAMS 0x00000000c4100000| PB 0x00000000c4100000| Untracked |  0
|  22|0x00000000c4200000, 0x00000000c4200000, 0x00000000c4300000|  0%| F|  |TAMS 0x00000000c4200000| PB 0x00000000c4200000| Untracked |  0
|  23|0x00000000c4300000, 0x00000000c4300000, 0x00000000c4400000|  0%| F|  |TAMS 0x00000000c4300000| PB 0x00000000c4300000| Untracked |  0
|  24|0x00000000c4400000, 0x00000000c4400000, 0x00000000c4500000|  0%| F|  |TAMS 0x00000000c4400000| PB 0x00000000c4400000| Untracked |  0
|  25|0x00000000c4500000, 0x00000000c4500000, 0x00000000c4600000|  0%| F|  |TAMS 0x00000000c4500000| PB 0x00000000c4500000| Untracked |  0
|  26|0x00000000c4600000, 0x00000000c4600000, 0x00000000c4700000|  0%| F|  |TAMS 0x00000000c4600000| PB 0x00000000c4600000| Untracked |  0
|  27|0x00000000c4700000, 0x00000000c4700000, 0x00000000c4800000|  0%| F|  |TAMS 0x00000000c4700000| PB 0x00000000c4700000| Untracked |  0
|  28|0x00000000c4800000, 0x00000000c4800000, 0x00000000c4900000|  0%| F|  |TAMS 0x00000000c4800000| PB 0x00000000c4800000| Untracked |  0
|  29|0x00000000c4900000, 0x00000000c4900000, 0x00000000c4a00000|  0%| F|  |TAMS 0x00000000c4900000| PB 0x00000000c4900000| Untracked |  0
|  30|0x00000000c4a00000, 0x00000000c4a00000, 0x00000000c4b00000|  0%| F|  |TAMS 0x00000000c4a00000| PB 0x00000000c4a00000| Untracked |  0
|  31|0x00000000c4b00000, 0x00000000c4b00000, 0x00000000c4c00000|  0%| F|  |TAMS 0x00000000c4b00000| PB 0x00000000c4b00000| Untracked |  0
|  32|0x00000000c4c00000, 0x00000000c4c00000, 0x00000000c4d00000|  0%| F|  |TAMS 0x00000000c4c00000| PB 0x00000000c4c00000| Untracked |  0
|  33|0x00000000c4d00000, 0x00000000c4d00000, 0x00000000c4e00000|  0%| F|  |TAMS 0x00000000c4d00000| PB 0x00000000c4d00000| Untracked |  0
|  34|0x00000000c4e00000, 0x00000000c4e00000, 0x00000000c4f00000|  0%| F|  |TAMS 0x00000000c4e00000| PB 0x00000000c4e00000| Untracked |  0
|  35|0x00000000c4f00000, 0x00000000c4f00000, 0x00000000c5000000|  0%| F|  |TAMS 0x00000000c4f00000| PB 0x00000000c4f00000| Untracked |  0
|  36|0x00000000c5000000, 0x00000000c5000000, 0x00000000c5100000|  0%| F|  |TAMS 0x00000000c5000000| PB 0x00000000c5000000| Untracked |  0
|  37|0x00000000c5100000, 0x00000000c5100000, 0x00000000c5200000|  0%| F|  |TAMS 0x00000000c5100000| PB 0x00000000c5100000| Untracked |  0
|  38|0x00000000c5200000, 0x00000000c5200000, 0x00000000c5300000|  0%| F|  |TAMS 0x00000000c5200000| PB 0x00000000c5200000| Untracked |  0
|  39|0x00000000c5300000, 0x00000000c5300000, 0x00000000c5400000|  0%| F|  |TAMS 0x00000000c5300000| PB 0x00000000c5300000| Untracked |  0
|  40|0x00000000c5400000, 0x00000000c5400000, 0x00000000c5500000|  0%| F|  |TAMS 0x00000000c5400000| PB 0x00000000c5400000| Untracked |  0
|  41|0x00000000c5500000, 0x00000000c5500000, 0x00000000c5600000|  0%| F|  |TAMS 0x00000000c5500000| PB 0x00000000c5500000| Untracked |  0
|  42|0x00000000c5600000, 0x00000000c5600000, 0x00000000c5700000|  0%| F|  |TAMS 0x00000000c5600000| PB 0x00000000c5600000| Untracked |  0
|  43|0x00000000c5700000, 0x00000000c5700000, 0x00000000c5800000|  0%| F|  |TAMS 0x00000000c5700000| PB 0x00000000c5700000| Untracked |  0
|  44|0x00000000c5800000, 0x00000000c5800000, 0x00000000c5900000|  0%| F|  |TAMS 0x00000000c5800000| PB 0x00000000c5800000| Untracked |  0
|  45|0x00000000c5900000, 0x00000000c5900000, 0x00000000c5a00000|  0%| F|  |TAMS 0x00000000c5900000| PB 0x00000000c5900000| Untracked |  0
|  46|0x00000000c5a00000, 0x00000000c5a00000, 0x00000000c5b00000|  0%| F|  |TAMS 0x00000000c5a00000| PB 0x00000000c5a00000| Untracked |  0
|  47|0x00000000c5b00000, 0x00000000c5b00000, 0x00000000c5c00000|  0%| F|  |TAMS 0x00000000c5b00000| PB 0x00000000c5b00000| Untracked |  0
|  48|0x00000000c5c00000, 0x00000000c5c00000, 0x00000000c5d00000|  0%| F|  |TAMS 0x00000000c5c00000| PB 0x00000000c5c00000| Untracked |  0
|  49|0x00000000c5d00000, 0x00000000c5d00000, 0x00000000c5e00000|  0%| F|  |TAMS 0x00000000c5d00000| PB 0x00000000c5d00000| Untracked |  0
|  50|0x00000000c5e00000, 0x00000000c5e00000, 0x00000000c5f00000|  0%| F|  |TAMS 0x00000000c5e00000| PB 0x00000000c5e00000| Untracked |  0
|  51|0x00000000c5f00000, 0x00000000c5f00000, 0x00000000c6000000|  0%| F|  |TAMS 0x00000000c5f00000| PB 0x00000000c5f00000| Untracked |  0
|  52|0x00000000c6000000, 0x00000000c6000000, 0x00000000c6100000|  0%| F|  |TAMS 0x00000000c6000000| PB 0x00000000c6000000| Untracked |  0
|  53|0x00000000c6100000, 0x00000000c61ba298, 0x00000000c6200000| 72%| S|CS|TAMS 0x00000000c6100000| PB 0x00000000c6100000| Complete |  0
|  54|0x00000000c6200000, 0x00000000c6200000, 0x00000000c6300000|  0%| F|  |TAMS 0x00000000c6200000| PB 0x00000000c6200000| Untracked |  0
|  55|0x00000000c6300000, 0x00000000c6300000, 0x00000000c6400000|  0%| F|  |TAMS 0x00000000c6300000| PB 0x00000000c6300000| Untracked |  0
|  56|0x00000000c6400000, 0x00000000c6469b38, 0x00000000c6500000| 41%| E|  |TAMS 0x00000000c6400000| PB 0x00000000c6400000| Complete |  0
|  57|0x00000000c6500000, 0x00000000c6600000, 0x00000000c6600000|100%| E|CS|TAMS 0x00000000c6500000| PB 0x00000000c6500000| Complete |  0
|  58|0x00000000c6600000, 0x00000000c6700000, 0x00000000c6700000|100%| E|CS|TAMS 0x00000000c6600000| PB 0x00000000c6600000| Complete |  0
|  59|0x00000000c6700000, 0x00000000c6800000, 0x00000000c6800000|100%| E|CS|TAMS 0x00000000c6700000| PB 0x00000000c6700000| Complete |  0
|  60|0x00000000c6800000, 0x00000000c6900000, 0x00000000c6900000|100%| E|CS|TAMS 0x00000000c6800000| PB 0x00000000c6800000| Complete |  0
|  61|0x00000000c6900000, 0x00000000c6a00000, 0x00000000c6a00000|100%| E|CS|TAMS 0x00000000c6900000| PB 0x00000000c6900000| Complete |  0
| 978|0x00000000ffe00000, 0x00000000fff00000, 0x00000000fff00000|100%| O|  |TAMS 0x00000000ffe00000| PB 0x00000000ffe00000| Untracked |  0
| 979|0x00000000fff00000, 0x00000000fff24ea8, 0x0000000100000000| 14%| O|  |TAMS 0x00000000fff00000| PB 0x00000000fff00000| Untracked |  0

Card table byte_map: [0x000001f054390000,0x000001f054580000] _byte_map_base: 0x000001f053d7a000

Marking Bits: (CMBitMap*) 0x000001f054605d30
 Bits: [0x000001f06c0c0000, 0x000001f06d010000)

Polling page: 0x000001f052640000

Metaspace:
Metaspace        used 10591K, committed 10816K, reserved 1114112K
 class space     used 1332K, committed 1472K, reserved 1048576K

Usage:
  Non-class:      9.04 MB used.
      Class:      1.30 MB used.
       Both:     10.34 MB used.

Virtual space:
  Non-class space:       64.00 MB reserved,       9.12 MB ( 14%) committed,  1 nodes.
      Class space:        1.00 GB reserved,       1.44 MB ( <1%) committed,  1 nodes.
             Both:        1.06 GB reserved,      10.56 MB ( <1%) committed. 

Chunk freelists:
   Non-Class:  5.33 MB
       Class:  14.61 MB
        Both:  19.94 MB

MaxMetaspaceSize: unlimited
CompressedClassSpaceSize: 1.00 GB
Initial GC threshold: 21.00 MB
Current GC threshold: 21.00 MB
CDS: on
 - commit_granule_bytes: 65536.
 - commit_granule_words: 8192.
 - virtual_space_node_default_size: 8388608.
 - enlarge_chunks_in_place: 1.
UseCompressedClassPointers 1, UseCompactObjectHeaders 0
Narrow klass pointer bits 32, Max shift 3
Narrow klass base: 0x0000000080000000, Narrow klass shift: 0
Encoding Range: [0x0000000080000000 - 0x0000000180000000), (4294967296 bytes)
Klass Range:    [0x0000000080010000 - 0x00000000c1000000), (1090453504 bytes)
Klass ID Range:  [65536 - 1090519033) (1090453497)
Protection zone: [0x0000000080000000 - 0x0000000080010000), (65536 bytes)


Internal statistics:

num_allocs_failed_limit: 0.
num_arena_births: 68.
num_arena_deaths: 0.
num_vsnodes_births: 2.
num_vsnodes_deaths: 0.
num_space_committed: 169.
num_space_uncommitted: 0.
num_chunks_returned_to_freelist: 0.
num_chunks_taken_from_freelist: 431.
num_chunk_merges: 0.
num_chunk_splits: 293.
num_chunks_enlarged: 244.
num_inconsistent_stats: 0.

CodeHeap 'non-profiled nmethods': size=120128Kb used=603Kb max_used=603Kb free=119524Kb
 bounds [0x000001f064b70000, 0x000001f064de0000, 0x000001f06c0c0000]
CodeHeap 'profiled nmethods': size=120000Kb used=3075Kb max_used=3075Kb free=116924Kb
 bounds [0x000001f05d0c0000, 0x000001f05d3d0000, 0x000001f0645f0000]
CodeHeap 'non-nmethods': size=5632Kb used=1361Kb max_used=1388Kb free=4270Kb
 bounds [0x000001f0645f0000, 0x000001f064860000, 0x000001f064b70000]
CodeCache: size=245760Kb, used=5039Kb, max_used=5066Kb, free=240718Kb
 total_blobs=2549, nmethods=2059, adapters=394, full_count=0
Compilation: enabled, stopped_count=0, restarted_count=0

Compilation events (20 events):
Event: 362.675 Thread 0x000001f05468b4b0 nmethod 2059 0x000001f05d3bbe08 code [0x000001f05d3bbf00, 0x000001f05d3bc220]
Event: 362.789 Thread 0x000001f05468b4b0 2060       1       java.util.concurrent.locks.AbstractOwnableSynchronizer::getExclusiveOwnerThread (5 bytes)
Event: 362.790 Thread 0x000001f05468b4b0 nmethod 2060 0x000001f064c06808 code [0x000001f064c06900, 0x000001f064c069c8]
Event: 363.882 Thread 0x000001f05468b4b0 2061       3       java.util.jar.JarFile$JarFileEntry::getRealName (5 bytes)
Event: 363.882 Thread 0x000001f05468b4b0 nmethod 2061 0x000001f05d3bc288 code [0x000001f05d3bc380, 0x000001f05d3bc4a0]
Event: 365.288 Thread 0x000001f05468b4b0 2062       3       java.lang.invoke.LambdaForm::parameter (38 bytes)
Event: 365.289 Thread 0x000001f05468b4b0 nmethod 2062 0x000001f05d3bc588 code [0x000001f05d3bc680, 0x000001f05d3bc7c0]
Event: 365.436 Thread 0x000001f05468b4b0 2063       3       java.lang.invoke.LambdaForm$NamedFunction::returnType (11 bytes)
Event: 365.437 Thread 0x000001f05468b4b0 nmethod 2063 0x000001f05d3bc888 code [0x000001f05d3bc980, 0x000001f05d3bd0a0]
Event: 365.503 Thread 0x000001f054679430 2064       4       jdk.internal.classfile.impl.EntryMap::put (186 bytes)
Event: 365.510 Thread 0x000001f054679430 nmethod 2064 0x000001f064c06b08 code [0x000001f064c06c00, 0x000001f064c06f68]
Event: 365.662 Thread 0x000001f05468b4b0 2065       3       java.lang.invoke.MethodHandle::isBuiltinLoader (24 bytes)
Event: 365.662 Thread 0x000001f05468b4b0 nmethod 2065 0x000001f05d3bd108 code [0x000001f05d3bd200, 0x000001f05d3bd458]
Event: 366.664 Thread 0x000001f05468b4b0 2066       3       java.util.LinkedHashMap$LinkedValueIterator::next (8 bytes)
Event: 366.665 Thread 0x000001f05468b4b0 nmethod 2066 0x000001f05d3bd488 code [0x000001f05d3bd580, 0x000001f05d3bd740]
Event: 369.975 Thread 0x000001f05468b4b0 2067       3       org.objectweb.asm.SymbolTable::hash (10 bytes)
Event: 369.975 Thread 0x000001f05468b4b0 nmethod 2067 0x000001f05d3bd788 code [0x000001f05d3bd880, 0x000001f05d3bda28]
Event: 370.021 Thread 0x000001f05468b4b0 2068       3       org.objectweb.asm.ByteVector::putUTF8 (144 bytes)
Event: 370.023 Thread 0x000001f05468b4b0 nmethod 2068 0x000001f05d3bda88 code [0x000001f05d3bdb80, 0x000001f05d3be840]
Event: 371.224 Thread 0x000001f054679430 2069       4       jdk.internal.classfile.impl.SplitConstantPool::internalAdd (78 bytes)

GC Heap Usage History (8 events):
Event: 49.700 {heap Before GC invocations=0 (full 0):
 garbage-first heap   total reserved 1003520K, committed 65536K, used 14483K [0x00000000c2c00000, 0x0000000100000000)
  region size 1024K, 14 young (14336K), 0 survivors (0K)
}
Event: 58.182 {heap After GC invocations=1 (full 0):
 garbage-first heap   total reserved 1003520K, committed 65536K, used 3811K [0x00000000c2c00000, 0x0000000100000000)
  region size 1024K, 2 young (2048K), 2 survivors (2048K)
}
Event: 219.680 {heap Before GC invocations=1 (full 0):
 garbage-first heap   total reserved 1003520K, committed 65536K, used 28387K [0x00000000c2c00000, 0x0000000100000000)
  region size 1024K, 27 young (27648K), 2 survivors (2048K)
}
Event: 221.130 {heap After GC invocations=2 (full 0):
 garbage-first heap   total reserved 1003520K, committed 65536K, used 5153K [0x00000000c2c00000, 0x0000000100000000)
  region size 1024K, 4 young (4096K), 4 survivors (4096K)
}
Event: 226.643 {heap Before GC invocations=2 (full 0):
 garbage-first heap   total reserved 1003520K, committed 65536K, used 6177K [0x00000000c2c00000, 0x0000000100000000)
  region size 1024K, 5 young (5120K), 4 survivors (4096K)
}
Event: 226.801 {heap After GC invocations=3 (full 0):
 garbage-first heap   total reserved 1003520K, committed 65536K, used 5450K [0x00000000c2c00000, 0x0000000100000000)
  region size 1024K, 1 young (1024K), 1 survivors (1024K)
}
Event: 314.771 {heap Before GC invocations=3 (full 0):
 garbage-first heap   total reserved 1003520K, committed 65536K, used 12618K [0x00000000c2c00000, 0x0000000100000000)
  region size 1024K, 8 young (8192K), 1 survivors (1024K)
}
Event: 314.788 {heap After GC invocations=4 (full 0):
 garbage-first heap   total reserved 1003520K, committed 65536K, used 5694K [0x00000000c2c00000, 0x0000000100000000)
  region size 1024K, 1 young (1024K), 1 survivors (1024K)
}

Metaspace Usage History (8 events):
Event: 49.700 {metaspace Before GC invocations=0 (full 0):
 Metaspace       used 4285K, committed 4480K, reserved 1114112K
  class space    used 487K, committed 576K, reserved 1048576K
}
Event: 58.182 {metaspace After GC invocations=1 (full 0):
 Metaspace       used 4285K, committed 4480K, reserved 1114112K
  class space    used 487K, committed 576K, reserved 1048576K
}
Event: 219.680 {metaspace Before GC invocations=1 (full 0):
 Metaspace       used 7477K, committed 7744K, reserved 1114112K
  class space    used 903K, committed 1024K, reserved 1048576K
}
Event: 221.130 {metaspace After GC invocations=2 (full 0):
 Metaspace       used 7477K, committed 7744K, reserved 1114112K
  class space    used 903K, committed 1024K, reserved 1048576K
}
Event: 226.643 {metaspace Before GC invocations=2 (full 0):
 Metaspace       used 7715K, committed 7936K, reserved 1114112K
  class space    used 933K, committed 1024K, reserved 1048576K
}
Event: 226.801 {metaspace After GC invocations=3 (full 0):
 Metaspace       used 7715K, committed 7936K, reserved 1114112K
  class space    used 933K, committed 1024K, reserved 1048576K
}
Event: 314.771 {metaspace Before GC invocations=3 (full 0):
 Metaspace       used 9391K, committed 9600K, reserved 1114112K
  class space    used 1166K, committed 1280K, reserved 1048576K
}
Event: 314.788 {metaspace After GC invocations=4 (full 0):
 Metaspace       used 9391K, committed 9600K, reserved 1114112K
  class space    used 1166K, committed 1280K, reserved 1048576K
}

Dll operation events (7 events):
Event: 0.144 Loaded shared library C:\Program Files\Apache NetBeans\jdk\bin\java.dll
Event: 3.054 Loaded shared library C:\Program Files\Apache NetBeans\jdk\bin\net.dll
Event: 3.130 Loaded shared library C:\Program Files\Apache NetBeans\jdk\bin\nio.dll
Event: 3.646 Loaded shared library C:\Program Files\Apache NetBeans\jdk\bin\zip.dll
Event: 13.207 Loaded shared library C:\Program Files\Apache NetBeans\java\maven\lib\jansi-native\Windows\x86_64\jansi.dll
Event: 13.444 Loaded shared library C:\Program Files\Apache NetBeans\jdk\bin\verify.dll
Event: 18.095 Loaded shared library C:\Program Files\Apache NetBeans\jdk\bin\jimage.dll

Deoptimization events (20 events):
Event: 332.655 Thread 0x000001f0523dd600 Uncommon trap: trap_request=0xffffffc6 fr.pc=0x000001f064bf8294 relative=0x0000000000000294
Event: 332.655 Thread 0x000001f0523dd600 Uncommon trap: reason=bimorphic_or_optimized_type_check action=maybe_recompile pc=0x000001f064bf8294 method=java.util.HashMap.getNode(Ljava/lang/Object;)Ljava/util/HashMap$Node; @ 128 c2
Event: 332.655 Thread 0x000001f0523dd600 DEOPT PACKING pc=0x000001f064bf8294 sp=0x00000042b83fe1b0
Event: 332.655 Thread 0x000001f0523dd600 DEOPT UNPACKING pc=0x000001f06467857c sp=0x00000042b83fe118 mode 2
Event: 343.305 Thread 0x000001f0523dd600 Uncommon trap: trap_request=0xffffffd6 fr.pc=0x000001f064c04368 relative=0x00000000000000e8
Event: 343.305 Thread 0x000001f0523dd600 Uncommon trap: reason=array_check action=maybe_recompile pc=0x000001f064c04368 method=java.util.stream.Nodes$FixedNodeBuilder.accept(Ljava/lang/Object;)V @ 28 c2
Event: 343.305 Thread 0x000001f0523dd600 DEOPT PACKING pc=0x000001f064c04368 sp=0x00000042b83fdf20
Event: 343.305 Thread 0x000001f0523dd600 DEOPT UNPACKING pc=0x000001f06467857c sp=0x00000042b83fdea0 mode 2
Event: 343.305 Thread 0x000001f0523dd600 Uncommon trap: trap_request=0xffffffd6 fr.pc=0x000001f064c04368 relative=0x00000000000000e8
Event: 343.305 Thread 0x000001f0523dd600 Uncommon trap: reason=array_check action=maybe_recompile pc=0x000001f064c04368 method=java.util.stream.Nodes$FixedNodeBuilder.accept(Ljava/lang/Object;)V @ 28 c2
Event: 343.305 Thread 0x000001f0523dd600 DEOPT PACKING pc=0x000001f064c04368 sp=0x00000042b83fdf20
Event: 343.305 Thread 0x000001f0523dd600 DEOPT UNPACKING pc=0x000001f06467857c sp=0x00000042b83fdea0 mode 2
Event: 343.305 Thread 0x000001f0523dd600 Uncommon trap: trap_request=0xffffffd6 fr.pc=0x000001f064c04368 relative=0x00000000000000e8
Event: 343.305 Thread 0x000001f0523dd600 Uncommon trap: reason=array_check action=maybe_recompile pc=0x000001f064c04368 method=java.util.stream.Nodes$FixedNodeBuilder.accept(Ljava/lang/Object;)V @ 28 c2
Event: 343.305 Thread 0x000001f0523dd600 DEOPT PACKING pc=0x000001f064c04368 sp=0x00000042b83fdf20
Event: 343.305 Thread 0x000001f0523dd600 DEOPT UNPACKING pc=0x000001f06467857c sp=0x00000042b83fdea0 mode 2
Event: 343.305 Thread 0x000001f0523dd600 Uncommon trap: trap_request=0xffffffd6 fr.pc=0x000001f064c04368 relative=0x00000000000000e8
Event: 343.305 Thread 0x000001f0523dd600 Uncommon trap: reason=array_check action=maybe_recompile pc=0x000001f064c04368 method=java.util.stream.Nodes$FixedNodeBuilder.accept(Ljava/lang/Object;)V @ 28 c2
Event: 343.305 Thread 0x000001f0523dd600 DEOPT PACKING pc=0x000001f064c04368 sp=0x00000042b83fdf20
Event: 343.305 Thread 0x000001f0523dd600 DEOPT UNPACKING pc=0x000001f06467857c sp=0x00000042b83fdea0 mode 2

Classes loaded (20 events):
Event: 309.450 Loading class sun/reflect/generics/tree/MethodTypeSignature
Event: 309.450 Loading class sun/reflect/generics/tree/MethodTypeSignature done
Event: 328.526 Loading class java/util/concurrent/atomic/AtomicBoolean
Event: 328.527 Loading class java/util/concurrent/atomic/AtomicBoolean done
Event: 339.063 Loading class sun/reflect/generics/repository/FieldRepository
Event: 339.063 Loading class sun/reflect/generics/repository/FieldRepository done
Event: 343.537 Loading class java/io/UncheckedIOException
Event: 343.538 Loading class java/io/UncheckedIOException done
Event: 346.137 Loading class java/nio/channels/OverlappingFileLockException
Event: 346.137 Loading class java/nio/channels/OverlappingFileLockException done
Event: 346.201 Loading class java/nio/channels/FileLock
Event: 346.202 Loading class java/nio/channels/FileLock done
Event: 351.598 Loading class java/nio/file/AccessDeniedException
Event: 351.599 Loading class java/nio/file/AccessDeniedException done
Event: 365.999 Loading class java/lang/ClassValue$ClassValueMap
Event: 366.000 Loading class java/lang/ClassValue$ClassValueMap done
Event: 368.429 Loading class java/util/TreeMap$Values
Event: 368.720 Loading class java/util/TreeMap$Values done
Event: 370.489 Loading class java/util/TreeMap$ValueIterator
Event: 370.658 Loading class java/util/TreeMap$ValueIterator done

Classes unloaded (0 events):
No events

Classes redefined (0 events):
No events

Internal exceptions (20 events):
Event: 13.441 Thread 0x000001f0523dd600 Exception <a 'sun/nio/fs/WindowsException'{0x00000000c657c570}> (0x00000000c657c570) 
thrown [s\src\hotspot\share\prims\jni.cpp, line 516]
Event: 13.441 Thread 0x000001f0523dd600 Exception <a 'sun/nio/fs/WindowsException'{0x00000000c657cba0}> (0x00000000c657cba0) 
thrown [s\src\hotspot\share\prims\jni.cpp, line 516]
Event: 13.442 Thread 0x000001f0523dd600 Exception <a 'sun/nio/fs/WindowsException'{0x00000000c657d100}> (0x00000000c657d100) 
thrown [s\src\hotspot\share\prims\jni.cpp, line 516]
Event: 13.442 Thread 0x000001f0523dd600 Exception <a 'sun/nio/fs/WindowsException'{0x00000000c657d640}> (0x00000000c657d640) 
thrown [s\src\hotspot\share\prims\jni.cpp, line 516]
Event: 13.442 Thread 0x000001f0523dd600 Exception <a 'sun/nio/fs/WindowsException'{0x00000000c657db30}> (0x00000000c657db30) 
thrown [s\src\hotspot\share\prims\jni.cpp, line 516]
Event: 13.442 Thread 0x000001f0523dd600 Exception <a 'sun/nio/fs/WindowsException'{0x00000000c657dfd8}> (0x00000000c657dfd8) 
thrown [s\src\hotspot\share\prims\jni.cpp, line 516]
Event: 14.881 Thread 0x000001f0523dd600 Exception <a 'java/lang/NoSuchMethodError'{0x00000000c65b7610}: 'void java.lang.invoke.DirectMethodHandle$Holder.invokeVirtual(java.lang.Object, java.lang.Object)'> (0x00000000c65b7610) 
thrown [s\src\hotspot\share\interpreter\linkResolver.cpp, line 804]
Event: 15.906 Thread 0x000001f0523dd600 Exception <a 'java/lang/NoSuchMethodError'{0x00000000c65d8908}: 'void java.lang.invoke.DirectMethodHandle$Holder.invokeStatic(java.lang.Object, java.lang.Object)'> (0x00000000c65d8908) 
thrown [s\src\hotspot\share\interpreter\linkResolver.cpp, line 804]
Event: 16.391 Thread 0x000001f0523dd600 Exception <a 'java/lang/NoSuchMethodError'{0x00000000c65e09e0}: 'void java.lang.invoke.DirectMethodHandle$Holder.invokeStaticInit(java.lang.Object, java.lang.Object)'> (0x00000000c65e09e0) 
thrown [s\src\hotspot\share\interpreter\linkResolver.cpp, line 804]
Event: 16.688 Thread 0x000001f0523dd600 Exception <a 'java/lang/NoSuchMethodError'{0x00000000c641bee0}: 'void java.lang.invoke.DirectMethodHandle$Holder.invokeSpecial(java.lang.Object, java.lang.Object, java.lang.Object, java.lang.Object, java.lang.Object)'> (0x00000000c641bee0) 
thrown [s\src\hotspot\share\interpreter\linkResolver.cpp, line 804]
Event: 17.890 Thread 0x000001f0523dd600 Exception <a 'java/lang/NoSuchMethodError'{0x00000000c6457b58}: 'void java.lang.invoke.DirectMethodHandle$Holder.invokeStatic(java.lang.Object, java.lang.Object, java.lang.Object)'> (0x00000000c6457b58) 
thrown [s\src\hotspot\share\interpreter\linkResolver.cpp, line 804]
Event: 23.710 Thread 0x000001f0523dd600 Exception <a 'java/lang/NoSuchMethodError'{0x00000000c621b9e0}: 'java.lang.Object java.lang.invoke.DirectMethodHandle$Holder.invokeSpecialIFC(java.lang.Object, java.lang.Object, java.lang.Object, java.lang.Object)'> (0x00000000c621b9e0) 
thrown [s\src\hotspot\share\interpreter\linkResolver.cpp, line 804]
Event: 45.790 Thread 0x000001f0523dd600 Exception <a 'java/lang/NoSuchMethodError'{0x00000000c5d0c840}: 'void java.lang.invoke.DirectMethodHandle$Holder.invokeSpecial(java.lang.Object, java.lang.Object, java.lang.Object)'> (0x00000000c5d0c840) 
thrown [s\src\hotspot\share\interpreter\linkResolver.cpp, line 804]
Event: 47.915 Thread 0x000001f0523dd600 Exception <a 'java/lang/NoSuchMethodError'{0x00000000c5c27b58}: 'java.lang.Object java.lang.invoke.DirectMethodHandle$Holder.invokeInterface(java.lang.Object, java.lang.Object)'> (0x00000000c5c27b58) 
thrown [s\src\hotspot\share\interpreter\linkResolver.cpp, line 804]
Event: 49.690 Thread 0x000001f0523dd600 Exception <a 'java/lang/NoSuchMethodError'{0x00000000c5cd2978}: 'int java.lang.invoke.DirectMethodHandle$Holder.invokeStatic(java.lang.Object, java.lang.Object, java.lang.Object, java.lang.Object)'> (0x00000000c5cd2978) 
thrown [s\src\hotspot\share\interpreter\linkResolver.cpp, line 804]
Event: 49.698 Thread 0x000001f0523dd600 Exception <a 'java/lang/NoSuchMethodError'{0x00000000c5cfcd08}: 'int java.lang.invoke.DirectMethodHandle$Holder.invokeSpecialIFC(java.lang.Object, java.lang.Object, java.lang.Object, java.lang.Object, java.lang.Object)'> (0x00000000c5cfcd08) 
thrown [s\src\hotspot\share\interpreter\linkResolver.cpp, line 804]
Event: 71.104 Thread 0x000001f0523dd600 Exception <a 'java/lang/NoSuchMethodError'{0x00000000c68db130}: 'java.lang.Object java.lang.invoke.DirectMethodHandle$Holder.newInvokeSpecial(java.lang.Object, java.lang.Object, java.lang.Object, java.lang.Object, java.lang.Object)'> (0x00000000c68db130) 
thrown [s\src\hotspot\share\interpreter\linkResolver.cpp, line 804]
Event: 76.738 Thread 0x000001f0523dd600 Exception <a 'java/lang/NoSuchMethodError'{0x00000000c67f48e0}: 'int java.lang.invoke.DirectMethodHandle$Holder.invokeStaticInit(java.lang.Object, java.lang.Object)'> (0x00000000c67f48e0) 
thrown [s\src\hotspot\share\interpreter\linkResolver.cpp, line 804]
Event: 78.315 Thread 0x000001f0523dd600 Exception <a 'java/lang/NoClassDefFoundError'{0x00000000c662e978}: javax/enterprise/inject/Typed> (0x00000000c662e978) 
thrown [s\src\hotspot\share\classfile\systemDictionary.cpp, line 316]
Event: 365.436 Thread 0x000001f0523dd600 Exception <a 'java/lang/NoSuchMethodError'{0x00000000c659a8a8}: 'void java.lang.invoke.DirectMethodHandle$Holder.invokeStaticInit(java.lang.Object, java.lang.Object, java.lang.Object)'> (0x00000000c659a8a8) 
thrown [s\src\hotspot\share\interpreter\linkResolver.cpp, line 804]

VM Operations (20 events):
Event: 120.437 Executing non-safepoint VM operation: HandshakeAllThreads (HandshakeForDeflation)
Event: 121.519 Executing non-safepoint VM operation: HandshakeAllThreads (HandshakeForDeflation) done
Event: 121.519 Executing non-safepoint VM operation: RendezvousGCThreads
Event: 121.520 Executing non-safepoint VM operation: RendezvousGCThreads done
Event: 217.447 Executing non-safepoint VM operation: HandshakeAllThreads (Deoptimize)
Event: 217.449 Executing non-safepoint VM operation: HandshakeAllThreads (Deoptimize) done
Event: 219.680 Executing safepoint VM operation: G1CollectForAllocation (G1 Evacuation Pause)
Event: 221.130 Executing safepoint VM operation: G1CollectForAllocation (G1 Evacuation Pause) done
Event: 226.643 Executing safepoint VM operation: G1CollectForAllocation (G1 Evacuation Pause)
Event: 226.802 Executing safepoint VM operation: G1CollectForAllocation (G1 Evacuation Pause) done
Event: 240.790 Executing non-safepoint VM operation: HandshakeAllThreads (HandshakeForDeflation)
Event: 240.790 Executing non-safepoint VM operation: HandshakeAllThreads (HandshakeForDeflation) done
Event: 240.790 Executing non-safepoint VM operation: RendezvousGCThreads
Event: 240.790 Executing non-safepoint VM operation: RendezvousGCThreads done
Event: 304.752 Executing non-safepoint VM operation: HandshakeAllThreads (Deoptimize)
Event: 304.753 Executing non-safepoint VM operation: HandshakeAllThreads (Deoptimize) done
Event: 314.771 Executing safepoint VM operation: G1CollectForAllocation (G1 Evacuation Pause)
Event: 314.789 Executing safepoint VM operation: G1CollectForAllocation (G1 Evacuation Pause) done
Event: 366.087 Executing non-safepoint VM operation: HandshakeAllThreads (Deoptimize)
Event: 366.087 Executing non-safepoint VM operation: HandshakeAllThreads (Deoptimize) done

Memory protections (0 events):
No events

Nmethod flushes (0 events):
No events

Events (13 events):
Event: 0.449 Thread 0x000001f0523dd600 Thread added: 0x000001f0523dd600
Event: 0.625 Thread 0x000001f0523dd600 Thread added: 0x000001f05466cac0
Event: 0.625 Thread 0x000001f0523dd600 Thread added: 0x000001f05466d3e0
Event: 0.723 Thread 0x000001f0523dd600 Thread added: 0x000001f0546721d0
Event: 0.724 Thread 0x000001f0523dd600 Thread added: 0x000001f054672990
Event: 0.787 Thread 0x000001f0523dd600 Thread added: 0x000001f054676170
Event: 0.787 Thread 0x000001f0523dd600 Thread added: 0x000001f054678940
Event: 0.787 Thread 0x000001f0523dd600 Thread added: 0x000001f054679430
Event: 0.869 Thread 0x000001f0523dd600 Thread added: 0x000001f05468b4b0
Event: 2.747 Thread 0x000001f0523dd600 Thread added: 0x000001f06f4b8580
Event: 2.866 Thread 0x000001f0523dd600 Thread added: 0x000001f06f4c3840
Event: 12.981 Thread 0x000001f0523dd600 Thread added: 0x000001f06f52dc60
Event: 22.063 Thread 0x000001f06f52dc60 Thread exited: 0x000001f06f52dc60


Dynamic libraries:
0x00007ff62b400000 - 0x00007ff62b40e000 	C:\Program Files\Apache NetBeans\jdk\bin\java.exe
0x00007ffea0ee0000 - 0x00007ffea1147000 	C:\WINDOWS\SYSTEM32\ntdll.dll
0x00007ffe9fee0000 - 0x00007ffe9ffa9000 	C:\WINDOWS\System32\KERNEL32.DLL
0x00007ffe9dbe0000 - 0x00007ffe9dfd4000 	C:\WINDOWS\System32\KERNELBASE.dll
0x00007ffe9e110000 - 0x00007ffe9e25b000 	C:\WINDOWS\System32\ucrtbase.dll
0x00007ffe8a0d0000 - 0x00007ffe8a0e6000 	C:\Program Files\Apache NetBeans\jdk\bin\jli.dll
0x00007ffe9ed70000 - 0x00007ffe9ef35000 	C:\WINDOWS\System32\USER32.dll
0x00007ffe9eb90000 - 0x00007ffe9ebb7000 	C:\WINDOWS\System32\win32u.dll
0x00007ffea09d0000 - 0x00007ffea09fb000 	C:\WINDOWS\System32\GDI32.dll
0x00007ffe9dfe0000 - 0x00007ffe9e10a000 	C:\WINDOWS\System32\gdi32full.dll
0x00007ffe9ebc0000 - 0x00007ffe9ec63000 	C:\WINDOWS\System32\msvcp_win.dll
0x00007ffe8b780000 - 0x00007ffe8b79e000 	C:\Program Files\Apache NetBeans\jdk\bin\VCRUNTIME140.dll
0x00007ffe8ba70000 - 0x00007ffe8bd03000 	C:\WINDOWS\WinSxS\amd64_microsoft.windows.common-controls_6595b64144ccf1df_6.0.26100.8115_none_3e075c82e3354f9c\COMCTL32.dll
0x00007ffea0400000 - 0x00007ffea04a9000 	C:\WINDOWS\System32\msvcrt.dll
0x00007ffe9fd40000 - 0x00007ffe9fd72000 	C:\WINDOWS\System32\IMM32.DLL
0x00007ffe92200000 - 0x00007ffe9220c000 	C:\Program Files\Apache NetBeans\jdk\bin\vcruntime140_1.dll
0x00007ffe76b40000 - 0x00007ffe76bcd000 	C:\Program Files\Apache NetBeans\jdk\bin\msvcp140.dll
0x00007ffe28420000 - 0x00007ffe29346000 	C:\Program Files\Apache NetBeans\jdk\bin\server\jvm.dll
0x00007ffea0660000 - 0x00007ffea0716000 	C:\WINDOWS\System32\ADVAPI32.dll
0x00007ffea04b0000 - 0x00007ffea0557000 	C:\WINDOWS\System32\sechost.dll
0x00007ffe9f250000 - 0x00007ffe9f368000 	C:\WINDOWS\System32\RPCRT4.dll
0x00007ffea0940000 - 0x00007ffea09c0000 	C:\WINDOWS\System32\WS2_32.dll
0x00007ffe9d610000 - 0x00007ffe9d66e000 	C:\WINDOWS\SYSTEM32\POWRPROF.dll
0x00007ffe7a540000 - 0x00007ffe7a576000 	C:\WINDOWS\SYSTEM32\WINMM.dll
0x00007ffe8c650000 - 0x00007ffe8c65b000 	C:\WINDOWS\SYSTEM32\VERSION.dll
0x00007ffe9d5f0000 - 0x00007ffe9d604000 	C:\WINDOWS\SYSTEM32\UMPDC.dll
0x00007ffe9c540000 - 0x00007ffe9c55b000 	C:\WINDOWS\SYSTEM32\kernel.appcore.dll
0x00007ffe904d0000 - 0x00007ffe904da000 	C:\Program Files\Apache NetBeans\jdk\bin\jimage.dll
0x00007ffe9b6f0000 - 0x00007ffe9b932000 	C:\WINDOWS\SYSTEM32\DBGHELP.DLL
0x00007ffe9ffb0000 - 0x00007ffea0332000 	C:\WINDOWS\System32\combase.dll
0x00007ffe9f400000 - 0x00007ffe9f4d7000 	C:\WINDOWS\System32\OLEAUT32.dll
0x00007ffe8c3b0000 - 0x00007ffe8c3eb000 	C:\WINDOWS\SYSTEM32\dbgcore.DLL
0x00007ffe9d9c0000 - 0x00007ffe9da65000 	C:\WINDOWS\System32\bcryptPrimitives.dll
0x00007ffe8a200000 - 0x00007ffe8a21e000 	C:\Program Files\Apache NetBeans\jdk\bin\java.dll
0x00007ffea0790000 - 0x00007ffea0927000 	C:\WINDOWS\System32\ole32.dll
0x00007ffe9f570000 - 0x00007ffe9fcd6000 	C:\WINDOWS\System32\SHELL32.dll
0x00007ffe9da70000 - 0x00007ffe9dbda000 	C:\WINDOWS\System32\wintypes.dll
0x00007ffe9e260000 - 0x00007ffe9eac5000 	C:\WINDOWS\System32\windows.storage.dll
0x00007ffe9ef40000 - 0x00007ffe9f037000 	C:\WINDOWS\System32\SHCORE.dll
0x00007ffea0720000 - 0x00007ffea0786000 	C:\WINDOWS\System32\shlwapi.dll
0x00007ffe9d6d0000 - 0x00007ffe9d6f9000 	C:\WINDOWS\SYSTEM32\profapi.dll
0x00007ffe89600000 - 0x00007ffe89611000 	C:\Program Files\Apache NetBeans\jdk\bin\net.dll
0x00007ffe9cab0000 - 0x00007ffe9cb1c000 	C:\WINDOWS\system32\mswsock.dll
0x00007ffe895e0000 - 0x00007ffe895f6000 	C:\Program Files\Apache NetBeans\jdk\bin\nio.dll
0x00007ffe8a0b0000 - 0x00007ffe8a0c7000 	C:\Program Files\Apache NetBeans\jdk\bin\zip.dll
0x00007ffe77c10000 - 0x00007ffe77c34000 	C:\Program Files\Apache NetBeans\java\maven\lib\jansi-native\Windows\x86_64\jansi.dll
0x00007ffe895d0000 - 0x00007ffe895e0000 	C:\Program Files\Apache NetBeans\jdk\bin\verify.dll

JVMTI agents: none

dbghelp: loaded successfully - version: 4.0.5 - missing functions: none
symbol engine: initialized successfully - sym options: 0x614 - pdb path: .;C:\Program Files\Apache NetBeans\jdk\bin;C:\WINDOWS\SYSTEM32;C:\WINDOWS\WinSxS\amd64_microsoft.windows.common-controls_6595b64144ccf1df_6.0.26100.8115_none_3e075c82e3354f9c;C:\Program Files\Apache NetBeans\jdk\bin\server;C:\Program Files\Apache NetBeans\java\maven\lib\jansi-native\Windows\x86_64

VM Arguments:
jvm_args: --enable-native-access=ALL-UNNAMED -Dclassworlds.conf=C:\Program Files\Apache NetBeans\java\maven\bin\m2.conf -Dmaven.home=C:\Program Files\Apache NetBeans\java\maven -Dlibrary.jansi.path=C:\Program Files\Apache NetBeans\java\maven\lib\jansi-native -Dmaven.multiModuleProjectDirectory=C:\Users\ASUS\Documents\NetBeansProjects\Lubiproject1 
java_command: org.codehaus.plexus.classworlds.launcher.Launcher -Dmaven.ext.class.path=C:\Program Files\Apache NetBeans\java\maven-nblib\netbeans-eventspy.jar --no-transfer-progress install
java_class_path (initial): C:\Program Files\Apache NetBeans\java\maven\boot\plexus-classworlds-2.9.0.jar
Launcher Type: SUN_STANDARD

[Global flags]
     intx CICompilerCount                          = 2                                         {product} {ergonomic}
     uint ConcGCThreads                            = 1                                         {product} {ergonomic}
     uint G1ConcRefinementThreads                  = 2                                         {product} {ergonomic}
   size_t G1HeapRegionSize                         = 1048576                                   {product} {ergonomic}
   size_t InitialHeapSize                          = 65011712                                  {product} {ergonomic}
   size_t MarkStackSize                            = 4194304                                   {product} {ergonomic}
   size_t MarkStackSizeMax                         = 536870912                                 {product} {ergonomic}
   size_t MaxHeapSize                              = 1027604480                                {product} {ergonomic}
   size_t MaxNewSize                               = 616562688                                 {product} {ergonomic}
   size_t MinHeapDeltaBytes                        = 1048576                                   {product} {ergonomic}
   size_t MinHeapSize                              = 8388608                                   {product} {ergonomic}
    uintx NonNMethodCodeHeapSize                   = 5767168                                {pd product} {ergonomic}
    uintx NonProfiledCodeHeapSize                  = 123011072                              {pd product} {ergonomic}
    uintx ProfiledCodeHeapSize                     = 122880000                              {pd product} {ergonomic}
    uintx ReservedCodeCacheSize                    = 251658240                              {pd product} {ergonomic}
     bool SegmentedCodeCache                       = true                                      {product} {ergonomic}
   size_t SoftMaxHeapSize                          = 1027604480                             {manageable} {ergonomic}
     bool UseCompressedOops                        = true                           {product lp64_product} {ergonomic}
     bool UseG1GC                                  = true                                      {product} {ergonomic}
     bool UseLargePagesIndividualAllocation        = false                                  {pd product} {ergonomic}

Logging:
Log output configuration:
 #0: stdout all=warning uptime,level,tags foldmultilines=false
 #1: stderr all=off uptime,level,tags foldmultilines=false

Release file:
IMPLEMENTOR="Eclipse Adoptium" 
IMPLEMENTOR_VERSION="Temurin-25.0.2+10" 
JAVA_RUNTIME_VERSION="25.0.2+10-LTS" 
JAVA_VERSION="25.0.2" 
JAVA_VERSION_DATE="2026-01-20" 
LIBC="default" 
MODULES="java.base java.compiler java.datatransfer java.xml java.prefs java.desktop java.instrument java.logging java.management java.security.sasl java.naming java.rmi java.management.rmi java.net.http java.scripting java.security.jgss java.transaction.xa java.sql java.sql.rowset java.xml.crypto java.se java.smartcardio jdk.accessibility jdk.internal.jvmstat jdk.attach jdk.charsets jdk.internal.opt jdk.zipfs jdk.compiler jdk.crypto.cryptoki jdk.crypto.ec jdk.crypto.mscapi jdk.dynalink jdk.internal.ed jdk.editpad jdk.internal.vm.ci jdk.graal.compiler jdk.graal.compiler.management jdk.hotspot.agent jdk.httpserver jdk.incubator.vector jdk.internal.le jdk.internal.md jdk.jartool jdk.javadoc jdk.jcmd jdk.management jdk.management.agent jdk.jconsole jdk.jdeps jdk.jdwp.agent jdk.jdi jdk.jfr jdk.jlink jdk.jpackage jdk.jshell jdk.jsobject jdk.jstatd jdk.localedata jdk.management.jfr jdk.naming.dns jdk.naming.rmi jdk.net jdk.nio.mapmode jdk.sctp jdk.security.auth jdk.security.jgss jdk.unsupported jdk.unsupported.desktop jdk.xml.dom" 
OS_ARCH="x86_64" 
OS_NAME="Windows" 
SOURCE=".:git:9e3c947043a4" 
BUILD_SOURCE="git:458965074606f027bd5afce2cfd5c1055dea0438"
BUILD_SOURCE_REPO="https://github.com/adoptium/temurin-build.git"
SOURCE_REPO="https://github.com/adoptium/jdk25u.git"
FULL_VERSION="25.0.2+10-LTS"
SEMANTIC_VERSION="25.0.2+10"
BUILD_INFO="OS: Windows Server 2022 Version: 10.0"
JVM_VARIANT="Hotspot"
JVM_VERSION="25.0.2+10-LTS"
IMAGE_TYPE="JDK"

Environment Variables:
JAVA_HOME=C:\Program Files\Apache NetBeans\jdk
PATH=C:\WINDOWS\system32;C:\WINDOWS;C:\WINDOWS\System32\Wbem;C:\WINDOWS\System32\WindowsPowerShell\v1.0\;C:\WINDOWS\System32\OpenSSH\;C:\Program Files\Git\cmd;C:\Users\ASUS\AppData\Local\Microsoft\WindowsApps;;C:\Program Files\Apache NetBeans\bin\
USERNAME=ASUS
OS=Windows_NT
PROCESSOR_IDENTIFIER=Intel64 Family 6 Model 122 Stepping 1, GenuineIntel
TMP=C:\Users\ASUS\AppData\Local\Temp
TEMP=C:\Users\ASUS\AppData\Local\Temp




Compilation memory statistics disabled.

Periodic native trim disabled

---------------  S Y S T E M  ---------------

OS:
 Windows 11 , 64 bit Build 26100 (10.0.26100.8115)
OS uptime: 0 days 1:00 hours

CPU: total 2 (initial active 2) (2 cores per cpu, 1 threads per core) family 6 model 122 stepping 1 microcode 0x34, cx8, cmov, fxsr, mmx, 3dnowpref, sse, sse2, sse3, ssse3, sse4.1, sse4.2, popcnt, tsc, tscinvbit, aes, erms, clmul, sha, clflush, clflushopt, rdtscp, rdpid
Processor Information for the first 2 processors :
  Max Mhz: 1101, Current Mhz: 1101, Mhz Limit: 1101

Memory: 4k page, system-wide physical 3919M (305M free)
TotalPageFile size 15695M (AvailPageFile size 100M)
current process WorkingSet (physical memory assigned to process): 27M, peak: 53M
current process commit charge ("private bytes"): 150M, peak: 153M

vm_info: OpenJDK 64-Bit Server VM (25.0.2+10-LTS) for windows-amd64 JRE (25.0.2+10-LTS), built on 2026-01-20T00:00:00Z with MS VC++ 17.12 (VS2022)

END.
