#
# There is insufficient memory for the Java Runtime Environment to continue.
# Native memory allocation (malloc) failed to allocate 32752 bytes. Error detail: Chunk::new
# Possible reasons:
#   The system is out of physical RAM or swap space
#   This process is running with CompressedOops enabled, and the Java Heap may be blocking the growth of the native heap
# Possible solutions:
#   Reduce memory load on the system
#   Increase physical memory or swap space
#   Check if swap backing store is full
#   Decrease Java heap size (-Xmx/-Xms)
#   Decrease number of Java threads
#   Decrease Java thread stack sizes (-Xss)
#   Set larger code cache with -XX:ReservedCodeCacheSize=
#   JVM is running with Unscaled Compressed Oops mode in which the Java heap is
#     placed in the first 4GB address space. The Java Heap base address is the
#     maximum limit for the native heap growth. Please use -XX:HeapBaseMinAddress
#     to set the Java Heap base and to place the Java Heap above 4GB virtual address.
# This output file may be truncated or incomplete.
#
#  Out of Memory Error (arena.cpp:186), pid=2296, tid=15412
#
# JRE version: OpenJDK Runtime Environment Temurin-25.0.2+10 (25.0.2+10) (build 25.0.2+10-LTS)
# Java VM: OpenJDK 64-Bit Server VM Temurin-25.0.2+10 (25.0.2+10-LTS, mixed mode, sharing, tiered, compressed oops, compressed class ptrs, g1 gc, windows-amd64)
# No core dump will be written. Minidumps are not enabled by default on client versions of Windows
#

---------------  S U M M A R Y ------------

Command Line: --enable-native-access=ALL-UNNAMED -Dclassworlds.conf=C:\Program Files\Apache NetBeans\java\maven\bin\m2.conf -Dmaven.home=C:\Program Files\Apache NetBeans\java\maven -Dlibrary.jansi.path=C:\Program Files\Apache NetBeans\java\maven\lib\jansi-native -Dmaven.multiModuleProjectDirectory=C:\Users\ASUS\Documents\NetBeansProjects\Lubiproject1 org.codehaus.plexus.classworlds.launcher.Launcher -Dmaven.ext.class.path=C:\Program Files\Apache NetBeans\java\maven-nblib\netbeans-eventspy.jar --no-transfer-progress install

Host: Intel(R) Celeron(R) N4000 CPU @ 1.10GHz, 2 cores, 3G,  Windows 11 , 64 bit Build 26100 (10.0.26100.8115)
Time: Fri Apr  3 17:07:48 2026 SE Asia Standard Time elapsed time: 77.546790 seconds (0d 0h 1m 17s)

---------------  T H R E A D  ---------------

Current thread (0x000001814eb66620):  JavaThread "C1 CompilerThread0" daemon [_thread_in_native, id=15412, stack(0x00000014e3800000,0x00000014e3900000) (1024K)]


Current CompileTask:
C1:77547  451       3       jdk.internal.classfile.impl.StackMapGenerator::processBlock (2767 bytes)

Stack: [0x00000014e3800000,0x00000014e3900000]
Native frames: (J=compiled Java code, j=interpreted, Vv=VM code, C=native code)
V  [jvm.dll+0x7a8bc9]  (no source info available)
V  [jvm.dll+0x77310d]  (no source info available)
V  [jvm.dll+0x9f55f3]  (no source info available)
V  [jvm.dll+0x9f7be1]  (no source info available)
V  [jvm.dll+0x9f82f3]  (no source info available)
V  [jvm.dll+0x2fce26]  (no source info available)
V  [jvm.dll+0x111076]  (no source info available)
V  [jvm.dll+0x11139e]  (no source info available)
V  [jvm.dll+0x1cd5b2]  (no source info available)
V  [jvm.dll+0x1d0bb7]  (no source info available)
V  [jvm.dll+0x1d0700]  (no source info available)
V  [jvm.dll+0x1c81eb]  (no source info available)
V  [jvm.dll+0x1ca438]  (no source info available)
V  [jvm.dll+0x1c8a7a]  (no source info available)
V  [jvm.dll+0x1d1229]  (no source info available)
V  [jvm.dll+0x1d0700]  (no source info available)
V  [jvm.dll+0x1c81eb]  (no source info available)
V  [jvm.dll+0x1ca438]  (no source info available)
V  [jvm.dll+0x1c8a7a]  (no source info available)
V  [jvm.dll+0x1c21f7]  (no source info available)
V  [jvm.dll+0x1d2393]  (no source info available)
V  [jvm.dll+0x1bd8f1]  (no source info available)
V  [jvm.dll+0x1bdcf3]  (no source info available)
V  [jvm.dll+0x1be070]  (no source info available)
V  [jvm.dll+0x1bd3b1]  (no source info available)
V  [jvm.dll+0x1bf1fd]  (no source info available)
V  [jvm.dll+0x2cf4c6]  (no source info available)
V  [jvm.dll+0x2cd74a]  (no source info available)
V  [jvm.dll+0x48fbee]  (no source info available)
V  [jvm.dll+0x996b0d]  (no source info available)
V  [jvm.dll+0x7a71a5]  (no source info available)
C  [ucrtbase.dll+0x37b0]  (no source info available)
C  [KERNEL32.DLL+0x2e8d7]  (no source info available)
C  [ntdll.dll+0x8c3fc]  (no source info available)

Lock stack of current Java thread (top to bottom):


---------------  P R O C E S S  ---------------

Threads class SMR info:
_java_thread_list=0x000001814ef10f00, length=12, elements={
0x0000018131a5d600, 0x000001814eae2b10, 0x000001814eae3970, 0x000001814eaea1f0,
0x000001814eaeadb0, 0x000001814eaeb970, 0x000001814eaec530, 0x000001814eaed420,
0x000001814eb66620, 0x000001814ec23600, 0x000001814ec28220, 0x000001814efe6040
}

Java Threads: ( => current thread )
  0x0000018131a5d600 JavaThread "main"                              [_thread_blocked, id=18464, stack(0x00000014e2900000,0x00000014e2a00000) (1024K)]
  0x000001814eae2b10 JavaThread "Reference Handler"          daemon [_thread_blocked, id=19908, stack(0x00000014e3100000,0x00000014e3200000) (1024K)]
  0x000001814eae3970 JavaThread "Finalizer"                  daemon [_thread_blocked, id=19720, stack(0x00000014e3200000,0x00000014e3300000) (1024K)]
  0x000001814eaea1f0 JavaThread "Signal Dispatcher"          daemon [_thread_blocked, id=4636, stack(0x00000014e3300000,0x00000014e3400000) (1024K)]
  0x000001814eaeadb0 JavaThread "Attach Listener"            daemon [_thread_blocked, id=2448, stack(0x00000014e3400000,0x00000014e3500000) (1024K)]
  0x000001814eaeb970 JavaThread "Service Thread"             daemon [_thread_blocked, id=19680, stack(0x00000014e3500000,0x00000014e3600000) (1024K)]
  0x000001814eaec530 JavaThread "Monitor Deflation Thread"   daemon [_thread_blocked, id=20404, stack(0x00000014e3600000,0x00000014e3700000) (1024K)]
  0x000001814eaed420 JavaThread "C2 CompilerThread0"         daemon [_thread_blocked, id=21428, stack(0x00000014e3700000,0x00000014e3800000) (1024K)]
=>0x000001814eb66620 JavaThread "C1 CompilerThread0"         daemon [_thread_in_native, id=15412, stack(0x00000014e3800000,0x00000014e3900000) (1024K)]
  0x000001814ec23600 JavaThread "Notification Thread"        daemon [_thread_blocked, id=3936, stack(0x00000014e3900000,0x00000014e3a00000) (1024K)]
  0x000001814ec28220 JavaThread "Common-Cleaner"             daemon [_thread_blocked, id=17288, stack(0x00000014e3a00000,0x00000014e3b00000) (1024K)]
  0x000001814efe6040 JavaThread "cleanup"                    daemon [_thread_in_native, id=20528, stack(0x00000014e2700000,0x00000014e2800000) (1024K)]
Total: 12

Other Threads:
  0x000001814eacf740 VMThread "VM Thread"                           [id=19952, stack(0x00000014e3000000,0x00000014e3100000) (1024K)]
  0x0000018133e44ef0 WatcherThread "VM Periodic Task Thread"        [id=19948, stack(0x00000014e2f00000,0x00000014e3000000) (1024K)]
  0x0000018133dc55a0 WorkerThread "GC Thread#0"                     [id=20096, stack(0x00000014e2a00000,0x00000014e2b00000) (1024K)]
  0x0000018133dd1e30 ConcurrentGCThread "G1 Main Marker"            [id=21028, stack(0x00000014e2b00000,0x00000014e2c00000) (1024K)]
  0x0000018133dd29d0 WorkerThread "G1 Conc#0"                       [id=20012, stack(0x00000014e2c00000,0x00000014e2d00000) (1024K)]
  0x0000018133ded830 ConcurrentGCThread "G1 Refine#0"               [id=19552, stack(0x00000014e2d00000,0x00000014e2e00000) (1024K)]
  0x0000018133df02a0 ConcurrentGCThread "G1 Service"                [id=19436, stack(0x00000014e2e00000,0x00000014e2f00000) (1024K)]
Total: 7

Threads with active compile tasks:
C1 CompilerThread0  92548  451       3       jdk.internal.classfile.impl.StackMapGenerator::processBlock (2767 bytes)
Total: 1

VM state: not at safepoint (normal execution)

VM Mutex/Monitor currently owned by a thread: None

Heap address: 0x00000000c2c00000, size: 980 MB, Compressed Oops mode: 32-bit

CDS archive(s) mapped at: [0x000000003a000000-0x000000003add0000-0x000000003add0000), size 14483456, SharedBaseAddress: 0x000000003a000000, ArchiveRelocationMode: 1.
Compressed class space mapped at: 0x000000003b000000-0x000000007b000000, reserved size: 1073741824
UseCompressedClassPointers 1, UseCompactObjectHeaders 0
Narrow klass pointer bits 32, Max shift 3
Narrow klass base: 0x000000003a000000, Narrow klass shift: 0
Encoding Range: [0x000000003a000000 - 0x000000013a000000), (4294967296 bytes)
Klass Range:    [0x000000003a010000 - 0x000000007b000000), (1090453504 bytes)
Klass ID Range:  [65536 - 1090519033) (1090453497)
Protection zone: [0x000000003a000000 - 0x000000003a010000), (65536 bytes)

GC Precious Log:
 CardTable entry size: 512
 Card Set container configuration: InlinePtr #cards 5 size 8 Array Of Cards #cards 10 size 36 Howl #buckets 4 coarsen threshold 1843 Howl Bitmap #cards 512 size 80 coarsen threshold 460 Card regions per heap region 1 cards per card region 2048
 CPUs: 2 total, 2 available
 Memory: 3919M
 Large Page Support: Disabled
 NUMA Support: Disabled
 Compressed Oops: Enabled (32-bit)
 Heap Region Size: 1M
 Heap Min Capacity: 8M
 Heap Initial Capacity: 62M
 Heap Max Capacity: 980M
 Pre-touch: Disabled
 Parallel Workers: 2
 Concurrent Workers: 1
 Concurrent Refinement Workers: 2
 Periodic GC: Disabled

Heap:
 garbage-first heap   total reserved 1003520K, committed 65536K, used 5267K [0x00000000c2c00000, 0x0000000100000000)
  region size 1024K, 6 young (6144K), 0 survivors (0K)

Heap Regions: E=young(eden), S=young(survivor), O=old, HS=humongous(starts), HC=humongous(continues), CS=collection set, F=free, TAMS=top-at-mark-start, PB=parsable bottom
|   0|0x00000000c2c00000, 0x00000000c2c00000, 0x00000000c2d00000|  0%| F|  |TAMS 0x00000000c2c00000| PB 0x00000000c2c00000| Untracked |  0
|   1|0x00000000c2d00000, 0x00000000c2d00000, 0x00000000c2e00000|  0%| F|  |TAMS 0x00000000c2d00000| PB 0x00000000c2d00000| Untracked |  0
|   2|0x00000000c2e00000, 0x00000000c2e00000, 0x00000000c2f00000|  0%| F|  |TAMS 0x00000000c2e00000| PB 0x00000000c2e00000| Untracked |  0
|   3|0x00000000c2f00000, 0x00000000c2f00000, 0x00000000c3000000|  0%| F|  |TAMS 0x00000000c2f00000| PB 0x00000000c2f00000| Untracked |  0
|   4|0x00000000c3000000, 0x00000000c3000000, 0x00000000c3100000|  0%| F|  |TAMS 0x00000000c3000000| PB 0x00000000c3000000| Untracked |  0
|   5|0x00000000c3100000, 0x00000000c3100000, 0x00000000c3200000|  0%| F|  |TAMS 0x00000000c3100000| PB 0x00000000c3100000| Untracked |  0
|   6|0x00000000c3200000, 0x00000000c3200000, 0x00000000c3300000|  0%| F|  |TAMS 0x00000000c3200000| PB 0x00000000c3200000| Untracked |  0
|   7|0x00000000c3300000, 0x00000000c3300000, 0x00000000c3400000|  0%| F|  |TAMS 0x00000000c3300000| PB 0x00000000c3300000| Untracked |  0
|   8|0x00000000c3400000, 0x00000000c3400000, 0x00000000c3500000|  0%| F|  |TAMS 0x00000000c3400000| PB 0x00000000c3400000| Untracked |  0
|   9|0x00000000c3500000, 0x00000000c3500000, 0x00000000c3600000|  0%| F|  |TAMS 0x00000000c3500000| PB 0x00000000c3500000| Untracked |  0
|  10|0x00000000c3600000, 0x00000000c3600000, 0x00000000c3700000|  0%| F|  |TAMS 0x00000000c3600000| PB 0x00000000c3600000| Untracked |  0
|  11|0x00000000c3700000, 0x00000000c3700000, 0x00000000c3800000|  0%| F|  |TAMS 0x00000000c3700000| PB 0x00000000c3700000| Untracked |  0
|  12|0x00000000c3800000, 0x00000000c3800000, 0x00000000c3900000|  0%| F|  |TAMS 0x00000000c3800000| PB 0x00000000c3800000| Untracked |  0
|  13|0x00000000c3900000, 0x00000000c3900000, 0x00000000c3a00000|  0%| F|  |TAMS 0x00000000c3900000| PB 0x00000000c3900000| Untracked |  0
|  14|0x00000000c3a00000, 0x00000000c3a00000, 0x00000000c3b00000|  0%| F|  |TAMS 0x00000000c3a00000| PB 0x00000000c3a00000| Untracked |  0
|  15|0x00000000c3b00000, 0x00000000c3b00000, 0x00000000c3c00000|  0%| F|  |TAMS 0x00000000c3b00000| PB 0x00000000c3b00000| Untracked |  0
|  16|0x00000000c3c00000, 0x00000000c3c00000, 0x00000000c3d00000|  0%| F|  |TAMS 0x00000000c3c00000| PB 0x00000000c3c00000| Untracked |  0
|  17|0x00000000c3d00000, 0x00000000c3d00000, 0x00000000c3e00000|  0%| F|  |TAMS 0x00000000c3d00000| PB 0x00000000c3d00000| Untracked |  0
|  18|0x00000000c3e00000, 0x00000000c3e00000, 0x00000000c3f00000|  0%| F|  |TAMS 0x00000000c3e00000| PB 0x00000000c3e00000| Untracked |  0
|  19|0x00000000c3f00000, 0x00000000c3f00000, 0x00000000c4000000|  0%| F|  |TAMS 0x00000000c3f00000| PB 0x00000000c3f00000| Untracked |  0
|  20|0x00000000c4000000, 0x00000000c4000000, 0x00000000c4100000|  0%| F|  |TAMS 0x00000000c4000000| PB 0x00000000c4000000| Untracked |  0
|  21|0x00000000c4100000, 0x00000000c4100000, 0x00000000c4200000|  0%| F|  |TAMS 0x00000000c4100000| PB 0x00000000c4100000| Untracked |  0
|  22|0x00000000c4200000, 0x00000000c4200000, 0x00000000c4300000|  0%| F|  |TAMS 0x00000000c4200000| PB 0x00000000c4200000| Untracked |  0
|  23|0x00000000c4300000, 0x00000000c4300000, 0x00000000c4400000|  0%| F|  |TAMS 0x00000000c4300000| PB 0x00000000c4300000| Untracked |  0
|  24|0x00000000c4400000, 0x00000000c4400000, 0x00000000c4500000|  0%| F|  |TAMS 0x00000000c4400000| PB 0x00000000c4400000| Untracked |  0
|  25|0x00000000c4500000, 0x00000000c4500000, 0x00000000c4600000|  0%| F|  |TAMS 0x00000000c4500000| PB 0x00000000c4500000| Untracked |  0
|  26|0x00000000c4600000, 0x00000000c4600000, 0x00000000c4700000|  0%| F|  |TAMS 0x00000000c4600000| PB 0x00000000c4600000| Untracked |  0
|  27|0x00000000c4700000, 0x00000000c4700000, 0x00000000c4800000|  0%| F|  |TAMS 0x00000000c4700000| PB 0x00000000c4700000| Untracked |  0
|  28|0x00000000c4800000, 0x00000000c4800000, 0x00000000c4900000|  0%| F|  |TAMS 0x00000000c4800000| PB 0x00000000c4800000| Untracked |  0
|  29|0x00000000c4900000, 0x00000000c4900000, 0x00000000c4a00000|  0%| F|  |TAMS 0x00000000c4900000| PB 0x00000000c4900000| Untracked |  0
|  30|0x00000000c4a00000, 0x00000000c4a00000, 0x00000000c4b00000|  0%| F|  |TAMS 0x00000000c4a00000| PB 0x00000000c4a00000| Untracked |  0
|  31|0x00000000c4b00000, 0x00000000c4b00000, 0x00000000c4c00000|  0%| F|  |TAMS 0x00000000c4b00000| PB 0x00000000c4b00000| Untracked |  0
|  32|0x00000000c4c00000, 0x00000000c4c00000, 0x00000000c4d00000|  0%| F|  |TAMS 0x00000000c4c00000| PB 0x00000000c4c00000| Untracked |  0
|  33|0x00000000c4d00000, 0x00000000c4d00000, 0x00000000c4e00000|  0%| F|  |TAMS 0x00000000c4d00000| PB 0x00000000c4d00000| Untracked |  0
|  34|0x00000000c4e00000, 0x00000000c4e00000, 0x00000000c4f00000|  0%| F|  |TAMS 0x00000000c4e00000| PB 0x00000000c4e00000| Untracked |  0
|  35|0x00000000c4f00000, 0x00000000c4f00000, 0x00000000c5000000|  0%| F|  |TAMS 0x00000000c4f00000| PB 0x00000000c4f00000| Untracked |  0
|  36|0x00000000c5000000, 0x00000000c5000000, 0x00000000c5100000|  0%| F|  |TAMS 0x00000000c5000000| PB 0x00000000c5000000| Untracked |  0
|  37|0x00000000c5100000, 0x00000000c5100000, 0x00000000c5200000|  0%| F|  |TAMS 0x00000000c5100000| PB 0x00000000c5100000| Untracked |  0
|  38|0x00000000c5200000, 0x00000000c5200000, 0x00000000c5300000|  0%| F|  |TAMS 0x00000000c5200000| PB 0x00000000c5200000| Untracked |  0
|  39|0x00000000c5300000, 0x00000000c5300000, 0x00000000c5400000|  0%| F|  |TAMS 0x00000000c5300000| PB 0x00000000c5300000| Untracked |  0
|  40|0x00000000c5400000, 0x00000000c5400000, 0x00000000c5500000|  0%| F|  |TAMS 0x00000000c5400000| PB 0x00000000c5400000| Untracked |  0
|  41|0x00000000c5500000, 0x00000000c5500000, 0x00000000c5600000|  0%| F|  |TAMS 0x00000000c5500000| PB 0x00000000c5500000| Untracked |  0
|  42|0x00000000c5600000, 0x00000000c5600000, 0x00000000c5700000|  0%| F|  |TAMS 0x00000000c5600000| PB 0x00000000c5600000| Untracked |  0
|  43|0x00000000c5700000, 0x00000000c5700000, 0x00000000c5800000|  0%| F|  |TAMS 0x00000000c5700000| PB 0x00000000c5700000| Untracked |  0
|  44|0x00000000c5800000, 0x00000000c5800000, 0x00000000c5900000|  0%| F|  |TAMS 0x00000000c5800000| PB 0x00000000c5800000| Untracked |  0
|  45|0x00000000c5900000, 0x00000000c5900000, 0x00000000c5a00000|  0%| F|  |TAMS 0x00000000c5900000| PB 0x00000000c5900000| Untracked |  0
|  46|0x00000000c5a00000, 0x00000000c5a00000, 0x00000000c5b00000|  0%| F|  |TAMS 0x00000000c5a00000| PB 0x00000000c5a00000| Untracked |  0
|  47|0x00000000c5b00000, 0x00000000c5b00000, 0x00000000c5c00000|  0%| F|  |TAMS 0x00000000c5b00000| PB 0x00000000c5b00000| Untracked |  0
|  48|0x00000000c5c00000, 0x00000000c5c00000, 0x00000000c5d00000|  0%| F|  |TAMS 0x00000000c5c00000| PB 0x00000000c5c00000| Untracked |  0
|  49|0x00000000c5d00000, 0x00000000c5d00000, 0x00000000c5e00000|  0%| F|  |TAMS 0x00000000c5d00000| PB 0x00000000c5d00000| Untracked |  0
|  50|0x00000000c5e00000, 0x00000000c5e00000, 0x00000000c5f00000|  0%| F|  |TAMS 0x00000000c5e00000| PB 0x00000000c5e00000| Untracked |  0
|  51|0x00000000c5f00000, 0x00000000c5f00000, 0x00000000c6000000|  0%| F|  |TAMS 0x00000000c5f00000| PB 0x00000000c5f00000| Untracked |  0
|  52|0x00000000c6000000, 0x00000000c6000000, 0x00000000c6100000|  0%| F|  |TAMS 0x00000000c6000000| PB 0x00000000c6000000| Untracked |  0
|  53|0x00000000c6100000, 0x00000000c6100000, 0x00000000c6200000|  0%| F|  |TAMS 0x00000000c6100000| PB 0x00000000c6100000| Untracked |  0
|  54|0x00000000c6200000, 0x00000000c6200000, 0x00000000c6300000|  0%| F|  |TAMS 0x00000000c6200000| PB 0x00000000c6200000| Untracked |  0
|  55|0x00000000c6300000, 0x00000000c6300000, 0x00000000c6400000|  0%| F|  |TAMS 0x00000000c6300000| PB 0x00000000c6300000| Untracked |  0
|  56|0x00000000c6400000, 0x00000000c64db1e0, 0x00000000c6500000| 85%| E|  |TAMS 0x00000000c6400000| PB 0x00000000c6400000| Complete |  0
|  57|0x00000000c6500000, 0x00000000c6600000, 0x00000000c6600000|100%| E|CS|TAMS 0x00000000c6500000| PB 0x00000000c6500000| Complete |  0
|  58|0x00000000c6600000, 0x00000000c6700000, 0x00000000c6700000|100%| E|CS|TAMS 0x00000000c6600000| PB 0x00000000c6600000| Complete |  0
|  59|0x00000000c6700000, 0x00000000c6800000, 0x00000000c6800000|100%| E|CS|TAMS 0x00000000c6700000| PB 0x00000000c6700000| Complete |  0
|  60|0x00000000c6800000, 0x00000000c6900000, 0x00000000c6900000|100%| E|  |TAMS 0x00000000c6800000| PB 0x00000000c6800000| Complete |  0
|  61|0x00000000c6900000, 0x00000000c6a00000, 0x00000000c6a00000|100%| E|CS|TAMS 0x00000000c6900000| PB 0x00000000c6900000| Complete |  0
| 978|0x00000000ffe00000, 0x00000000fff00000, 0x00000000fff00000|100%| O|  |TAMS 0x00000000ffe00000| PB 0x00000000ffe00000| Untracked |  0
| 979|0x00000000fff00000, 0x00000000fff24ea8, 0x0000000100000000| 14%| O|  |TAMS 0x00000000fff00000| PB 0x00000000fff00000| Untracked |  0

Card table byte_map: [0x0000018133b40000,0x0000018133d30000] _byte_map_base: 0x000001813352a000

Marking Bits: (CMBitMap*) 0x0000018133dc5d30
 Bits: [0x000001814b880000, 0x000001814c7d0000)

Polling page: 0x0000018131d20000

Metaspace:
Metaspace        used 1416K, committed 1600K, reserved 1114112K
 class space     used 125K, committed 192K, reserved 1048576K

Usage:
  Non-class:      1.26 MB used.
      Class:    125.25 KB used.
       Both:      1.38 MB used.

Virtual space:
  Non-class space:       64.00 MB reserved,       1.38 MB (  2%) committed,  1 nodes.
      Class space:        1.00 GB reserved,     192.00 KB ( <1%) committed,  1 nodes.
             Both:        1.06 GB reserved,       1.56 MB ( <1%) committed. 

Chunk freelists:
   Non-Class:  11.42 MB
       Class:  15.67 MB
        Both:  27.09 MB

MaxMetaspaceSize: unlimited
CompressedClassSpaceSize: 1.00 GB
Initial GC threshold: 21.00 MB
Current GC threshold: 21.00 MB
CDS: on
 - commit_granule_bytes: 65536.
 - commit_granule_words: 8192.
 - virtual_space_node_default_size: 8388608.
 - enlarge_chunks_in_place: 1.
UseCompressedClassPointers 1, UseCompactObjectHeaders 0
Narrow klass pointer bits 32, Max shift 3
Narrow klass base: 0x000000003a000000, Narrow klass shift: 0
Encoding Range: [0x000000003a000000 - 0x000000013a000000), (4294967296 bytes)
Klass Range:    [0x000000003a010000 - 0x000000007b000000), (1090453504 bytes)
Klass ID Range:  [65536 - 1090519033) (1090453497)
Protection zone: [0x000000003a000000 - 0x000000003a010000), (65536 bytes)


Internal statistics:

num_allocs_failed_limit: 0.
num_arena_births: 34.
num_arena_deaths: 0.
num_vsnodes_births: 2.
num_vsnodes_deaths: 0.
num_space_committed: 25.
num_space_uncommitted: 0.
num_chunks_returned_to_freelist: 0.
num_chunks_taken_from_freelist: 71.
num_chunk_merges: 0.
num_chunk_splits: 45.
num_chunks_enlarged: 34.
num_inconsistent_stats: 0.

CodeHeap 'non-profiled nmethods': size=120128Kb used=149Kb max_used=149Kb free=119978Kb
 bounds [0x0000018144330000, 0x00000181445a0000, 0x000001814b880000]
CodeHeap 'profiled nmethods': size=120000Kb used=422Kb max_used=422Kb free=119578Kb
 bounds [0x000001813c880000, 0x000001813caf0000, 0x0000018143db0000]
CodeHeap 'non-nmethods': size=5632Kb used=1274Kb max_used=1288Kb free=4357Kb
 bounds [0x0000018143db0000, 0x0000018144020000, 0x0000018144330000]
CodeCache: size=245760Kb, used=1845Kb, max_used=1859Kb, free=243913Kb
 total_blobs=863, nmethods=460, adapters=308, full_count=0
Compilation: enabled, stopped_count=0, restarted_count=0

Compilation events (20 events):
Event: 71.776 Thread 0x000001814eb66620 nmethod 437 0x000001813c8e7788 code [0x000001813c8e7880, 0x000001813c8e8430]
Event: 72.109 Thread 0x000001814eb66620  440       1       jdk.internal.loader.URLClassPath$Loader::getBaseURL (5 bytes)
Event: 72.109 Thread 0x000001814eb66620 nmethod 440 0x0000018144351788 code [0x0000018144351880, 0x0000018144351948]
Event: 72.979 Thread 0x000001814eb66620  442       3       jdk.internal.classfile.impl.SplitConstantPool::utf8Entry (45 bytes)
Event: 72.980 Thread 0x000001814eb66620 nmethod 442 0x000001813c8e8488 code [0x000001813c8e8580, 0x000001813c8e8cb0]
Event: 72.985 Thread 0x000001814eb66620  443       1       jdk.internal.constant.ClassOrInterfaceDescImpl::isClassOrInterface (2 bytes)
Event: 72.985 Thread 0x000001814eb66620 nmethod 443 0x0000018144351d88 code [0x0000018144351e80, 0x0000018144351f48]
Event: 72.990 Thread 0x000001814eb66620  444       3       jdk.internal.misc.Unsafe::makeShort (26 bytes)
Event: 72.991 Thread 0x000001814eb66620 nmethod 444 0x000001813c8e8d08 code [0x000001813c8e8e00, 0x000001813c8e9098]
Event: 72.999 Thread 0x000001814eb66620  445       3       jdk.internal.classfile.impl.AbstractPoolEntry::hash2 (15 bytes)
Event: 73.000 Thread 0x000001814eb66620 nmethod 445 0x000001813c8e9108 code [0x000001813c8e9200, 0x000001813c8e9308]
Event: 73.012 Thread 0x000001814eb66620  446       1       jdk.internal.classfile.impl.AbstractPoolEntry$ClassEntryImpl::tag (3 bytes)
Event: 73.012 Thread 0x000001814eb66620 nmethod 446 0x0000018144352088 code [0x0000018144352180, 0x0000018144352248]
Event: 74.981 Thread 0x000001814eb66620  447       1       java.lang.Class::getModule (5 bytes)
Event: 74.983 Thread 0x000001814eb66620 nmethod 447 0x0000018144352388 code [0x0000018144352480, 0x0000018144352548]
Event: 74.988 Thread 0x000001814eb66620  449       1       jdk.internal.classfile.impl.AbstractPoolEntry::hashCode (5 bytes)
Event: 74.988 Thread 0x000001814eb66620 nmethod 449 0x0000018144352988 code [0x0000018144352a80, 0x0000018144352b48]
Event: 74.995 Thread 0x000001814eb66620  450       3       jdk.internal.classfile.impl.BufWriterImpl::writeU2 (38 bytes)
Event: 74.996 Thread 0x000001814eb66620 nmethod 450 0x000001813c8e9408 code [0x000001813c8e9500, 0x000001813c8e97d0]
Event: 74.998 Thread 0x000001814eb66620  451       3       jdk.internal.classfile.impl.StackMapGenerator::processBlock (2767 bytes)

GC Heap Usage History (0 events):
No events

Metaspace Usage History (0 events):
No events

Dll operation events (6 events):
Event: 0.040 Loaded shared library C:\Program Files\Apache NetBeans\jdk\bin\java.dll
Event: 8.929 Loaded shared library C:\Program Files\Apache NetBeans\jdk\bin\net.dll
Event: 8.934 Loaded shared library C:\Program Files\Apache NetBeans\jdk\bin\nio.dll
Event: 9.870 Loaded shared library C:\Program Files\Apache NetBeans\jdk\bin\zip.dll
Event: 67.060 Loaded shared library C:\Program Files\Apache NetBeans\java\maven\lib\jansi-native\Windows\x86_64\jansi.dll
Event: 69.345 Loaded shared library C:\Program Files\Apache NetBeans\jdk\bin\verify.dll

Deoptimization events (12 events):
Event: 36.241 Thread 0x0000018131a5d600 DEOPT PACKING pc=0x000001813c88e0f8 sp=0x00000014e29fe980
Event: 36.241 Thread 0x0000018131a5d600 DEOPT UNPACKING pc=0x0000018143e01063 sp=0x00000014e29fde08 mode 0
Event: 37.663 Thread 0x0000018131a5d600 DEOPT PACKING pc=0x000001813c88e0f8 sp=0x00000014e29fe6b0
Event: 37.663 Thread 0x0000018131a5d600 DEOPT UNPACKING pc=0x0000018143e01063 sp=0x00000014e29fdb20 mode 0
Event: 47.836 Thread 0x0000018131a5d600 DEOPT PACKING pc=0x000001813c8a7358 sp=0x00000014e29fa960
Event: 47.836 Thread 0x0000018131a5d600 DEOPT UNPACKING pc=0x0000018143e01063 sp=0x00000014e29f9df0 mode 0
Event: 47.836 Thread 0x0000018131a5d600 Uncommon trap: trap_request=0xffffff45 fr.pc=0x000001814433e4b4 relative=0x0000000000000134
Event: 47.836 Thread 0x0000018131a5d600 Uncommon trap: reason=unstable_if action=reinterpret pc=0x000001814433e4b4 method=java.lang.StringCoding.countPositives([BII)I @ 17 c2
Event: 47.837 Thread 0x0000018131a5d600 DEOPT PACKING pc=0x000001814433e4b4 sp=0x00000014e29fa760
Event: 47.837 Thread 0x0000018131a5d600 DEOPT UNPACKING pc=0x0000018143e3857c sp=0x00000014e29fa6e8 mode 2
Event: 60.062 Thread 0x0000018131a5d600 DEOPT PACKING pc=0x000001813c8a7358 sp=0x00000014e29fd340
Event: 60.062 Thread 0x0000018131a5d600 DEOPT UNPACKING pc=0x0000018143e01063 sp=0x00000014e29fc7d0 mode 0

Classes loaded (20 events):
Event: 65.016 Loading class java/lang/AssertionError
Event: 65.016 Loading class java/lang/AssertionError done
Event: 65.691 Loading class java/util/LinkedList
Event: 65.691 Loading class java/util/AbstractSequentialList
Event: 65.692 Loading class java/util/AbstractSequentialList done
Event: 65.692 Loading class java/util/LinkedList done
Event: 67.255 Loading class jdk/internal/loader/NativeLibraries$Unloader
Event: 67.255 Loading class jdk/internal/loader/NativeLibraries$Unloader done
Event: 68.649 Loading class java/lang/Thread$ThreadNumbering
Event: 68.649 Loading class java/lang/Thread$ThreadNumbering done
Event: 69.160 Loading class sun/nio/fs/WindowsPath$1
Event: 69.161 Loading class sun/nio/fs/WindowsPath$1 done
Event: 70.389 Loading class java/lang/CloneNotSupportedException
Event: 70.389 Loading class java/lang/CloneNotSupportedException done
Event: 70.389 Loading class java/lang/UnsupportedOperationException
Event: 70.389 Loading class java/lang/UnsupportedOperationException done
Event: 72.977 Loading class java/util/LinkedHashMap$LinkedValues
Event: 72.978 Loading class java/util/LinkedHashMap$LinkedValues done
Event: 73.016 Loading class java/util/LinkedHashMap$LinkedValueIterator
Event: 73.017 Loading class java/util/LinkedHashMap$LinkedValueIterator done

Classes unloaded (0 events):
No events

Classes redefined (0 events):
No events

Internal exceptions (19 events):
Event: 57.999 Thread 0x0000018131a5d600 Exception <a 'java/lang/NoSuchMethodError'{0x00000000c66c7370}: 'java.lang.Object java.lang.invoke.Invokers$Holder.invokeExact_MT(java.lang.Object, java.lang.Object, java.lang.Object, java.lang.Object, java.lang.Object)'> (0x00000000c66c7370) 
thrown [s\src\hotspot\share\interpreter\linkResolver.cpp, line 804]
Event: 60.718 Thread 0x0000018131a5d600 Exception <a 'java/lang/NoSuchMethodError'{0x00000000c66f2ec8}: 'java.lang.Object java.lang.invoke.DirectMethodHandle$Holder.invokeStaticInit(java.lang.Object)'> (0x00000000c66f2ec8) 
thrown [s\src\hotspot\share\interpreter\linkResolver.cpp, line 804]
Event: 64.573 Thread 0x0000018131a5d600 Exception <a 'java/lang/NullPointerException'{0x00000000c6524f20}> (0x00000000c6524f20) 
thrown [s\src\hotspot\share\interpreter\linkResolver.cpp, line 1416]
Event: 67.629 Thread 0x0000018131a5d600 Exception <a 'java/lang/NullPointerException'{0x00000000c6543a50}> (0x00000000c6543a50) 
thrown [s\src\hotspot\share\interpreter\linkResolver.cpp, line 1416]
Event: 67.629 Thread 0x0000018131a5d600 Exception <a 'java/lang/NullPointerException'{0x00000000c6543d30}> (0x00000000c6543d30) 
thrown [s\src\hotspot\share\interpreter\linkResolver.cpp, line 1416]
Event: 67.629 Thread 0x0000018131a5d600 Exception <a 'java/lang/NullPointerException'{0x00000000c6544010}> (0x00000000c6544010) 
thrown [s\src\hotspot\share\interpreter\linkResolver.cpp, line 1416]
Event: 67.846 Thread 0x0000018131a5d600 Exception <a 'java/lang/NullPointerException'{0x00000000c6548e08}> (0x00000000c6548e08) 
thrown [s\src\hotspot\share\interpreter\linkResolver.cpp, line 1416]
Event: 68.649 Thread 0x0000018131a5d600 Exception <a 'java/lang/NullPointerException'{0x00000000c655a718}> (0x00000000c655a718) 
thrown [s\src\hotspot\share\interpreter\linkResolver.cpp, line 1416]
Event: 68.649 Thread 0x0000018131a5d600 Exception <a 'java/lang/NullPointerException'{0x00000000c655a9f8}> (0x00000000c655a9f8) 
thrown [s\src\hotspot\share\interpreter\linkResolver.cpp, line 1416]
Event: 68.649 Thread 0x0000018131a5d600 Exception <a 'java/lang/NullPointerException'{0x00000000c655acd8}> (0x00000000c655acd8) 
thrown [s\src\hotspot\share\interpreter\linkResolver.cpp, line 1416]
Event: 68.649 Thread 0x0000018131a5d600 Exception <a 'java/lang/NullPointerException'{0x00000000c655afb8}> (0x00000000c655afb8) 
thrown [s\src\hotspot\share\interpreter\linkResolver.cpp, line 1416]
Event: 69.161 Thread 0x0000018131a5d600 Exception <a 'sun/nio/fs/WindowsException'{0x00000000c657c550}> (0x00000000c657c550) 
thrown [s\src\hotspot\share\prims\jni.cpp, line 516]
Event: 69.162 Thread 0x0000018131a5d600 Exception <a 'sun/nio/fs/WindowsException'{0x00000000c657cb80}> (0x00000000c657cb80) 
thrown [s\src\hotspot\share\prims\jni.cpp, line 516]
Event: 69.162 Thread 0x0000018131a5d600 Exception <a 'sun/nio/fs/WindowsException'{0x00000000c657d0e0}> (0x00000000c657d0e0) 
thrown [s\src\hotspot\share\prims\jni.cpp, line 516]
Event: 69.162 Thread 0x0000018131a5d600 Exception <a 'sun/nio/fs/WindowsException'{0x00000000c657d620}> (0x00000000c657d620) 
thrown [s\src\hotspot\share\prims\jni.cpp, line 516]
Event: 69.162 Thread 0x0000018131a5d600 Exception <a 'sun/nio/fs/WindowsException'{0x00000000c657db10}> (0x00000000c657db10) 
thrown [s\src\hotspot\share\prims\jni.cpp, line 516]
Event: 69.162 Thread 0x0000018131a5d600 Exception <a 'sun/nio/fs/WindowsException'{0x00000000c657dfb8}> (0x00000000c657dfb8) 
thrown [s\src\hotspot\share\prims\jni.cpp, line 516]
Event: 72.979 Thread 0x0000018131a5d600 Exception <a 'java/lang/NoSuchMethodError'{0x00000000c65b7610}: 'void java.lang.invoke.DirectMethodHandle$Holder.invokeVirtual(java.lang.Object, java.lang.Object)'> (0x00000000c65b7610) 
thrown [s\src\hotspot\share\interpreter\linkResolver.cpp, line 804]
Event: 74.988 Thread 0x0000018131a5d600 Exception <a 'java/lang/NoSuchMethodError'{0x00000000c65d8908}: 'void java.lang.invoke.DirectMethodHandle$Holder.invokeStatic(java.lang.Object, java.lang.Object)'> (0x00000000c65d8908) 
thrown [s\src\hotspot\share\interpreter\linkResolver.cpp, line 804]

VM Operations (4 events):
Event: 10.004 Executing non-safepoint VM operation: HandshakeAllThreads (Deoptimize)
Event: 10.004 Executing non-safepoint VM operation: HandshakeAllThreads (Deoptimize) done
Event: 63.769 Executing non-safepoint VM operation: HandshakeAllThreads (Deoptimize)
Event: 63.769 Executing non-safepoint VM operation: HandshakeAllThreads (Deoptimize) done

Memory protections (0 events):
No events

Nmethod flushes (0 events):
No events

Events (12 events):
Event: 1.205 Thread 0x0000018131a5d600 Thread added: 0x0000018131a5d600
Event: 4.454 Thread 0x0000018131a5d600 Thread added: 0x000001814eae2b10
Event: 4.454 Thread 0x0000018131a5d600 Thread added: 0x000001814eae3970
Event: 4.456 Thread 0x0000018131a5d600 Thread added: 0x000001814eaea1f0
Event: 4.456 Thread 0x0000018131a5d600 Thread added: 0x000001814eaeadb0
Event: 4.456 Thread 0x0000018131a5d600 Thread added: 0x000001814eaeb970
Event: 4.456 Thread 0x0000018131a5d600 Thread added: 0x000001814eaec530
Event: 4.456 Thread 0x0000018131a5d600 Thread added: 0x000001814eaed420
Event: 4.634 Thread 0x0000018131a5d600 Thread added: 0x000001814eb66620
Event: 8.919 Thread 0x0000018131a5d600 Thread added: 0x000001814ec23600
Event: 8.923 Thread 0x0000018131a5d600 Thread added: 0x000001814ec28220
Event: 65.691 Thread 0x0000018131a5d600 Thread added: 0x000001814efe6040


Dynamic libraries:
0x00007ff62b400000 - 0x00007ff62b40e000 	C:\Program Files\Apache NetBeans\jdk\bin\java.exe
0x00007ffea0ee0000 - 0x00007ffea1147000 	C:\WINDOWS\SYSTEM32\ntdll.dll
0x00007ffe9fee0000 - 0x00007ffe9ffa9000 	C:\WINDOWS\System32\KERNEL32.DLL
0x00007ffe9dbe0000 - 0x00007ffe9dfd4000 	C:\WINDOWS\System32\KERNELBASE.dll
0x00007ffe9e110000 - 0x00007ffe9e25b000 	C:\WINDOWS\System32\ucrtbase.dll
0x00007ffe8a0d0000 - 0x00007ffe8a0e6000 	C:\Program Files\Apache NetBeans\jdk\bin\jli.dll
0x00007ffe9ed70000 - 0x00007ffe9ef35000 	C:\WINDOWS\System32\USER32.dll
0x00007ffe9eb90000 - 0x00007ffe9ebb7000 	C:\WINDOWS\System32\win32u.dll
0x00007ffea09d0000 - 0x00007ffea09fb000 	C:\WINDOWS\System32\GDI32.dll
0x00007ffe9dfe0000 - 0x00007ffe9e10a000 	C:\WINDOWS\System32\gdi32full.dll
0x00007ffe9ebc0000 - 0x00007ffe9ec63000 	C:\WINDOWS\System32\msvcp_win.dll
0x00007ffe8b780000 - 0x00007ffe8b79e000 	C:\Program Files\Apache NetBeans\jdk\bin\VCRUNTIME140.dll
0x00007ffe8ba70000 - 0x00007ffe8bd03000 	C:\WINDOWS\WinSxS\amd64_microsoft.windows.common-controls_6595b64144ccf1df_6.0.26100.8115_none_3e075c82e3354f9c\COMCTL32.dll
0x00007ffea0400000 - 0x00007ffea04a9000 	C:\WINDOWS\System32\msvcrt.dll
0x00007ffe9fd40000 - 0x00007ffe9fd72000 	C:\WINDOWS\System32\IMM32.DLL
0x00007ffe92200000 - 0x00007ffe9220c000 	C:\Program Files\Apache NetBeans\jdk\bin\vcruntime140_1.dll
0x00007ffe76b40000 - 0x00007ffe76bcd000 	C:\Program Files\Apache NetBeans\jdk\bin\msvcp140.dll
0x00007ffe28420000 - 0x00007ffe29346000 	C:\Program Files\Apache NetBeans\jdk\bin\server\jvm.dll
0x00007ffea0660000 - 0x00007ffea0716000 	C:\WINDOWS\System32\ADVAPI32.dll
0x00007ffea04b0000 - 0x00007ffea0557000 	C:\WINDOWS\System32\sechost.dll
0x00007ffe9f250000 - 0x00007ffe9f368000 	C:\WINDOWS\System32\RPCRT4.dll
0x00007ffea0940000 - 0x00007ffea09c0000 	C:\WINDOWS\System32\WS2_32.dll
0x00007ffe9d610000 - 0x00007ffe9d66e000 	C:\WINDOWS\SYSTEM32\POWRPROF.dll
0x00007ffe7a540000 - 0x00007ffe7a576000 	C:\WINDOWS\SYSTEM32\WINMM.dll
0x00007ffe8c650000 - 0x00007ffe8c65b000 	C:\WINDOWS\SYSTEM32\VERSION.dll
0x00007ffe9d5f0000 - 0x00007ffe9d604000 	C:\WINDOWS\SYSTEM32\UMPDC.dll
0x00007ffe9c540000 - 0x00007ffe9c55b000 	C:\WINDOWS\SYSTEM32\kernel.appcore.dll
0x00007ffe904d0000 - 0x00007ffe904da000 	C:\Program Files\Apache NetBeans\jdk\bin\jimage.dll
0x00007ffe9b6f0000 - 0x00007ffe9b932000 	C:\WINDOWS\SYSTEM32\DBGHELP.DLL
0x00007ffe9ffb0000 - 0x00007ffea0332000 	C:\WINDOWS\System32\combase.dll
0x00007ffe9f400000 - 0x00007ffe9f4d7000 	C:\WINDOWS\System32\OLEAUT32.dll
0x00007ffe8c3b0000 - 0x00007ffe8c3eb000 	C:\WINDOWS\SYSTEM32\dbgcore.DLL
0x00007ffe9d9c0000 - 0x00007ffe9da65000 	C:\WINDOWS\System32\bcryptPrimitives.dll
0x00007ffe8a200000 - 0x00007ffe8a21e000 	C:\Program Files\Apache NetBeans\jdk\bin\java.dll
0x00007ffea0790000 - 0x00007ffea0927000 	C:\WINDOWS\System32\ole32.dll
0x00007ffe9f570000 - 0x00007ffe9fcd6000 	C:\WINDOWS\System32\SHELL32.dll
0x00007ffe9da70000 - 0x00007ffe9dbda000 	C:\WINDOWS\System32\wintypes.dll
0x00007ffe9e260000 - 0x00007ffe9eac5000 	C:\WINDOWS\System32\windows.storage.dll
0x00007ffe9ef40000 - 0x00007ffe9f037000 	C:\WINDOWS\System32\SHCORE.dll
0x00007ffea0720000 - 0x00007ffea0786000 	C:\WINDOWS\System32\shlwapi.dll
0x00007ffe9d6d0000 - 0x00007ffe9d6f9000 	C:\WINDOWS\SYSTEM32\profapi.dll
0x00007ffe89600000 - 0x00007ffe89611000 	C:\Program Files\Apache NetBeans\jdk\bin\net.dll
0x00007ffe9cab0000 - 0x00007ffe9cb1c000 	C:\WINDOWS\system32\mswsock.dll
0x00007ffe895e0000 - 0x00007ffe895f6000 	C:\Program Files\Apache NetBeans\jdk\bin\nio.dll
0x00007ffe8a0b0000 - 0x00007ffe8a0c7000 	C:\Program Files\Apache NetBeans\jdk\bin\zip.dll
0x00007ffe77c10000 - 0x00007ffe77c34000 	C:\Program Files\Apache NetBeans\java\maven\lib\jansi-native\Windows\x86_64\jansi.dll
0x00007ffe895d0000 - 0x00007ffe895e0000 	C:\Program Files\Apache NetBeans\jdk\bin\verify.dll

JVMTI agents: none

dbghelp: loaded successfully - version: 4.0.5 - missing functions: none
symbol engine: initialized successfully - sym options: 0x614 - pdb path: .;C:\Program Files\Apache NetBeans\jdk\bin;C:\WINDOWS\SYSTEM32;C:\WINDOWS\WinSxS\amd64_microsoft.windows.common-controls_6595b64144ccf1df_6.0.26100.8115_none_3e075c82e3354f9c;C:\Program Files\Apache NetBeans\jdk\bin\server;C:\Program Files\Apache NetBeans\java\maven\lib\jansi-native\Windows\x86_64

VM Arguments:
jvm_args: --enable-native-access=ALL-UNNAMED -Dclassworlds.conf=C:\Program Files\Apache NetBeans\java\maven\bin\m2.conf -Dmaven.home=C:\Program Files\Apache NetBeans\java\maven -Dlibrary.jansi.path=C:\Program Files\Apache NetBeans\java\maven\lib\jansi-native -Dmaven.multiModuleProjectDirectory=C:\Users\ASUS\Documents\NetBeansProjects\Lubiproject1 
java_command: org.codehaus.plexus.classworlds.launcher.Launcher -Dmaven.ext.class.path=C:\Program Files\Apache NetBeans\java\maven-nblib\netbeans-eventspy.jar --no-transfer-progress install
java_class_path (initial): C:\Program Files\Apache NetBeans\java\maven\boot\plexus-classworlds-2.9.0.jar
Launcher Type: SUN_STANDARD

[Global flags]
     intx CICompilerCount                          = 2                                         {product} {ergonomic}
     uint ConcGCThreads                            = 1                                         {product} {ergonomic}
     uint G1ConcRefinementThreads                  = 2                                         {product} {ergonomic}
   size_t G1HeapRegionSize                         = 1048576                                   {product} {ergonomic}
   size_t InitialHeapSize                          = 65011712                                  {product} {ergonomic}
   size_t MarkStackSize                            = 4194304                                   {product} {ergonomic}
   size_t MarkStackSizeMax                         = 536870912                                 {product} {ergonomic}
   size_t MaxHeapSize                              = 1027604480                                {product} {ergonomic}
   size_t MaxNewSize                               = 616562688                                 {product} {ergonomic}
   size_t MinHeapDeltaBytes                        = 1048576                                   {product} {ergonomic}
   size_t MinHeapSize                              = 8388608                                   {product} {ergonomic}
    uintx NonNMethodCodeHeapSize                   = 5767168                                {pd product} {ergonomic}
    uintx NonProfiledCodeHeapSize                  = 123011072                              {pd product} {ergonomic}
    uintx ProfiledCodeHeapSize                     = 122880000                              {pd product} {ergonomic}
    uintx ReservedCodeCacheSize                    = 251658240                              {pd product} {ergonomic}
     bool SegmentedCodeCache                       = true                                      {product} {ergonomic}
   size_t SoftMaxHeapSize                          = 1027604480                             {manageable} {ergonomic}
     bool UseCompressedOops                        = true                           {product lp64_product} {ergonomic}
     bool UseG1GC                                  = true                                      {product} {ergonomic}
     bool UseLargePagesIndividualAllocation        = false                                  {pd product} {ergonomic}

Logging:
Log output configuration:
 #0: stdout all=warning uptime,level,tags foldmultilines=false
 #1: stderr all=off uptime,level,tags foldmultilines=false

Release file:
IMPLEMENTOR="Eclipse Adoptium" 
IMPLEMENTOR_VERSION="Temurin-25.0.2+10" 
JAVA_RUNTIME_VERSION="25.0.2+10-LTS" 
JAVA_VERSION="25.0.2" 
JAVA_VERSION_DATE="2026-01-20" 
LIBC="default" 
MODULES="java.base java.compiler java.datatransfer java.xml java.prefs java.desktop java.instrument java.logging java.management java.security.sasl java.naming java.rmi java.management.rmi java.net.http java.scripting java.security.jgss java.transaction.xa java.sql java.sql.rowset java.xml.crypto java.se java.smartcardio jdk.accessibility jdk.internal.jvmstat jdk.attach jdk.charsets jdk.internal.opt jdk.zipfs jdk.compiler jdk.crypto.cryptoki jdk.crypto.ec jdk.crypto.mscapi jdk.dynalink jdk.internal.ed jdk.editpad jdk.internal.vm.ci jdk.graal.compiler jdk.graal.compiler.management jdk.hotspot.agent jdk.httpserver jdk.incubator.vector jdk.internal.le jdk.internal.md jdk.jartool jdk.javadoc jdk.jcmd jdk.management jdk.management.agent jdk.jconsole jdk.jdeps jdk.jdwp.agent jdk.jdi jdk.jfr jdk.jlink jdk.jpackage jdk.jshell jdk.jsobject jdk.jstatd jdk.localedata jdk.management.jfr jdk.naming.dns jdk.naming.rmi jdk.net jdk.nio.mapmode jdk.sctp jdk.security.auth jdk.security.jgss jdk.unsupported jdk.unsupported.desktop jdk.xml.dom" 
OS_ARCH="x86_64" 
OS_NAME="Windows" 
SOURCE=".:git:9e3c947043a4" 
BUILD_SOURCE="git:458965074606f027bd5afce2cfd5c1055dea0438"
BUILD_SOURCE_REPO="https://github.com/adoptium/temurin-build.git"
SOURCE_REPO="https://github.com/adoptium/jdk25u.git"
FULL_VERSION="25.0.2+10-LTS"
SEMANTIC_VERSION="25.0.2+10"
BUILD_INFO="OS: Windows Server 2022 Version: 10.0"
JVM_VARIANT="Hotspot"
JVM_VERSION="25.0.2+10-LTS"
IMAGE_TYPE="JDK"

Environment Variables:
JAVA_HOME=C:\Program Files\Apache NetBeans\jdk
PATH=C:\WINDOWS\system32;C:\WINDOWS;C:\WINDOWS\System32\Wbem;C:\WINDOWS\System32\WindowsPowerShell\v1.0\;C:\WINDOWS\System32\OpenSSH\;C:\Program Files\Git\cmd;C:\Users\ASUS\AppData\Local\Microsoft\WindowsApps;;C:\Program Files\Apache NetBeans\bin\
USERNAME=ASUS
OS=Windows_NT
PROCESSOR_IDENTIFIER=Intel64 Family 6 Model 122 Stepping 1, GenuineIntel
TMP=C:\Users\ASUS\AppData\Local\Temp
TEMP=C:\Users\ASUS\AppData\Local\Temp




Compilation memory statistics disabled.

Periodic native trim disabled

---------------  S Y S T E M  ---------------

OS:
 Windows 11 , 64 bit Build 26100 (10.0.26100.8115)
OS uptime: 0 days 1:00 hours

CPU: total 2 (initial active 2) (2 cores per cpu, 1 threads per core) family 6 model 122 stepping 1 microcode 0x34, cx8, cmov, fxsr, mmx, 3dnowpref, sse, sse2, sse3, ssse3, sse4.1, sse4.2, popcnt, tsc, tscinvbit, aes, erms, clmul, sha, clflush, clflushopt, rdtscp, rdpid
Processor Information for the first 2 processors :
  Max Mhz: 1101, Current Mhz: 1101, Mhz Limit: 1101

Memory: 4k page, system-wide physical 3919M (283M free)
TotalPageFile size 15695M (AvailPageFile size 98M)
current process WorkingSet (physical memory assigned to process): 26M, peak: 37M
current process commit charge ("private bytes"): 137M, peak: 137M

vm_info: OpenJDK 64-Bit Server VM (25.0.2+10-LTS) for windows-amd64 JRE (25.0.2+10-LTS), built on 2026-01-20T00:00:00Z with MS VC++ 17.12 (VS2022)

END.
