#
# There is insufficient memory for the Java Runtime Environment to continue.
# Native memory allocation (malloc) failed to allocate 108216 bytes. Error detail: Chunk::new
# Possible reasons:
#   The system is out of physical RAM or swap space
#   This process is running with CompressedOops enabled, and the Java Heap may be blocking the growth of the native heap
# Possible solutions:
#   Reduce memory load on the system
#   Increase physical memory or swap space
#   Check if swap backing store is full
#   Decrease Java heap size (-Xmx/-Xms)
#   Decrease number of Java threads
#   Decrease Java thread stack sizes (-Xss)
#   Set larger code cache with -XX:ReservedCodeCacheSize=
#   JVM is running with Unscaled Compressed Oops mode in which the Java heap is
#     placed in the first 4GB address space. The Java Heap base address is the
#     maximum limit for the native heap growth. Please use -XX:HeapBaseMinAddress
#     to set the Java Heap base and to place the Java Heap above 4GB virtual address.
# This output file may be truncated or incomplete.
#
#  Out of Memory Error (arena.cpp:186), pid=24216, tid=3184
#
# JRE version: OpenJDK Runtime Environment Temurin-25.0.2+10 (25.0.2+10) (build 25.0.2+10-LTS)
# Java VM: OpenJDK 64-Bit Server VM Temurin-25.0.2+10 (25.0.2+10-LTS, mixed mode, tiered, compressed oops, compressed class ptrs, g1 gc, windows-amd64)
# No core dump will be written. Minidumps are not enabled by default on client versions of Windows
#

---------------  S U M M A R Y ------------

Command Line: --enable-native-access=ALL-UNNAMED -Dclassworlds.conf=C:\Program Files\Apache NetBeans\java\maven\bin\m2.conf -Dmaven.home=C:\Program Files\Apache NetBeans\java\maven -Dlibrary.jansi.path=C:\Program Files\Apache NetBeans\java\maven\lib\jansi-native -Dmaven.multiModuleProjectDirectory=C:\Users\ASUS\Documents\NetBeansProjects\Lubiproject1 org.codehaus.plexus.classworlds.launcher.Launcher -Dmaven.ext.class.path=C:\Program Files\Apache NetBeans\java\maven-nblib\netbeans-eventspy.jar --no-transfer-progress install

Host: Intel(R) Celeron(R) N4000 CPU @ 1.10GHz, 2 cores, 3G,  Windows 11 , 64 bit Build 26100 (10.0.26100.8115)
Time: Fri Apr  3 20:27:24 2026 SE Asia Standard Time elapsed time: 422.931305 seconds (0d 0h 7m 2s)

---------------  T H R E A D  ---------------

Current thread (0x000002accaabd280):  JavaThread "C2 CompilerThread0" daemon [_thread_in_native, id=3184, stack(0x000000c30b300000,0x000000c30b400000) (1024K)]


Current CompileTask:
C2:422931 1599       4       org.objectweb.asm.ClassReader::readUtf (161 bytes)

Stack: [0x000000c30b300000,0x000000c30b400000]
Native frames: (J=compiled Java code, j=interpreted, Vv=VM code, C=native code)
V  [jvm.dll+0x7a8bc9]  (no source info available)
V  [jvm.dll+0x77310d]  (no source info available)
V  [jvm.dll+0x9f55f3]  (no source info available)
V  [jvm.dll+0x9f7be1]  (no source info available)
V  [jvm.dll+0x9f82f3]  (no source info available)
V  [jvm.dll+0x2fce26]  (no source info available)
V  [jvm.dll+0x111076]  (no source info available)
V  [jvm.dll+0x11139e]  (no source info available)
V  [jvm.dll+0x453757]  (no source info available)
V  [jvm.dll+0x4223f2]  (no source info available)
V  [jvm.dll+0x42180a]  (no source info available)
V  [jvm.dll+0x2c01e9]  (no source info available)
V  [jvm.dll+0x2bf3cf]  (no source info available)
V  [jvm.dll+0x237140]  (no source info available)
V  [jvm.dll+0x2cf4c6]  (no source info available)
V  [jvm.dll+0x2cd74a]  (no source info available)
V  [jvm.dll+0x48fbee]  (no source info available)
V  [jvm.dll+0x996b0d]  (no source info available)
V  [jvm.dll+0x7a71a5]  (no source info available)
C  [ucrtbase.dll+0x37b0]  (no source info available)
C  [KERNEL32.DLL+0x2e8d7]  (no source info available)
C  [ntdll.dll+0x8c3fc]  (no source info available)

Lock stack of current Java thread (top to bottom):


---------------  P R O C E S S  ---------------

Threads class SMR info:
_java_thread_list=0x000002accf271e30, length=11, elements={
0x000002acad97d630, 0x000002accaaaf850, 0x000002accaab1100, 0x000002accaab4650,
0x000002accaab5210, 0x000002accaab97c0, 0x000002accaaba380, 0x000002accaabd280,
0x000002accaacd550, 0x000002accac11380, 0x000002accac239d0
}

Java Threads: ( => current thread )
  0x000002acad97d630 JavaThread "main"                              [_thread_in_native, id=27660, stack(0x000000c30a400000,0x000000c30a500000) (1024K)]
  0x000002accaaaf850 JavaThread "Reference Handler"          daemon [_thread_blocked, id=8028, stack(0x000000c30ad00000,0x000000c30ae00000) (1024K)]
  0x000002accaab1100 JavaThread "Finalizer"                  daemon [_thread_blocked, id=20028, stack(0x000000c30ae00000,0x000000c30af00000) (1024K)]
  0x000002accaab4650 JavaThread "Signal Dispatcher"          daemon [_thread_blocked, id=19568, stack(0x000000c30af00000,0x000000c30b000000) (1024K)]
  0x000002accaab5210 JavaThread "Attach Listener"            daemon [_thread_blocked, id=18148, stack(0x000000c30b000000,0x000000c30b100000) (1024K)]
  0x000002accaab97c0 JavaThread "Service Thread"             daemon [_thread_blocked, id=24740, stack(0x000000c30b100000,0x000000c30b200000) (1024K)]
  0x000002accaaba380 JavaThread "Monitor Deflation Thread"   daemon [_thread_blocked, id=11980, stack(0x000000c30b200000,0x000000c30b300000) (1024K)]
=>0x000002accaabd280 JavaThread "C2 CompilerThread0"         daemon [_thread_in_native, id=3184, stack(0x000000c30b300000,0x000000c30b400000) (1024K)]
  0x000002accaacd550 JavaThread "C1 CompilerThread0"         daemon [_thread_blocked, id=27752, stack(0x000000c30b400000,0x000000c30b500000) (1024K)]
  0x000002accac11380 JavaThread "Notification Thread"        daemon [_thread_blocked, id=11792, stack(0x000000c30b500000,0x000000c30b600000) (1024K)]
  0x000002accac239d0 JavaThread "Common-Cleaner"             daemon [_thread_blocked, id=25076, stack(0x000000c30b600000,0x000000c30b700000) (1024K)]
Total: 11

Other Threads:
  0x000002accaa495d0 VMThread "VM Thread"                           [id=19448, stack(0x000000c30ac00000,0x000000c30ad00000) (1024K)]
  0x000002accaa3a9f0 WatcherThread "VM Periodic Task Thread"        [id=23460, stack(0x000000c30ab00000,0x000000c30ac00000) (1024K)]
  0x000002acafd055a0 WorkerThread "GC Thread#0"                     [id=13060, stack(0x000000c30a600000,0x000000c30a700000) (1024K)]
  0x000002accf29d1f0 WorkerThread "GC Thread#1"                     [id=7644, stack(0x000000c30a300000,0x000000c30a400000) (1024K)]
  0x000002acafd11e30 ConcurrentGCThread "G1 Main Marker"            [id=3928, stack(0x000000c30a700000,0x000000c30a800000) (1024K)]
  0x000002acafd129d0 WorkerThread "G1 Conc#0"                       [id=5072, stack(0x000000c30a800000,0x000000c30a900000) (1024K)]
  0x000002acafd2c6c0 ConcurrentGCThread "G1 Refine#0"               [id=17000, stack(0x000000c30a900000,0x000000c30aa00000) (1024K)]
  0x000002acafd2e190 ConcurrentGCThread "G1 Service"                [id=23776, stack(0x000000c30aa00000,0x000000c30ab00000) (1024K)]
Total: 8

Threads with active compile tasks:
C2 CompilerThread0  431744 1599       4       org.objectweb.asm.ClassReader::readUtf (161 bytes)
Total: 1

VM state: not at safepoint (normal execution)

VM Mutex/Monitor currently owned by a thread: None

Heap address: 0x00000000c2c00000, size: 980 MB, Compressed Oops mode: 32-bit

CDS archive(s) not mapped
Compressed class space mapped at: 0x0000000033000000-0x0000000073000000, reserved size: 1073741824
UseCompressedClassPointers 1, UseCompactObjectHeaders 0
Narrow klass pointer bits 32, Max shift 3
Narrow klass base: 0x0000000000000000, Narrow klass shift: 0
Encoding Range: [0x0000000000000000 - 0x0000000100000000), (4294967296 bytes)
Klass Range:    [0x0000000033000000 - 0x0000000073000000), (1073741824 bytes)
Klass ID Range:  [855638016 - 1929379833) (1073741817)
No protection zone.

GC Precious Log:
 CardTable entry size: 512
 Card Set container configuration: InlinePtr #cards 5 size 8 Array Of Cards #cards 10 size 36 Howl #buckets 4 coarsen threshold 1843 Howl Bitmap #cards 512 size 80 coarsen threshold 460 Card regions per heap region 1 cards per card region 2048
 CPUs: 2 total, 2 available
 Memory: 3919M
 Large Page Support: Disabled
 NUMA Support: Disabled
 Compressed Oops: Enabled (32-bit)
 Heap Region Size: 1M
 Heap Min Capacity: 8M
 Heap Initial Capacity: 62M
 Heap Max Capacity: 980M
 Pre-touch: Disabled
 Parallel Workers: 2
 Concurrent Workers: 1
 Concurrent Refinement Workers: 2
 Periodic GC: Disabled

Heap:
 garbage-first heap   total reserved 1003520K, committed 63488K, used 8407K [0x00000000c2c00000, 0x0000000100000000)
  region size 1024K, 6 young (6144K), 1 survivors (1024K)

Heap Regions: E=young(eden), S=young(survivor), O=old, HS=humongous(starts), HC=humongous(continues), CS=collection set, F=free, TAMS=top-at-mark-start, PB=parsable bottom
|   0|0x00000000c2c00000, 0x00000000c2d00000, 0x00000000c2d00000|100%| O|  |TAMS 0x00000000c2c00000| PB 0x00000000c2c00000| Untracked |  0
|   1|0x00000000c2d00000, 0x00000000c2e00000, 0x00000000c2e00000|100%| O|  |TAMS 0x00000000c2d00000| PB 0x00000000c2d00000| Untracked |  0
|   2|0x00000000c2e00000, 0x00000000c2f00000, 0x00000000c2f00000|100%| O|  |TAMS 0x00000000c2e00000| PB 0x00000000c2e00000| Untracked |  0
|   3|0x00000000c2f00000, 0x00000000c2f411f0, 0x00000000c3000000| 25%| O|  |TAMS 0x00000000c2f00000| PB 0x00000000c2f00000| Untracked |  0
|   4|0x00000000c3000000, 0x00000000c3000000, 0x00000000c3100000|  0%| F|  |TAMS 0x00000000c3000000| PB 0x00000000c3000000| Untracked |  0
|   5|0x00000000c3100000, 0x00000000c3100000, 0x00000000c3200000|  0%| F|  |TAMS 0x00000000c3100000| PB 0x00000000c3100000| Untracked |  0
|   6|0x00000000c3200000, 0x00000000c3200000, 0x00000000c3300000|  0%| F|  |TAMS 0x00000000c3200000| PB 0x00000000c3200000| Untracked |  0
|   7|0x00000000c3300000, 0x00000000c3300000, 0x00000000c3400000|  0%| F|  |TAMS 0x00000000c3300000| PB 0x00000000c3300000| Untracked |  0
|   8|0x00000000c3400000, 0x00000000c3400000, 0x00000000c3500000|  0%| F|  |TAMS 0x00000000c3400000| PB 0x00000000c3400000| Untracked |  0
|   9|0x00000000c3500000, 0x00000000c3500000, 0x00000000c3600000|  0%| F|  |TAMS 0x00000000c3500000| PB 0x00000000c3500000| Untracked |  0
|  10|0x00000000c3600000, 0x00000000c3600000, 0x00000000c3700000|  0%| F|  |TAMS 0x00000000c3600000| PB 0x00000000c3600000| Untracked |  0
|  11|0x00000000c3700000, 0x00000000c3700000, 0x00000000c3800000|  0%| F|  |TAMS 0x00000000c3700000| PB 0x00000000c3700000| Untracked |  0
|  12|0x00000000c3800000, 0x00000000c3800000, 0x00000000c3900000|  0%| F|  |TAMS 0x00000000c3800000| PB 0x00000000c3800000| Untracked |  0
|  13|0x00000000c3900000, 0x00000000c3900000, 0x00000000c3a00000|  0%| F|  |TAMS 0x00000000c3900000| PB 0x00000000c3900000| Untracked |  0
|  14|0x00000000c3a00000, 0x00000000c3a00000, 0x00000000c3b00000|  0%| F|  |TAMS 0x00000000c3a00000| PB 0x00000000c3a00000| Untracked |  0
|  15|0x00000000c3b00000, 0x00000000c3b00000, 0x00000000c3c00000|  0%| F|  |TAMS 0x00000000c3b00000| PB 0x00000000c3b00000| Untracked |  0
|  16|0x00000000c3c00000, 0x00000000c3c00000, 0x00000000c3d00000|  0%| F|  |TAMS 0x00000000c3c00000| PB 0x00000000c3c00000| Untracked |  0
|  17|0x00000000c3d00000, 0x00000000c3d00000, 0x00000000c3e00000|  0%| F|  |TAMS 0x00000000c3d00000| PB 0x00000000c3d00000| Untracked |  0
|  18|0x00000000c3e00000, 0x00000000c3e00000, 0x00000000c3f00000|  0%| F|  |TAMS 0x00000000c3e00000| PB 0x00000000c3e00000| Untracked |  0
|  19|0x00000000c3f00000, 0x00000000c3f00000, 0x00000000c4000000|  0%| F|  |TAMS 0x00000000c3f00000| PB 0x00000000c3f00000| Untracked |  0
|  20|0x00000000c4000000, 0x00000000c4000000, 0x00000000c4100000|  0%| F|  |TAMS 0x00000000c4000000| PB 0x00000000c4000000| Untracked |  0
|  21|0x00000000c4100000, 0x00000000c4100000, 0x00000000c4200000|  0%| F|  |TAMS 0x00000000c4100000| PB 0x00000000c4100000| Untracked |  0
|  22|0x00000000c4200000, 0x00000000c4200000, 0x00000000c4300000|  0%| F|  |TAMS 0x00000000c4200000| PB 0x00000000c4200000| Untracked |  0
|  23|0x00000000c4300000, 0x00000000c4300000, 0x00000000c4400000|  0%| F|  |TAMS 0x00000000c4300000| PB 0x00000000c4300000| Untracked |  0
|  24|0x00000000c4400000, 0x00000000c4400000, 0x00000000c4500000|  0%| F|  |TAMS 0x00000000c4400000| PB 0x00000000c4400000| Untracked |  0
|  25|0x00000000c4500000, 0x00000000c4500000, 0x00000000c4600000|  0%| F|  |TAMS 0x00000000c4500000| PB 0x00000000c4500000| Untracked |  0
|  26|0x00000000c4600000, 0x00000000c4600000, 0x00000000c4700000|  0%| F|  |TAMS 0x00000000c4600000| PB 0x00000000c4600000| Untracked |  0
|  27|0x00000000c4700000, 0x00000000c4700000, 0x00000000c4800000|  0%| F|  |TAMS 0x00000000c4700000| PB 0x00000000c4700000| Untracked |  0
|  28|0x00000000c4800000, 0x00000000c4800000, 0x00000000c4900000|  0%| F|  |TAMS 0x00000000c4800000| PB 0x00000000c4800000| Untracked |  0
|  29|0x00000000c4900000, 0x00000000c4900000, 0x00000000c4a00000|  0%| F|  |TAMS 0x00000000c4900000| PB 0x00000000c4900000| Untracked |  0
|  30|0x00000000c4a00000, 0x00000000c4a00000, 0x00000000c4b00000|  0%| F|  |TAMS 0x00000000c4a00000| PB 0x00000000c4a00000| Untracked |  0
|  31|0x00000000c4b00000, 0x00000000c4b00000, 0x00000000c4c00000|  0%| F|  |TAMS 0x00000000c4b00000| PB 0x00000000c4b00000| Untracked |  0
|  32|0x00000000c4c00000, 0x00000000c4c00000, 0x00000000c4d00000|  0%| F|  |TAMS 0x00000000c4c00000| PB 0x00000000c4c00000| Untracked |  0
|  33|0x00000000c4d00000, 0x00000000c4d00000, 0x00000000c4e00000|  0%| F|  |TAMS 0x00000000c4d00000| PB 0x00000000c4d00000| Untracked |  0
|  34|0x00000000c4e00000, 0x00000000c4e00000, 0x00000000c4f00000|  0%| F|  |TAMS 0x00000000c4e00000| PB 0x00000000c4e00000| Untracked |  0
|  35|0x00000000c4f00000, 0x00000000c4f00000, 0x00000000c5000000|  0%| F|  |TAMS 0x00000000c4f00000| PB 0x00000000c4f00000| Untracked |  0
|  36|0x00000000c5000000, 0x00000000c5000000, 0x00000000c5100000|  0%| F|  |TAMS 0x00000000c5000000| PB 0x00000000c5000000| Untracked |  0
|  37|0x00000000c5100000, 0x00000000c5100000, 0x00000000c5200000|  0%| F|  |TAMS 0x00000000c5100000| PB 0x00000000c5100000| Untracked |  0
|  38|0x00000000c5200000, 0x00000000c5200000, 0x00000000c5300000|  0%| F|  |TAMS 0x00000000c5200000| PB 0x00000000c5200000| Untracked |  0
|  39|0x00000000c5300000, 0x00000000c5300000, 0x00000000c5400000|  0%| F|  |TAMS 0x00000000c5300000| PB 0x00000000c5300000| Untracked |  0
|  40|0x00000000c5400000, 0x00000000c5400000, 0x00000000c5500000|  0%| F|  |TAMS 0x00000000c5400000| PB 0x00000000c5400000| Untracked |  0
|  41|0x00000000c5500000, 0x00000000c5500000, 0x00000000c5600000|  0%| F|  |TAMS 0x00000000c5500000| PB 0x00000000c5500000| Untracked |  0
|  42|0x00000000c5600000, 0x00000000c5600000, 0x00000000c5700000|  0%| F|  |TAMS 0x00000000c5600000| PB 0x00000000c5600000| Untracked |  0
|  43|0x00000000c5700000, 0x00000000c57f4b00, 0x00000000c5800000| 95%| S|CS|TAMS 0x00000000c5700000| PB 0x00000000c5700000| Complete |  0
|  44|0x00000000c5800000, 0x00000000c5800000, 0x00000000c5900000|  0%| F|  |TAMS 0x00000000c5800000| PB 0x00000000c5800000| Untracked |  0
|  45|0x00000000c5900000, 0x00000000c5900000, 0x00000000c5a00000|  0%| F|  |TAMS 0x00000000c5900000| PB 0x00000000c5900000| Untracked |  0
|  46|0x00000000c5a00000, 0x00000000c5a00000, 0x00000000c5b00000|  0%| F|  |TAMS 0x00000000c5a00000| PB 0x00000000c5a00000| Untracked |  0
|  47|0x00000000c5b00000, 0x00000000c5b00000, 0x00000000c5c00000|  0%| F|  |TAMS 0x00000000c5b00000| PB 0x00000000c5b00000| Untracked |  0
|  48|0x00000000c5c00000, 0x00000000c5c00000, 0x00000000c5d00000|  0%| F|  |TAMS 0x00000000c5c00000| PB 0x00000000c5c00000| Untracked |  0
|  49|0x00000000c5d00000, 0x00000000c5d00000, 0x00000000c5e00000|  0%| F|  |TAMS 0x00000000c5d00000| PB 0x00000000c5d00000| Untracked |  0
|  50|0x00000000c5e00000, 0x00000000c5e00000, 0x00000000c5f00000|  0%| F|  |TAMS 0x00000000c5e00000| PB 0x00000000c5e00000| Untracked |  0
|  51|0x00000000c5f00000, 0x00000000c5f00000, 0x00000000c6000000|  0%| F|  |TAMS 0x00000000c5f00000| PB 0x00000000c5f00000| Untracked |  0
|  52|0x00000000c6000000, 0x00000000c6000000, 0x00000000c6100000|  0%| F|  |TAMS 0x00000000c6000000| PB 0x00000000c6000000| Untracked |  0
|  53|0x00000000c6100000, 0x00000000c6100000, 0x00000000c6200000|  0%| F|  |TAMS 0x00000000c6100000| PB 0x00000000c6100000| Untracked |  0
|  54|0x00000000c6200000, 0x00000000c6200000, 0x00000000c6300000|  0%| F|  |TAMS 0x00000000c6200000| PB 0x00000000c6200000| Untracked |  0
|  55|0x00000000c6300000, 0x00000000c6300000, 0x00000000c6400000|  0%| F|  |TAMS 0x00000000c6300000| PB 0x00000000c6300000| Untracked |  0
|  56|0x00000000c6400000, 0x00000000c6400000, 0x00000000c6500000|  0%| F|  |TAMS 0x00000000c6400000| PB 0x00000000c6400000| Untracked |  0
|  57|0x00000000c6500000, 0x00000000c65a8660, 0x00000000c6600000| 65%| E|  |TAMS 0x00000000c6500000| PB 0x00000000c6500000| Complete |  0
|  58|0x00000000c6600000, 0x00000000c6700000, 0x00000000c6700000|100%| E|CS|TAMS 0x00000000c6600000| PB 0x00000000c6600000| Complete |  0
|  59|0x00000000c6700000, 0x00000000c6800000, 0x00000000c6800000|100%| E|CS|TAMS 0x00000000c6700000| PB 0x00000000c6700000| Complete |  0
|  60|0x00000000c6800000, 0x00000000c6900000, 0x00000000c6900000|100%| E|CS|TAMS 0x00000000c6800000| PB 0x00000000c6800000| Complete |  0
|  61|0x00000000c6900000, 0x00000000c6a00000, 0x00000000c6a00000|100%| E|CS|TAMS 0x00000000c6900000| PB 0x00000000c6900000| Complete |  0

Card table byte_map: [0x000002acafaa0000,0x000002acafc90000] _byte_map_base: 0x000002acaf48a000

Marking Bits: (CMBitMap*) 0x000002acafd05d30
 Bits: [0x000002acc77c0000, 0x000002acc8710000)

Polling page: 0x000002acaded0000

Metaspace:
Metaspace        used 16133K, committed 16256K, reserved 1114112K
 class space     used 1658K, committed 1728K, reserved 1048576K

Usage:
  Non-class:     14.14 MB used.
      Class:      1.62 MB used.
       Both:     15.76 MB used.

Virtual space:
  Non-class space:       64.00 MB reserved,      14.19 MB ( 22%) committed,  1 nodes.
      Class space:        1.00 GB reserved,       1.69 MB ( <1%) committed,  1 nodes.
             Both:        1.06 GB reserved,      15.88 MB (  1%) committed. 

Chunk freelists:
   Non-Class:  1.33 MB
       Class:  14.25 MB
        Both:  15.58 MB

MaxMetaspaceSize: unlimited
CompressedClassSpaceSize: 1.00 GB
Initial GC threshold: 21.00 MB
Current GC threshold: 21.00 MB
CDS: off
 - commit_granule_bytes: 65536.
 - commit_granule_words: 8192.
 - virtual_space_node_default_size: 8388608.
 - enlarge_chunks_in_place: 1.
UseCompressedClassPointers 1, UseCompactObjectHeaders 0
Narrow klass pointer bits 32, Max shift 3
Narrow klass base: 0x0000000000000000, Narrow klass shift: 0
Encoding Range: [0x0000000000000000 - 0x0000000100000000), (4294967296 bytes)
Klass Range:    [0x0000000033000000 - 0x0000000073000000), (1073741824 bytes)
Klass ID Range:  [855638016 - 1929379833) (1073741817)
No protection zone.


Internal statistics:

num_allocs_failed_limit: 0.
num_arena_births: 56.
num_arena_deaths: 0.
num_vsnodes_births: 2.
num_vsnodes_deaths: 0.
num_space_committed: 254.
num_space_uncommitted: 0.
num_chunks_returned_to_freelist: 0.
num_chunks_taken_from_freelist: 281.
num_chunk_merges: 0.
num_chunk_splits: 179.
num_chunks_enlarged: 143.
num_inconsistent_stats: 0.

CodeHeap 'non-profiled nmethods': size=120128Kb used=489Kb max_used=489Kb free=119638Kb
 bounds [0x000002acc0270000, 0x000002acc04e0000, 0x000002acc77c0000]
CodeHeap 'profiled nmethods': size=120000Kb used=2273Kb max_used=2273Kb free=117726Kb
 bounds [0x000002acb87c0000, 0x000002acb8a30000, 0x000002acbfcf0000]
CodeHeap 'non-nmethods': size=5632Kb used=1335Kb max_used=1387Kb free=4296Kb
 bounds [0x000002acbfcf0000, 0x000002acbff60000, 0x000002acc0270000]
CodeCache: size=245760Kb, used=4097Kb, max_used=4149Kb, free=241660Kb
 total_blobs=2067, nmethods=1598, adapters=374, full_count=0
Compilation: enabled, stopped_count=0, restarted_count=0

Compilation events (20 events):
Event: 405.278 Thread 0x000002accaabd280 nmethod 1589% 0x000002acc02e6388 code [0x000002acc02e6480, 0x000002acc02e68c8]
Event: 408.674 Thread 0x000002accaabd280 1590       4       java.util.HashMap::getNode (150 bytes)
Event: 408.680 Thread 0x000002accaabd280 nmethod 1590 0x000002acc02e6908 code [0x000002acc02e6a00, 0x000002acc02e6d28]
Event: 408.710 Thread 0x000002accaacd550 1592       3       java.util.concurrent.ConcurrentHashMap$Traverser::<init> (36 bytes)
Event: 408.710 Thread 0x000002accaacd550 nmethod 1592 0x000002acb89f3e08 code [0x000002acb89f3f00, 0x000002acb89f4100]
Event: 408.710 Thread 0x000002accaacd550 1593       3       java.util.concurrent.ConcurrentHashMap$BaseIterator::<init> (21 bytes)
Event: 408.711 Thread 0x000002accaacd550 nmethod 1593 0x000002acb89f4108 code [0x000002acb89f4200, 0x000002acb89f4450]
Event: 408.711 Thread 0x000002accaabd280 1591       4       java.lang.AbstractStringBuilder::isLatin1 (16 bytes)
Event: 408.711 Thread 0x000002accaabd280 nmethod 1591 0x000002acc02e6d88 code [0x000002acc02e6e80, 0x000002acc02e6ef0]
Event: 415.195 Thread 0x000002accaacd550 1594       3       java.lang.String::toLowerCase (29 bytes)
Event: 415.196 Thread 0x000002accaacd550 nmethod 1594 0x000002acb89f4488 code [0x000002acb89f4580, 0x000002acb89f48a0]
Event: 417.535 Thread 0x000002accaacd550 1595       3       org.codehaus.plexus.classworlds.realm.ClassRealm::isImportedFromParent (65 bytes)
Event: 417.556 Thread 0x000002accaacd550 nmethod 1595 0x000002acb89f4908 code [0x000002acb89f4a00, 0x000002acb89f50a8]
Event: 417.911 Thread 0x000002accaabd280 1596       4       java.nio.DirectLongBufferU::ix (10 bytes)
Event: 417.913 Thread 0x000002accaabd280 nmethod 1596 0x000002acc02e7088 code [0x000002acc02e7180, 0x000002acc02e7200]
Event: 418.139 Thread 0x000002accaabd280 1597       4       java.util.jar.JarFile::match (132 bytes)
Event: 418.150 Thread 0x000002accaabd280 nmethod 1597 0x000002acc02e7388 code [0x000002acc02e7480, 0x000002acc02e77a8]
Event: 418.330 Thread 0x000002accaabd280 1598       4       jdk.internal.loader.URLClassPath::getResource (71 bytes)
Event: 418.434 Thread 0x000002accaabd280 nmethod 1598 0x000002acc02e7808 code [0x000002acc02e7900, 0x000002acc02ea6e8]
Event: 419.717 Thread 0x000002accaabd280 1599       4       org.objectweb.asm.ClassReader::readUtf (161 bytes)

GC Heap Usage History (4 events):
Event: 159.093 {heap Before GC invocations=0 (full 0):
 garbage-first heap   total reserved 1003520K, committed 63488K, used 14336K [0x00000000c2c00000, 0x0000000100000000)
  region size 1024K, 14 young (14336K), 0 survivors (0K)
}
Event: 164.427 {heap After GC invocations=1 (full 0):
 garbage-first heap   total reserved 1003520K, committed 63488K, used 3456K [0x00000000c2c00000, 0x0000000100000000)
  region size 1024K, 2 young (2048K), 2 survivors (2048K)
}
Event: 378.113 {heap Before GC invocations=1 (full 0):
 garbage-first heap   total reserved 1003520K, committed 63488K, used 18816K [0x00000000c2c00000, 0x0000000100000000)
  region size 1024K, 18 young (18432K), 2 survivors (2048K)
}
Event: 378.588 {heap After GC invocations=2 (full 0):
 garbage-first heap   total reserved 1003520K, committed 63488K, used 4311K [0x00000000c2c00000, 0x0000000100000000)
  region size 1024K, 1 young (1024K), 1 survivors (1024K)
}

Metaspace Usage History (4 events):
Event: 159.094 {metaspace Before GC invocations=0 (full 0):
 Metaspace       used 13391K, committed 13568K, reserved 1114112K
  class space    used 1274K, committed 1344K, reserved 1048576K
}
Event: 164.427 {metaspace After GC invocations=1 (full 0):
 Metaspace       used 13391K, committed 13568K, reserved 1114112K
  class space    used 1274K, committed 1344K, reserved 1048576K
}
Event: 378.118 {metaspace Before GC invocations=1 (full 0):
 Metaspace       used 15661K, committed 15872K, reserved 1114112K
  class space    used 1604K, committed 1728K, reserved 1048576K
}
Event: 378.588 {metaspace After GC invocations=2 (full 0):
 Metaspace       used 15661K, committed 15872K, reserved 1114112K
  class space    used 1604K, committed 1728K, reserved 1048576K
}

Dll operation events (7 events):
Event: 0.693 Loaded shared library C:\Program Files\Apache NetBeans\jdk\bin\java.dll
Event: 23.447 Loaded shared library C:\Program Files\Apache NetBeans\jdk\bin\net.dll
Event: 23.459 Loaded shared library C:\Program Files\Apache NetBeans\jdk\bin\nio.dll
Event: 23.913 Loaded shared library C:\Program Files\Apache NetBeans\jdk\bin\zip.dll
Event: 40.880 Loaded shared library C:\Program Files\Apache NetBeans\java\maven\lib\jansi-native\Windows\x86_64\jansi.dll
Event: 41.960 Loaded shared library C:\Program Files\Apache NetBeans\jdk\bin\verify.dll
Event: 46.023 Loaded shared library C:\Program Files\Apache NetBeans\jdk\bin\jimage.dll

Deoptimization events (20 events):
Event: 388.706 Thread 0x000002acad97d630 DEOPT PACKING pc=0x000002acc02e12f4 sp=0x000000c30a4fe0a0
Event: 388.706 Thread 0x000002acad97d630 DEOPT UNPACKING pc=0x000002acbfd7e17c sp=0x000000c30a4fe018 mode 2
Event: 388.706 Thread 0x000002acad97d630 Uncommon trap: trap_request=0xffffffde fr.pc=0x000002acc02e12f4 relative=0x00000000000000f4
Event: 388.706 Thread 0x000002acad97d630 Uncommon trap: reason=class_check action=maybe_recompile pc=0x000002acc02e12f4 method=jdk.internal.misc.Unsafe.allocateUninitializedArray(Ljava/lang/Class;I)Ljava/lang/Object; @ 51 c2
Event: 388.706 Thread 0x000002acad97d630 DEOPT PACKING pc=0x000002acc02e12f4 sp=0x000000c30a4fe150
Event: 388.706 Thread 0x000002acad97d630 DEOPT UNPACKING pc=0x000002acbfd7e17c sp=0x000000c30a4fe0c8 mode 2
Event: 388.706 Thread 0x000002acad97d630 Uncommon trap: trap_request=0xffffffde fr.pc=0x000002acc02e12f4 relative=0x00000000000000f4
Event: 388.706 Thread 0x000002acad97d630 Uncommon trap: reason=class_check action=maybe_recompile pc=0x000002acc02e12f4 method=jdk.internal.misc.Unsafe.allocateUninitializedArray(Ljava/lang/Class;I)Ljava/lang/Object; @ 51 c2
Event: 388.706 Thread 0x000002acad97d630 DEOPT PACKING pc=0x000002acc02e12f4 sp=0x000000c30a4fdb40
Event: 388.706 Thread 0x000002acad97d630 DEOPT UNPACKING pc=0x000002acbfd7e17c sp=0x000000c30a4fdab8 mode 2
Event: 399.430 Thread 0x000002acad97d630 Uncommon trap: trap_request=0xffffff45 fr.pc=0x000002acc02dfa48 relative=0x00000000000005c8
Event: 399.430 Thread 0x000002acad97d630 Uncommon trap: reason=unstable_if action=reinterpret pc=0x000002acc02dfa48 method=java.lang.String.<init>([CIILjava/lang/Void;)V @ 5 c2
Event: 399.430 Thread 0x000002acad97d630 DEOPT PACKING pc=0x000002acc02dfa48 sp=0x000000c30a4fe420
Event: 399.430 Thread 0x000002acad97d630 DEOPT UNPACKING pc=0x000002acbfd7e17c sp=0x000000c30a4fe2a0 mode 2
Event: 405.192 Thread 0x000002acad97d630 Uncommon trap: trap_request=0xffffffde fr.pc=0x000002acc02aac48 relative=0x0000000000000248
Event: 405.192 Thread 0x000002acad97d630 Uncommon trap: reason=class_check action=maybe_recompile pc=0x000002acc02aac48 method=java.util.HashMap.getNode(Ljava/lang/Object;)Ljava/util/HashMap$Node; @ 128 c2
Event: 405.192 Thread 0x000002acad97d630 DEOPT PACKING pc=0x000002acc02aac48 sp=0x000000c30a4fe220
Event: 405.192 Thread 0x000002acad97d630 DEOPT UNPACKING pc=0x000002acbfd7e17c sp=0x000000c30a4fe188 mode 2
Event: 418.232 Thread 0x000002acad97d630 DEOPT PACKING pc=0x000002acb899a160 sp=0x000000c30a4fe5f0
Event: 418.232 Thread 0x000002acad97d630 DEOPT UNPACKING pc=0x000002acbfd41063 sp=0x000000c30a4fda60 mode 0

Classes loaded (20 events):
Event: 205.461 Loading class java/util/concurrent/CancellationException
Event: 205.461 Loading class java/util/concurrent/CancellationException done
Event: 205.461 Loading class java/util/concurrent/Executor
Event: 205.461 Loading class java/util/concurrent/Executor done
Event: 208.160 Loading class java/lang/reflect/ParameterizedType
Event: 208.220 Loading class java/lang/reflect/ParameterizedType done
Event: 208.872 Loading class java/lang/reflect/WildcardType
Event: 209.305 Loading class java/lang/reflect/WildcardType done
Event: 210.435 Loading class sun/reflect/generics/tree/TypeVariableSignature
Event: 210.641 Loading class sun/reflect/generics/tree/TypeVariableSignature done
Event: 214.438 Loading class java/lang/annotation/IncompleteAnnotationException
Event: 214.439 Loading class java/lang/annotation/IncompleteAnnotationException done
Event: 262.538 Loading class java/lang/foreign/MemorySegment
Event: 262.540 Loading class java/lang/foreign/MemorySegment done
Event: 290.072 Loading class sun/reflect/generics/reflectiveObjects/TypeVariableImpl
Event: 290.153 Loading class sun/reflect/generics/reflectiveObjects/LazyReflectiveObjectGenerator
Event: 290.154 Loading class sun/reflect/generics/reflectiveObjects/LazyReflectiveObjectGenerator done
Event: 290.154 Loading class sun/reflect/generics/reflectiveObjects/TypeVariableImpl done
Event: 290.154 Loading class sun/reflect/generics/reflectiveObjects/ParameterizedTypeImpl
Event: 290.155 Loading class sun/reflect/generics/reflectiveObjects/ParameterizedTypeImpl done

Classes unloaded (0 events):
No events

Classes redefined (0 events):
No events

Internal exceptions (20 events):
Event: 40.903 Thread 0x000002acad97d630 Exception <a 'java/lang/NullPointerException'{0x00000000c65da1f8}> (0x00000000c65da1f8) 
thrown [s\src\hotspot\share\interpreter\linkResolver.cpp, line 1416]
Event: 41.943 Thread 0x000002acad97d630 Exception <a 'sun/nio/fs/WindowsException'{0x00000000c65fbee8}> (0x00000000c65fbee8) 
thrown [s\src\hotspot\share\prims\jni.cpp, line 516]
Event: 41.944 Thread 0x000002acad97d630 Exception <a 'sun/nio/fs/WindowsException'{0x00000000c65fc630}> (0x00000000c65fc630) 
thrown [s\src\hotspot\share\prims\jni.cpp, line 516]
Event: 41.947 Thread 0x000002acad97d630 Exception <a 'sun/nio/fs/WindowsException'{0x00000000c65fcb90}> (0x00000000c65fcb90) 
thrown [s\src\hotspot\share\prims\jni.cpp, line 516]
Event: 41.948 Thread 0x000002acad97d630 Exception <a 'sun/nio/fs/WindowsException'{0x00000000c65fd0d0}> (0x00000000c65fd0d0) 
thrown [s\src\hotspot\share\prims\jni.cpp, line 516]
Event: 41.948 Thread 0x000002acad97d630 Exception <a 'sun/nio/fs/WindowsException'{0x00000000c65fd5c0}> (0x00000000c65fd5c0) 
thrown [s\src\hotspot\share\prims\jni.cpp, line 516]
Event: 41.950 Thread 0x000002acad97d630 Exception <a 'sun/nio/fs/WindowsException'{0x00000000c65fda68}> (0x00000000c65fda68) 
thrown [s\src\hotspot\share\prims\jni.cpp, line 516]
Event: 42.289 Thread 0x000002acad97d630 Exception <a 'java/lang/NoSuchMethodError'{0x00000000c64365a8}: 'void java.lang.invoke.DirectMethodHandle$Holder.invokeVirtual(java.lang.Object, java.lang.Object)'> (0x00000000c64365a8) 
thrown [s\src\hotspot\share\interpreter\linkResolver.cpp, line 804]
Event: 42.688 Thread 0x000002acad97d630 Exception <a 'java/lang/NoSuchMethodError'{0x00000000c64582f0}: 'void java.lang.invoke.DirectMethodHandle$Holder.invokeStatic(java.lang.Object, java.lang.Object)'> (0x00000000c64582f0) 
thrown [s\src\hotspot\share\interpreter\linkResolver.cpp, line 804]
Event: 42.696 Thread 0x000002acad97d630 Exception <a 'java/lang/NoSuchMethodError'{0x00000000c6460098}: 'void java.lang.invoke.DirectMethodHandle$Holder.invokeStaticInit(java.lang.Object, java.lang.Object)'> (0x00000000c6460098) 
thrown [s\src\hotspot\share\interpreter\linkResolver.cpp, line 804]
Event: 44.058 Thread 0x000002acad97d630 Exception <a 'java/lang/NoSuchMethodError'{0x00000000c649fbe0}: 'void java.lang.invoke.DirectMethodHandle$Holder.invokeSpecial(java.lang.Object, java.lang.Object, java.lang.Object, java.lang.Object, java.lang.Object)'> (0x00000000c649fbe0) 
thrown [s\src\hotspot\share\interpreter\linkResolver.cpp, line 804]
Event: 45.792 Thread 0x000002acad97d630 Exception <a 'java/lang/NoSuchMethodError'{0x00000000c64dbd78}: 'void java.lang.invoke.DirectMethodHandle$Holder.invokeStatic(java.lang.Object, java.lang.Object, java.lang.Object)'> (0x00000000c64dbd78) 
thrown [s\src\hotspot\share\interpreter\linkResolver.cpp, line 804]
Event: 115.471 Thread 0x000002acad97d630 Exception <a 'java/lang/NoSuchMethodError'{0x00000000c62a7ed8}: 'java.lang.Object java.lang.invoke.DirectMethodHandle$Holder.invokeSpecialIFC(java.lang.Object, java.lang.Object, java.lang.Object, java.lang.Object)'> (0x00000000c62a7ed8) 
thrown [s\src\hotspot\share\interpreter\linkResolver.cpp, line 804]
Event: 150.863 Thread 0x000002acad97d630 Exception <a 'java/lang/NoSuchMethodError'{0x00000000c5dd1e50}: 'void java.lang.invoke.DirectMethodHandle$Holder.invokeSpecial(java.lang.Object, java.lang.Object, java.lang.Object)'> (0x00000000c5dd1e50) 
thrown [s\src\hotspot\share\interpreter\linkResolver.cpp, line 804]
Event: 157.578 Thread 0x000002acad97d630 Exception <a 'java/lang/NoSuchMethodError'{0x00000000c5cef6c8}: 'java.lang.Object java.lang.invoke.DirectMethodHandle$Holder.invokeInterface(java.lang.Object, java.lang.Object)'> (0x00000000c5cef6c8) 
thrown [s\src\hotspot\share\interpreter\linkResolver.cpp, line 804]
Event: 166.819 Thread 0x000002acad97d630 Exception <a 'java/lang/NoSuchMethodError'{0x00000000c69d8df8}: 'int java.lang.invoke.DirectMethodHandle$Holder.invokeStatic(java.lang.Object, java.lang.Object, java.lang.Object, java.lang.Object)'> (0x00000000c69d8df8) 
thrown [s\src\hotspot\share\interpreter\linkResolver.cpp, line 804]
Event: 171.553 Thread 0x000002acad97d630 Exception <a 'java/lang/NoSuchMethodError'{0x00000000c69fee20}: 'int java.lang.invoke.DirectMethodHandle$Holder.invokeSpecialIFC(java.lang.Object, java.lang.Object, java.lang.Object, java.lang.Object, java.lang.Object)'> (0x00000000c69fee20) 
thrown [s\src\hotspot\share\interpreter\linkResolver.cpp, line 804]
Event: 198.323 Thread 0x000002acad97d630 Exception <a 'java/lang/NoSuchMethodError'{0x00000000c67d4118}: 'java.lang.Object java.lang.invoke.DirectMethodHandle$Holder.newInvokeSpecial(java.lang.Object, java.lang.Object, java.lang.Object, java.lang.Object, java.lang.Object)'> (0x00000000c67d4118) 
thrown [s\src\hotspot\share\interpreter\linkResolver.cpp, line 804]
Event: 212.189 Thread 0x000002acad97d630 Exception <a 'java/lang/NoSuchMethodError'{0x00000000c66eeda8}: 'int java.lang.invoke.DirectMethodHandle$Holder.invokeStaticInit(java.lang.Object, java.lang.Object)'> (0x00000000c66eeda8) 
thrown [s\src\hotspot\share\interpreter\linkResolver.cpp, line 804]
Event: 214.447 Thread 0x000002acad97d630 Exception <a 'java/lang/NoClassDefFoundError'{0x00000000c6528df0}: javax/enterprise/inject/Typed> (0x00000000c6528df0) 
thrown [s\src\hotspot\share\classfile\systemDictionary.cpp, line 316]

VM Operations (16 events):
Event: 23.918 Executing non-safepoint VM operation: HandshakeAllThreads (Deoptimize)
Event: 23.918 Executing non-safepoint VM operation: HandshakeAllThreads (Deoptimize) done
Event: 40.140 Executing non-safepoint VM operation: HandshakeAllThreads (Deoptimize)
Event: 40.140 Executing non-safepoint VM operation: HandshakeAllThreads (Deoptimize) done
Event: 46.056 Executing non-safepoint VM operation: HandshakeAllThreads (Deoptimize)
Event: 101.057 Executing non-safepoint VM operation: HandshakeAllThreads (Deoptimize) done
Event: 159.093 Executing safepoint VM operation: G1CollectForAllocation (G1 Evacuation Pause)
Event: 164.427 Executing safepoint VM operation: G1CollectForAllocation (G1 Evacuation Pause) done
Event: 166.827 Executing non-safepoint VM operation: HandshakeAllThreads (Deoptimize)
Event: 166.827 Executing non-safepoint VM operation: HandshakeAllThreads (Deoptimize) done
Event: 241.204 Executing non-safepoint VM operation: HandshakeAllThreads (HandshakeForDeflation)
Event: 251.010 Executing non-safepoint VM operation: HandshakeAllThreads (HandshakeForDeflation) done
Event: 251.010 Executing non-safepoint VM operation: RendezvousGCThreads
Event: 251.010 Executing non-safepoint VM operation: RendezvousGCThreads done
Event: 378.113 Executing safepoint VM operation: G1CollectForAllocation (G1 Evacuation Pause)
Event: 378.588 Executing safepoint VM operation: G1CollectForAllocation (G1 Evacuation Pause) done

Memory protections (0 events):
No events

Nmethod flushes (0 events):
No events

Events (13 events):
Event: 5.969 Thread 0x000002acad97d630 Thread added: 0x000002acad97d630
Event: 11.124 Thread 0x000002acad97d630 Thread added: 0x000002accaaaf850
Event: 11.125 Thread 0x000002acad97d630 Thread added: 0x000002accaab1100
Event: 11.673 Thread 0x000002acad97d630 Thread added: 0x000002accaab4650
Event: 11.673 Thread 0x000002acad97d630 Thread added: 0x000002accaab5210
Event: 12.094 Thread 0x000002acad97d630 Thread added: 0x000002accaab97c0
Event: 12.094 Thread 0x000002acad97d630 Thread added: 0x000002accaaba380
Event: 12.094 Thread 0x000002acad97d630 Thread added: 0x000002accaabd280
Event: 12.769 Thread 0x000002acad97d630 Thread added: 0x000002accaacd550
Event: 19.638 Thread 0x000002acad97d630 Thread added: 0x000002accac11380
Event: 22.632 Thread 0x000002acad97d630 Thread added: 0x000002accac239d0
Event: 40.300 Thread 0x000002acad97d630 Thread added: 0x000002accabdb460
Event: 164.438 Thread 0x000002accabdb460 Thread exited: 0x000002accabdb460


Dynamic libraries:
0x00007ff61ab00000 - 0x00007ff61ab0e000 	C:\Program Files\Apache NetBeans\jdk\bin\java.exe
0x00007ffea0ee0000 - 0x00007ffea1147000 	C:\WINDOWS\SYSTEM32\ntdll.dll
0x00007ffe9fee0000 - 0x00007ffe9ffa9000 	C:\WINDOWS\System32\KERNEL32.DLL
0x00007ffe9dbe0000 - 0x00007ffe9dfd4000 	C:\WINDOWS\System32\KERNELBASE.dll
0x00007ffe9e110000 - 0x00007ffe9e25b000 	C:\WINDOWS\System32\ucrtbase.dll
0x00007ffe806e0000 - 0x00007ffe806f6000 	C:\Program Files\Apache NetBeans\jdk\bin\jli.dll
0x00007ffe9ed70000 - 0x00007ffe9ef35000 	C:\WINDOWS\System32\USER32.dll
0x00007ffe9eb90000 - 0x00007ffe9ebb7000 	C:\WINDOWS\System32\win32u.dll
0x00007ffea09d0000 - 0x00007ffea09fb000 	C:\WINDOWS\System32\GDI32.dll
0x00007ffe9dfe0000 - 0x00007ffe9e10a000 	C:\WINDOWS\System32\gdi32full.dll
0x00007ffe9ebc0000 - 0x00007ffe9ec63000 	C:\WINDOWS\System32\msvcp_win.dll
0x00007ffe91b10000 - 0x00007ffe91b2e000 	C:\Program Files\Apache NetBeans\jdk\bin\VCRUNTIME140.dll
0x00007ffe8ba70000 - 0x00007ffe8bd03000 	C:\WINDOWS\WinSxS\amd64_microsoft.windows.common-controls_6595b64144ccf1df_6.0.26100.8115_none_3e075c82e3354f9c\COMCTL32.dll
0x00007ffea0400000 - 0x00007ffea04a9000 	C:\WINDOWS\System32\msvcrt.dll
0x00007ffe9fd40000 - 0x00007ffe9fd72000 	C:\WINDOWS\System32\IMM32.DLL
0x00007ffe8bdb0000 - 0x00007ffe8bdbc000 	C:\Program Files\Apache NetBeans\jdk\bin\vcruntime140_1.dll
0x00007ffe68510000 - 0x00007ffe6859d000 	C:\Program Files\Apache NetBeans\jdk\bin\msvcp140.dll
0x00007ffe2ca00000 - 0x00007ffe2d926000 	C:\Program Files\Apache NetBeans\jdk\bin\server\jvm.dll
0x00007ffea0660000 - 0x00007ffea0716000 	C:\WINDOWS\System32\ADVAPI32.dll
0x00007ffea04b0000 - 0x00007ffea0557000 	C:\WINDOWS\System32\sechost.dll
0x00007ffe9f250000 - 0x00007ffe9f368000 	C:\WINDOWS\System32\RPCRT4.dll
0x00007ffea0940000 - 0x00007ffea09c0000 	C:\WINDOWS\System32\WS2_32.dll
0x00007ffe9d610000 - 0x00007ffe9d66e000 	C:\WINDOWS\SYSTEM32\POWRPROF.dll
0x00007ffe7a540000 - 0x00007ffe7a576000 	C:\WINDOWS\SYSTEM32\WINMM.dll
0x00007ffe8c650000 - 0x00007ffe8c65b000 	C:\WINDOWS\SYSTEM32\VERSION.dll
0x00007ffe9d5f0000 - 0x00007ffe9d604000 	C:\WINDOWS\SYSTEM32\UMPDC.dll
0x00007ffe9c540000 - 0x00007ffe9c55b000 	C:\WINDOWS\SYSTEM32\kernel.appcore.dll
0x00007ffe8bda0000 - 0x00007ffe8bdaa000 	C:\Program Files\Apache NetBeans\jdk\bin\jimage.dll
0x00007ffe9b6f0000 - 0x00007ffe9b932000 	C:\WINDOWS\SYSTEM32\DBGHELP.DLL
0x00007ffe9ffb0000 - 0x00007ffea0332000 	C:\WINDOWS\System32\combase.dll
0x00007ffe9f400000 - 0x00007ffe9f4d7000 	C:\WINDOWS\System32\OLEAUT32.dll
0x00007ffe8c3b0000 - 0x00007ffe8c3eb000 	C:\WINDOWS\SYSTEM32\dbgcore.DLL
0x00007ffe9d9c0000 - 0x00007ffe9da65000 	C:\WINDOWS\System32\bcryptPrimitives.dll
0x00007ffe80700000 - 0x00007ffe8071e000 	C:\Program Files\Apache NetBeans\jdk\bin\java.dll
0x00007ffea0790000 - 0x00007ffea0927000 	C:\WINDOWS\System32\ole32.dll
0x00007ffe9f570000 - 0x00007ffe9fcd6000 	C:\WINDOWS\System32\SHELL32.dll
0x00007ffe9da70000 - 0x00007ffe9dbda000 	C:\WINDOWS\System32\wintypes.dll
0x00007ffe9e260000 - 0x00007ffe9eac5000 	C:\WINDOWS\System32\windows.storage.dll
0x00007ffe9ef40000 - 0x00007ffe9f037000 	C:\WINDOWS\System32\SHCORE.dll
0x00007ffea0720000 - 0x00007ffea0786000 	C:\WINDOWS\System32\shlwapi.dll
0x00007ffe9d6d0000 - 0x00007ffe9d6f9000 	C:\WINDOWS\SYSTEM32\profapi.dll
0x00007ffe76930000 - 0x00007ffe76941000 	C:\Program Files\Apache NetBeans\jdk\bin\net.dll
0x00007ffe9cab0000 - 0x00007ffe9cb1c000 	C:\WINDOWS\system32\mswsock.dll
0x00007ffe685a0000 - 0x00007ffe685b6000 	C:\Program Files\Apache NetBeans\jdk\bin\nio.dll
0x00007ffe76950000 - 0x00007ffe76967000 	C:\Program Files\Apache NetBeans\jdk\bin\zip.dll
0x00007ffe7bf10000 - 0x00007ffe7bf34000 	C:\Program Files\Apache NetBeans\java\maven\lib\jansi-native\Windows\x86_64\jansi.dll
0x00007ffe87100000 - 0x00007ffe87110000 	C:\Program Files\Apache NetBeans\jdk\bin\verify.dll

JVMTI agents: none

dbghelp: loaded successfully - version: 4.0.5 - missing functions: none
symbol engine: initialized successfully - sym options: 0x614 - pdb path: .;C:\Program Files\Apache NetBeans\jdk\bin;C:\WINDOWS\SYSTEM32;C:\WINDOWS\WinSxS\amd64_microsoft.windows.common-controls_6595b64144ccf1df_6.0.26100.8115_none_3e075c82e3354f9c;C:\Program Files\Apache NetBeans\jdk\bin\server;C:\Program Files\Apache NetBeans\java\maven\lib\jansi-native\Windows\x86_64

VM Arguments:
jvm_args: --enable-native-access=ALL-UNNAMED -Dclassworlds.conf=C:\Program Files\Apache NetBeans\java\maven\bin\m2.conf -Dmaven.home=C:\Program Files\Apache NetBeans\java\maven -Dlibrary.jansi.path=C:\Program Files\Apache NetBeans\java\maven\lib\jansi-native -Dmaven.multiModuleProjectDirectory=C:\Users\ASUS\Documents\NetBeansProjects\Lubiproject1 
java_command: org.codehaus.plexus.classworlds.launcher.Launcher -Dmaven.ext.class.path=C:\Program Files\Apache NetBeans\java\maven-nblib\netbeans-eventspy.jar --no-transfer-progress install
java_class_path (initial): C:\Program Files\Apache NetBeans\java\maven\boot\plexus-classworlds-2.9.0.jar
Launcher Type: SUN_STANDARD

[Global flags]
     intx CICompilerCount                          = 2                                         {product} {ergonomic}
     uint ConcGCThreads                            = 1                                         {product} {ergonomic}
     uint G1ConcRefinementThreads                  = 2                                         {product} {ergonomic}
   size_t G1HeapRegionSize                         = 1048576                                   {product} {ergonomic}
   size_t InitialHeapSize                          = 65011712                                  {product} {ergonomic}
   size_t MarkStackSize                            = 4194304                                   {product} {ergonomic}
   size_t MarkStackSizeMax                         = 536870912                                 {product} {ergonomic}
   size_t MaxHeapSize                              = 1027604480                                {product} {ergonomic}
   size_t MaxNewSize                               = 616562688                                 {product} {ergonomic}
   size_t MinHeapDeltaBytes                        = 1048576                                   {product} {ergonomic}
   size_t MinHeapSize                              = 8388608                                   {product} {ergonomic}
    uintx NonNMethodCodeHeapSize                   = 5767168                                {pd product} {ergonomic}
    uintx NonProfiledCodeHeapSize                  = 123011072                              {pd product} {ergonomic}
    uintx ProfiledCodeHeapSize                     = 122880000                              {pd product} {ergonomic}
    uintx ReservedCodeCacheSize                    = 251658240                              {pd product} {ergonomic}
     bool SegmentedCodeCache                       = true                                      {product} {ergonomic}
   size_t SoftMaxHeapSize                          = 1027604480                             {manageable} {ergonomic}
     bool UseCompressedOops                        = true                           {product lp64_product} {ergonomic}
     bool UseG1GC                                  = true                                      {product} {ergonomic}
     bool UseLargePagesIndividualAllocation        = false                                  {pd product} {ergonomic}

Logging:
Log output configuration:
 #0: stdout all=warning uptime,level,tags foldmultilines=false
 #1: stderr all=off uptime,level,tags foldmultilines=false

Release file:
IMPLEMENTOR="Eclipse Adoptium" 
IMPLEMENTOR_VERSION="Temurin-25.0.2+10" 
JAVA_RUNTIME_VERSION="25.0.2+10-LTS" 
JAVA_VERSION="25.0.2" 
JAVA_VERSION_DATE="2026-01-20" 
LIBC="default" 
MODULES="java.base java.compiler java.datatransfer java.xml java.prefs java.desktop java.instrument java.logging java.management java.security.sasl java.naming java.rmi java.management.rmi java.net.http java.scripting java.security.jgss java.transaction.xa java.sql java.sql.rowset java.xml.crypto java.se java.smartcardio jdk.accessibility jdk.internal.jvmstat jdk.attach jdk.charsets jdk.internal.opt jdk.zipfs jdk.compiler jdk.crypto.cryptoki jdk.crypto.ec jdk.crypto.mscapi jdk.dynalink jdk.internal.ed jdk.editpad jdk.internal.vm.ci jdk.graal.compiler jdk.graal.compiler.management jdk.hotspot.agent jdk.httpserver jdk.incubator.vector jdk.internal.le jdk.internal.md jdk.jartool jdk.javadoc jdk.jcmd jdk.management jdk.management.agent jdk.jconsole jdk.jdeps jdk.jdwp.agent jdk.jdi jdk.jfr jdk.jlink jdk.jpackage jdk.jshell jdk.jsobject jdk.jstatd jdk.localedata jdk.management.jfr jdk.naming.dns jdk.naming.rmi jdk.net jdk.nio.mapmode jdk.sctp jdk.security.auth jdk.security.jgss jdk.unsupported jdk.unsupported.desktop jdk.xml.dom" 
OS_ARCH="x86_64" 
OS_NAME="Windows" 
SOURCE=".:git:9e3c947043a4" 
BUILD_SOURCE="git:458965074606f027bd5afce2cfd5c1055dea0438"
BUILD_SOURCE_REPO="https://github.com/adoptium/temurin-build.git"
SOURCE_REPO="https://github.com/adoptium/jdk25u.git"
FULL_VERSION="25.0.2+10-LTS"
SEMANTIC_VERSION="25.0.2+10"
BUILD_INFO="OS: Windows Server 2022 Version: 10.0"
JVM_VARIANT="Hotspot"
JVM_VERSION="25.0.2+10-LTS"
IMAGE_TYPE="JDK"

Environment Variables:
JAVA_HOME=C:\Program Files\Apache NetBeans\jdk
PATH=C:\WINDOWS\system32;C:\WINDOWS;C:\WINDOWS\System32\Wbem;C:\WINDOWS\System32\WindowsPowerShell\v1.0\;C:\WINDOWS\System32\OpenSSH\;C:\Program Files\Git\cmd;C:\Users\ASUS\AppData\Local\Microsoft\WindowsApps;;C:\Program Files\Apache NetBeans\bin\
USERNAME=ASUS
OS=Windows_NT
PROCESSOR_IDENTIFIER=Intel64 Family 6 Model 122 Stepping 1, GenuineIntel
TMP=C:\Users\ASUS\AppData\Local\Temp
TEMP=C:\Users\ASUS\AppData\Local\Temp




Compilation memory statistics disabled.

Periodic native trim disabled

---------------  S Y S T E M  ---------------

OS:
 Windows 11 , 64 bit Build 26100 (10.0.26100.8115)
OS uptime: 0 days 4:19 hours

CPU: total 2 (initial active 2) (2 cores per cpu, 1 threads per core) family 6 model 122 stepping 1 microcode 0x34, cx8, cmov, fxsr, mmx, 3dnowpref, sse, sse2, sse3, ssse3, sse4.1, sse4.2, popcnt, tsc, tscinvbit, aes, erms, clmul, sha, clflush, clflushopt, rdtscp, rdpid
Processor Information for the first 2 processors :
  Max Mhz: 1101, Current Mhz: 1101, Mhz Limit: 1101

Memory: 4k page, system-wide physical 3919M (131M free)
TotalPageFile size 15695M (AvailPageFile size 388M)
current process WorkingSet (physical memory assigned to process): 27M, peak: 40M
current process commit charge ("private bytes"): 141M, peak: 147M

vm_info: OpenJDK 64-Bit Server VM (25.0.2+10-LTS) for windows-amd64 JRE (25.0.2+10-LTS), built on 2026-01-20T00:00:00Z with MS VC++ 17.12 (VS2022)

END.
