#
# There is insufficient memory for the Java Runtime Environment to continue.
# Native memory allocation (malloc) failed to allocate 562456 bytes. Error detail: Chunk::new
# Possible reasons:
#   The system is out of physical RAM or swap space
#   This process is running with CompressedOops enabled, and the Java Heap may be blocking the growth of the native heap
# Possible solutions:
#   Reduce memory load on the system
#   Increase physical memory or swap space
#   Check if swap backing store is full
#   Decrease Java heap size (-Xmx/-Xms)
#   Decrease number of Java threads
#   Decrease Java thread stack sizes (-Xss)
#   Set larger code cache with -XX:ReservedCodeCacheSize=
#   JVM is running with Unscaled Compressed Oops mode in which the Java heap is
#     placed in the first 4GB address space. The Java Heap base address is the
#     maximum limit for the native heap growth. Please use -XX:HeapBaseMinAddress
#     to set the Java Heap base and to place the Java Heap above 4GB virtual address.
# This output file may be truncated or incomplete.
#
#  Out of Memory Error (arena.cpp:186), pid=24872, tid=6204
#
# JRE version: OpenJDK Runtime Environment Temurin-25.0.2+10 (25.0.2+10) (build 25.0.2+10-LTS)
# Java VM: OpenJDK 64-Bit Server VM Temurin-25.0.2+10 (25.0.2+10-LTS, mixed mode, tiered, compressed oops, compressed class ptrs, g1 gc, windows-amd64)
# No core dump will be written. Minidumps are not enabled by default on client versions of Windows
#

---------------  S U M M A R Y ------------

Command Line: --enable-native-access=ALL-UNNAMED -Dclassworlds.conf=C:\Program Files\Apache NetBeans\java\maven\bin\m2.conf -Dmaven.home=C:\Program Files\Apache NetBeans\java\maven -Dlibrary.jansi.path=C:\Program Files\Apache NetBeans\java\maven\lib\jansi-native -Dmaven.multiModuleProjectDirectory=C:\Users\ASUS\Documents\NetBeansProjects\Lubiproject1 org.codehaus.plexus.classworlds.launcher.Launcher -Dmaven.ext.class.path=C:\Program Files\Apache NetBeans\java\maven-nblib\netbeans-eventspy.jar --no-transfer-progress install

Host: Intel(R) Celeron(R) N4000 CPU @ 1.10GHz, 2 cores, 3G,  Windows 11 , 64 bit Build 26100 (10.0.26100.8115)
Time: Fri Apr  3 20:27:25 2026 SE Asia Standard Time elapsed time: 423.848650 seconds (0d 0h 7m 3s)

---------------  T H R E A D  ---------------

Current thread (0x000001d4b480bb70):  JavaThread "C2 CompilerThread0" daemon [_thread_in_native, id=6204, stack(0x00000014aa700000,0x00000014aa800000) (1024K)]


Current CompileTask:
C2:423852 1644       4       java.util.jar.JarFile::match (132 bytes)

Stack: [0x00000014aa700000,0x00000014aa800000]
Native frames: (J=compiled Java code, j=interpreted, Vv=VM code, C=native code)
V  [jvm.dll+0x7a8bc9]  (no source info available)
V  [jvm.dll+0x77310d]  (no source info available)
V  [jvm.dll+0x9f55f3]  (no source info available)
V  [jvm.dll+0x9f7be1]  (no source info available)
V  [jvm.dll+0x9f82f3]  (no source info available)
V  [jvm.dll+0x2fce26]  (no source info available)
V  [jvm.dll+0x111076]  (no source info available)
V  [jvm.dll+0x11139e]  (no source info available)
V  [jvm.dll+0x19fff2]  (no source info available)
V  [jvm.dll+0x3b5f62]  (no source info available)
V  [jvm.dll+0x7ae53c]  (no source info available)
V  [jvm.dll+0x2c0407]  (no source info available)
V  [jvm.dll+0x2bf3cf]  (no source info available)
V  [jvm.dll+0x237140]  (no source info available)
V  [jvm.dll+0x2cf4c6]  (no source info available)
V  [jvm.dll+0x2cd74a]  (no source info available)
V  [jvm.dll+0x48fbee]  (no source info available)
V  [jvm.dll+0x996b0d]  (no source info available)
V  [jvm.dll+0x7a71a5]  (no source info available)
C  [ucrtbase.dll+0x37b0]  (no source info available)
C  [KERNEL32.DLL+0x2e8d7]  (no source info available)
C  [ntdll.dll+0x8c3fc]  (no source info available)

Lock stack of current Java thread (top to bottom):


---------------  P R O C E S S  ---------------

Threads class SMR info:
_java_thread_list=0x000001d4b921fed0, length=11, elements={
0x000001d49768d630, 0x000001d4b47fe590, 0x000001d4b4804030, 0x000001d4b4805b60,
0x000001d4b4806870, 0x000001d4b48080b0, 0x000001d4b4808c70, 0x000001d4b480bb70,
0x000001d4b487e9d0, 0x000001d4b4997bc0, 0x000001d4b49a2bf0
}

Java Threads: ( => current thread )
  0x000001d49768d630 JavaThread "main"                              [_thread_in_native, id=23928, stack(0x00000014a9800000,0x00000014a9900000) (1024K)]
  0x000001d4b47fe590 JavaThread "Reference Handler"          daemon [_thread_blocked, id=18676, stack(0x00000014aa100000,0x00000014aa200000) (1024K)]
  0x000001d4b4804030 JavaThread "Finalizer"                  daemon [_thread_blocked, id=22972, stack(0x00000014aa200000,0x00000014aa300000) (1024K)]
  0x000001d4b4805b60 JavaThread "Signal Dispatcher"          daemon [_thread_blocked, id=7844, stack(0x00000014aa300000,0x00000014aa400000) (1024K)]
  0x000001d4b4806870 JavaThread "Attach Listener"            daemon [_thread_blocked, id=12212, stack(0x00000014aa400000,0x00000014aa500000) (1024K)]
  0x000001d4b48080b0 JavaThread "Service Thread"             daemon [_thread_blocked, id=6860, stack(0x00000014aa500000,0x00000014aa600000) (1024K)]
  0x000001d4b4808c70 JavaThread "Monitor Deflation Thread"   daemon [_thread_blocked, id=11508, stack(0x00000014aa600000,0x00000014aa700000) (1024K)]
=>0x000001d4b480bb70 JavaThread "C2 CompilerThread0"         daemon [_thread_in_native, id=6204, stack(0x00000014aa700000,0x00000014aa800000) (1024K)]
  0x000001d4b487e9d0 JavaThread "C1 CompilerThread0"         daemon [_thread_blocked, id=12164, stack(0x00000014aa800000,0x00000014aa900000) (1024K)]
  0x000001d4b4997bc0 JavaThread "Notification Thread"        daemon [_thread_blocked, id=23492, stack(0x00000014aa900000,0x00000014aaa00000) (1024K)]
  0x000001d4b49a2bf0 JavaThread "Common-Cleaner"             daemon [_thread_blocked, id=25080, stack(0x00000014aaa00000,0x00000014aab00000) (1024K)]
Total: 11

Other Threads:
  0x000001d4b47aaa60 VMThread "VM Thread"                           [id=10284, stack(0x00000014aa000000,0x00000014aa100000) (1024K)]
  0x000001d4b478c840 WatcherThread "VM Periodic Task Thread"        [id=23524, stack(0x00000014a9f00000,0x00000014aa000000) (1024K)]
  0x000001d499a855a0 WorkerThread "GC Thread#0"                     [id=28416, stack(0x00000014a9a00000,0x00000014a9b00000) (1024K)]
  0x000001d4b90c5220 WorkerThread "GC Thread#1"                     [id=27956, stack(0x00000014a9700000,0x00000014a9800000) (1024K)]
  0x000001d499a91e30 ConcurrentGCThread "G1 Main Marker"            [id=28652, stack(0x00000014a9b00000,0x00000014a9c00000) (1024K)]
  0x000001d499a929d0 WorkerThread "G1 Conc#0"                       [id=24648, stack(0x00000014a9c00000,0x00000014a9d00000) (1024K)]
  0x000001d499aafa80 ConcurrentGCThread "G1 Refine#0"               [id=9844, stack(0x00000014a9d00000,0x00000014a9e00000) (1024K)]
  0x000001d499ab2910 ConcurrentGCThread "G1 Service"                [id=5208, stack(0x00000014a9e00000,0x00000014a9f00000) (1024K)]
Total: 8

Threads with active compile tasks:
C2 CompilerThread0  431536 1644       4       java.util.jar.JarFile::match (132 bytes)
Total: 1

VM state: not at safepoint (normal execution)

VM Mutex/Monitor currently owned by a thread: None

Heap address: 0x00000000c2c00000, size: 980 MB, Compressed Oops mode: 32-bit

CDS archive(s) not mapped
Compressed class space mapped at: 0x0000000029000000-0x0000000069000000, reserved size: 1073741824
UseCompressedClassPointers 1, UseCompactObjectHeaders 0
Narrow klass pointer bits 32, Max shift 3
Narrow klass base: 0x0000000000000000, Narrow klass shift: 0
Encoding Range: [0x0000000000000000 - 0x0000000100000000), (4294967296 bytes)
Klass Range:    [0x0000000029000000 - 0x0000000069000000), (1073741824 bytes)
Klass ID Range:  [687865856 - 1761607673) (1073741817)
No protection zone.

GC Precious Log:
 CardTable entry size: 512
 Card Set container configuration: InlinePtr #cards 5 size 8 Array Of Cards #cards 10 size 36 Howl #buckets 4 coarsen threshold 1843 Howl Bitmap #cards 512 size 80 coarsen threshold 460 Card regions per heap region 1 cards per card region 2048
 CPUs: 2 total, 2 available
 Memory: 3919M
 Large Page Support: Disabled
 NUMA Support: Disabled
 Compressed Oops: Enabled (32-bit)
 Heap Region Size: 1M
 Heap Min Capacity: 8M
 Heap Initial Capacity: 62M
 Heap Max Capacity: 980M
 Pre-touch: Disabled
 Parallel Workers: 2
 Concurrent Workers: 1
 Concurrent Refinement Workers: 2
 Periodic GC: Disabled

Heap:
 garbage-first heap   total reserved 1003520K, committed 63488K, used 24832K [0x00000000c2c00000, 0x0000000100000000)
  region size 1024K, 25 young (25600K), 2 survivors (2048K)

Heap Regions: E=young(eden), S=young(survivor), O=old, HS=humongous(starts), HC=humongous(continues), CS=collection set, F=free, TAMS=top-at-mark-start, PB=parsable bottom
|   0|0x00000000c2c00000, 0x00000000c2d00000, 0x00000000c2d00000|100%| O|  |TAMS 0x00000000c2c00000| PB 0x00000000c2c00000| Untracked |  0
|   1|0x00000000c2d00000, 0x00000000c2d40000, 0x00000000c2e00000| 25%| O|  |TAMS 0x00000000c2d00000| PB 0x00000000c2d00000| Untracked |  0
|   2|0x00000000c2e00000, 0x00000000c2e00000, 0x00000000c2f00000|  0%| F|  |TAMS 0x00000000c2e00000| PB 0x00000000c2e00000| Untracked |  0
|   3|0x00000000c2f00000, 0x00000000c2f00000, 0x00000000c3000000|  0%| F|  |TAMS 0x00000000c2f00000| PB 0x00000000c2f00000| Untracked |  0
|   4|0x00000000c3000000, 0x00000000c3000000, 0x00000000c3100000|  0%| F|  |TAMS 0x00000000c3000000| PB 0x00000000c3000000| Untracked |  0
|   5|0x00000000c3100000, 0x00000000c3100000, 0x00000000c3200000|  0%| F|  |TAMS 0x00000000c3100000| PB 0x00000000c3100000| Untracked |  0
|   6|0x00000000c3200000, 0x00000000c3200000, 0x00000000c3300000|  0%| F|  |TAMS 0x00000000c3200000| PB 0x00000000c3200000| Untracked |  0
|   7|0x00000000c3300000, 0x00000000c3300000, 0x00000000c3400000|  0%| F|  |TAMS 0x00000000c3300000| PB 0x00000000c3300000| Untracked |  0
|   8|0x00000000c3400000, 0x00000000c3400000, 0x00000000c3500000|  0%| F|  |TAMS 0x00000000c3400000| PB 0x00000000c3400000| Untracked |  0
|   9|0x00000000c3500000, 0x00000000c3500000, 0x00000000c3600000|  0%| F|  |TAMS 0x00000000c3500000| PB 0x00000000c3500000| Untracked |  0
|  10|0x00000000c3600000, 0x00000000c3600000, 0x00000000c3700000|  0%| F|  |TAMS 0x00000000c3600000| PB 0x00000000c3600000| Untracked |  0
|  11|0x00000000c3700000, 0x00000000c3700000, 0x00000000c3800000|  0%| F|  |TAMS 0x00000000c3700000| PB 0x00000000c3700000| Untracked |  0
|  12|0x00000000c3800000, 0x00000000c3800000, 0x00000000c3900000|  0%| F|  |TAMS 0x00000000c3800000| PB 0x00000000c3800000| Untracked |  0
|  13|0x00000000c3900000, 0x00000000c3900000, 0x00000000c3a00000|  0%| F|  |TAMS 0x00000000c3900000| PB 0x00000000c3900000| Untracked |  0
|  14|0x00000000c3a00000, 0x00000000c3a00000, 0x00000000c3b00000|  0%| F|  |TAMS 0x00000000c3a00000| PB 0x00000000c3a00000| Untracked |  0
|  15|0x00000000c3b00000, 0x00000000c3b00000, 0x00000000c3c00000|  0%| F|  |TAMS 0x00000000c3b00000| PB 0x00000000c3b00000| Untracked |  0
|  16|0x00000000c3c00000, 0x00000000c3c00000, 0x00000000c3d00000|  0%| F|  |TAMS 0x00000000c3c00000| PB 0x00000000c3c00000| Untracked |  0
|  17|0x00000000c3d00000, 0x00000000c3d00000, 0x00000000c3e00000|  0%| F|  |TAMS 0x00000000c3d00000| PB 0x00000000c3d00000| Untracked |  0
|  18|0x00000000c3e00000, 0x00000000c3e00000, 0x00000000c3f00000|  0%| F|  |TAMS 0x00000000c3e00000| PB 0x00000000c3e00000| Untracked |  0
|  19|0x00000000c3f00000, 0x00000000c3f00000, 0x00000000c4000000|  0%| F|  |TAMS 0x00000000c3f00000| PB 0x00000000c3f00000| Untracked |  0
|  20|0x00000000c4000000, 0x00000000c4000000, 0x00000000c4100000|  0%| F|  |TAMS 0x00000000c4000000| PB 0x00000000c4000000| Untracked |  0
|  21|0x00000000c4100000, 0x00000000c4100000, 0x00000000c4200000|  0%| F|  |TAMS 0x00000000c4100000| PB 0x00000000c4100000| Untracked |  0
|  22|0x00000000c4200000, 0x00000000c4200000, 0x00000000c4300000|  0%| F|  |TAMS 0x00000000c4200000| PB 0x00000000c4200000| Untracked |  0
|  23|0x00000000c4300000, 0x00000000c4300000, 0x00000000c4400000|  0%| F|  |TAMS 0x00000000c4300000| PB 0x00000000c4300000| Untracked |  0
|  24|0x00000000c4400000, 0x00000000c4400000, 0x00000000c4500000|  0%| F|  |TAMS 0x00000000c4400000| PB 0x00000000c4400000| Untracked |  0
|  25|0x00000000c4500000, 0x00000000c4500000, 0x00000000c4600000|  0%| F|  |TAMS 0x00000000c4500000| PB 0x00000000c4500000| Untracked |  0
|  26|0x00000000c4600000, 0x00000000c4600000, 0x00000000c4700000|  0%| F|  |TAMS 0x00000000c4600000| PB 0x00000000c4600000| Untracked |  0
|  27|0x00000000c4700000, 0x00000000c4700000, 0x00000000c4800000|  0%| F|  |TAMS 0x00000000c4700000| PB 0x00000000c4700000| Untracked |  0
|  28|0x00000000c4800000, 0x00000000c4800000, 0x00000000c4900000|  0%| F|  |TAMS 0x00000000c4800000| PB 0x00000000c4800000| Untracked |  0
|  29|0x00000000c4900000, 0x00000000c4900000, 0x00000000c4a00000|  0%| F|  |TAMS 0x00000000c4900000| PB 0x00000000c4900000| Untracked |  0
|  30|0x00000000c4a00000, 0x00000000c4a00000, 0x00000000c4b00000|  0%| F|  |TAMS 0x00000000c4a00000| PB 0x00000000c4a00000| Untracked |  0
|  31|0x00000000c4b00000, 0x00000000c4b00000, 0x00000000c4c00000|  0%| F|  |TAMS 0x00000000c4b00000| PB 0x00000000c4b00000| Untracked |  0
|  32|0x00000000c4c00000, 0x00000000c4c00000, 0x00000000c4d00000|  0%| F|  |TAMS 0x00000000c4c00000| PB 0x00000000c4c00000| Untracked |  0
|  33|0x00000000c4d00000, 0x00000000c4d00000, 0x00000000c4e00000|  0%| F|  |TAMS 0x00000000c4d00000| PB 0x00000000c4d00000| Untracked |  0
|  34|0x00000000c4e00000, 0x00000000c4e00000, 0x00000000c4f00000|  0%| F|  |TAMS 0x00000000c4e00000| PB 0x00000000c4e00000| Untracked |  0
|  35|0x00000000c4f00000, 0x00000000c4f00000, 0x00000000c5000000|  0%| F|  |TAMS 0x00000000c4f00000| PB 0x00000000c4f00000| Untracked |  0
|  36|0x00000000c5000000, 0x00000000c5000000, 0x00000000c5100000|  0%| F|  |TAMS 0x00000000c5000000| PB 0x00000000c5000000| Untracked |  0
|  37|0x00000000c5100000, 0x00000000c513a8a0, 0x00000000c5200000| 22%| E|  |TAMS 0x00000000c5100000| PB 0x00000000c5100000| Complete |  0
|  38|0x00000000c5200000, 0x00000000c5300000, 0x00000000c5300000|100%| E|CS|TAMS 0x00000000c5200000| PB 0x00000000c5200000| Complete |  0
|  39|0x00000000c5300000, 0x00000000c5400000, 0x00000000c5400000|100%| E|CS|TAMS 0x00000000c5300000| PB 0x00000000c5300000| Complete |  0
|  40|0x00000000c5400000, 0x00000000c5500000, 0x00000000c5500000|100%| E|CS|TAMS 0x00000000c5400000| PB 0x00000000c5400000| Complete |  0
|  41|0x00000000c5500000, 0x00000000c5600000, 0x00000000c5600000|100%| E|CS|TAMS 0x00000000c5500000| PB 0x00000000c5500000| Complete |  0
|  42|0x00000000c5600000, 0x00000000c5700000, 0x00000000c5700000|100%| E|CS|TAMS 0x00000000c5600000| PB 0x00000000c5600000| Complete |  0
|  43|0x00000000c5700000, 0x00000000c5800000, 0x00000000c5800000|100%| E|CS|TAMS 0x00000000c5700000| PB 0x00000000c5700000| Complete |  0
|  44|0x00000000c5800000, 0x00000000c5900000, 0x00000000c5900000|100%| E|CS|TAMS 0x00000000c5800000| PB 0x00000000c5800000| Complete |  0
|  45|0x00000000c5900000, 0x00000000c5a00000, 0x00000000c5a00000|100%| E|  |TAMS 0x00000000c5900000| PB 0x00000000c5900000| Complete |  0
|  46|0x00000000c5a00000, 0x00000000c5b00000, 0x00000000c5b00000|100%| S|CS|TAMS 0x00000000c5a00000| PB 0x00000000c5a00000| Complete |  0
|  47|0x00000000c5b00000, 0x00000000c5c00000, 0x00000000c5c00000|100%| S|CS|TAMS 0x00000000c5b00000| PB 0x00000000c5b00000| Complete |  0
|  48|0x00000000c5c00000, 0x00000000c5d00000, 0x00000000c5d00000|100%| E|CS|TAMS 0x00000000c5c00000| PB 0x00000000c5c00000| Complete |  0
|  49|0x00000000c5d00000, 0x00000000c5e00000, 0x00000000c5e00000|100%| E|CS|TAMS 0x00000000c5d00000| PB 0x00000000c5d00000| Complete |  0
|  50|0x00000000c5e00000, 0x00000000c5f00000, 0x00000000c5f00000|100%| E|CS|TAMS 0x00000000c5e00000| PB 0x00000000c5e00000| Complete |  0
|  51|0x00000000c5f00000, 0x00000000c6000000, 0x00000000c6000000|100%| E|CS|TAMS 0x00000000c5f00000| PB 0x00000000c5f00000| Complete |  0
|  52|0x00000000c6000000, 0x00000000c6100000, 0x00000000c6100000|100%| E|CS|TAMS 0x00000000c6000000| PB 0x00000000c6000000| Complete |  0
|  53|0x00000000c6100000, 0x00000000c6200000, 0x00000000c6200000|100%| E|CS|TAMS 0x00000000c6100000| PB 0x00000000c6100000| Complete |  0
|  54|0x00000000c6200000, 0x00000000c6300000, 0x00000000c6300000|100%| E|CS|TAMS 0x00000000c6200000| PB 0x00000000c6200000| Complete |  0
|  55|0x00000000c6300000, 0x00000000c6400000, 0x00000000c6400000|100%| E|CS|TAMS 0x00000000c6300000| PB 0x00000000c6300000| Complete |  0
|  56|0x00000000c6400000, 0x00000000c6500000, 0x00000000c6500000|100%| E|CS|TAMS 0x00000000c6400000| PB 0x00000000c6400000| Complete |  0
|  57|0x00000000c6500000, 0x00000000c6600000, 0x00000000c6600000|100%| E|CS|TAMS 0x00000000c6500000| PB 0x00000000c6500000| Complete |  0
|  58|0x00000000c6600000, 0x00000000c6700000, 0x00000000c6700000|100%| E|CS|TAMS 0x00000000c6600000| PB 0x00000000c6600000| Complete |  0
|  59|0x00000000c6700000, 0x00000000c6800000, 0x00000000c6800000|100%| E|CS|TAMS 0x00000000c6700000| PB 0x00000000c6700000| Complete |  0
|  60|0x00000000c6800000, 0x00000000c6900000, 0x00000000c6900000|100%| E|CS|TAMS 0x00000000c6800000| PB 0x00000000c6800000| Complete |  0
|  61|0x00000000c6900000, 0x00000000c6a00000, 0x00000000c6a00000|100%| E|CS|TAMS 0x00000000c6900000| PB 0x00000000c6900000| Complete |  0

Card table byte_map: [0x000001d499800000,0x000001d4999f0000] _byte_map_base: 0x000001d4991ea000

Marking Bits: (CMBitMap*) 0x000001d499a85d30
 Bits: [0x000001d4b1540000, 0x000001d4b2490000)

Polling page: 0x000001d497840000

Metaspace:
Metaspace        used 16326K, committed 16512K, reserved 1114112K
 class space     used 1678K, committed 1792K, reserved 1048576K

Usage:
  Non-class:     14.30 MB used.
      Class:      1.64 MB used.
       Both:     15.94 MB used.

Virtual space:
  Non-class space:       64.00 MB reserved,      14.38 MB ( 22%) committed,  1 nodes.
      Class space:        1.00 GB reserved,       1.75 MB ( <1%) committed,  1 nodes.
             Both:        1.06 GB reserved,      16.12 MB (  1%) committed. 

Chunk freelists:
   Non-Class:  1.20 MB
       Class:  14.23 MB
        Both:  15.44 MB

MaxMetaspaceSize: unlimited
CompressedClassSpaceSize: 1.00 GB
Initial GC threshold: 21.00 MB
Current GC threshold: 21.00 MB
CDS: off
 - commit_granule_bytes: 65536.
 - commit_granule_words: 8192.
 - virtual_space_node_default_size: 8388608.
 - enlarge_chunks_in_place: 1.
UseCompressedClassPointers 1, UseCompactObjectHeaders 0
Narrow klass pointer bits 32, Max shift 3
Narrow klass base: 0x0000000000000000, Narrow klass shift: 0
Encoding Range: [0x0000000000000000 - 0x0000000100000000), (4294967296 bytes)
Klass Range:    [0x0000000029000000 - 0x0000000069000000), (1073741824 bytes)
Klass ID Range:  [687865856 - 1761607673) (1073741817)
No protection zone.


Internal statistics:

num_allocs_failed_limit: 0.
num_arena_births: 56.
num_arena_deaths: 0.
num_vsnodes_births: 2.
num_vsnodes_deaths: 0.
num_space_committed: 258.
num_space_uncommitted: 0.
num_chunks_returned_to_freelist: 0.
num_chunks_taken_from_freelist: 286.
num_chunk_merges: 0.
num_chunk_splits: 184.
num_chunks_enlarged: 147.
num_inconsistent_stats: 0.

CodeHeap 'non-profiled nmethods': size=120128Kb used=499Kb max_used=499Kb free=119628Kb
 bounds [0x000001d4a9ff0000, 0x000001d4aa260000, 0x000001d4b1540000]
CodeHeap 'profiled nmethods': size=120000Kb used=2439Kb max_used=2439Kb free=117561Kb
 bounds [0x000001d4a2540000, 0x000001d4a27b0000, 0x000001d4a9a70000]
CodeHeap 'non-nmethods': size=5632Kb used=1341Kb max_used=1362Kb free=4290Kb
 bounds [0x000001d4a9a70000, 0x000001d4a9ce0000, 0x000001d4a9ff0000]
CodeCache: size=245760Kb, used=4279Kb, max_used=4300Kb, free=241479Kb
 total_blobs=2142, nmethods=1672, adapters=374, full_count=0
Compilation: enabled, stopped_count=0, restarted_count=0

Compilation events (20 events):
Event: 416.969 Thread 0x000001d4b480bb70 nmethod 1634 0x000001d4aa06b688 code [0x000001d4aa06b780, 0x000001d4aa06baa8]
Event: 416.969 Thread 0x000001d4b487e9d0 1635       3       java.util.concurrent.ConcurrentHashMap$Traverser::<init> (36 bytes)
Event: 416.970 Thread 0x000001d4b487e9d0 nmethod 1635 0x000001d4a278f388 code [0x000001d4a278f480, 0x000001d4a278f680]
Event: 416.970 Thread 0x000001d4b487e9d0 1636       3       java.util.concurrent.ConcurrentHashMap$BaseIterator::<init> (21 bytes)
Event: 416.970 Thread 0x000001d4b487e9d0 nmethod 1636 0x000001d4a278f688 code [0x000001d4a278f780, 0x000001d4a278f9d0]
Event: 416.978 Thread 0x000001d4b487e9d0 1638       3       org.codehaus.plexus.classworlds.realm.ClassRealm::isImportedFromParent (65 bytes)
Event: 416.978 Thread 0x000001d4b487e9d0 nmethod 1638 0x000001d4a278fa08 code [0x000001d4a278fb00, 0x000001d4a27901a8]
Event: 416.978 Thread 0x000001d4b480bb70 1637       4       org.objectweb.asm.ClassReader::readUtf (161 bytes)
Event: 416.992 Thread 0x000001d4b480bb70 nmethod 1637 0x000001d4aa06bb08 code [0x000001d4aa06bc00, 0x000001d4aa06c320]
Event: 419.212 Thread 0x000001d4b487e9d0 1639       3       java.util.concurrent.ConcurrentHashMap::values (25 bytes)
Event: 419.247 Thread 0x000001d4b480bb70 1642       4       java.util.concurrent.ConcurrentHashMap$BaseIterator::hasNext (13 bytes)
Event: 419.248 Thread 0x000001d4b480bb70 nmethod 1642 0x000001d4aa06c388 code [0x000001d4aa06c480, 0x000001d4aa06c500]
Event: 419.279 Thread 0x000001d4b487e9d0 nmethod 1639 0x000001d4a2790208 code [0x000001d4a2790300, 0x000001d4a2790678]
Event: 419.279 Thread 0x000001d4b487e9d0 1641       3       java.util.concurrent.ConcurrentHashMap$ValueIterator::<init> (12 bytes)
Event: 419.279 Thread 0x000001d4b487e9d0 nmethod 1641 0x000001d4a2790688 code [0x000001d4a2790780, 0x000001d4a27908b0]
Event: 419.279 Thread 0x000001d4b487e9d0 1640       3       java.util.concurrent.ConcurrentHashMap$ValuesView::iterator (34 bytes)
Event: 419.279 Thread 0x000001d4b487e9d0 nmethod 1640 0x000001d4a2790988 code [0x000001d4a2790a80, 0x000001d4a2790c88]
Event: 419.279 Thread 0x000001d4b487e9d0 1643       3       java.lang.Math::multiplyExact (74 bytes)
Event: 419.280 Thread 0x000001d4b487e9d0 nmethod 1643 0x000001d4a2790d08 code [0x000001d4a2790e00, 0x000001d4a27912a8]
Event: 419.840 Thread 0x000001d4b480bb70 1644       4       java.util.jar.JarFile::match (132 bytes)

GC Heap Usage History (2 events):
Event: 189.715 {heap Before GC invocations=0 (full 0):
 garbage-first heap   total reserved 1003520K, committed 63488K, used 14336K [0x00000000c2c00000, 0x0000000100000000)
  region size 1024K, 14 young (14336K), 0 survivors (0K)
}
Event: 190.299 {heap After GC invocations=1 (full 0):
 garbage-first heap   total reserved 1003520K, committed 63488K, used 3328K [0x00000000c2c00000, 0x0000000100000000)
  region size 1024K, 2 young (2048K), 2 survivors (2048K)
}

Metaspace Usage History (2 events):
Event: 189.716 {metaspace Before GC invocations=0 (full 0):
 Metaspace       used 13196K, committed 13312K, reserved 1114112K
  class space    used 1242K, committed 1280K, reserved 1048576K
}
Event: 190.299 {metaspace After GC invocations=1 (full 0):
 Metaspace       used 13196K, committed 13312K, reserved 1114112K
  class space    used 1242K, committed 1280K, reserved 1048576K
}

Dll operation events (7 events):
Event: 1.306 Loaded shared library C:\Program Files\Apache NetBeans\jdk\bin\java.dll
Event: 23.185 Loaded shared library C:\Program Files\Apache NetBeans\jdk\bin\net.dll
Event: 23.190 Loaded shared library C:\Program Files\Apache NetBeans\jdk\bin\nio.dll
Event: 25.659 Loaded shared library C:\Program Files\Apache NetBeans\jdk\bin\zip.dll
Event: 42.243 Loaded shared library C:\Program Files\Apache NetBeans\java\maven\lib\jansi-native\Windows\x86_64\jansi.dll
Event: 42.406 Loaded shared library C:\Program Files\Apache NetBeans\jdk\bin\verify.dll
Event: 46.113 Loaded shared library C:\Program Files\Apache NetBeans\jdk\bin\jimage.dll

Deoptimization events (20 events):
Event: 398.425 Thread 0x000001d49768d630 Uncommon trap: trap_request=0xffffffde fr.pc=0x000001d4aa066174 relative=0x00000000000000f4
Event: 398.425 Thread 0x000001d49768d630 Uncommon trap: reason=class_check action=maybe_recompile pc=0x000001d4aa066174 method=jdk.internal.misc.Unsafe.allocateUninitializedArray(Ljava/lang/Class;I)Ljava/lang/Object; @ 51 c2
Event: 398.425 Thread 0x000001d49768d630 DEOPT PACKING pc=0x000001d4aa066174 sp=0x00000014a98fd930
Event: 398.425 Thread 0x000001d49768d630 DEOPT UNPACKING pc=0x000001d4a9af7efc sp=0x00000014a98fd8a8 mode 2
Event: 398.609 Thread 0x000001d49768d630 Uncommon trap: trap_request=0xffffffde fr.pc=0x000001d4aa066174 relative=0x00000000000000f4
Event: 398.609 Thread 0x000001d49768d630 Uncommon trap: reason=class_check action=maybe_recompile pc=0x000001d4aa066174 method=jdk.internal.misc.Unsafe.allocateUninitializedArray(Ljava/lang/Class;I)Ljava/lang/Object; @ 51 c2
Event: 398.609 Thread 0x000001d49768d630 DEOPT PACKING pc=0x000001d4aa066174 sp=0x00000014a98fdd10
Event: 398.609 Thread 0x000001d49768d630 DEOPT UNPACKING pc=0x000001d4a9af7efc sp=0x00000014a98fdc88 mode 2
Event: 412.781 Thread 0x000001d49768d630 Uncommon trap: trap_request=0xffffff45 fr.pc=0x000001d4aa0648c8 relative=0x00000000000005c8
Event: 412.781 Thread 0x000001d49768d630 Uncommon trap: reason=unstable_if action=reinterpret pc=0x000001d4aa0648c8 method=java.lang.String.<init>([CIILjava/lang/Void;)V @ 5 c2
Event: 412.781 Thread 0x000001d49768d630 DEOPT PACKING pc=0x000001d4aa0648c8 sp=0x00000014a98fdeb0
Event: 412.781 Thread 0x000001d49768d630 DEOPT UNPACKING pc=0x000001d4a9af7efc sp=0x00000014a98fdd30 mode 2
Event: 413.652 Thread 0x000001d49768d630 Uncommon trap: trap_request=0xffffffde fr.pc=0x000001d4aa02aac8 relative=0x0000000000000248
Event: 413.652 Thread 0x000001d49768d630 Uncommon trap: reason=class_check action=maybe_recompile pc=0x000001d4aa02aac8 method=java.util.HashMap.getNode(Ljava/lang/Object;)Ljava/util/HashMap$Node; @ 128 c2
Event: 413.652 Thread 0x000001d49768d630 DEOPT PACKING pc=0x000001d4aa02aac8 sp=0x00000014a98fdcb0
Event: 413.652 Thread 0x000001d49768d630 DEOPT UNPACKING pc=0x000001d4a9af7efc sp=0x00000014a98fdc18 mode 2
Event: 416.975 Thread 0x000001d49768d630 DEOPT PACKING pc=0x000001d4a271a1e0 sp=0x00000014a98fe080
Event: 416.975 Thread 0x000001d49768d630 DEOPT UNPACKING pc=0x000001d4a9ac1063 sp=0x00000014a98fd4f0 mode 0
Event: 419.848 Thread 0x000001d49768d630 DEOPT PACKING pc=0x000001d4a271a1e0 sp=0x00000014a98fe080
Event: 421.848 Thread 0x000001d49768d630 DEOPT UNPACKING pc=0x000001d4a9ac1063 sp=0x00000014a98fd4f0 mode 0

Classes loaded (20 events):
Event: 276.506 Loading class java/lang/reflect/ParameterizedType
Event: 276.506 Loading class java/lang/reflect/ParameterizedType done
Event: 277.813 Loading class java/lang/reflect/WildcardType
Event: 277.813 Loading class java/lang/reflect/WildcardType done
Event: 278.108 Loading class sun/reflect/generics/tree/TypeVariableSignature
Event: 278.109 Loading class sun/reflect/generics/tree/TypeVariableSignature done
Event: 285.314 Loading class java/lang/annotation/IncompleteAnnotationException
Event: 285.314 Loading class java/lang/annotation/IncompleteAnnotationException done
Event: 288.958 Loading class jdk/internal/foreign/MemorySessionImpl
Event: 289.019 Loading class java/lang/foreign/MemorySegment$Scope
Event: 289.112 Loading class java/lang/foreign/MemorySegment$Scope done
Event: 289.112 Loading class jdk/internal/foreign/MemorySessionImpl done
Event: 302.110 Loading class java/lang/foreign/MemorySegment
Event: 302.173 Loading class java/lang/foreign/MemorySegment done
Event: 311.769 Loading class sun/reflect/generics/reflectiveObjects/TypeVariableImpl
Event: 311.770 Loading class sun/reflect/generics/reflectiveObjects/LazyReflectiveObjectGenerator
Event: 311.770 Loading class sun/reflect/generics/reflectiveObjects/LazyReflectiveObjectGenerator done
Event: 311.770 Loading class sun/reflect/generics/reflectiveObjects/TypeVariableImpl done
Event: 311.770 Loading class sun/reflect/generics/reflectiveObjects/ParameterizedTypeImpl
Event: 311.770 Loading class sun/reflect/generics/reflectiveObjects/ParameterizedTypeImpl done

Classes unloaded (0 events):
No events

Classes redefined (0 events):
No events

Internal exceptions (20 events):
Event: 42.261 Thread 0x000001d49768d630 Exception <a 'java/lang/NullPointerException'{0x00000000c65d97e0}> (0x00000000c65d97e0) 
thrown [s\src\hotspot\share\interpreter\linkResolver.cpp, line 1416]
Event: 42.395 Thread 0x000001d49768d630 Exception <a 'sun/nio/fs/WindowsException'{0x00000000c65fb9b0}> (0x00000000c65fb9b0) 
thrown [s\src\hotspot\share\prims\jni.cpp, line 516]
Event: 42.396 Thread 0x000001d49768d630 Exception <a 'sun/nio/fs/WindowsException'{0x00000000c65fc0f8}> (0x00000000c65fc0f8) 
thrown [s\src\hotspot\share\prims\jni.cpp, line 516]
Event: 42.396 Thread 0x000001d49768d630 Exception <a 'sun/nio/fs/WindowsException'{0x00000000c65fc658}> (0x00000000c65fc658) 
thrown [s\src\hotspot\share\prims\jni.cpp, line 516]
Event: 42.396 Thread 0x000001d49768d630 Exception <a 'sun/nio/fs/WindowsException'{0x00000000c65fcb98}> (0x00000000c65fcb98) 
thrown [s\src\hotspot\share\prims\jni.cpp, line 516]
Event: 42.397 Thread 0x000001d49768d630 Exception <a 'sun/nio/fs/WindowsException'{0x00000000c65fd088}> (0x00000000c65fd088) 
thrown [s\src\hotspot\share\prims\jni.cpp, line 516]
Event: 42.397 Thread 0x000001d49768d630 Exception <a 'sun/nio/fs/WindowsException'{0x00000000c65fd530}> (0x00000000c65fd530) 
thrown [s\src\hotspot\share\prims\jni.cpp, line 516]
Event: 42.615 Thread 0x000001d49768d630 Exception <a 'java/lang/NoSuchMethodError'{0x00000000c64365a8}: 'void java.lang.invoke.DirectMethodHandle$Holder.invokeVirtual(java.lang.Object, java.lang.Object)'> (0x00000000c64365a8) 
thrown [s\src\hotspot\share\interpreter\linkResolver.cpp, line 804]
Event: 43.115 Thread 0x000001d49768d630 Exception <a 'java/lang/NoSuchMethodError'{0x00000000c64582f0}: 'void java.lang.invoke.DirectMethodHandle$Holder.invokeStatic(java.lang.Object, java.lang.Object)'> (0x00000000c64582f0) 
thrown [s\src\hotspot\share\interpreter\linkResolver.cpp, line 804]
Event: 43.126 Thread 0x000001d49768d630 Exception <a 'java/lang/NoSuchMethodError'{0x00000000c6460098}: 'void java.lang.invoke.DirectMethodHandle$Holder.invokeStaticInit(java.lang.Object, java.lang.Object)'> (0x00000000c6460098) 
thrown [s\src\hotspot\share\interpreter\linkResolver.cpp, line 804]
Event: 44.115 Thread 0x000001d49768d630 Exception <a 'java/lang/NoSuchMethodError'{0x00000000c649faf0}: 'void java.lang.invoke.DirectMethodHandle$Holder.invokeSpecial(java.lang.Object, java.lang.Object, java.lang.Object, java.lang.Object, java.lang.Object)'> (0x00000000c649faf0) 
thrown [s\src\hotspot\share\interpreter\linkResolver.cpp, line 804]
Event: 45.618 Thread 0x000001d49768d630 Exception <a 'java/lang/NoSuchMethodError'{0x00000000c64dbc00}: 'void java.lang.invoke.DirectMethodHandle$Holder.invokeStatic(java.lang.Object, java.lang.Object, java.lang.Object)'> (0x00000000c64dbc00) 
thrown [s\src\hotspot\share\interpreter\linkResolver.cpp, line 804]
Event: 124.802 Thread 0x000001d49768d630 Exception <a 'java/lang/NoSuchMethodError'{0x00000000c62a8828}: 'java.lang.Object java.lang.invoke.DirectMethodHandle$Holder.invokeSpecialIFC(java.lang.Object, java.lang.Object, java.lang.Object, java.lang.Object)'> (0x00000000c62a8828) 
thrown [s\src\hotspot\share\interpreter\linkResolver.cpp, line 804]
Event: 181.353 Thread 0x000001d49768d630 Exception <a 'java/lang/NoSuchMethodError'{0x00000000c5c197f8}: 'void java.lang.invoke.DirectMethodHandle$Holder.invokeSpecial(java.lang.Object, java.lang.Object, java.lang.Object)'> (0x00000000c5c197f8) 
thrown [s\src\hotspot\share\interpreter\linkResolver.cpp, line 804]
Event: 192.377 Thread 0x000001d49768d630 Exception <a 'java/lang/NoSuchMethodError'{0x00000000c6933d40}: 'java.lang.Object java.lang.invoke.DirectMethodHandle$Holder.invokeInterface(java.lang.Object, java.lang.Object)'> (0x00000000c6933d40) 
thrown [s\src\hotspot\share\interpreter\linkResolver.cpp, line 804]
Event: 195.260 Thread 0x000001d49768d630 Exception <a 'java/lang/NoSuchMethodError'{0x00000000c69fdc00}: 'int java.lang.invoke.DirectMethodHandle$Holder.invokeStatic(java.lang.Object, java.lang.Object, java.lang.Object, java.lang.Object)'> (0x00000000c69fdc00) 
thrown [s\src\hotspot\share\interpreter\linkResolver.cpp, line 804]
Event: 195.327 Thread 0x000001d49768d630 Exception <a 'java/lang/NoSuchMethodError'{0x00000000c6828658}: 'int java.lang.invoke.DirectMethodHandle$Holder.invokeSpecialIFC(java.lang.Object, java.lang.Object, java.lang.Object, java.lang.Object, java.lang.Object)'> (0x00000000c6828658) 
thrown [s\src\hotspot\share\interpreter\linkResolver.cpp, line 804]
Event: 263.512 Thread 0x000001d49768d630 Exception <a 'java/lang/NoSuchMethodError'{0x00000000c67f8cd0}: 'java.lang.Object java.lang.invoke.DirectMethodHandle$Holder.newInvokeSpecial(java.lang.Object, java.lang.Object, java.lang.Object, java.lang.Object, java.lang.Object)'> (0x00000000c67f8cd0) 
thrown [s\src\hotspot\share\interpreter\linkResolver.cpp, line 804]
Event: 283.037 Thread 0x000001d49768d630 Exception <a 'java/lang/NoSuchMethodError'{0x00000000c6512d60}: 'int java.lang.invoke.DirectMethodHandle$Holder.invokeStaticInit(java.lang.Object, java.lang.Object)'> (0x00000000c6512d60) 
thrown [s\src\hotspot\share\interpreter\linkResolver.cpp, line 804]
Event: 285.314 Thread 0x000001d49768d630 Exception <a 'java/lang/NoClassDefFoundError'{0x00000000c654ce48}: javax/enterprise/inject/Typed> (0x00000000c654ce48) 
thrown [s\src\hotspot\share\classfile\systemDictionary.cpp, line 316]

VM Operations (12 events):
Event: 25.930 Executing non-safepoint VM operation: HandshakeAllThreads (Deoptimize)
Event: 25.930 Executing non-safepoint VM operation: HandshakeAllThreads (Deoptimize) done
Event: 41.492 Executing non-safepoint VM operation: HandshakeAllThreads (Deoptimize)
Event: 41.492 Executing non-safepoint VM operation: HandshakeAllThreads (Deoptimize) done
Event: 46.427 Executing non-safepoint VM operation: HandshakeAllThreads (Deoptimize)
Event: 100.823 Executing non-safepoint VM operation: HandshakeAllThreads (Deoptimize) done
Event: 189.715 Executing safepoint VM operation: G1CollectForAllocation (G1 Evacuation Pause)
Event: 190.299 Executing safepoint VM operation: G1CollectForAllocation (G1 Evacuation Pause) done
Event: 305.278 Executing non-safepoint VM operation: HandshakeAllThreads (HandshakeForDeflation)
Event: 305.278 Executing non-safepoint VM operation: HandshakeAllThreads (HandshakeForDeflation) done
Event: 305.279 Executing non-safepoint VM operation: RendezvousGCThreads
Event: 305.279 Executing non-safepoint VM operation: RendezvousGCThreads done

Memory protections (0 events):
No events

Nmethod flushes (0 events):
No events

Events (13 events):
Event: 5.899 Thread 0x000001d49768d630 Thread added: 0x000001d49768d630
Event: 9.161 Thread 0x000001d49768d630 Thread added: 0x000001d4b47fe590
Event: 9.162 Thread 0x000001d49768d630 Thread added: 0x000001d4b4804030
Event: 9.164 Thread 0x000001d49768d630 Thread added: 0x000001d4b4805b60
Event: 9.164 Thread 0x000001d49768d630 Thread added: 0x000001d4b4806870
Event: 9.165 Thread 0x000001d49768d630 Thread added: 0x000001d4b48080b0
Event: 9.165 Thread 0x000001d49768d630 Thread added: 0x000001d4b4808c70
Event: 9.165 Thread 0x000001d49768d630 Thread added: 0x000001d4b480bb70
Event: 9.771 Thread 0x000001d49768d630 Thread added: 0x000001d4b487e9d0
Event: 21.399 Thread 0x000001d49768d630 Thread added: 0x000001d4b4997bc0
Event: 22.978 Thread 0x000001d49768d630 Thread added: 0x000001d4b49a2bf0
Event: 41.512 Thread 0x000001d49768d630 Thread added: 0x000001d4b4ab9ae0
Event: 182.744 Thread 0x000001d4b4ab9ae0 Thread exited: 0x000001d4b4ab9ae0


Dynamic libraries:
0x00007ff61ab00000 - 0x00007ff61ab0e000 	C:\Program Files\Apache NetBeans\jdk\bin\java.exe
0x00007ffea0ee0000 - 0x00007ffea1147000 	C:\WINDOWS\SYSTEM32\ntdll.dll
0x00007ffe9fee0000 - 0x00007ffe9ffa9000 	C:\WINDOWS\System32\KERNEL32.DLL
0x00007ffe9dbe0000 - 0x00007ffe9dfd4000 	C:\WINDOWS\System32\KERNELBASE.dll
0x00007ffe9e110000 - 0x00007ffe9e25b000 	C:\WINDOWS\System32\ucrtbase.dll
0x00007ffe806e0000 - 0x00007ffe806f6000 	C:\Program Files\Apache NetBeans\jdk\bin\jli.dll
0x00007ffe9ed70000 - 0x00007ffe9ef35000 	C:\WINDOWS\System32\USER32.dll
0x00007ffe9eb90000 - 0x00007ffe9ebb7000 	C:\WINDOWS\System32\win32u.dll
0x00007ffea09d0000 - 0x00007ffea09fb000 	C:\WINDOWS\System32\GDI32.dll
0x00007ffe9dfe0000 - 0x00007ffe9e10a000 	C:\WINDOWS\System32\gdi32full.dll
0x00007ffe9ebc0000 - 0x00007ffe9ec63000 	C:\WINDOWS\System32\msvcp_win.dll
0x00007ffe91b10000 - 0x00007ffe91b2e000 	C:\Program Files\Apache NetBeans\jdk\bin\VCRUNTIME140.dll
0x00007ffe8ba70000 - 0x00007ffe8bd03000 	C:\WINDOWS\WinSxS\amd64_microsoft.windows.common-controls_6595b64144ccf1df_6.0.26100.8115_none_3e075c82e3354f9c\COMCTL32.dll
0x00007ffea0400000 - 0x00007ffea04a9000 	C:\WINDOWS\System32\msvcrt.dll
0x00007ffe9fd40000 - 0x00007ffe9fd72000 	C:\WINDOWS\System32\IMM32.DLL
0x00007ffe8bdb0000 - 0x00007ffe8bdbc000 	C:\Program Files\Apache NetBeans\jdk\bin\vcruntime140_1.dll
0x00007ffe68510000 - 0x00007ffe6859d000 	C:\Program Files\Apache NetBeans\jdk\bin\msvcp140.dll
0x00007ffe2ca00000 - 0x00007ffe2d926000 	C:\Program Files\Apache NetBeans\jdk\bin\server\jvm.dll
0x00007ffea0660000 - 0x00007ffea0716000 	C:\WINDOWS\System32\ADVAPI32.dll
0x00007ffea04b0000 - 0x00007ffea0557000 	C:\WINDOWS\System32\sechost.dll
0x00007ffe9f250000 - 0x00007ffe9f368000 	C:\WINDOWS\System32\RPCRT4.dll
0x00007ffea0940000 - 0x00007ffea09c0000 	C:\WINDOWS\System32\WS2_32.dll
0x00007ffe9d610000 - 0x00007ffe9d66e000 	C:\WINDOWS\SYSTEM32\POWRPROF.dll
0x00007ffe7a540000 - 0x00007ffe7a576000 	C:\WINDOWS\SYSTEM32\WINMM.dll
0x00007ffe8c650000 - 0x00007ffe8c65b000 	C:\WINDOWS\SYSTEM32\VERSION.dll
0x00007ffe9d5f0000 - 0x00007ffe9d604000 	C:\WINDOWS\SYSTEM32\UMPDC.dll
0x00007ffe9c540000 - 0x00007ffe9c55b000 	C:\WINDOWS\SYSTEM32\kernel.appcore.dll
0x00007ffe8bda0000 - 0x00007ffe8bdaa000 	C:\Program Files\Apache NetBeans\jdk\bin\jimage.dll
0x00007ffe9b6f0000 - 0x00007ffe9b932000 	C:\WINDOWS\SYSTEM32\DBGHELP.DLL
0x00007ffe9ffb0000 - 0x00007ffea0332000 	C:\WINDOWS\System32\combase.dll
0x00007ffe9f400000 - 0x00007ffe9f4d7000 	C:\WINDOWS\System32\OLEAUT32.dll
0x00007ffe8c3b0000 - 0x00007ffe8c3eb000 	C:\WINDOWS\SYSTEM32\dbgcore.DLL
0x00007ffe9d9c0000 - 0x00007ffe9da65000 	C:\WINDOWS\System32\bcryptPrimitives.dll
0x00007ffe80700000 - 0x00007ffe8071e000 	C:\Program Files\Apache NetBeans\jdk\bin\java.dll
0x00007ffea0790000 - 0x00007ffea0927000 	C:\WINDOWS\System32\ole32.dll
0x00007ffe9f570000 - 0x00007ffe9fcd6000 	C:\WINDOWS\System32\SHELL32.dll
0x00007ffe9da70000 - 0x00007ffe9dbda000 	C:\WINDOWS\System32\wintypes.dll
0x00007ffe9e260000 - 0x00007ffe9eac5000 	C:\WINDOWS\System32\windows.storage.dll
0x00007ffe9ef40000 - 0x00007ffe9f037000 	C:\WINDOWS\System32\SHCORE.dll
0x00007ffea0720000 - 0x00007ffea0786000 	C:\WINDOWS\System32\shlwapi.dll
0x00007ffe9d6d0000 - 0x00007ffe9d6f9000 	C:\WINDOWS\SYSTEM32\profapi.dll
0x00007ffe76930000 - 0x00007ffe76941000 	C:\Program Files\Apache NetBeans\jdk\bin\net.dll
0x00007ffe9cab0000 - 0x00007ffe9cb1c000 	C:\WINDOWS\system32\mswsock.dll
0x00007ffe685a0000 - 0x00007ffe685b6000 	C:\Program Files\Apache NetBeans\jdk\bin\nio.dll
0x00007ffe76950000 - 0x00007ffe76967000 	C:\Program Files\Apache NetBeans\jdk\bin\zip.dll
0x00007ffe7bf10000 - 0x00007ffe7bf34000 	C:\Program Files\Apache NetBeans\java\maven\lib\jansi-native\Windows\x86_64\jansi.dll
0x00007ffe87100000 - 0x00007ffe87110000 	C:\Program Files\Apache NetBeans\jdk\bin\verify.dll

JVMTI agents: none

dbghelp: loaded successfully - version: 4.0.5 - missing functions: none
symbol engine: initialized successfully - sym options: 0x614 - pdb path: .;C:\Program Files\Apache NetBeans\jdk\bin;C:\WINDOWS\SYSTEM32;C:\WINDOWS\WinSxS\amd64_microsoft.windows.common-controls_6595b64144ccf1df_6.0.26100.8115_none_3e075c82e3354f9c;C:\Program Files\Apache NetBeans\jdk\bin\server;C:\Program Files\Apache NetBeans\java\maven\lib\jansi-native\Windows\x86_64

VM Arguments:
jvm_args: --enable-native-access=ALL-UNNAMED -Dclassworlds.conf=C:\Program Files\Apache NetBeans\java\maven\bin\m2.conf -Dmaven.home=C:\Program Files\Apache NetBeans\java\maven -Dlibrary.jansi.path=C:\Program Files\Apache NetBeans\java\maven\lib\jansi-native -Dmaven.multiModuleProjectDirectory=C:\Users\ASUS\Documents\NetBeansProjects\Lubiproject1 
java_command: org.codehaus.plexus.classworlds.launcher.Launcher -Dmaven.ext.class.path=C:\Program Files\Apache NetBeans\java\maven-nblib\netbeans-eventspy.jar --no-transfer-progress install
java_class_path (initial): C:\Program Files\Apache NetBeans\java\maven\boot\plexus-classworlds-2.9.0.jar
Launcher Type: SUN_STANDARD

[Global flags]
     intx CICompilerCount                          = 2                                         {product} {ergonomic}
     uint ConcGCThreads                            = 1                                         {product} {ergonomic}
     uint G1ConcRefinementThreads                  = 2                                         {product} {ergonomic}
   size_t G1HeapRegionSize                         = 1048576                                   {product} {ergonomic}
   size_t InitialHeapSize                          = 65011712                                  {product} {ergonomic}
   size_t MarkStackSize                            = 4194304                                   {product} {ergonomic}
   size_t MarkStackSizeMax                         = 536870912                                 {product} {ergonomic}
   size_t MaxHeapSize                              = 1027604480                                {product} {ergonomic}
   size_t MaxNewSize                               = 616562688                                 {product} {ergonomic}
   size_t MinHeapDeltaBytes                        = 1048576                                   {product} {ergonomic}
   size_t MinHeapSize                              = 8388608                                   {product} {ergonomic}
    uintx NonNMethodCodeHeapSize                   = 5767168                                {pd product} {ergonomic}
    uintx NonProfiledCodeHeapSize                  = 123011072                              {pd product} {ergonomic}
    uintx ProfiledCodeHeapSize                     = 122880000                              {pd product} {ergonomic}
    uintx ReservedCodeCacheSize                    = 251658240                              {pd product} {ergonomic}
     bool SegmentedCodeCache                       = true                                      {product} {ergonomic}
   size_t SoftMaxHeapSize                          = 1027604480                             {manageable} {ergonomic}
     bool UseCompressedOops                        = true                           {product lp64_product} {ergonomic}
     bool UseG1GC                                  = true                                      {product} {ergonomic}
     bool UseLargePagesIndividualAllocation        = false                                  {pd product} {ergonomic}

Logging:
Log output configuration:
 #0: stdout all=warning uptime,level,tags foldmultilines=false
 #1: stderr all=off uptime,level,tags foldmultilines=false

Release file:
IMPLEMENTOR="Eclipse Adoptium" 
IMPLEMENTOR_VERSION="Temurin-25.0.2+10" 
JAVA_RUNTIME_VERSION="25.0.2+10-LTS" 
JAVA_VERSION="25.0.2" 
JAVA_VERSION_DATE="2026-01-20" 
LIBC="default" 
MODULES="java.base java.compiler java.datatransfer java.xml java.prefs java.desktop java.instrument java.logging java.management java.security.sasl java.naming java.rmi java.management.rmi java.net.http java.scripting java.security.jgss java.transaction.xa java.sql java.sql.rowset java.xml.crypto java.se java.smartcardio jdk.accessibility jdk.internal.jvmstat jdk.attach jdk.charsets jdk.internal.opt jdk.zipfs jdk.compiler jdk.crypto.cryptoki jdk.crypto.ec jdk.crypto.mscapi jdk.dynalink jdk.internal.ed jdk.editpad jdk.internal.vm.ci jdk.graal.compiler jdk.graal.compiler.management jdk.hotspot.agent jdk.httpserver jdk.incubator.vector jdk.internal.le jdk.internal.md jdk.jartool jdk.javadoc jdk.jcmd jdk.management jdk.management.agent jdk.jconsole jdk.jdeps jdk.jdwp.agent jdk.jdi jdk.jfr jdk.jlink jdk.jpackage jdk.jshell jdk.jsobject jdk.jstatd jdk.localedata jdk.management.jfr jdk.naming.dns jdk.naming.rmi jdk.net jdk.nio.mapmode jdk.sctp jdk.security.auth jdk.security.jgss jdk.unsupported jdk.unsupported.desktop jdk.xml.dom" 
OS_ARCH="x86_64" 
OS_NAME="Windows" 
SOURCE=".:git:9e3c947043a4" 
BUILD_SOURCE="git:458965074606f027bd5afce2cfd5c1055dea0438"
BUILD_SOURCE_REPO="https://github.com/adoptium/temurin-build.git"
SOURCE_REPO="https://github.com/adoptium/jdk25u.git"
FULL_VERSION="25.0.2+10-LTS"
SEMANTIC_VERSION="25.0.2+10"
BUILD_INFO="OS: Windows Server 2022 Version: 10.0"
JVM_VARIANT="Hotspot"
JVM_VERSION="25.0.2+10-LTS"
IMAGE_TYPE="JDK"

Environment Variables:
JAVA_HOME=C:\Program Files\Apache NetBeans\jdk
PATH=C:\WINDOWS\system32;C:\WINDOWS;C:\WINDOWS\System32\Wbem;C:\WINDOWS\System32\WindowsPowerShell\v1.0\;C:\WINDOWS\System32\OpenSSH\;C:\Program Files\Git\cmd;C:\Users\ASUS\AppData\Local\Microsoft\WindowsApps;;C:\Program Files\Apache NetBeans\bin\
USERNAME=ASUS
OS=Windows_NT
PROCESSOR_IDENTIFIER=Intel64 Family 6 Model 122 Stepping 1, GenuineIntel
TMP=C:\Users\ASUS\AppData\Local\Temp
TEMP=C:\Users\ASUS\AppData\Local\Temp




Compilation memory statistics disabled.

Periodic native trim disabled

---------------  S Y S T E M  ---------------

OS:
 Windows 11 , 64 bit Build 26100 (10.0.26100.8115)
OS uptime: 0 days 4:19 hours

CPU: total 2 (initial active 2) (2 cores per cpu, 1 threads per core) family 6 model 122 stepping 1 microcode 0x34, cx8, cmov, fxsr, mmx, 3dnowpref, sse, sse2, sse3, ssse3, sse4.1, sse4.2, popcnt, tsc, tscinvbit, aes, erms, clmul, sha, clflush, clflushopt, rdtscp, rdpid
Processor Information for the first 2 processors :
  Max Mhz: 1101, Current Mhz: 1101, Mhz Limit: 1101

Memory: 4k page, system-wide physical 3919M (130M free)
TotalPageFile size 15695M (AvailPageFile size 388M)
current process WorkingSet (physical memory assigned to process): 31M, peak: 41M
current process commit charge ("private bytes"): 140M, peak: 147M

vm_info: OpenJDK 64-Bit Server VM (25.0.2+10-LTS) for windows-amd64 JRE (25.0.2+10-LTS), built on 2026-01-20T00:00:00Z with MS VC++ 17.12 (VS2022)

END.
