#
# There is insufficient memory for the Java Runtime Environment to continue.
# Native memory allocation (malloc) failed to allocate 32752 bytes. Error detail: Chunk::new
# Possible reasons:
#   The system is out of physical RAM or swap space
#   This process is running with CompressedOops enabled, and the Java Heap may be blocking the growth of the native heap
# Possible solutions:
#   Reduce memory load on the system
#   Increase physical memory or swap space
#   Check if swap backing store is full
#   Decrease Java heap size (-Xmx/-Xms)
#   Decrease number of Java threads
#   Decrease Java thread stack sizes (-Xss)
#   Set larger code cache with -XX:ReservedCodeCacheSize=
#   JVM is running with Unscaled Compressed Oops mode in which the Java heap is
#     placed in the first 4GB address space. The Java Heap base address is the
#     maximum limit for the native heap growth. Please use -XX:HeapBaseMinAddress
#     to set the Java Heap base and to place the Java Heap above 4GB virtual address.
# This output file may be truncated or incomplete.
#
#  Out of Memory Error (arena.cpp:186), pid=8180, tid=24012
#
# JRE version: OpenJDK Runtime Environment Temurin-25.0.2+10 (25.0.2+10) (build 25.0.2+10-LTS)
# Java VM: OpenJDK 64-Bit Server VM Temurin-25.0.2+10 (25.0.2+10-LTS, mixed mode, sharing, tiered, compressed oops, compressed class ptrs, g1 gc, windows-amd64)
# No core dump will be written. Minidumps are not enabled by default on client versions of Windows
#

---------------  S U M M A R Y ------------

Command Line: --enable-native-access=ALL-UNNAMED -Dclassworlds.conf=C:\Program Files\Apache NetBeans\java\maven\bin\m2.conf -Dmaven.home=C:\Program Files\Apache NetBeans\java\maven -Dlibrary.jansi.path=C:\Program Files\Apache NetBeans\java\maven\lib\jansi-native -Dmaven.multiModuleProjectDirectory=C:\Users\ASUS\Documents\NetBeansProjects\Lubiproject1 org.codehaus.plexus.classworlds.launcher.Launcher -Dmaven.ext.class.path=C:\Program Files\Apache NetBeans\java\maven-nblib\netbeans-eventspy.jar --no-transfer-progress install

Host: Intel(R) Celeron(R) N4000 CPU @ 1.10GHz, 2 cores, 3G,  Windows 11 , 64 bit Build 26100 (10.0.26100.8115)
Time: Fri Apr  3 20:20:17 2026 SE Asia Standard Time elapsed time: 114.489659 seconds (0d 0h 1m 54s)

---------------  T H R E A D  ---------------

Current thread (0x0000011bfd269d70):  JavaThread "C1 CompilerThread0" daemon [_thread_in_native, id=24012, stack(0x0000000479500000,0x0000000479600000) (1024K)]


Current CompileTask:
C1:114489 1813       3       com.google.inject.internal.DeclaredMembers$$Lambda/0x00000000820988e8::apply (8 bytes)

Stack: [0x0000000479500000,0x0000000479600000]
Native frames: (J=compiled Java code, j=interpreted, Vv=VM code, C=native code)
V  [jvm.dll+0x7a8bc9]  (no source info available)
V  [jvm.dll+0x77310d]  (no source info available)
V  [jvm.dll+0x9f55f3]  (no source info available)
V  [jvm.dll+0x9f7be1]  (no source info available)
V  [jvm.dll+0x9f82f3]  (no source info available)
V  [jvm.dll+0x2fce26]  (no source info available)
V  [jvm.dll+0x111076]  (no source info available)
V  [jvm.dll+0x11139e]  (no source info available)
V  [jvm.dll+0x1a8eae]  (no source info available)
V  [jvm.dll+0x1a82e7]  (no source info available)
V  [jvm.dll+0x201c4d]  (no source info available)
V  [jvm.dll+0x2026b6]  (no source info available)
V  [jvm.dll+0x1be5b7]  (no source info available)
V  [jvm.dll+0x1bddaf]  (no source info available)
V  [jvm.dll+0x1be070]  (no source info available)
V  [jvm.dll+0x1bd3b1]  (no source info available)
V  [jvm.dll+0x1bf1fd]  (no source info available)
V  [jvm.dll+0x2cf4c6]  (no source info available)
V  [jvm.dll+0x2cd74a]  (no source info available)
V  [jvm.dll+0x48fbee]  (no source info available)
V  [jvm.dll+0x996b0d]  (no source info available)
V  [jvm.dll+0x7a71a5]  (no source info available)
C  [ucrtbase.dll+0x37b0]  (no source info available)
C  [KERNEL32.DLL+0x2e8d7]  (no source info available)
C  [ntdll.dll+0x8c3fc]  (no source info available)

Lock stack of current Java thread (top to bottom):


---------------  P R O C E S S  ---------------

Threads class SMR info:
_java_thread_list=0x0000011bfd8ac5b0, length=11, elements={
0x0000011bef0bd630, 0x0000011bfd1ea340, 0x0000011bfd1eaf00, 0x0000011bfd1ed9d0,
0x0000011bfd1ee6c0, 0x0000011bfd1ef700, 0x0000011bfd1f22d0, 0x0000011bfd1f31c0,
0x0000011bfd269d70, 0x0000011bfd32f2e0, 0x0000011bfd336760
}

Java Threads: ( => current thread )
  0x0000011bef0bd630 JavaThread "main"                              [_thread_in_native, id=24868, stack(0x0000000478500000,0x0000000478600000) (1024K)]
  0x0000011bfd1ea340 JavaThread "Reference Handler"          daemon [_thread_blocked, id=25560, stack(0x0000000478e00000,0x0000000478f00000) (1024K)]
  0x0000011bfd1eaf00 JavaThread "Finalizer"                  daemon [_thread_blocked, id=25564, stack(0x0000000478f00000,0x0000000479000000) (1024K)]
  0x0000011bfd1ed9d0 JavaThread "Signal Dispatcher"          daemon [_thread_blocked, id=25568, stack(0x0000000479000000,0x0000000479100000) (1024K)]
  0x0000011bfd1ee6c0 JavaThread "Attach Listener"            daemon [_thread_blocked, id=25572, stack(0x0000000479100000,0x0000000479200000) (1024K)]
  0x0000011bfd1ef700 JavaThread "Service Thread"             daemon [_thread_blocked, id=25576, stack(0x0000000479200000,0x0000000479300000) (1024K)]
  0x0000011bfd1f22d0 JavaThread "Monitor Deflation Thread"   daemon [_thread_blocked, id=25580, stack(0x0000000479300000,0x0000000479400000) (1024K)]
  0x0000011bfd1f31c0 JavaThread "C2 CompilerThread0"         daemon [_thread_blocked, id=25584, stack(0x0000000479400000,0x0000000479500000) (1024K)]
=>0x0000011bfd269d70 JavaThread "C1 CompilerThread0"         daemon [_thread_in_native, id=24012, stack(0x0000000479500000,0x0000000479600000) (1024K)]
  0x0000011bfd32f2e0 JavaThread "Notification Thread"        daemon [_thread_blocked, id=25816, stack(0x0000000479600000,0x0000000479700000) (1024K)]
  0x0000011bfd336760 JavaThread "Common-Cleaner"             daemon [_thread_blocked, id=25820, stack(0x0000000479700000,0x0000000479800000) (1024K)]
Total: 11

Other Threads:
  0x0000011bfd1da940 VMThread "VM Thread"                           [id=25436, stack(0x0000000478d00000,0x0000000478e00000) (1024K)]
  0x0000011bf150e510 WatcherThread "VM Periodic Task Thread"        [id=25432, stack(0x0000000478c00000,0x0000000478d00000) (1024K)]
  0x0000011bf14855a0 WorkerThread "GC Thread#0"                     [id=25220, stack(0x0000000478700000,0x0000000478800000) (1024K)]
  0x0000011bfdd02750 WorkerThread "GC Thread#1"                     [id=11368, stack(0x0000000479800000,0x0000000479900000) (1024K)]
  0x0000011bf1491e30 ConcurrentGCThread "G1 Main Marker"            [id=25224, stack(0x0000000478800000,0x0000000478900000) (1024K)]
  0x0000011bf14929d0 WorkerThread "G1 Conc#0"                       [id=25228, stack(0x0000000478900000,0x0000000478a00000) (1024K)]
  0x0000011bf14ad180 ConcurrentGCThread "G1 Refine#0"               [id=25232, stack(0x0000000478a00000,0x0000000478b00000) (1024K)]
  0x0000011bf14add90 ConcurrentGCThread "G1 Service"                [id=25236, stack(0x0000000478b00000,0x0000000478c00000) (1024K)]
Total: 8

Threads with active compile tasks:
C1 CompilerThread0  115338 1813       3       com.google.inject.internal.DeclaredMembers$$Lambda/0x00000000820988e8::apply (8 bytes)
Total: 1

VM state: not at safepoint (normal execution)

VM Mutex/Monitor currently owned by a thread: None

Heap address: 0x00000000c2c00000, size: 980 MB, Compressed Oops mode: 32-bit

CDS archive(s) mapped at: [0x0000000081000000-0x0000000081dd0000-0x0000000081dd0000), size 14483456, SharedBaseAddress: 0x0000000081000000, ArchiveRelocationMode: 1.
Compressed class space mapped at: 0x0000000082000000-0x00000000c2000000, reserved size: 1073741824
UseCompressedClassPointers 1, UseCompactObjectHeaders 0
Narrow klass pointer bits 32, Max shift 3
Narrow klass base: 0x0000000081000000, Narrow klass shift: 0
Encoding Range: [0x0000000081000000 - 0x0000000181000000), (4294967296 bytes)
Klass Range:    [0x0000000081010000 - 0x00000000c2000000), (1090453504 bytes)
Klass ID Range:  [65536 - 1090519033) (1090453497)
Protection zone: [0x0000000081000000 - 0x0000000081010000), (65536 bytes)

GC Precious Log:
 CardTable entry size: 512
 Card Set container configuration: InlinePtr #cards 5 size 8 Array Of Cards #cards 10 size 36 Howl #buckets 4 coarsen threshold 1843 Howl Bitmap #cards 512 size 80 coarsen threshold 460 Card regions per heap region 1 cards per card region 2048
 CPUs: 2 total, 2 available
 Memory: 3919M
 Large Page Support: Disabled
 NUMA Support: Disabled
 Compressed Oops: Enabled (32-bit)
 Heap Region Size: 1M
 Heap Min Capacity: 8M
 Heap Initial Capacity: 62M
 Heap Max Capacity: 980M
 Pre-touch: Disabled
 Parallel Workers: 2
 Concurrent Workers: 1
 Concurrent Refinement Workers: 2
 Periodic GC: Disabled

Heap:
 garbage-first heap   total reserved 1003520K, committed 65536K, used 8534K [0x00000000c2c00000, 0x0000000100000000)
  region size 1024K, 8 young (8192K), 4 survivors (4096K)

Heap Regions: E=young(eden), S=young(survivor), O=old, HS=humongous(starts), HC=humongous(continues), CS=collection set, F=free, TAMS=top-at-mark-start, PB=parsable bottom
|   0|0x00000000c2c00000, 0x00000000c2c94420, 0x00000000c2d00000| 57%| O|  |TAMS 0x00000000c2c00000| PB 0x00000000c2c00000| Untracked |  0
|   1|0x00000000c2d00000, 0x00000000c2d00000, 0x00000000c2e00000|  0%| F|  |TAMS 0x00000000c2d00000| PB 0x00000000c2d00000| Untracked |  0
|   2|0x00000000c2e00000, 0x00000000c2e00000, 0x00000000c2f00000|  0%| F|  |TAMS 0x00000000c2e00000| PB 0x00000000c2e00000| Untracked |  0
|   3|0x00000000c2f00000, 0x00000000c2f00000, 0x00000000c3000000|  0%| F|  |TAMS 0x00000000c2f00000| PB 0x00000000c2f00000| Untracked |  0
|   4|0x00000000c3000000, 0x00000000c3000000, 0x00000000c3100000|  0%| F|  |TAMS 0x00000000c3000000| PB 0x00000000c3000000| Untracked |  0
|   5|0x00000000c3100000, 0x00000000c3100000, 0x00000000c3200000|  0%| F|  |TAMS 0x00000000c3100000| PB 0x00000000c3100000| Untracked |  0
|   6|0x00000000c3200000, 0x00000000c3200000, 0x00000000c3300000|  0%| F|  |TAMS 0x00000000c3200000| PB 0x00000000c3200000| Untracked |  0
|   7|0x00000000c3300000, 0x00000000c3300000, 0x00000000c3400000|  0%| F|  |TAMS 0x00000000c3300000| PB 0x00000000c3300000| Untracked |  0
|   8|0x00000000c3400000, 0x00000000c3400000, 0x00000000c3500000|  0%| F|  |TAMS 0x00000000c3400000| PB 0x00000000c3400000| Untracked |  0
|   9|0x00000000c3500000, 0x00000000c3500000, 0x00000000c3600000|  0%| F|  |TAMS 0x00000000c3500000| PB 0x00000000c3500000| Untracked |  0
|  10|0x00000000c3600000, 0x00000000c3600000, 0x00000000c3700000|  0%| F|  |TAMS 0x00000000c3600000| PB 0x00000000c3600000| Untracked |  0
|  11|0x00000000c3700000, 0x00000000c3700000, 0x00000000c3800000|  0%| F|  |TAMS 0x00000000c3700000| PB 0x00000000c3700000| Untracked |  0
|  12|0x00000000c3800000, 0x00000000c3800000, 0x00000000c3900000|  0%| F|  |TAMS 0x00000000c3800000| PB 0x00000000c3800000| Untracked |  0
|  13|0x00000000c3900000, 0x00000000c3900000, 0x00000000c3a00000|  0%| F|  |TAMS 0x00000000c3900000| PB 0x00000000c3900000| Untracked |  0
|  14|0x00000000c3a00000, 0x00000000c3a00000, 0x00000000c3b00000|  0%| F|  |TAMS 0x00000000c3a00000| PB 0x00000000c3a00000| Untracked |  0
|  15|0x00000000c3b00000, 0x00000000c3b00000, 0x00000000c3c00000|  0%| F|  |TAMS 0x00000000c3b00000| PB 0x00000000c3b00000| Untracked |  0
|  16|0x00000000c3c00000, 0x00000000c3c00000, 0x00000000c3d00000|  0%| F|  |TAMS 0x00000000c3c00000| PB 0x00000000c3c00000| Untracked |  0
|  17|0x00000000c3d00000, 0x00000000c3d00000, 0x00000000c3e00000|  0%| F|  |TAMS 0x00000000c3d00000| PB 0x00000000c3d00000| Untracked |  0
|  18|0x00000000c3e00000, 0x00000000c3e00000, 0x00000000c3f00000|  0%| F|  |TAMS 0x00000000c3e00000| PB 0x00000000c3e00000| Untracked |  0
|  19|0x00000000c3f00000, 0x00000000c3f00000, 0x00000000c4000000|  0%| F|  |TAMS 0x00000000c3f00000| PB 0x00000000c3f00000| Untracked |  0
|  20|0x00000000c4000000, 0x00000000c4000000, 0x00000000c4100000|  0%| F|  |TAMS 0x00000000c4000000| PB 0x00000000c4000000| Untracked |  0
|  21|0x00000000c4100000, 0x00000000c4100000, 0x00000000c4200000|  0%| F|  |TAMS 0x00000000c4100000| PB 0x00000000c4100000| Untracked |  0
|  22|0x00000000c4200000, 0x00000000c4200000, 0x00000000c4300000|  0%| F|  |TAMS 0x00000000c4200000| PB 0x00000000c4200000| Untracked |  0
|  23|0x00000000c4300000, 0x00000000c4300000, 0x00000000c4400000|  0%| F|  |TAMS 0x00000000c4300000| PB 0x00000000c4300000| Untracked |  0
|  24|0x00000000c4400000, 0x00000000c4400000, 0x00000000c4500000|  0%| F|  |TAMS 0x00000000c4400000| PB 0x00000000c4400000| Untracked |  0
|  25|0x00000000c4500000, 0x00000000c4500000, 0x00000000c4600000|  0%| F|  |TAMS 0x00000000c4500000| PB 0x00000000c4500000| Untracked |  0
|  26|0x00000000c4600000, 0x00000000c4600000, 0x00000000c4700000|  0%| F|  |TAMS 0x00000000c4600000| PB 0x00000000c4600000| Untracked |  0
|  27|0x00000000c4700000, 0x00000000c4700000, 0x00000000c4800000|  0%| F|  |TAMS 0x00000000c4700000| PB 0x00000000c4700000| Untracked |  0
|  28|0x00000000c4800000, 0x00000000c4800000, 0x00000000c4900000|  0%| F|  |TAMS 0x00000000c4800000| PB 0x00000000c4800000| Untracked |  0
|  29|0x00000000c4900000, 0x00000000c4900000, 0x00000000c4a00000|  0%| F|  |TAMS 0x00000000c4900000| PB 0x00000000c4900000| Untracked |  0
|  30|0x00000000c4a00000, 0x00000000c4a00000, 0x00000000c4b00000|  0%| F|  |TAMS 0x00000000c4a00000| PB 0x00000000c4a00000| Untracked |  0
|  31|0x00000000c4b00000, 0x00000000c4b9c560, 0x00000000c4c00000| 61%| S|CS|TAMS 0x00000000c4b00000| PB 0x00000000c4b00000| Complete |  0
|  32|0x00000000c4c00000, 0x00000000c4d00000, 0x00000000c4d00000|100%| S|CS|TAMS 0x00000000c4c00000| PB 0x00000000c4c00000| Complete |  0
|  33|0x00000000c4d00000, 0x00000000c4e00000, 0x00000000c4e00000|100%| S|CS|TAMS 0x00000000c4d00000| PB 0x00000000c4d00000| Complete |  0
|  34|0x00000000c4e00000, 0x00000000c4f00000, 0x00000000c4f00000|100%| S|CS|TAMS 0x00000000c4e00000| PB 0x00000000c4e00000| Complete |  0
|  35|0x00000000c4f00000, 0x00000000c4f00000, 0x00000000c5000000|  0%| F|  |TAMS 0x00000000c4f00000| PB 0x00000000c4f00000| Untracked |  0
|  36|0x00000000c5000000, 0x00000000c5000000, 0x00000000c5100000|  0%| F|  |TAMS 0x00000000c5000000| PB 0x00000000c5000000| Untracked |  0
|  37|0x00000000c5100000, 0x00000000c5100000, 0x00000000c5200000|  0%| F|  |TAMS 0x00000000c5100000| PB 0x00000000c5100000| Untracked |  0
|  38|0x00000000c5200000, 0x00000000c5200000, 0x00000000c5300000|  0%| F|  |TAMS 0x00000000c5200000| PB 0x00000000c5200000| Untracked |  0
|  39|0x00000000c5300000, 0x00000000c5300000, 0x00000000c5400000|  0%| F|  |TAMS 0x00000000c5300000| PB 0x00000000c5300000| Untracked |  0
|  40|0x00000000c5400000, 0x00000000c5400000, 0x00000000c5500000|  0%| F|  |TAMS 0x00000000c5400000| PB 0x00000000c5400000| Untracked |  0
|  41|0x00000000c5500000, 0x00000000c5500000, 0x00000000c5600000|  0%| F|  |TAMS 0x00000000c5500000| PB 0x00000000c5500000| Untracked |  0
|  42|0x00000000c5600000, 0x00000000c5600000, 0x00000000c5700000|  0%| F|  |TAMS 0x00000000c5600000| PB 0x00000000c5600000| Untracked |  0
|  43|0x00000000c5700000, 0x00000000c5700000, 0x00000000c5800000|  0%| F|  |TAMS 0x00000000c5700000| PB 0x00000000c5700000| Untracked |  0
|  44|0x00000000c5800000, 0x00000000c5800000, 0x00000000c5900000|  0%| F|  |TAMS 0x00000000c5800000| PB 0x00000000c5800000| Untracked |  0
|  45|0x00000000c5900000, 0x00000000c5900000, 0x00000000c5a00000|  0%| F|  |TAMS 0x00000000c5900000| PB 0x00000000c5900000| Untracked |  0
|  46|0x00000000c5a00000, 0x00000000c5a00000, 0x00000000c5b00000|  0%| F|  |TAMS 0x00000000c5a00000| PB 0x00000000c5a00000| Untracked |  0
|  47|0x00000000c5b00000, 0x00000000c5b00000, 0x00000000c5c00000|  0%| F|  |TAMS 0x00000000c5b00000| PB 0x00000000c5b00000| Untracked |  0
|  48|0x00000000c5c00000, 0x00000000c5c00000, 0x00000000c5d00000|  0%| F|  |TAMS 0x00000000c5c00000| PB 0x00000000c5c00000| Untracked |  0
|  49|0x00000000c5d00000, 0x00000000c5d00000, 0x00000000c5e00000|  0%| F|  |TAMS 0x00000000c5d00000| PB 0x00000000c5d00000| Untracked |  0
|  50|0x00000000c5e00000, 0x00000000c5e00000, 0x00000000c5f00000|  0%| F|  |TAMS 0x00000000c5e00000| PB 0x00000000c5e00000| Untracked |  0
|  51|0x00000000c5f00000, 0x00000000c5f00000, 0x00000000c6000000|  0%| F|  |TAMS 0x00000000c5f00000| PB 0x00000000c5f00000| Untracked |  0
|  52|0x00000000c6000000, 0x00000000c6000000, 0x00000000c6100000|  0%| F|  |TAMS 0x00000000c6000000| PB 0x00000000c6000000| Untracked |  0
|  53|0x00000000c6100000, 0x00000000c6100000, 0x00000000c6200000|  0%| F|  |TAMS 0x00000000c6100000| PB 0x00000000c6100000| Untracked |  0
|  54|0x00000000c6200000, 0x00000000c6200000, 0x00000000c6300000|  0%| F|  |TAMS 0x00000000c6200000| PB 0x00000000c6200000| Untracked |  0
|  55|0x00000000c6300000, 0x00000000c6300000, 0x00000000c6400000|  0%| F|  |TAMS 0x00000000c6300000| PB 0x00000000c6300000| Untracked |  0
|  56|0x00000000c6400000, 0x00000000c6400000, 0x00000000c6500000|  0%| F|  |TAMS 0x00000000c6400000| PB 0x00000000c6400000| Untracked |  0
|  57|0x00000000c6500000, 0x00000000c6500000, 0x00000000c6600000|  0%| F|  |TAMS 0x00000000c6500000| PB 0x00000000c6500000| Untracked |  0
|  58|0x00000000c6600000, 0x00000000c6671d20, 0x00000000c6700000| 44%| E|  |TAMS 0x00000000c6600000| PB 0x00000000c6600000| Complete |  0
|  59|0x00000000c6700000, 0x00000000c6800000, 0x00000000c6800000|100%| E|CS|TAMS 0x00000000c6700000| PB 0x00000000c6700000| Complete |  0
|  60|0x00000000c6800000, 0x00000000c6900000, 0x00000000c6900000|100%| E|CS|TAMS 0x00000000c6800000| PB 0x00000000c6800000| Complete |  0
|  61|0x00000000c6900000, 0x00000000c6a00000, 0x00000000c6a00000|100%| E|CS|TAMS 0x00000000c6900000| PB 0x00000000c6900000| Complete |  0
| 978|0x00000000ffe00000, 0x00000000fff00000, 0x00000000fff00000|100%| O|  |TAMS 0x00000000ffe00000| PB 0x00000000ffe00000| Untracked |  0
| 979|0x00000000fff00000, 0x00000000fff24ea8, 0x0000000100000000| 14%| O|  |TAMS 0x00000000fff00000| PB 0x00000000fff00000| Untracked |  0

Card table byte_map: [0x0000011bf1200000,0x0000011bf13f0000] _byte_map_base: 0x0000011bf0bea000

Marking Bits: (CMBitMap*) 0x0000011bf1485d30
 Bits: [0x0000011bf9f40000, 0x0000011bfae90000)

Polling page: 0x0000011bef630000

Metaspace:
Metaspace        used 8210K, committed 8384K, reserved 1114112K
 class space     used 987K, committed 1088K, reserved 1048576K

Usage:
  Non-class:      7.05 MB used.
      Class:    987.43 KB used.
       Both:      8.02 MB used.

Virtual space:
  Non-class space:       64.00 MB reserved,       7.12 MB ( 11%) committed,  1 nodes.
      Class space:        1.00 GB reserved,       1.06 MB ( <1%) committed,  1 nodes.
             Both:        1.06 GB reserved,       8.19 MB ( <1%) committed. 

Chunk freelists:
   Non-Class:  7.22 MB
       Class:  14.97 MB
        Both:  22.19 MB

MaxMetaspaceSize: unlimited
CompressedClassSpaceSize: 1.00 GB
Initial GC threshold: 21.00 MB
Current GC threshold: 21.00 MB
CDS: on
 - commit_granule_bytes: 65536.
 - commit_granule_words: 8192.
 - virtual_space_node_default_size: 8388608.
 - enlarge_chunks_in_place: 1.
UseCompressedClassPointers 1, UseCompactObjectHeaders 0
Narrow klass pointer bits 32, Max shift 3
Narrow klass base: 0x0000000081000000, Narrow klass shift: 0
Encoding Range: [0x0000000081000000 - 0x0000000181000000), (4294967296 bytes)
Klass Range:    [0x0000000081010000 - 0x00000000c2000000), (1090453504 bytes)
Klass ID Range:  [65536 - 1090519033) (1090453497)
Protection zone: [0x0000000081000000 - 0x0000000081010000), (65536 bytes)


Internal statistics:

num_allocs_failed_limit: 0.
num_arena_births: 60.
num_arena_deaths: 0.
num_vsnodes_births: 2.
num_vsnodes_deaths: 0.
num_space_committed: 131.
num_space_uncommitted: 0.
num_chunks_returned_to_freelist: 0.
num_chunks_taken_from_freelist: 325.
num_chunk_merges: 0.
num_chunk_splits: 213.
num_chunks_enlarged: 179.
num_inconsistent_stats: 0.

CodeHeap 'non-profiled nmethods': size=120128Kb used=551Kb max_used=551Kb free=119576Kb
 bounds [0x0000011b87ab0000, 0x0000011b87d20000, 0x0000011b8f000000]
CodeHeap 'profiled nmethods': size=120000Kb used=2806Kb max_used=2806Kb free=117193Kb
 bounds [0x0000011b80000000, 0x0000011b802c0000, 0x0000011b87530000]
CodeHeap 'non-nmethods': size=5632Kb used=1355Kb max_used=1388Kb free=4277Kb
 bounds [0x0000011b87530000, 0x0000011b877a0000, 0x0000011b87ab0000]
CodeCache: size=245760Kb, used=4712Kb, max_used=4745Kb, free=241046Kb
 total_blobs=2295, nmethods=1811, adapters=388, full_count=0
Compilation: enabled, stopped_count=0, restarted_count=0

Compilation events (20 events):
Event: 108.405 Thread 0x0000011bfd269d70 nmethod 1803 0x0000011b87b39288 code [0x0000011b87b39380, 0x0000011b87b39448]
Event: 108.409 Thread 0x0000011bfd269d70 1804       3       java.util.LinkedHashMap$LinkedValues::toArray (20 bytes)
Event: 108.409 Thread 0x0000011bfd269d70 nmethod 1804 0x0000011b802bc488 code [0x0000011b802bc580, 0x0000011b802bc808]
Event: 108.411 Thread 0x0000011bfd269d70 1805       3       com.google.inject.internal.KotlinSupport::getInstance (4 bytes)
Event: 108.411 Thread 0x0000011bfd269d70 nmethod 1805 0x0000011b802bc888 code [0x0000011b802bc980, 0x0000011b802bca70]
Event: 108.436 Thread 0x0000011bfd269d70 1806       1       sun.reflect.generics.reflectiveObjects.ParameterizedTypeImpl::getRawType (5 bytes)
Event: 108.437 Thread 0x0000011bfd269d70 nmethod 1806 0x0000011b87b39588 code [0x0000011b87b39680, 0x0000011b87b39748]
Event: 108.437 Thread 0x0000011bfd269d70 1807       3       sun.reflect.generics.reflectiveObjects.ParameterizedTypeImpl::getActualTypeArguments (11 bytes)
Event: 108.437 Thread 0x0000011bfd269d70 nmethod 1807 0x0000011b802bcb88 code [0x0000011b802bcc80, 0x0000011b802bcf38]
Event: 108.437 Thread 0x0000011bfd269d70 1809       3       com.google.common.collect.ImmutableCollection::<init> (5 bytes)
Event: 108.437 Thread 0x0000011bfd269d70 nmethod 1809 0x0000011b802bcf88 code [0x0000011b802bd080, 0x0000011b802bd240]
Event: 108.437 Thread 0x0000011bfd269d70 1808       1       com.google.inject.internal.MoreTypes$ParameterizedTypeImpl::getRawType (5 bytes)
Event: 108.437 Thread 0x0000011bfd269d70 nmethod 1808 0x0000011b87b39888 code [0x0000011b87b39980, 0x0000011b87b39a48]
Event: 108.622 Thread 0x0000011bfd269d70 1810       3       java.util.Comparator::lambda$comparing$ea9a8b3a$1 (21 bytes)
Event: 108.622 Thread 0x0000011bfd269d70 nmethod 1810 0x0000011b802bd288 code [0x0000011b802bd380, 0x0000011b802bd6d8]
Event: 108.623 Thread 0x0000011bfd1f31c0 1811       4       com.google.inject.internal.DeclaredMembers$$Lambda/0x0000000082098210::apply (8 bytes)
Event: 108.623 Thread 0x0000011bfd1f31c0 nmethod 1811 0x0000011b87b39b88 code [0x0000011b87b39c80, 0x0000011b87b39d30]
Event: 111.787 Thread 0x0000011bfd269d70 1812       3       java.util.Arrays$ArrayList::iterator (12 bytes)
Event: 111.787 Thread 0x0000011bfd269d70 nmethod 1812 0x0000011b802bd708 code [0x0000011b802bd800, 0x0000011b802bda80]
Event: 111.791 Thread 0x0000011bfd269d70 1813       3       com.google.inject.internal.DeclaredMembers$$Lambda/0x00000000820988e8::apply (8 bytes)

GC Heap Usage History (4 events):
Event: 48.365 {heap Before GC invocations=0 (full 0):
 garbage-first heap   total reserved 1003520K, committed 65536K, used 14483K [0x00000000c2c00000, 0x0000000100000000)
  region size 1024K, 14 young (14336K), 0 survivors (0K)
}
Event: 48.600 {heap After GC invocations=1 (full 0):
 garbage-first heap   total reserved 1003520K, committed 65536K, used 3812K [0x00000000c2c00000, 0x0000000100000000)
  region size 1024K, 2 young (2048K), 2 survivors (2048K)
}
Event: 103.999 {heap Before GC invocations=1 (full 0):
 garbage-first heap   total reserved 1003520K, committed 65536K, used 28388K [0x00000000c2c00000, 0x0000000100000000)
  region size 1024K, 27 young (27648K), 2 survivors (2048K)
}
Event: 104.022 {heap After GC invocations=2 (full 0):
 garbage-first heap   total reserved 1003520K, committed 65536K, used 5462K [0x00000000c2c00000, 0x0000000100000000)
  region size 1024K, 4 young (4096K), 4 survivors (4096K)
}

Metaspace Usage History (4 events):
Event: 48.365 {metaspace Before GC invocations=0 (full 0):
 Metaspace       used 4248K, committed 4416K, reserved 1114112K
  class space    used 467K, committed 576K, reserved 1048576K
}
Event: 48.600 {metaspace After GC invocations=1 (full 0):
 Metaspace       used 4248K, committed 4416K, reserved 1114112K
  class space    used 467K, committed 576K, reserved 1048576K
}
Event: 103.999 {metaspace Before GC invocations=1 (full 0):
 Metaspace       used 7361K, committed 7616K, reserved 1114112K
  class space    used 892K, committed 1024K, reserved 1048576K
}
Event: 104.022 {metaspace After GC invocations=2 (full 0):
 Metaspace       used 7361K, committed 7616K, reserved 1114112K
  class space    used 892K, committed 1024K, reserved 1048576K
}

Dll operation events (7 events):
Event: 0.106 Loaded shared library C:\Program Files\Apache NetBeans\jdk\bin\java.dll
Event: 7.819 Loaded shared library C:\Program Files\Apache NetBeans\jdk\bin\net.dll
Event: 8.391 Loaded shared library C:\Program Files\Apache NetBeans\jdk\bin\nio.dll
Event: 8.401 Loaded shared library C:\Program Files\Apache NetBeans\jdk\bin\zip.dll
Event: 23.511 Loaded shared library C:\Program Files\Apache NetBeans\java\maven\lib\jansi-native\Windows\x86_64\jansi.dll
Event: 23.615 Loaded shared library C:\Program Files\Apache NetBeans\jdk\bin\verify.dll
Event: 24.574 Loaded shared library C:\Program Files\Apache NetBeans\jdk\bin\jimage.dll

Deoptimization events (20 events):
Event: 80.917 Thread 0x0000011bef0bd630 Uncommon trap: trap_request=0xffffffde fr.pc=0x0000011b87aeb348 relative=0x0000000000000248
Event: 80.917 Thread 0x0000011bef0bd630 Uncommon trap: reason=class_check action=maybe_recompile pc=0x0000011b87aeb348 method=java.util.HashMap.getNode(Ljava/lang/Object;)Ljava/util/HashMap$Node; @ 128 c2
Event: 80.917 Thread 0x0000011bef0bd630 DEOPT PACKING pc=0x0000011b87aeb348 sp=0x00000004785fdc00
Event: 80.917 Thread 0x0000011bef0bd630 DEOPT UNPACKING pc=0x0000011b875b857c sp=0x00000004785fdb68 mode 2
Event: 87.352 Thread 0x0000011bef0bd630 DEOPT PACKING pc=0x0000011b8020cd60 sp=0x00000004785fdfd0
Event: 87.352 Thread 0x0000011bef0bd630 DEOPT UNPACKING pc=0x0000011b87581063 sp=0x00000004785fd440 mode 0
Event: 88.550 Thread 0x0000011bef0bd630 Uncommon trap: trap_request=0xffffff45 fr.pc=0x0000011b87b18f54 relative=0x0000000000000254
Event: 88.550 Thread 0x0000011bef0bd630 Uncommon trap: reason=unstable_if action=reinterpret pc=0x0000011b87b18f54 method=java.lang.String.<init>([CIILjava/lang/Void;)V @ 5 c2
Event: 88.550 Thread 0x0000011bef0bd630 DEOPT PACKING pc=0x0000011b87b18f54 sp=0x00000004785fdcd0
Event: 88.550 Thread 0x0000011bef0bd630 DEOPT UNPACKING pc=0x0000011b875b857c sp=0x00000004785fdc70 mode 2
Event: 88.560 Thread 0x0000011bef0bd630 DEOPT PACKING pc=0x0000011b802458a0 sp=0x00000004785fdec0
Event: 88.560 Thread 0x0000011bef0bd630 DEOPT UNPACKING pc=0x0000011b87581063 sp=0x00000004785fd330 mode 0
Event: 95.061 Thread 0x0000011bef0bd630 Uncommon trap: trap_request=0xffffffc6 fr.pc=0x0000011b87aeb8ac relative=0x00000000000003ac
Event: 95.061 Thread 0x0000011bef0bd630 Uncommon trap: reason=bimorphic_or_optimized_type_check action=maybe_recompile pc=0x0000011b87aeb8ac method=java.util.concurrent.ConcurrentHashMap.get(Ljava/lang/Object;)Ljava/lang/Object; @ 149 c2
Event: 95.061 Thread 0x0000011bef0bd630 DEOPT PACKING pc=0x0000011b87aeb8ac sp=0x00000004785fd740
Event: 95.061 Thread 0x0000011bef0bd630 DEOPT UNPACKING pc=0x0000011b875b857c sp=0x00000004785fd6c0 mode 2
Event: 100.804 Thread 0x0000011bef0bd630 Uncommon trap: trap_request=0xffffffc6 fr.pc=0x0000011b87aeb8ac relative=0x00000000000003ac
Event: 100.804 Thread 0x0000011bef0bd630 Uncommon trap: reason=bimorphic_or_optimized_type_check action=maybe_recompile pc=0x0000011b87aeb8ac method=java.util.concurrent.ConcurrentHashMap.get(Ljava/lang/Object;)Ljava/lang/Object; @ 149 c2
Event: 100.804 Thread 0x0000011bef0bd630 DEOPT PACKING pc=0x0000011b87aeb8ac sp=0x00000004785fd5c0
Event: 100.804 Thread 0x0000011bef0bd630 DEOPT UNPACKING pc=0x0000011b875b857c sp=0x00000004785fd530 mode 2

Classes loaded (20 events):
Event: 62.051 Loading class sun/reflect/generics/reflectiveObjects/TypeVariableImpl
Event: 62.079 Loading class sun/reflect/generics/reflectiveObjects/LazyReflectiveObjectGenerator
Event: 62.105 Loading class sun/reflect/generics/reflectiveObjects/LazyReflectiveObjectGenerator done
Event: 62.105 Loading class sun/reflect/generics/reflectiveObjects/TypeVariableImpl done
Event: 62.105 Loading class sun/reflect/generics/reflectiveObjects/ParameterizedTypeImpl
Event: 62.105 Loading class sun/reflect/generics/reflectiveObjects/ParameterizedTypeImpl done
Event: 92.373 Loading class java/lang/Deprecated
Event: 92.374 Loading class java/lang/Deprecated done
Event: 99.355 Loading class java/lang/invoke/MethodHandle$1
Event: 99.357 Loading class java/lang/invoke/MethodHandle$1 done
Event: 101.679 Loading class sun/reflect/generics/tree/BottomSignature
Event: 101.679 Loading class sun/reflect/generics/tree/BottomSignature done
Event: 101.679 Loading class sun/reflect/generics/tree/Wildcard
Event: 101.679 Loading class sun/reflect/generics/tree/Wildcard done
Event: 101.679 Loading class sun/reflect/generics/reflectiveObjects/WildcardTypeImpl
Event: 101.679 Loading class sun/reflect/generics/reflectiveObjects/WildcardTypeImpl done
Event: 101.679 Loading class sun/reflect/annotation/AnnotatedTypeFactory$AnnotatedParameterizedTypeImpl
Event: 101.680 Loading class java/lang/reflect/AnnotatedParameterizedType
Event: 101.680 Loading class java/lang/reflect/AnnotatedParameterizedType done
Event: 101.680 Loading class sun/reflect/annotation/AnnotatedTypeFactory$AnnotatedParameterizedTypeImpl done

Classes unloaded (0 events):
No events

Classes redefined (0 events):
No events

Internal exceptions (20 events):
Event: 23.572 Thread 0x0000011bef0bd630 Exception <a 'java/lang/NullPointerException'{0x00000000c655afb8}> (0x00000000c655afb8) 
thrown [s\src\hotspot\share\interpreter\linkResolver.cpp, line 1416]
Event: 23.612 Thread 0x0000011bef0bd630 Exception <a 'sun/nio/fs/WindowsException'{0x00000000c657c550}> (0x00000000c657c550) 
thrown [s\src\hotspot\share\prims\jni.cpp, line 516]
Event: 23.612 Thread 0x0000011bef0bd630 Exception <a 'sun/nio/fs/WindowsException'{0x00000000c657cb80}> (0x00000000c657cb80) 
thrown [s\src\hotspot\share\prims\jni.cpp, line 516]
Event: 23.612 Thread 0x0000011bef0bd630 Exception <a 'sun/nio/fs/WindowsException'{0x00000000c657d0e0}> (0x00000000c657d0e0) 
thrown [s\src\hotspot\share\prims\jni.cpp, line 516]
Event: 23.612 Thread 0x0000011bef0bd630 Exception <a 'sun/nio/fs/WindowsException'{0x00000000c657d620}> (0x00000000c657d620) 
thrown [s\src\hotspot\share\prims\jni.cpp, line 516]
Event: 23.613 Thread 0x0000011bef0bd630 Exception <a 'sun/nio/fs/WindowsException'{0x00000000c657db10}> (0x00000000c657db10) 
thrown [s\src\hotspot\share\prims\jni.cpp, line 516]
Event: 23.613 Thread 0x0000011bef0bd630 Exception <a 'sun/nio/fs/WindowsException'{0x00000000c657dfb8}> (0x00000000c657dfb8) 
thrown [s\src\hotspot\share\prims\jni.cpp, line 516]
Event: 23.900 Thread 0x0000011bef0bd630 Exception <a 'java/lang/NoSuchMethodError'{0x00000000c65b7610}: 'void java.lang.invoke.DirectMethodHandle$Holder.invokeVirtual(java.lang.Object, java.lang.Object)'> (0x00000000c65b7610) 
thrown [s\src\hotspot\share\interpreter\linkResolver.cpp, line 804]
Event: 23.953 Thread 0x0000011bef0bd630 Exception <a 'java/lang/NoSuchMethodError'{0x00000000c65d8908}: 'void java.lang.invoke.DirectMethodHandle$Holder.invokeStatic(java.lang.Object, java.lang.Object)'> (0x00000000c65d8908) 
thrown [s\src\hotspot\share\interpreter\linkResolver.cpp, line 804]
Event: 24.047 Thread 0x0000011bef0bd630 Exception <a 'java/lang/NoSuchMethodError'{0x00000000c65e09e0}: 'void java.lang.invoke.DirectMethodHandle$Holder.invokeStaticInit(java.lang.Object, java.lang.Object)'> (0x00000000c65e09e0) 
thrown [s\src\hotspot\share\interpreter\linkResolver.cpp, line 804]
Event: 24.216 Thread 0x0000011bef0bd630 Exception <a 'java/lang/NoSuchMethodError'{0x00000000c641bee0}: 'void java.lang.invoke.DirectMethodHandle$Holder.invokeSpecial(java.lang.Object, java.lang.Object, java.lang.Object, java.lang.Object, java.lang.Object)'> (0x00000000c641bee0) 
thrown [s\src\hotspot\share\interpreter\linkResolver.cpp, line 804]
Event: 24.491 Thread 0x0000011bef0bd630 Exception <a 'java/lang/NoSuchMethodError'{0x00000000c6457bf0}: 'void java.lang.invoke.DirectMethodHandle$Holder.invokeStatic(java.lang.Object, java.lang.Object, java.lang.Object)'> (0x00000000c6457bf0) 
thrown [s\src\hotspot\share\interpreter\linkResolver.cpp, line 804]
Event: 34.404 Thread 0x0000011bef0bd630 Exception <a 'java/lang/NoSuchMethodError'{0x00000000c621dea0}: 'java.lang.Object java.lang.invoke.DirectMethodHandle$Holder.invokeSpecialIFC(java.lang.Object, java.lang.Object, java.lang.Object, java.lang.Object)'> (0x00000000c621dea0) 
thrown [s\src\hotspot\share\interpreter\linkResolver.cpp, line 804]
Event: 46.874 Thread 0x0000011bef0bd630 Exception <a 'java/lang/NoSuchMethodError'{0x00000000c5d593b0}: 'void java.lang.invoke.DirectMethodHandle$Holder.invokeSpecial(java.lang.Object, java.lang.Object, java.lang.Object)'> (0x00000000c5d593b0) 
thrown [s\src\hotspot\share\interpreter\linkResolver.cpp, line 804]
Event: 48.229 Thread 0x0000011bef0bd630 Exception <a 'java/lang/NoSuchMethodError'{0x00000000c5c74598}: 'java.lang.Object java.lang.invoke.DirectMethodHandle$Holder.invokeInterface(java.lang.Object, java.lang.Object)'> (0x00000000c5c74598) 
thrown [s\src\hotspot\share\interpreter\linkResolver.cpp, line 804]
Event: 48.608 Thread 0x0000011bef0bd630 Exception <a 'java/lang/NoSuchMethodError'{0x00000000c691f8b0}: 'int java.lang.invoke.DirectMethodHandle$Holder.invokeStatic(java.lang.Object, java.lang.Object, java.lang.Object, java.lang.Object)'> (0x00000000c691f8b0) 
thrown [s\src\hotspot\share\interpreter\linkResolver.cpp, line 804]
Event: 48.621 Thread 0x0000011bef0bd630 Exception <a 'java/lang/NoSuchMethodError'{0x00000000c6949908}: 'int java.lang.invoke.DirectMethodHandle$Holder.invokeSpecialIFC(java.lang.Object, java.lang.Object, java.lang.Object, java.lang.Object, java.lang.Object)'> (0x00000000c6949908) 
thrown [s\src\hotspot\share\interpreter\linkResolver.cpp, line 804]
Event: 52.044 Thread 0x0000011bef0bd630 Exception <a 'java/lang/NoSuchMethodError'{0x00000000c6735290}: 'java.lang.Object java.lang.invoke.DirectMethodHandle$Holder.newInvokeSpecial(java.lang.Object, java.lang.Object, java.lang.Object, java.lang.Object, java.lang.Object)'> (0x00000000c6735290) 
thrown [s\src\hotspot\share\interpreter\linkResolver.cpp, line 804]
Event: 54.830 Thread 0x0000011bef0bd630 Exception <a 'java/lang/NoSuchMethodError'{0x00000000c664f2b8}: 'int java.lang.invoke.DirectMethodHandle$Holder.invokeStaticInit(java.lang.Object, java.lang.Object)'> (0x00000000c664f2b8) 
thrown [s\src\hotspot\share\interpreter\linkResolver.cpp, line 804]
Event: 57.238 Thread 0x0000011bef0bd630 Exception <a 'java/lang/NoClassDefFoundError'{0x00000000c6689208}: javax/enterprise/inject/Typed> (0x00000000c6689208) 
thrown [s\src\hotspot\share\classfile\systemDictionary.cpp, line 316]

VM Operations (16 events):
Event: 8.403 Executing non-safepoint VM operation: HandshakeAllThreads (Deoptimize)
Event: 8.403 Executing non-safepoint VM operation: HandshakeAllThreads (Deoptimize) done
Event: 23.298 Executing non-safepoint VM operation: HandshakeAllThreads (Deoptimize)
Event: 23.298 Executing non-safepoint VM operation: HandshakeAllThreads (Deoptimize) done
Event: 24.660 Executing non-safepoint VM operation: HandshakeAllThreads (Deoptimize)
Event: 29.941 Executing non-safepoint VM operation: HandshakeAllThreads (Deoptimize) done
Event: 48.365 Executing safepoint VM operation: G1CollectForAllocation (G1 Evacuation Pause)
Event: 48.601 Executing safepoint VM operation: G1CollectForAllocation (G1 Evacuation Pause) done
Event: 60.250 Executing non-safepoint VM operation: HandshakeAllThreads (HandshakeForDeflation)
Event: 60.250 Executing non-safepoint VM operation: HandshakeAllThreads (HandshakeForDeflation) done
Event: 60.250 Executing non-safepoint VM operation: RendezvousGCThreads
Event: 60.250 Executing non-safepoint VM operation: RendezvousGCThreads done
Event: 103.999 Executing safepoint VM operation: G1CollectForAllocation (G1 Evacuation Pause)
Event: 104.022 Executing safepoint VM operation: G1CollectForAllocation (G1 Evacuation Pause) done
Event: 104.035 Executing non-safepoint VM operation: HandshakeAllThreads (Deoptimize)
Event: 104.036 Executing non-safepoint VM operation: HandshakeAllThreads (Deoptimize) done

Memory protections (0 events):
No events

Nmethod flushes (0 events):
No events

Events (13 events):
Event: 1.181 Thread 0x0000011bef0bd630 Thread added: 0x0000011bef0bd630
Event: 2.124 Thread 0x0000011bef0bd630 Thread added: 0x0000011bfd1ea340
Event: 2.125 Thread 0x0000011bef0bd630 Thread added: 0x0000011bfd1eaf00
Event: 2.125 Thread 0x0000011bef0bd630 Thread added: 0x0000011bfd1ed9d0
Event: 2.125 Thread 0x0000011bef0bd630 Thread added: 0x0000011bfd1ee6c0
Event: 2.125 Thread 0x0000011bef0bd630 Thread added: 0x0000011bfd1ef700
Event: 2.125 Thread 0x0000011bef0bd630 Thread added: 0x0000011bfd1f22d0
Event: 2.126 Thread 0x0000011bef0bd630 Thread added: 0x0000011bfd1f31c0
Event: 2.432 Thread 0x0000011bef0bd630 Thread added: 0x0000011bfd269d70
Event: 7.809 Thread 0x0000011bef0bd630 Thread added: 0x0000011bfd32f2e0
Event: 7.814 Thread 0x0000011bef0bd630 Thread added: 0x0000011bfd336760
Event: 23.428 Thread 0x0000011bef0bd630 Thread added: 0x0000011bfd2d8fc0
Event: 38.244 Thread 0x0000011bfd2d8fc0 Thread exited: 0x0000011bfd2d8fc0


Dynamic libraries:
0x00007ff61ab00000 - 0x00007ff61ab0e000 	C:\Program Files\Apache NetBeans\jdk\bin\java.exe
0x00007ffea0ee0000 - 0x00007ffea1147000 	C:\WINDOWS\SYSTEM32\ntdll.dll
0x00007ffe9fee0000 - 0x00007ffe9ffa9000 	C:\WINDOWS\System32\KERNEL32.DLL
0x00007ffe9dbe0000 - 0x00007ffe9dfd4000 	C:\WINDOWS\System32\KERNELBASE.dll
0x00007ffe9e110000 - 0x00007ffe9e25b000 	C:\WINDOWS\System32\ucrtbase.dll
0x00007ffe806e0000 - 0x00007ffe806f6000 	C:\Program Files\Apache NetBeans\jdk\bin\jli.dll
0x00007ffe9ed70000 - 0x00007ffe9ef35000 	C:\WINDOWS\System32\USER32.dll
0x00007ffe9eb90000 - 0x00007ffe9ebb7000 	C:\WINDOWS\System32\win32u.dll
0x00007ffea09d0000 - 0x00007ffea09fb000 	C:\WINDOWS\System32\GDI32.dll
0x00007ffe9dfe0000 - 0x00007ffe9e10a000 	C:\WINDOWS\System32\gdi32full.dll
0x00007ffe9ebc0000 - 0x00007ffe9ec63000 	C:\WINDOWS\System32\msvcp_win.dll
0x00007ffe91b10000 - 0x00007ffe91b2e000 	C:\Program Files\Apache NetBeans\jdk\bin\VCRUNTIME140.dll
0x00007ffe8ba70000 - 0x00007ffe8bd03000 	C:\WINDOWS\WinSxS\amd64_microsoft.windows.common-controls_6595b64144ccf1df_6.0.26100.8115_none_3e075c82e3354f9c\COMCTL32.dll
0x00007ffea0400000 - 0x00007ffea04a9000 	C:\WINDOWS\System32\msvcrt.dll
0x00007ffe9fd40000 - 0x00007ffe9fd72000 	C:\WINDOWS\System32\IMM32.DLL
0x00007ffe8bdb0000 - 0x00007ffe8bdbc000 	C:\Program Files\Apache NetBeans\jdk\bin\vcruntime140_1.dll
0x00007ffe68510000 - 0x00007ffe6859d000 	C:\Program Files\Apache NetBeans\jdk\bin\msvcp140.dll
0x00007ffe2ca00000 - 0x00007ffe2d926000 	C:\Program Files\Apache NetBeans\jdk\bin\server\jvm.dll
0x00007ffea0660000 - 0x00007ffea0716000 	C:\WINDOWS\System32\ADVAPI32.dll
0x00007ffea04b0000 - 0x00007ffea0557000 	C:\WINDOWS\System32\sechost.dll
0x00007ffe9f250000 - 0x00007ffe9f368000 	C:\WINDOWS\System32\RPCRT4.dll
0x00007ffea0940000 - 0x00007ffea09c0000 	C:\WINDOWS\System32\WS2_32.dll
0x00007ffe9d610000 - 0x00007ffe9d66e000 	C:\WINDOWS\SYSTEM32\POWRPROF.dll
0x00007ffe7a540000 - 0x00007ffe7a576000 	C:\WINDOWS\SYSTEM32\WINMM.dll
0x00007ffe8c650000 - 0x00007ffe8c65b000 	C:\WINDOWS\SYSTEM32\VERSION.dll
0x00007ffe9d5f0000 - 0x00007ffe9d604000 	C:\WINDOWS\SYSTEM32\UMPDC.dll
0x00007ffe9c540000 - 0x00007ffe9c55b000 	C:\WINDOWS\SYSTEM32\kernel.appcore.dll
0x00007ffe8bda0000 - 0x00007ffe8bdaa000 	C:\Program Files\Apache NetBeans\jdk\bin\jimage.dll
0x00007ffe9b6f0000 - 0x00007ffe9b932000 	C:\WINDOWS\SYSTEM32\DBGHELP.DLL
0x00007ffe9ffb0000 - 0x00007ffea0332000 	C:\WINDOWS\System32\combase.dll
0x00007ffe9f400000 - 0x00007ffe9f4d7000 	C:\WINDOWS\System32\OLEAUT32.dll
0x00007ffe8c3b0000 - 0x00007ffe8c3eb000 	C:\WINDOWS\SYSTEM32\dbgcore.DLL
0x00007ffe9d9c0000 - 0x00007ffe9da65000 	C:\WINDOWS\System32\bcryptPrimitives.dll
0x00007ffe80700000 - 0x00007ffe8071e000 	C:\Program Files\Apache NetBeans\jdk\bin\java.dll
0x00007ffea0790000 - 0x00007ffea0927000 	C:\WINDOWS\System32\ole32.dll
0x00007ffe9f570000 - 0x00007ffe9fcd6000 	C:\WINDOWS\System32\SHELL32.dll
0x00007ffe9da70000 - 0x00007ffe9dbda000 	C:\WINDOWS\System32\wintypes.dll
0x00007ffe9e260000 - 0x00007ffe9eac5000 	C:\WINDOWS\System32\windows.storage.dll
0x00007ffe9ef40000 - 0x00007ffe9f037000 	C:\WINDOWS\System32\SHCORE.dll
0x00007ffea0720000 - 0x00007ffea0786000 	C:\WINDOWS\System32\shlwapi.dll
0x00007ffe9d6d0000 - 0x00007ffe9d6f9000 	C:\WINDOWS\SYSTEM32\profapi.dll
0x00007ffe76930000 - 0x00007ffe76941000 	C:\Program Files\Apache NetBeans\jdk\bin\net.dll
0x00007ffe9cab0000 - 0x00007ffe9cb1c000 	C:\WINDOWS\system32\mswsock.dll
0x00007ffe685a0000 - 0x00007ffe685b6000 	C:\Program Files\Apache NetBeans\jdk\bin\nio.dll
0x00007ffe76950000 - 0x00007ffe76967000 	C:\Program Files\Apache NetBeans\jdk\bin\zip.dll
0x00007ffe7bf10000 - 0x00007ffe7bf34000 	C:\Program Files\Apache NetBeans\java\maven\lib\jansi-native\Windows\x86_64\jansi.dll
0x00007ffe87100000 - 0x00007ffe87110000 	C:\Program Files\Apache NetBeans\jdk\bin\verify.dll

JVMTI agents: none

dbghelp: loaded successfully - version: 4.0.5 - missing functions: none
symbol engine: initialized successfully - sym options: 0x614 - pdb path: .;C:\Program Files\Apache NetBeans\jdk\bin;C:\WINDOWS\SYSTEM32;C:\WINDOWS\WinSxS\amd64_microsoft.windows.common-controls_6595b64144ccf1df_6.0.26100.8115_none_3e075c82e3354f9c;C:\Program Files\Apache NetBeans\jdk\bin\server;C:\Program Files\Apache NetBeans\java\maven\lib\jansi-native\Windows\x86_64

VM Arguments:
jvm_args: --enable-native-access=ALL-UNNAMED -Dclassworlds.conf=C:\Program Files\Apache NetBeans\java\maven\bin\m2.conf -Dmaven.home=C:\Program Files\Apache NetBeans\java\maven -Dlibrary.jansi.path=C:\Program Files\Apache NetBeans\java\maven\lib\jansi-native -Dmaven.multiModuleProjectDirectory=C:\Users\ASUS\Documents\NetBeansProjects\Lubiproject1 
java_command: org.codehaus.plexus.classworlds.launcher.Launcher -Dmaven.ext.class.path=C:\Program Files\Apache NetBeans\java\maven-nblib\netbeans-eventspy.jar --no-transfer-progress install
java_class_path (initial): C:\Program Files\Apache NetBeans\java\maven\boot\plexus-classworlds-2.9.0.jar
Launcher Type: SUN_STANDARD

[Global flags]
     intx CICompilerCount                          = 2                                         {product} {ergonomic}
     uint ConcGCThreads                            = 1                                         {product} {ergonomic}
     uint G1ConcRefinementThreads                  = 2                                         {product} {ergonomic}
   size_t G1HeapRegionSize                         = 1048576                                   {product} {ergonomic}
   size_t InitialHeapSize                          = 65011712                                  {product} {ergonomic}
   size_t MarkStackSize                            = 4194304                                   {product} {ergonomic}
   size_t MarkStackSizeMax                         = 536870912                                 {product} {ergonomic}
   size_t MaxHeapSize                              = 1027604480                                {product} {ergonomic}
   size_t MaxNewSize                               = 616562688                                 {product} {ergonomic}
   size_t MinHeapDeltaBytes                        = 1048576                                   {product} {ergonomic}
   size_t MinHeapSize                              = 8388608                                   {product} {ergonomic}
    uintx NonNMethodCodeHeapSize                   = 5767168                                {pd product} {ergonomic}
    uintx NonProfiledCodeHeapSize                  = 123011072                              {pd product} {ergonomic}
    uintx ProfiledCodeHeapSize                     = 122880000                              {pd product} {ergonomic}
    uintx ReservedCodeCacheSize                    = 251658240                              {pd product} {ergonomic}
     bool SegmentedCodeCache                       = true                                      {product} {ergonomic}
   size_t SoftMaxHeapSize                          = 1027604480                             {manageable} {ergonomic}
     bool UseCompressedOops                        = true                           {product lp64_product} {ergonomic}
     bool UseG1GC                                  = true                                      {product} {ergonomic}
     bool UseLargePagesIndividualAllocation        = false                                  {pd product} {ergonomic}

Logging:
Log output configuration:
 #0: stdout all=warning uptime,level,tags foldmultilines=false
 #1: stderr all=off uptime,level,tags foldmultilines=false

Release file:
IMPLEMENTOR="Eclipse Adoptium" 
IMPLEMENTOR_VERSION="Temurin-25.0.2+10" 
JAVA_RUNTIME_VERSION="25.0.2+10-LTS" 
JAVA_VERSION="25.0.2" 
JAVA_VERSION_DATE="2026-01-20" 
LIBC="default" 
MODULES="java.base java.compiler java.datatransfer java.xml java.prefs java.desktop java.instrument java.logging java.management java.security.sasl java.naming java.rmi java.management.rmi java.net.http java.scripting java.security.jgss java.transaction.xa java.sql java.sql.rowset java.xml.crypto java.se java.smartcardio jdk.accessibility jdk.internal.jvmstat jdk.attach jdk.charsets jdk.internal.opt jdk.zipfs jdk.compiler jdk.crypto.cryptoki jdk.crypto.ec jdk.crypto.mscapi jdk.dynalink jdk.internal.ed jdk.editpad jdk.internal.vm.ci jdk.graal.compiler jdk.graal.compiler.management jdk.hotspot.agent jdk.httpserver jdk.incubator.vector jdk.internal.le jdk.internal.md jdk.jartool jdk.javadoc jdk.jcmd jdk.management jdk.management.agent jdk.jconsole jdk.jdeps jdk.jdwp.agent jdk.jdi jdk.jfr jdk.jlink jdk.jpackage jdk.jshell jdk.jsobject jdk.jstatd jdk.localedata jdk.management.jfr jdk.naming.dns jdk.naming.rmi jdk.net jdk.nio.mapmode jdk.sctp jdk.security.auth jdk.security.jgss jdk.unsupported jdk.unsupported.desktop jdk.xml.dom" 
OS_ARCH="x86_64" 
OS_NAME="Windows" 
SOURCE=".:git:9e3c947043a4" 
BUILD_SOURCE="git:458965074606f027bd5afce2cfd5c1055dea0438"
BUILD_SOURCE_REPO="https://github.com/adoptium/temurin-build.git"
SOURCE_REPO="https://github.com/adoptium/jdk25u.git"
FULL_VERSION="25.0.2+10-LTS"
SEMANTIC_VERSION="25.0.2+10"
BUILD_INFO="OS: Windows Server 2022 Version: 10.0"
JVM_VARIANT="Hotspot"
JVM_VERSION="25.0.2+10-LTS"
IMAGE_TYPE="JDK"

Environment Variables:
JAVA_HOME=C:\Program Files\Apache NetBeans\jdk
PATH=C:\WINDOWS\system32;C:\WINDOWS;C:\WINDOWS\System32\Wbem;C:\WINDOWS\System32\WindowsPowerShell\v1.0\;C:\WINDOWS\System32\OpenSSH\;C:\Program Files\Git\cmd;C:\Users\ASUS\AppData\Local\Microsoft\WindowsApps;;C:\Program Files\Apache NetBeans\bin\
USERNAME=ASUS
OS=Windows_NT
PROCESSOR_IDENTIFIER=Intel64 Family 6 Model 122 Stepping 1, GenuineIntel
TMP=C:\Users\ASUS\AppData\Local\Temp
TEMP=C:\Users\ASUS\AppData\Local\Temp




Compilation memory statistics disabled.

Periodic native trim disabled

---------------  S Y S T E M  ---------------

OS:
 Windows 11 , 64 bit Build 26100 (10.0.26100.8115)
OS uptime: 0 days 4:12 hours

CPU: total 2 (initial active 2) (2 cores per cpu, 1 threads per core) family 6 model 122 stepping 1 microcode 0x34, cx8, cmov, fxsr, mmx, 3dnowpref, sse, sse2, sse3, ssse3, sse4.1, sse4.2, popcnt, tsc, tscinvbit, aes, erms, clmul, sha, clflush, clflushopt, rdtscp, rdpid
Processor Information for the first 2 processors :
  Max Mhz: 1101, Current Mhz: 1101, Mhz Limit: 1101

Memory: 4k page, system-wide physical 3919M (469M free)
TotalPageFile size 15695M (AvailPageFile size 243M)
current process WorkingSet (physical memory assigned to process): 53M, peak: 61M
current process commit charge ("private bytes"): 147M, peak: 152M

vm_info: OpenJDK 64-Bit Server VM (25.0.2+10-LTS) for windows-amd64 JRE (25.0.2+10-LTS), built on 2026-01-20T00:00:00Z with MS VC++ 17.12 (VS2022)

END.
