#
# There is insufficient memory for the Java Runtime Environment to continue.
# Native memory allocation (malloc) failed to allocate 214344 bytes. Error detail: Chunk::new
# Possible reasons:
#   The system is out of physical RAM or swap space
#   This process is running with CompressedOops enabled, and the Java Heap may be blocking the growth of the native heap
# Possible solutions:
#   Reduce memory load on the system
#   Increase physical memory or swap space
#   Check if swap backing store is full
#   Decrease Java heap size (-Xmx/-Xms)
#
#  Out of Memory Error
#
# org.codehaus.plexus.classworlds.launcher.Launcher -Dmaven.ext.class.path=C:\Program Files\Apache NetBeans\java\maven-nblib\netbeans-eventspy.jar --no-transfer-progress install

Host: Intel(R) Celeron(R) N4000 CPU @ 1.10GHz, 2 cores, 3G,  Windows 11 , 64 bit Build 26100 (10.0.26100.8115)
Time: Fri Apr  3 20:20:16 2026 SE Asia Standard Time elapsed time: 122.159679 seconds (0d 0h 2m 2s)

---------------  T H R E A D  ---------------

Current thread (0x000001623756ec20):  JavaThread "C2 CompilerThread0" daemon [_thread_in_native, id=24280, stack(0x000000123b700000,0x000000123b800000) (1024K)]


Current CompileTask:
C2:122159 1201   !   4       sun.nio.cs.StreamDecoder::read (220 bytes)

Stack: [0x000000123b700000,0x000000123b800000]
Native frames: (J=compiled Java code, j=interpreted, Vv=VM code, C=native code)
V  [jvm.dll+0x7a8bc9]  (no source info available)
V  [jvm.dll+0x77310d]  (no source info available)
V  [jvm.dll+0x9f55f3]  (no source info available)
V  [jvm.dll+0x9f7be1]  (no source info available)
V  [jvm.dll+0x9f82f3]  (no source info available)
V  [jvm.dll+0x2fce26]  (no source info available)
V  [jvm.dll+0x111076]  (no source info available)
V  [jvm.dll+0x11139e]  (no source info available)
V  [jvm.dll+0x382261]  (no source info available)
V  [jvm.dll+0x6b8da6]  (no source info available)
V  [jvm.dll+0x2c957a]  (no source info available)
V  [jvm.dll+0x2c1621]  (no source info available)
V  [jvm.dll+0x2bf2df]  (no source info available)
V  [jvm.dll+0x237140]  (no source info available)
V  [jvm.dll+0x2cf4c6]  (no source info available)
V  [jvm.dll+0x2cd74a]  (no source info available)
V  [jvm.dll+0x48fbee]  (no source info available)
V  [jvm.dll+0x996b0d]  (no source info available)
V  [jvm.dll+0x7a71a5]  (no source info available)
C  [ucrtbase.dll+0x37b0]  (no source info available)
C  [KERNEL32.DLL+0x2e8d7]  (no source info available)
C  [ntdll.dll+0x8c3fc]  (no source info available)

Lock stack of current Java thread (top to bottom):


---------------  P R O C E S S  ---------------

Threads class SMR info:
_java_thread_list=0x000001623c6137a0, length=11, elements={
0x000001621a59d630, 0x0000016237562a60, 0x0000016237565e80, 0x0000016237569b40,
0x000001623756b860, 0x000001623756d170, 0x000001623756dd30, 0x000001623756ec20,
0x00000162375e6970, 0x00000162376a09f0, 0x00000162376b1cb0
}

Java Threads: ( => current thread )
  0x000001621a59d630 JavaThread "main"                              [_thread_in_native, id=23764, stack(0x000000123a900000,0x000000123aa00000) (1024K)]
  0x0000016237562a60 JavaThread "Reference Handler"          daemon [_thread_blocked, id=24256, stack(0x000000123b100000,0x000000123b200000) (1024K)]
  0x0000016237565e80 JavaThread "Finalizer"                  daemon [_thread_blocked, id=24260, stack(0x000000123b200000,0x000000123b300000) (1024K)]
  0x0000016237569b40 JavaThread "Signal Dispatcher"          daemon [_thread_blocked, id=24264, stack(0x000000123b300000,0x000000123b400000) (1024K)]
  0x000001623756b860 JavaThread "Attach Listener"            daemon [_thread_blocked, id=24268, stack(0x000000123b400000,0x000000123b500000) (1024K)]
  0x000001623756d170 JavaThread "Service Thread"             daemon [_thread_blocked, id=24272, stack(0x000000123b500000,0x000000123b600000) (1024K)]
  0x000001623756dd30 JavaThread "Monitor Deflation Thread"   daemon [_thread_blocked, id=24276, stack(0x000000123b600000,0x000000123b700000) (1024K)]
=>0x000001623756ec20 JavaThread "C2 CompilerThread0"         daemon [_thread_in_native, id=24280, stack(0x000000123b700000,0x000000123b800000) (1024K)]
  0x00000162375e6970 JavaThread "C1 CompilerThread0"         daemon [_thread_blocked, id=24320, stack(0x000000123b800000,0x000000123b900000) (1024K)]
  0x00000162376a09f0 JavaThread "Notification Thread"        daemon [_thread_blocked, id=25340, stack(0x000000123b900000,0x000000123ba00000) (1024K)]
  0x00000162376b1cb0 JavaThread "Common-Cleaner"             daemon [_thread_blocked, id=23796, stack(0x000000123ba00000,0x000000123bb00000) (1024K)]
Total: 11

Other Threads:
  0x000001621c8cea80 VMThread "VM Thread"                           [id=24204, stack(0x000000123b000000,0x000000123b100000) (1024K)]
  0x000001621c8c4dd0 WatcherThread "VM Periodic Task Thread"        [id=24200, stack(0x000000123af00000,0x000000123b000000) (1024K)]
  0x000001621c8455a0 WorkerThread "GC Thread#0"                     [id=23932, stack(0x000000123aa00000,0x000000123ab00000) (1024K)]
  0x000001623c1d5c50 WorkerThread "GC Thread#1"                     [id=12916, stack(0x000000123a700000,0x000000123a800000) (1024K)]
  0x000001621c851e30 ConcurrentGCThread "G1 Main Marker"            [id=23936, stack(0x000000123ab00000,0x000000123ac00000) (1024K)]
  0x000001621c8538c0 WorkerThread "G1 Conc#0"                       [id=23940, stack(0x000000123ac00000,0x000000123ad00000) (1024K)]
  0x000001621c86d180 ConcurrentGCThread "G1 Refine#0"               [id=23944, stack(0x000000123ad00000,0x000000123ae00000) (1024K)]
  0x000001621c86ebe0 ConcurrentGCThread "G1 Service"                [id=23948, stack(0x000000123ae00000,0x000000123af00000) (1024K)]
Total: 8

Threads with active compile tasks:
C2 CompilerThread0  122528 1201   !   4       sun.nio.cs.StreamDecoder::read (220 bytes)
Total: 1

VM state: not at safepoint (normal execution)

VM Mutex/Monitor currently owned by a thread: None

Heap address: 0x00000000c2c00000, size: 980 MB, Compressed Oops mode: 32-bit

CDS archive(s) mapped at: [0x0000000026000000-0x0000000026dd0000-0x0000000026dd0000), size 14483456, SharedBaseAddress: 0x0000000026000000, ArchiveRelocationMode: 1.
Compressed class space mapped at: 0x0000000027000000-0x0000000067000000, reserved size: 1073741824
UseCompressedClassPointers 1, UseCompactObjectHeaders 0
Narrow klass pointer bits 32, Max shift 3
Narrow klass base: 0x0000000026000000, Narrow klass shift: 0
Encoding Range: [0x0000000026000000 - 0x0000000126000000), (4294967296 bytes)
Klass Range:    [0x0000000026010000 - 0x0000000067000000), (1090453504 bytes)
Klass ID Range:  [65536 - 1090519033) (1090453497)
Protection zone: [0x0000000026000000 - 0x0000000026010000), (65536 bytes)

GC Precious Log:
 CardTable entry size: 512
 Card Set container configuration: InlinePtr #cards 5 size 8 Array Of Cards #cards 10 size 36 Howl #buckets 4 coarsen threshold 1843 Howl Bitmap #cards 512 size 80 coarsen threshold 460 Card regions per heap region 1 cards per card region 2048
 CPUs: 2 total, 2 available
 Memory: 3919M
 Large Page Support: Disabled
 NUMA Support: Disabled
 Compressed Oops: Enabled (32-bit)
 Heap Region Size: 1M
 Heap Min Capacity: 8M
 Heap Initial Capacity: 62M
 Heap Max Capacity: 980M
 Pre-touch: Disabled
 Parallel Workers: 2
 Concurrent Workers: 1
 Concurrent Refinement Workers: 2
 Periodic GC: Disabled

Heap:
 garbage-first heap   total reserved 1003520K, committed 65536K, used 7964K [0x00000000c2c00000, 0x0000000100000000)
  region size 1024K, 7 young (7168K), 2 survivors (2048K)

Heap Regions: E=young(eden), S=young(survivor), O=old, HS=humongous(starts), HC=humongous(continues), CS=collection set, F=free, TAMS=top-at-mark-start, PB=parsable bottom
|   0|0x00000000c2c00000, 0x00000000c2ca2410, 0x00000000c2d00000| 63%| O|  |TAMS 0x00000000c2c00000| PB 0x00000000c2c00000| Untracked |  0
|   1|0x00000000c2d00000, 0x00000000c2d00000, 0x00000000c2e00000|  0%| F|  |TAMS 0x00000000c2d00000| PB 0x00000000c2d00000| Untracked |  0
|   2|0x00000000c2e00000, 0x00000000c2e00000, 0x00000000c2f00000|  0%| F|  |TAMS 0x00000000c2e00000| PB 0x00000000c2e00000| Untracked |  0
|   3|0x00000000c2f00000, 0x00000000c2f00000, 0x00000000c3000000|  0%| F|  |TAMS 0x00000000c2f00000| PB 0x00000000c2f00000| Untracked |  0
|   4|0x00000000c3000000, 0x00000000c3000000, 0x00000000c3100000|  0%| F|  |TAMS 0x00000000c3000000| PB 0x00000000c3000000| Untracked |  0
|   5|0x00000000c3100000, 0x00000000c3100000, 0x00000000c3200000|  0%| F|  |TAMS 0x00000000c3100000| PB 0x00000000c3100000| Untracked |  0
|   6|0x00000000c3200000, 0x00000000c3200000, 0x00000000c3300000|  0%| F|  |TAMS 0x00000000c3200000| PB 0x00000000c3200000| Untracked |  0
|   7|0x00000000c3300000, 0x00000000c3300000, 0x00000000c3400000|  0%| F|  |TAMS 0x00000000c3300000| PB 0x00000000c3300000| Untracked |  0
|   8|0x00000000c3400000, 0x00000000c3400000, 0x00000000c3500000|  0%| F|  |TAMS 0x00000000c3400000| PB 0x00000000c3400000| Untracked |  0
|   9|0x00000000c3500000, 0x00000000c3500000, 0x00000000c3600000|  0%| F|  |TAMS 0x00000000c3500000| PB 0x00000000c3500000| Untracked |  0
|  10|0x00000000c3600000, 0x00000000c3600000, 0x00000000c3700000|  0%| F|  |TAMS 0x00000000c3600000| PB 0x00000000c3600000| Untracked |  0
|  11|0x00000000c3700000, 0x00000000c3700000, 0x00000000c3800000|  0%| F|  |TAMS 0x00000000c3700000| PB 0x00000000c3700000| Untracked |  0
|  12|0x00000000c3800000, 0x00000000c3800000, 0x00000000c3900000|  0%| F|  |TAMS 0x00000000c3800000| PB 0x00000000c3800000| Untracked |  0
|  13|0x00000000c3900000, 0x00000000c3900000, 0x00000000c3a00000|  0%| F|  |TAMS 0x00000000c3900000| PB 0x00000000c3900000| Untracked |  0
|  14|0x00000000c3a00000, 0x00000000c3a00000, 0x00000000c3b00000|  0%| F|  |TAMS 0x00000000c3a00000| PB 0x00000000c3a00000| Untracked |  0
|  15|0x00000000c3b00000, 0x00000000c3b00000, 0x00000000c3c00000|  0%| F|  |TAMS 0x00000000c3b00000| PB 0x00000000c3b00000| Untracked |  0
|  16|0x00000000c3c00000, 0x00000000c3c00000, 0x00000000c3d00000|  0%| F|  |TAMS 0x00000000c3c00000| PB 0x00000000c3c00000| Untracked |  0
|  17|0x00000000c3d00000, 0x00000000c3d00000, 0x00000000c3e00000|  0%| F|  |TAMS 0x00000000c3d00000| PB 0x00000000c3d00000| Untracked |  0
|  18|0x00000000c3e00000, 0x00000000c3e00000, 0x00000000c3f00000|  0%| F|  |TAMS 0x00000000c3e00000| PB 0x00000000c3e00000| Untracked |  0
|  19|0x00000000c3f00000, 0x00000000c3f00000, 0x00000000c4000000|  0%| F|  |TAMS 0x00000000c3f00000| PB 0x00000000c3f00000| Untracked |  0
|  20|0x00000000c4000000, 0x00000000c4000000, 0x00000000c4100000|  0%| F|  |TAMS 0x00000000c4000000| PB 0x00000000c4000000| Untracked |  0
|  21|0x00000000c4100000, 0x00000000c4100000, 0x00000000c4200000|  0%| F|  |TAMS 0x00000000c4100000| PB 0x00000000c4100000| Untracked |  0
|  22|0x00000000c4200000, 0x00000000c4200000, 0x00000000c4300000|  0%| F|  |TAMS 0x00000000c4200000| PB 0x00000000c4200000| Untracked |  0
|  23|0x00000000c4300000, 0x00000000c4300000, 0x00000000c4400000|  0%| F|  |TAMS 0x00000000c4300000| PB 0x00000000c4300000| Untracked |  0
|  24|0x00000000c4400000, 0x00000000c4400000, 0x00000000c4500000|  0%| F|  |TAMS 0x00000000c4400000| PB 0x00000000c4400000| Untracked |  0
|  25|0x00000000c4500000, 0x00000000c4500000, 0x00000000c4600000|  0%| F|  |TAMS 0x00000000c4500000| PB 0x00000000c4500000| Untracked |  0
|  26|0x00000000c4600000, 0x00000000c4600000, 0x00000000c4700000|  0%| F|  |TAMS 0x00000000c4600000| PB 0x00000000c4600000| Untracked |  0
|  27|0x00000000c4700000, 0x00000000c4700000, 0x00000000c4800000|  0%| F|  |TAMS 0x00000000c4700000| PB 0x00000000c4700000| Untracked |  0
|  28|0x00000000c4800000, 0x00000000c4800000, 0x00000000c4900000|  0%| F|  |TAMS 0x00000000c4800000| PB 0x00000000c4800000| Untracked |  0
|  29|0x00000000c4900000, 0x00000000c4900000, 0x00000000c4a00000|  0%| F|  |TAMS 0x00000000c4900000| PB 0x00000000c4900000| Untracked |  0
|  30|0x00000000c4a00000, 0x00000000c4a00000, 0x00000000c4b00000|  0%| F|  |TAMS 0x00000000c4a00000| PB 0x00000000c4a00000| Untracked |  0
|  31|0x00000000c4b00000, 0x00000000c4b00000, 0x00000000c4c00000|  0%| F|  |TAMS 0x00000000c4b00000| PB 0x00000000c4b00000| Untracked |  0
|  32|0x00000000c4c00000, 0x00000000c4c00000, 0x00000000c4d00000|  0%| F|  |TAMS 0x00000000c4c00000| PB 0x00000000c4c00000| Untracked |  0
|  33|0x00000000c4d00000, 0x00000000c4d00000, 0x00000000c4e00000|  0%| F|  |TAMS 0x00000000c4d00000| PB 0x00000000c4d00000| Untracked |  0
|  34|0x00000000c4e00000, 0x00000000c4e00000, 0x00000000c4f00000|  0%| F|  |TAMS 0x00000000c4e00000| PB 0x00000000c4e00000| Untracked |  0
|  35|0x00000000c4f00000, 0x00000000c4f00000, 0x00000000c5000000|  0%| F|  |TAMS 0x00000000c4f00000| PB 0x00000000c4f00000| Untracked |  0
|  36|0x00000000c5000000, 0x00000000c5000000, 0x00000000c5100000|  0%| F|  |TAMS 0x00000000c5000000| PB 0x00000000c5000000| Untracked |  0
|  37|0x00000000c5100000, 0x00000000c5100000, 0x00000000c5200000|  0%| F|  |TAMS 0x00000000c5100000| PB 0x00000000c5100000| Untracked |  0
|  38|0x00000000c5200000, 0x00000000c5200000, 0x00000000c5300000|  0%| F|  |TAMS 0x00000000c5200000| PB 0x00000000c5200000| Untracked |  0
|  39|0x00000000c5300000, 0x00000000c5300000, 0x00000000c5400000|  0%| F|  |TAMS 0x00000000c5300000| PB 0x00000000c5300000| Untracked |  0
|  40|0x00000000c5400000, 0x00000000c5400000, 0x00000000c5500000|  0%| F|  |TAMS 0x00000000c5400000| PB 0x00000000c5400000| Untracked |  0
|  41|0x00000000c5500000, 0x00000000c5500000, 0x00000000c5600000|  0%| F|  |TAMS 0x00000000c5500000| PB 0x00000000c5500000| Untracked |  0
|  42|0x00000000c5600000, 0x00000000c5600000, 0x00000000c5700000|  0%| F|  |TAMS 0x00000000c5600000| PB 0x00000000c5600000| Untracked |  0
|  43|0x00000000c5700000, 0x00000000c5700000, 0x00000000c5800000|  0%| F|  |TAMS 0x00000000c5700000| PB 0x00000000c5700000| Untracked |  0
|  44|0x00000000c5800000, 0x00000000c5800000, 0x00000000c5900000|  0%| F|  |TAMS 0x00000000c5800000| PB 0x00000000c5800000| Untracked |  0
|  45|0x00000000c5900000, 0x00000000c5900000, 0x00000000c5a00000|  0%| F|  |TAMS 0x00000000c5900000| PB 0x00000000c5900000| Untracked |  0
|  46|0x00000000c5a00000, 0x00000000c5b00000, 0x00000000c5b00000|100%| S|CS|TAMS 0x00000000c5a00000| PB 0x00000000c5a00000| Complete |  0
|  47|0x00000000c5b00000, 0x00000000c5c00000, 0x00000000c5c00000|100%| S|CS|TAMS 0x00000000c5b00000| PB 0x00000000c5b00000| Complete |  0
|  48|0x00000000c5c00000, 0x00000000c5c00000, 0x00000000c5d00000|  0%| F|  |TAMS 0x00000000c5c00000| PB 0x00000000c5c00000| Untracked |  0
|  49|0x00000000c5d00000, 0x00000000c5d00000, 0x00000000c5e00000|  0%| F|  |TAMS 0x00000000c5d00000| PB 0x00000000c5d00000| Untracked |  0
|  50|0x00000000c5e00000, 0x00000000c5e00000, 0x00000000c5f00000|  0%| F|  |TAMS 0x00000000c5e00000| PB 0x00000000c5e00000| Untracked |  0
|  51|0x00000000c5f00000, 0x00000000c5f00000, 0x00000000c6000000|  0%| F|  |TAMS 0x00000000c5f00000| PB 0x00000000c5f00000| Untracked |  0
|  52|0x00000000c6000000, 0x00000000c6000000, 0x00000000c6100000|  0%| F|  |TAMS 0x00000000c6000000| PB 0x00000000c6000000| Untracked |  0
|  53|0x00000000c6100000, 0x00000000c6100000, 0x00000000c6200000|  0%| F|  |TAMS 0x00000000c6100000| PB 0x00000000c6100000| Untracked |  0
|  54|0x00000000c6200000, 0x00000000c6200000, 0x00000000c6300000|  0%| F|  |TAMS 0x00000000c6200000| PB 0x00000000c6200000| Untracked |  0
|  55|0x00000000c6300000, 0x00000000c6300000, 0x00000000c6400000|  0%| F|  |TAMS 0x00000000c6300000| PB 0x00000000c6300000| Untracked |  0
|  56|0x00000000c6400000, 0x00000000c6400000, 0x00000000c6500000|  0%| F|  |TAMS 0x00000000c6400000| PB 0x00000000c6400000| Untracked |  0
|  57|0x00000000c6500000, 0x00000000c653a828, 0x00000000c6600000| 22%| E|  |TAMS 0x00000000c6500000| PB 0x00000000c6500000| Complete |  0
|  58|0x00000000c6600000, 0x00000000c6700000, 0x00000000c6700000|100%| E|CS|TAMS 0x00000000c6600000| PB 0x00000000c6600000| Complete |  0
|  59|0x00000000c6700000, 0x00000000c6800000, 0x00000000c6800000|100%| E|CS|TAMS 0x00000000c6700000| PB 0x00000000c6700000| Complete |  0
|  60|0x00000000c6800000, 0x00000000c6900000, 0x00000000c6900000|100%| E|CS|TAMS 0x00000000c6800000| PB 0x00000000c6800000| Complete |  0
|  61|0x00000000c6900000, 0x00000000c6a00000, 0x00000000c6a00000|100%| E|CS|TAMS 0x00000000c6900000| PB 0x00000000c6900000| Complete |  0
| 978|0x00000000ffe00000, 0x00000000fff00000, 0x00000000fff00000|100%| O|  |TAMS 0x00000000ffe00000| PB 0x00000000ffe00000| Untracked |  0
| 979|0x00000000fff00000, 0x00000000fff24ea8, 0x0000000100000000| 14%| O|  |TAMS 0x00000000fff00000| PB 0x00000000fff00000| Untracked |  0

Card table byte_map: [0x000001621c5c0000,0x000001621c7b0000] _byte_map_base: 0x000001621bfaa000

Marking Bits: (CMBitMap*) 0x000001621c845d30
 Bits: [0x0000016234300000, 0x0000016235250000)

Polling page: 0x000001621a680000

Metaspace:
Metaspace        used 5377K, committed 5568K, reserved 1114112K
 class space     used 643K, committed 768K, reserved 1048576K

Usage:
  Non-class:      4.62 MB used.
      Class:    643.48 KB used.
       Both:      5.25 MB used.

Virtual space:
  Non-class space:       64.00 MB reserved,       4.69 MB (  7%) committed,  1 nodes.
      Class space:        1.00 GB reserved,     768.00 KB ( <1%) committed,  1 nodes.
             Both:        1.06 GB reserved,       5.44 MB ( <1%) committed. 

Chunk freelists:
   Non-Class:  9.31 MB
       Class:  15.30 MB
        Both:  24.61 MB

MaxMetaspaceSize: unlimited
CompressedClassSpaceSize: 1.00 GB
Initial GC threshold: 21.00 MB
Current GC threshold: 21.00 MB
CDS: on
 - commit_granule_bytes: 65536.
 - commit_granule_words: 8192.
 - virtual_space_node_default_size: 8388608.
 - enlarge_chunks_in_place: 1.
UseCompressedClassPointers 1, UseCompactObjectHeaders 0
Narrow klass pointer bits 32, Max shift 3
Narrow klass base: 0x0000000026000000, Narrow klass shift: 0
Encoding Range: [0x0000000026000000 - 0x0000000126000000), (4294967296 bytes)
Klass Range:    [0x0000000026010000 - 0x0000000067000000), (1090453504 bytes)
Klass ID Range:  [65536 - 1090519033) (1090453497)
Protection zone: [0x0000000026000000 - 0x0000000026010000), (65536 bytes)


Internal statistics:

num_allocs_failed_limit: 0.
num_arena_births: 54.
num_arena_deaths: 0.
num_vsnodes_births: 2.
num_vsnodes_deaths: 0.
num_space_committed: 87.
num_space_uncommitted: 0.
num_chunks_returned_to_freelist: 0.
num_chunks_taken_from_freelist: 218.
num_chunk_merges: 0.
num_chunk_splits: 134.
num_chunks_enlarged: 107.
num_inconsistent_stats: 0.

CodeHeap 'non-profiled nmethods': size=120128Kb used=310Kb max_used=310Kb free=119818Kb
 bounds [0x000001622cdb0000, 0x000001622d020000, 0x0000016234300000]
CodeHeap 'profiled nmethods': size=120000Kb used=1782Kb max_used=1782Kb free=118217Kb
 bounds [0x0000016225300000, 0x0000016225570000, 0x000001622c830000]
CodeHeap 'non-nmethods': size=5632Kb used=1332Kb max_used=1361Kb free=4299Kb
 bounds [0x000001622c830000, 0x000001622caa0000, 0x000001622cdb0000]
CodeCache: size=245760Kb, used=3424Kb, max_used=3453Kb, free=242334Kb
 total_blobs=1667, nmethods=1200, adapters=372, full_count=0
Compilation: enabled, stopped_count=0, restarted_count=0

Compilation events (20 events):
Event: 117.353 Thread 0x00000162375e6970 nmethod 1193 0x00000162254b5388 code [0x00000162254b5480, 0x00000162254b56a8]
Event: 117.882 Thread 0x00000162375e6970 1194   !   3       sun.nio.cs.StreamDecoder::read0 (116 bytes)
Event: 117.882 Thread 0x00000162375e6970 nmethod 1194 0x00000162254b5708 code [0x00000162254b5800, 0x00000162254b5e18]
Event: 117.924 Thread 0x00000162375e6970 1195       3       sun.nio.cs.StreamDecoder::implRead (232 bytes)
Event: 118.213 Thread 0x00000162375e6970 nmethod 1195 0x00000162254b5e88 code [0x00000162254b5f80, 0x00000162254b7170]
Event: 118.213 Thread 0x00000162375e6970 1197       3       java.lang.String::decodeASCII (46 bytes)
Event: 118.213 Thread 0x00000162375e6970 nmethod 1197 0x00000162254b7188 code [0x00000162254b7280, 0x00000162254b7518]
Event: 118.213 Thread 0x00000162375e6970 1196       3       sun.nio.cs.UTF_8$Decoder::decodeArrayLoop (688 bytes)
Event: 118.217 Thread 0x00000162375e6970 nmethod 1196 0x00000162254b7588 code [0x00000162254b7680, 0x00000162254bcd88]
Event: 118.307 Thread 0x00000162375e6970 1198   !   3       java.nio.CharBuffer::wrap (21 bytes)
Event: 118.659 Thread 0x00000162375e6970 nmethod 1198 0x00000162254bce08 code [0x00000162254bcf00, 0x00000162254bd188]
Event: 118.659 Thread 0x00000162375e6970 1199       3       java.nio.HeapCharBuffer::<init> (23 bytes)
Event: 118.659 Thread 0x00000162375e6970 nmethod 1199 0x00000162254bd208 code [0x00000162254bd300, 0x00000162254bd478]
Event: 119.756 Thread 0x000001623756ec20 1200       4       java.nio.Buffer::position (52 bytes)
Event: 119.757 Thread 0x000001623756ec20 nmethod 1200 0x000001622cdfd508 code [0x000001622cdfd600, 0x000001622cdfd6f0]
Event: 119.757 Thread 0x000001623756ec20 1201   !   4       sun.nio.cs.StreamDecoder::read (220 bytes)
Event: 119.836 Thread 0x00000162375e6970 1204       3       org.codehaus.plexus.util.xml.pull.MXParser::isS (30 bytes)
Event: 119.836 Thread 0x00000162375e6970 nmethod 1204 0x00000162254bd508 code [0x00000162254bd600, 0x00000162254bd7b8]
Event: 119.836 Thread 0x00000162375e6970 1205       3       org.codehaus.plexus.util.xml.pull.MXParser::isNameStartChar (56 bytes)
Event: 119.836 Thread 0x00000162375e6970 nmethod 1205 0x00000162254bd808 code [0x00000162254bd900, 0x00000162254bdb60]

GC Heap Usage History (2 events):
Event: 88.464 {heap Before GC invocations=0 (full 0):
 garbage-first heap   total reserved 1003520K, committed 65536K, used 14483K [0x00000000c2c00000, 0x0000000100000000)
  region size 1024K, 14 young (14336K), 0 survivors (0K)
}
Event: 89.053 {heap After GC invocations=1 (full 0):
 garbage-first heap   total reserved 1003520K, committed 65536K, used 3868K [0x00000000c2c00000, 0x0000000100000000)
  region size 1024K, 2 young (2048K), 2 survivors (2048K)
}

Metaspace Usage History (2 events):
Event: 88.465 {metaspace Before GC invocations=0 (full 0):
 Metaspace       used 4280K, committed 4480K, reserved 1114112K
  class space    used 471K, committed 576K, reserved 1048576K
}
Event: 89.053 {metaspace After GC invocations=1 (full 0):
 Metaspace       used 4280K, committed 4480K, reserved 1114112K
  class space    used 471K, committed 576K, reserved 1048576K
}

Dll operation events (7 events):
Event: 0.159 Loaded shared library C:\Program Files\Apache NetBeans\jdk\bin\java.dll
Event: 11.930 Loaded shared library C:\Program Files\Apache NetBeans\jdk\bin\net.dll
Event: 11.934 Loaded shared library C:\Program Files\Apache NetBeans\jdk\bin\nio.dll
Event: 13.249 Loaded shared library C:\Program Files\Apache NetBeans\jdk\bin\zip.dll
Event: 31.082 Loaded shared library C:\Program Files\Apache NetBeans\java\maven\lib\jansi-native\Windows\x86_64\jansi.dll
Event: 31.167 Loaded shared library C:\Program Files\Apache NetBeans\jdk\bin\verify.dll
Event: 31.851 Loaded shared library C:\Program Files\Apache NetBeans\jdk\bin\jimage.dll

Deoptimization events (20 events):
Event: 62.295 Thread 0x000001621a59d630 Uncommon trap: trap_request=0xffffff45 fr.pc=0x000001622cdbbee4 relative=0x0000000000000064
Event: 62.295 Thread 0x000001621a59d630 Uncommon trap: reason=unstable_if action=reinterpret pc=0x000001622cdbbee4 method=java.lang.AbstractStringBuilder.needsNewBuffer([BBIB)Z @ 8 c2
Event: 62.295 Thread 0x000001621a59d630 DEOPT PACKING pc=0x000001622cdbbee4 sp=0x000000123a9fe030
Event: 62.295 Thread 0x000001621a59d630 DEOPT UNPACKING pc=0x000001622c8b857c sp=0x000000123a9fdfb8 mode 2
Event: 89.063 Thread 0x000001621a59d630 Uncommon trap: trap_request=0xffffff45 fr.pc=0x000001622cde7058 relative=0x0000000000000058
Event: 89.063 Thread 0x000001621a59d630 Uncommon trap: reason=unstable_if action=reinterpret pc=0x000001622cde7058 method=java.lang.ref.ReferenceQueue.poll()Ljava/lang/ref/Reference; @ 4 c2
Event: 89.064 Thread 0x000001621a59d630 DEOPT PACKING pc=0x000001622cde7058 sp=0x000000123a9fd840
Event: 89.064 Thread 0x000001621a59d630 DEOPT UNPACKING pc=0x000001622c8b857c sp=0x000000123a9fd7b8 mode 2
Event: 109.859 Thread 0x000001621a59d630 Uncommon trap: trap_request=0xffffffc6 fr.pc=0x000001622cdebf2c relative=0x00000000000003ac
Event: 109.859 Thread 0x000001621a59d630 Uncommon trap: reason=bimorphic_or_optimized_type_check action=maybe_recompile pc=0x000001622cdebf2c method=java.util.concurrent.ConcurrentHashMap.get(Ljava/lang/Object;)Ljava/lang/Object; @ 149 c2
Event: 109.859 Thread 0x000001621a59d630 DEOPT PACKING pc=0x000001622cdebf2c sp=0x000000123a9fd550
Event: 109.859 Thread 0x000001621a59d630 DEOPT UNPACKING pc=0x000001622c8b857c sp=0x000000123a9fd4d0 mode 2
Event: 112.691 Thread 0x000001621a59d630 Uncommon trap: trap_request=0xffffffde fr.pc=0x000001622cdea848 relative=0x0000000000000248
Event: 112.691 Thread 0x000001621a59d630 Uncommon trap: reason=class_check action=maybe_recompile pc=0x000001622cdea848 method=java.util.HashMap.getNode(Ljava/lang/Object;)Ljava/util/HashMap$Node; @ 128 c2
Event: 112.691 Thread 0x000001621a59d630 DEOPT PACKING pc=0x000001622cdea848 sp=0x000000123a9fdc00
Event: 112.691 Thread 0x000001621a59d630 DEOPT UNPACKING pc=0x000001622c8b857c sp=0x000000123a9fdb68 mode 2
Event: 112.694 Thread 0x000001621a59d630 Uncommon trap: trap_request=0xffffff6e fr.pc=0x000001622cde2a1c relative=0x000000000000031c
Event: 112.694 Thread 0x000001621a59d630 Uncommon trap: reason=predicate action=maybe_recompile pc=0x000001622cde2a1c method=java.util.regex.Pattern$BmpCharPropertyGreedy.match(Ljava/util/regex/Matcher;ILjava/lang/CharSequence;)Z @ 12 c2
Event: 112.694 Thread 0x000001621a59d630 DEOPT PACKING pc=0x000001622cde2a1c sp=0x000000123a9fdc40
Event: 112.694 Thread 0x000001621a59d630 DEOPT UNPACKING pc=0x000001622c8b857c sp=0x000000123a9fdbf8 mode 2

Classes loaded (20 events):
Event: 103.751 Loading class java/lang/reflect/UndeclaredThrowableException
Event: 103.751 Loading class java/lang/reflect/UndeclaredThrowableException done
Event: 104.106 Loading class java/lang/annotation/Target
Event: 104.106 Loading class java/lang/annotation/Target done
Event: 104.106 Loading class java/lang/annotation/ElementType
Event: 104.106 Loading class java/lang/annotation/ElementType done
Event: 104.223 Loading class java/lang/annotation/Documented
Event: 104.223 Loading class java/lang/annotation/Documented done
Event: 106.523 Loading class java/util/concurrent/TimeoutException
Event: 106.523 Loading class java/util/concurrent/TimeoutException done
Event: 106.523 Loading class java/util/concurrent/CancellationException
Event: 106.523 Loading class java/util/concurrent/CancellationException done
Event: 106.886 Loading class java/lang/reflect/ParameterizedType
Event: 106.886 Loading class java/lang/reflect/ParameterizedType done
Event: 106.893 Loading class java/lang/reflect/WildcardType
Event: 106.894 Loading class java/lang/reflect/WildcardType done
Event: 109.741 Loading class sun/reflect/generics/tree/TypeVariableSignature
Event: 109.741 Loading class sun/reflect/generics/tree/TypeVariableSignature done
Event: 111.988 Loading class java/lang/annotation/IncompleteAnnotationException
Event: 111.988 Loading class java/lang/annotation/IncompleteAnnotationException done

Classes unloaded (0 events):
No events

Classes redefined (0 events):
No events

Internal exceptions (20 events):
Event: 31.089 Thread 0x000001621a59d630 Exception <a 'java/lang/NullPointerException'{0x00000000c655afd8}> (0x00000000c655afd8) 
thrown [s\src\hotspot\share\interpreter\linkResolver.cpp, line 1416]
Event: 31.148 Thread 0x000001621a59d630 Exception <a 'sun/nio/fs/WindowsException'{0x00000000c657c570}> (0x00000000c657c570) 
thrown [s\src\hotspot\share\prims\jni.cpp, line 516]
Event: 31.148 Thread 0x000001621a59d630 Exception <a 'sun/nio/fs/WindowsException'{0x00000000c657cba0}> (0x00000000c657cba0) 
thrown [s\src\hotspot\share\prims\jni.cpp, line 516]
Event: 31.148 Thread 0x000001621a59d630 Exception <a 'sun/nio/fs/WindowsException'{0x00000000c657d100}> (0x00000000c657d100) 
thrown [s\src\hotspot\share\prims\jni.cpp, line 516]
Event: 31.148 Thread 0x000001621a59d630 Exception <a 'sun/nio/fs/WindowsException'{0x00000000c657d640}> (0x00000000c657d640) 
thrown [s\src\hotspot\share\prims\jni.cpp, line 516]
Event: 31.148 Thread 0x000001621a59d630 Exception <a 'sun/nio/fs/WindowsException'{0x00000000c657db30}> (0x00000000c657db30) 
thrown [s\src\hotspot\share\prims\jni.cpp, line 516]
Event: 31.148 Thread 0x000001621a59d630 Exception <a 'sun/nio/fs/WindowsException'{0x00000000c657dfd8}> (0x00000000c657dfd8) 
thrown [s\src\hotspot\share\prims\jni.cpp, line 516]
Event: 31.400 Thread 0x000001621a59d630 Exception <a 'java/lang/NoSuchMethodError'{0x00000000c65b7610}: 'void java.lang.invoke.DirectMethodHandle$Holder.invokeVirtual(java.lang.Object, java.lang.Object)'> (0x00000000c65b7610) 
thrown [s\src\hotspot\share\interpreter\linkResolver.cpp, line 804]
Event: 31.453 Thread 0x000001621a59d630 Exception <a 'java/lang/NoSuchMethodError'{0x00000000c65d8908}: 'void java.lang.invoke.DirectMethodHandle$Holder.invokeStatic(java.lang.Object, java.lang.Object)'> (0x00000000c65d8908) 
thrown [s\src\hotspot\share\interpreter\linkResolver.cpp, line 804]
Event: 31.504 Thread 0x000001621a59d630 Exception <a 'java/lang/NoSuchMethodError'{0x00000000c65e09e0}: 'void java.lang.invoke.DirectMethodHandle$Holder.invokeStaticInit(java.lang.Object, java.lang.Object)'> (0x00000000c65e09e0) 
thrown [s\src\hotspot\share\interpreter\linkResolver.cpp, line 804]
Event: 31.675 Thread 0x000001621a59d630 Exception <a 'java/lang/NoSuchMethodError'{0x00000000c641bee0}: 'void java.lang.invoke.DirectMethodHandle$Holder.invokeSpecial(java.lang.Object, java.lang.Object, java.lang.Object, java.lang.Object, java.lang.Object)'> (0x00000000c641bee0) 
thrown [s\src\hotspot\share\interpreter\linkResolver.cpp, line 804]
Event: 31.796 Thread 0x000001621a59d630 Exception <a 'java/lang/NoSuchMethodError'{0x00000000c6457bf0}: 'void java.lang.invoke.DirectMethodHandle$Holder.invokeStatic(java.lang.Object, java.lang.Object, java.lang.Object)'> (0x00000000c6457bf0) 
thrown [s\src\hotspot\share\interpreter\linkResolver.cpp, line 804]
Event: 45.657 Thread 0x000001621a59d630 Exception <a 'java/lang/NoSuchMethodError'{0x00000000c621dea0}: 'java.lang.Object java.lang.invoke.DirectMethodHandle$Holder.invokeSpecialIFC(java.lang.Object, java.lang.Object, java.lang.Object, java.lang.Object)'> (0x00000000c621dea0) 
thrown [s\src\hotspot\share\interpreter\linkResolver.cpp, line 804]
Event: 75.791 Thread 0x000001621a59d630 Exception <a 'java/lang/NoSuchMethodError'{0x00000000c5d55fa8}: 'void java.lang.invoke.DirectMethodHandle$Holder.invokeSpecial(java.lang.Object, java.lang.Object, java.lang.Object)'> (0x00000000c5d55fa8) 
thrown [s\src\hotspot\share\interpreter\linkResolver.cpp, line 804]
Event: 86.410 Thread 0x000001621a59d630 Exception <a 'java/lang/NoSuchMethodError'{0x00000000c5c70de8}: 'java.lang.Object java.lang.invoke.DirectMethodHandle$Holder.invokeInterface(java.lang.Object, java.lang.Object)'> (0x00000000c5c70de8) 
thrown [s\src\hotspot\share\interpreter\linkResolver.cpp, line 804]
Event: 89.066 Thread 0x000001621a59d630 Exception <a 'java/lang/NoSuchMethodError'{0x00000000c691bbe0}: 'int java.lang.invoke.DirectMethodHandle$Holder.invokeStatic(java.lang.Object, java.lang.Object, java.lang.Object, java.lang.Object)'> (0x00000000c691bbe0) 
thrown [s\src\hotspot\share\interpreter\linkResolver.cpp, line 804]
Event: 90.376 Thread 0x000001621a59d630 Exception <a 'java/lang/NoSuchMethodError'{0x00000000c69457b8}: 'int java.lang.invoke.DirectMethodHandle$Holder.invokeSpecialIFC(java.lang.Object, java.lang.Object, java.lang.Object, java.lang.Object, java.lang.Object)'> (0x00000000c69457b8) 
thrown [s\src\hotspot\share\interpreter\linkResolver.cpp, line 804]
Event: 104.724 Thread 0x000001621a59d630 Exception <a 'java/lang/NoSuchMethodError'{0x00000000c6713140}: 'java.lang.Object java.lang.invoke.DirectMethodHandle$Holder.newInvokeSpecial(java.lang.Object, java.lang.Object, java.lang.Object, java.lang.Object, java.lang.Object)'> (0x00000000c6713140) 
thrown [s\src\hotspot\share\interpreter\linkResolver.cpp, line 804]
Event: 110.223 Thread 0x000001621a59d630 Exception <a 'java/lang/NoSuchMethodError'{0x00000000c662d4b0}: 'int java.lang.invoke.DirectMethodHandle$Holder.invokeStaticInit(java.lang.Object, java.lang.Object)'> (0x00000000c662d4b0) 
thrown [s\src\hotspot\share\interpreter\linkResolver.cpp, line 804]
Event: 111.989 Thread 0x000001621a59d630 Exception <a 'java/lang/NoClassDefFoundError'{0x00000000c6667528}: javax/enterprise/inject/Typed> (0x00000000c6667528) 
thrown [s\src\hotspot\share\classfile\systemDictionary.cpp, line 316]

VM Operations (14 events):
Event: 13.530 Executing non-safepoint VM operation: HandshakeAllThreads (Deoptimize)
Event: 13.530 Executing non-safepoint VM operation: HandshakeAllThreads (Deoptimize) done
Event: 30.944 Executing non-safepoint VM operation: HandshakeAllThreads (Deoptimize)
Event: 30.944 Executing non-safepoint VM operation: HandshakeAllThreads (Deoptimize) done
Event: 31.872 Executing non-safepoint VM operation: HandshakeAllThreads (Deoptimize)
Event: 38.261 Executing non-safepoint VM operation: HandshakeAllThreads (Deoptimize) done
Event: 60.209 Executing non-safepoint VM operation: HandshakeAllThreads (HandshakeForDeflation)
Event: 60.240 Executing non-safepoint VM operation: HandshakeAllThreads (HandshakeForDeflation) done
Event: 60.241 Executing non-safepoint VM operation: RendezvousGCThreads
Event: 60.241 Executing non-safepoint VM operation: RendezvousGCThreads done
Event: 88.464 Executing safepoint VM operation: G1CollectForAllocation (G1 Evacuation Pause)
Event: 89.053 Executing safepoint VM operation: G1CollectForAllocation (G1 Evacuation Pause) done
Event: 120.225 Executing non-safepoint VM operation: HandshakeAllThreads (HandshakeForDeflation)
Event: 122.110 Executing non-safepoint VM operation: HandshakeAllThreads (HandshakeForDeflation) done

Memory protections (0 events):
No events

Nmethod flushes (0 events):
No events

Events (13 events):
Event: 2.418 Thread 0x000001621a59d630 Thread added: 0x000001621a59d630
Event: 2.755 Thread 0x000001621a59d630 Thread added: 0x0000016237562a60
Event: 2.756 Thread 0x000001621a59d630 Thread added: 0x0000016237565e80
Event: 2.757 Thread 0x000001621a59d630 Thread added: 0x0000016237569b40
Event: 2.757 Thread 0x000001621a59d630 Thread added: 0x000001623756b860
Event: 2.757 Thread 0x000001621a59d630 Thread added: 0x000001623756d170
Event: 2.758 Thread 0x000001621a59d630 Thread added: 0x000001623756dd30
Event: 2.758 Thread 0x000001621a59d630 Thread added: 0x000001623756ec20
Event: 2.908 Thread 0x000001621a59d630 Thread added: 0x00000162375e6970
Event: 9.186 Thread 0x000001621a59d630 Thread added: 0x00000162376a09f0
Event: 11.105 Thread 0x000001621a59d630 Thread added: 0x00000162376b1cb0
Event: 31.025 Thread 0x000001621a59d630 Thread added: 0x00000162379c8860
Event: 56.069 Thread 0x00000162379c8860 Thread exited: 0x00000162379c8860


Dynamic libraries:
0x00007ff61ab00000 - 0x00007ff61ab0e000 	C:\Program Files\Apache NetBeans\jdk\bin\java.exe
0x00007ffea0ee0000 - 0x00007ffea1147000 	C:\WINDOWS\SYSTEM32\ntdll.dll
0x00007ffe9fee0000 - 0x00007ffe9ffa9000 	C:\WINDOWS\System32\KERNEL32.DLL
0x00007ffe9dbe0000 - 0x00007ffe9dfd4000 	C:\WINDOWS\System32\KERNELBASE.dll
0x00007ffe9e110000 - 0x00007ffe9e25b000 	C:\WINDOWS\System32\ucrtbase.dll
0x00007ffe806e0000 - 0x00007ffe806f6000 	C:\Program Files\Apache NetBeans\jdk\bin\jli.dll
0x00007ffe9ed70000 - 0x00007ffe9ef35000 	C:\WINDOWS\System32\USER32.dll
0x00007ffe9eb90000 - 0x00007ffe9ebb7000 	C:\WINDOWS\System32\win32u.dll
0x00007ffea09d0000 - 0x00007ffea09fb000 	C:\WINDOWS\System32\GDI32.dll
0x00007ffe9dfe0000 - 0x00007ffe9e10a000 	C:\WINDOWS\System32\gdi32full.dll
0x00007ffe9ebc0000 - 0x00007ffe9ec63000 	C:\WINDOWS\System32\msvcp_win.dll
0x00007ffe91b10000 - 0x00007ffe91b2e000 	C:\Program Files\Apache NetBeans\jdk\bin\VCRUNTIME140.dll
0x00007ffe8ba70000 - 0x00007ffe8bd03000 	C:\WINDOWS\WinSxS\amd64_microsoft.windows.common-controls_6595b64144ccf1df_6.0.26100.8115_none_3e075c82e3354f9c\COMCTL32.dll
0x00007ffea0400000 - 0x00007ffea04a9000 	C:\WINDOWS\System32\msvcrt.dll
0x00007ffe9fd40000 - 0x00007ffe9fd72000 	C:\WINDOWS\System32\IMM32.DLL
0x00007ffe8bdb0000 - 0x00007ffe8bdbc000 	C:\Program Files\Apache NetBeans\jdk\bin\vcruntime140_1.dll
0x00007ffe68510000 - 0x00007ffe6859d000 	C:\Program Files\Apache NetBeans\jdk\bin\msvcp140.dll
0x00007ffe2ca00000 - 0x00007ffe2d926000 	C:\Program Files\Apache NetBeans\jdk\bin\server\jvm.dll
0x00007ffea0660000 - 0x00007ffea0716000 	C:\WINDOWS\System32\ADVAPI32.dll
0x00007ffea04b0000 - 0x00007ffea0557000 	C:\WINDOWS\System32\sechost.dll
0x00007ffe9f250000 - 0x00007ffe9f368000 	C:\WINDOWS\System32\RPCRT4.dll
0x00007ffea0940000 - 0x00007ffea09c0000 	C:\WINDOWS\System32\WS2_32.dll
0x00007ffe9d610000 - 0x00007ffe9d66e000 	C:\WINDOWS\SYSTEM32\POWRPROF.dll
0x00007ffe7a540000 - 0x00007ffe7a576000 	C:\WINDOWS\SYSTEM32\WINMM.dll
0x00007ffe8c650000 - 0x00007ffe8c65b000 	C:\WINDOWS\SYSTEM32\VERSION.dll
0x00007ffe9d5f0000 - 0x00007ffe9d604000 	C:\WINDOWS\SYSTEM32\UMPDC.dll
0x00007ffe9c540000 - 0x00007ffe9c55b000 	C:\WINDOWS\SYSTEM32\kernel.appcore.dll
0x00007ffe8bda0000 - 0x00007ffe8bdaa000 	C:\Program Files\Apache NetBeans\jdk\bin\jimage.dll
0x00007ffe9b6f0000 - 0x00007ffe9b932000 	C:\WINDOWS\SYSTEM32\DBGHELP.DLL
0x00007ffe9ffb0000 - 0x00007ffea0332000 	C:\WINDOWS\System32\combase.dll
0x00007ffe9f400000 - 0x00007ffe9f4d7000 	C:\WINDOWS\System32\OLEAUT32.dll
0x00007ffe8c3b0000 - 0x00007ffe8c3eb000 	C:\WINDOWS\SYSTEM32\dbgcore.DLL
0x00007ffe9d9c0000 - 0x00007ffe9da65000 	C:\WINDOWS\System32\bcryptPrimitives.dll
0x00007ffe80700000 - 0x00007ffe8071e000 	C:\Program Files\Apache NetBeans\jdk\bin\java.dll
0x00007ffea0790000 - 0x00007ffea0927000 	C:\WINDOWS\System32\ole32.dll
0x00007ffe9f570000 - 0x00007ffe9fcd6000 	C:\WINDOWS\System32\SHELL32.dll
0x00007ffe9da70000 - 0x00007ffe9dbda000 	C:\WINDOWS\System32\wintypes.dll
0x00007ffe9e260000 - 0x00007ffe9eac5000 	C:\WINDOWS\System32\windows.storage.dll
0x00007ffe9ef40000 - 0x00007ffe9f037000 	C:\WINDOWS\System32\SHCORE.dll
0x00007ffea0720000 - 0x00007ffea0786000 	C:\WINDOWS\System32\shlwapi.dll
0x00007ffe9d6d0000 - 0x00007ffe9d6f9000 	C:\WINDOWS\SYSTEM32\profapi.dll
0x00007ffe76930000 - 0x00007ffe76941000 	C:\Program Files\Apache NetBeans\jdk\bin\net.dll
0x00007ffe9cab0000 - 0x00007ffe9cb1c000 	C:\WINDOWS\system32\mswsock.dll
0x00007ffe685a0000 - 0x00007ffe685b6000 	C:\Program Files\Apache NetBeans\jdk\bin\nio.dll
0x00007ffe76950000 - 0x00007ffe76967000 	C:\Program Files\Apache NetBeans\jdk\bin\zip.dll
0x00007ffe7bf10000 - 0x00007ffe7bf34000 	C:\Program Files\Apache NetBeans\java\maven\lib\jansi-native\Windows\x86_64\jansi.dll
0x00007ffe87100000 - 0x00007ffe87110000 	C:\Program Files\Apache NetBeans\jdk\bin\verify.dll

JVMTI agents: none

dbghelp: loaded successfully - version: 4.0.5 - missing functions: none
symbol engine: initialized successfully - sym options: 0x614 - pdb path: .;C:\Program Files\Apache NetBeans\jdk\bin;C:\WINDOWS\SYSTEM32;C:\WINDOWS\WinSxS\amd64_microsoft.windows.common-controls_6595b64144ccf1df_6.0.26100.8115_none_3e075c82e3354f9c;C:\Program Files\Apache NetBeans\jdk\bin\server;C:\Program Files\Apache NetBeans\java\maven\lib\jansi-native\Windows\x86_64

VM Arguments:
jvm_args: --enable-native-access=ALL-UNNAMED -Dclassworlds.conf=C:\Program Files\Apache NetBeans\java\maven\bin\m2.conf -Dmaven.home=C:\Program Files\Apache NetBeans\java\maven -Dlibrary.jansi.path=C:\Program Files\Apache NetBeans\java\maven\lib\jansi-native -Dmaven.multiModuleProjectDirectory=C:\Users\ASUS\Documents\NetBeansProjects\Lubiproject1 
java_command: org.codehaus.plexus.classworlds.launcher.Launcher -Dmaven.ext.class.path=C:\Program Files\Apache NetBeans\java\maven-nblib\netbeans-eventspy.jar --no-transfer-progress install
java_class_path (initial): C:\Program Files\Apache NetBeans\java\maven\boot\plexus-classworlds-2.9.0.jar
Launcher Type: SUN_STANDARD

[Global flags]
     intx CICompilerCount                          = 2                                         {product} {ergonomic}
     uint ConcGCThreads                            = 1                                         {product} {ergonomic}
     uint G1ConcRefinementThreads                  = 2                                         {product} {ergonomic}
   size_t G1HeapRegionSize                         = 1048576                                   {product} {ergonomic}
   size_t InitialHeapSize                          = 65011712                                  {product} {ergonomic}
   size_t MarkStackSize                            = 4194304                                   {product} {ergonomic}
   size_t MarkStackSizeMax                         = 536870912                                 {product} {ergonomic}
   size_t MaxHeapSize                              = 1027604480                                {product} {ergonomic}
   size_t MaxNewSize                               = 616562688                                 {product} {ergonomic}
   size_t MinHeapDeltaBytes                        = 1048576                                   {product} {ergonomic}
   size_t MinHeapSize                              = 8388608                                   {product} {ergonomic}
    uintx NonNMethodCodeHeapSize                   = 5767168                                {pd product} {ergonomic}
    uintx NonProfiledCodeHeapSize                  = 123011072                              {pd product} {ergonomic}
    uintx ProfiledCodeHeapSize                     = 122880000                              {pd product} {ergonomic}
    uintx ReservedCodeCacheSize                    = 251658240                              {pd product} {ergonomic}
     bool SegmentedCodeCache                       = true                                      {product} {ergonomic}
   size_t SoftMaxHeapSize                          = 1027604480                             {manageable} {ergonomic}
     bool UseCompressedOops                        = true                           {product lp64_product} {ergonomic}
     bool UseG1GC                                  = true                                      {product} {ergonomic}
     bool UseLargePagesIndividualAllocation        = false                                  {pd product} {ergonomic}

Logging:
Log output configuration:
 #0: stdout all=warning uptime,level,tags foldmultilines=false
 #1: stderr all=off uptime,level,tags foldmultilines=false

Release file:
IMPLEMENTOR="Eclipse Adoptium" 
IMPLEMENTOR_VERSION="Temurin-25.0.2+10" 
JAVA_RUNTIME_VERSION="25.0.2+10-LTS" 
JAVA_VERSION="25.0.2" 
JAVA_VERSION_DATE="2026-01-20" 
LIBC="default" 
MODULES="java.base java.compiler java.datatransfer java.xml java.prefs java.desktop java.instrument java.logging java.management java.security.sasl java.naming java.rmi java.management.rmi java.net.http java.scripting java.security.jgss java.transaction.xa java.sql java.sql.rowset java.xml.crypto java.se java.smartcardio jdk.accessibility jdk.internal.jvmstat jdk.attach jdk.charsets jdk.internal.opt jdk.zipfs jdk.compiler jdk.crypto.cryptoki jdk.crypto.ec jdk.crypto.mscapi jdk.dynalink jdk.internal.ed jdk.editpad jdk.internal.vm.ci jdk.graal.compiler jdk.graal.compiler.management jdk.hotspot.agent jdk.httpserver jdk.incubator.vector jdk.internal.le jdk.internal.md jdk.jartool jdk.javadoc jdk.jcmd jdk.management jdk.management.agent jdk.jconsole jdk.jdeps jdk.jdwp.agent jdk.jdi jdk.jfr jdk.jlink jdk.jpackage jdk.jshell jdk.jsobject jdk.jstatd jdk.localedata jdk.management.jfr jdk.naming.dns jdk.naming.rmi jdk.net jdk.nio.mapmode jdk.sctp jdk.security.auth jdk.security.jgss jdk.unsupported jdk.unsupported.desktop jdk.xml.dom" 
OS_ARCH="x86_64" 
OS_NAME="Windows" 
SOURCE=".:git:9e3c947043a4" 
BUILD_SOURCE="git:458965074606f027bd5afce2cfd5c1055dea0438"
BUILD_SOURCE_REPO="https://github.com/adoptium/temurin-build.git"
SOURCE_REPO="https://github.com/adoptium/jdk25u.git"
FULL_VERSION="25.0.2+10-LTS"
SEMANTIC_VERSION="25.0.2+10"
BUILD_INFO="OS: Windows Server 2022 Version: 10.0"
JVM_VARIANT="Hotspot"
JVM_VERSION="25.0.2+10-LTS"
IMAGE_TYPE="JDK"

Environment Variables:
JAVA_HOME=C:\Program Files\Apache NetBeans\jdk
PATH=C:\WINDOWS\system32;C:\WINDOWS;C:\WINDOWS\System32\Wbem;C:\WINDOWS\System32\WindowsPowerShell\v1.0\;C:\WINDOWS\System32\OpenSSH\;C:\Program Files\Git\cmd;C:\Users\ASUS\AppData\Local\Microsoft\WindowsApps;;C:\Program Files\Apache NetBeans\bin\
USERNAME=ASUS
OS=Windows_NT
PROCESSOR_IDENTIFIER=Intel64 Family 6 Model 122 Stepping 1, GenuineIntel
TMP=C:\Users\ASUS\AppData\Local\Temp
TEMP=C:\Users\ASUS\AppData\Local\Temp




Compilation memory statistics disabled.

Periodic native trim disabled

---------------  S Y S T E M  ---------------

OS:
 Windows 11 , 64 bit Build 26100 (10.0.26100.8115)
OS uptime: 0 days 4:12 hours

CPU: total 2 (initial active 2) (2 cores per cpu, 1 threads per core) family 6 model 122 stepping 1 microcode 0x34, cx8, cmov, fxsr, mmx, 3dnowpref, sse, sse2, sse3, ssse3, sse4.1, sse4.2, popcnt, tsc, tscinvbit, aes, erms, clmul, sha, clflush, clflushopt, rdtscp, rdpid
Processor Information for the first 2 processors :
  Max Mhz: 1101, Current Mhz: 1101, Mhz Limit: 1101

Memory: 4k page, system-wide physical 3919M (482M free)
TotalPageFile size 15695M (AvailPageFile size 131M)
current process WorkingSet (physical memory assigned to process): 35M, peak: 50M
current process commit charge ("private bytes"): 142M, peak: 143M

vm_info: OpenJDK 64-Bit Server VM (25.0.2+10-LTS) for windows-amd64 JRE (25.0.2+10-LTS), built on 2026-01-20T00:00:00Z with MS VC++ 17.12 (VS2022)

END.
