#
# There is insufficient memory for the Java Runtime Environment to continue.
# Native memory allocation (malloc) failed to allocate 757144 bytes. Error detail: Chunk::new
# Possible reasons:
#   The system is out of physical RAM or swap space
#   This process is running with CompressedOops enabled, and the Java Heap may be blocking the growth of the native heap
# Possible solutions:
#   Reduce memory load on the system
#   Increase physical memory or swap space
#   Check if swap backing store is full
#   Decrease Java heap size (-Xmx/-Xms)
#   Decrease number of Java threads
#   Decrease Java thread stack sizes (-Xss)
#   Set larger code cache with -XX:ReservedCodeCacheSize=
#   JVM is running with Unscaled Compressed Oops mode in which the Java heap is
#     placed in the first 4GB address space. The Java Heap base address is the
#     maximum limit for the native heap growth. Please use -XX:HeapBaseMinAddress
#     to set the Java Heap base and to place the Java Heap above 4GB virtual address.
# This output file may be truncated or incomplete.
#
#  Out of Memory Error (arena.cpp:186), pid=19168, tid=26640
#
# JRE version: OpenJDK Runtime Environment Temurin-25.0.2+10 (25.0.2+10) (build 25.0.2+10-LTS)
# Java VM: OpenJDK 64-Bit Server VM Temurin-25.0.2+10 (25.0.2+10-LTS, mixed mode, sharing, tiered, compressed oops, compressed class ptrs, g1 gc, windows-amd64)
# No core dump will be written. Minidumps are not enabled by default on client versions of Windows
#

---------------  S U M M A R Y ------------

Command Line: --enable-native-access=ALL-UNNAMED -Dclassworlds.conf=C:\Program Files\Apache NetBeans\java\maven\bin\m2.conf -Dmaven.home=C:\Program Files\Apache NetBeans\java\maven -Dlibrary.jansi.path=C:\Program Files\Apache NetBeans\java\maven\lib\jansi-native -Dmaven.multiModuleProjectDirectory=C:\Users\ASUS\Documents\NetBeansProjects\Lubiproject1 org.codehaus.plexus.classworlds.launcher.Launcher -Dmaven.ext.class.path=C:\Program Files\Apache NetBeans\java\maven-nblib\netbeans-eventspy.jar --no-transfer-progress install

Host: Intel(R) Celeron(R) N4000 CPU @ 1.10GHz, 2 cores, 3G,  Windows 11 , 64 bit Build 26100 (10.0.26100.8115)
Time: Fri Apr  3 20:29:13 2026 SE Asia Standard Time elapsed time: 546.063785 seconds (0d 0h 9m 6s)

---------------  T H R E A D  ---------------

Current thread (0x000001e92d1b4170):  JavaThread "C2 CompilerThread0" daemon [_thread_in_native, id=26640, stack(0x000000a8b2000000,0x000000a8b2100000) (1024K)]


Current CompileTask:
C2:546064 1757   !   4       java.util.jar.JarFile::checkForSpecialAttributes (163 bytes)

Stack: [0x000000a8b2000000,0x000000a8b2100000]
Native frames: (J=compiled Java code, j=interpreted, Vv=VM code, C=native code)
V  [jvm.dll+0x7a8bc9]  (no source info available)
V  [jvm.dll+0x77310d]  (no source info available)
V  [jvm.dll+0x9f55f3]  (no source info available)
V  [jvm.dll+0x9f7be1]  (no source info available)
V  [jvm.dll+0x9f82f3]  (no source info available)
V  [jvm.dll+0x2fce26]  (no source info available)
V  [jvm.dll+0x111076]  (no source info available)
V  [jvm.dll+0x11139e]  (no source info available)
V  [jvm.dll+0x19fff2]  (no source info available)
V  [jvm.dll+0x3b5f62]  (no source info available)
V  [jvm.dll+0x7ae53c]  (no source info available)
V  [jvm.dll+0x2c0407]  (no source info available)
V  [jvm.dll+0x2bf3cf]  (no source info available)
V  [jvm.dll+0x237140]  (no source info available)
V  [jvm.dll+0x2cf4c6]  (no source info available)
V  [jvm.dll+0x2cd74a]  (no source info available)
V  [jvm.dll+0x48fbee]  (no source info available)
V  [jvm.dll+0x996b0d]  (no source info available)
V  [jvm.dll+0x7a71a5]  (no source info available)
C  [ucrtbase.dll+0x37b0]  (no source info available)
C  [KERNEL32.DLL+0x2e8d7]  (no source info available)
C  [ntdll.dll+0x8c3fc]  (no source info available)

Lock stack of current Java thread (top to bottom):


---------------  P R O C E S S  ---------------

Threads class SMR info:
_java_thread_list=0x000001e92d6a0670, length=11, elements={
0x000001e91017d630, 0x000001e92d1a4510, 0x000001e92d1a73b0, 0x000001e92d1ab840,
0x000001e92d1ac400, 0x000001e92d1b06b0, 0x000001e92d1b3280, 0x000001e92d1b4170,
0x000001e92d22e920, 0x000001e92d302330, 0x000001e92d306d80
}

Java Threads: ( => current thread )
  0x000001e91017d630 JavaThread "main"                              [_thread_in_Java, id=26080, stack(0x000000a8b1100000,0x000000a8b1200000) (1024K)]
  0x000001e92d1a4510 JavaThread "Reference Handler"          daemon [_thread_blocked, id=10568, stack(0x000000a8b1a00000,0x000000a8b1b00000) (1024K)]
  0x000001e92d1a73b0 JavaThread "Finalizer"                  daemon [_thread_blocked, id=24724, stack(0x000000a8b1b00000,0x000000a8b1c00000) (1024K)]
  0x000001e92d1ab840 JavaThread "Signal Dispatcher"          daemon [_thread_blocked, id=27560, stack(0x000000a8b1c00000,0x000000a8b1d00000) (1024K)]
  0x000001e92d1ac400 JavaThread "Attach Listener"            daemon [_thread_blocked, id=21960, stack(0x000000a8b1d00000,0x000000a8b1e00000) (1024K)]
  0x000001e92d1b06b0 JavaThread "Service Thread"             daemon [_thread_blocked, id=10220, stack(0x000000a8b1e00000,0x000000a8b1f00000) (1024K)]
  0x000001e92d1b3280 JavaThread "Monitor Deflation Thread"   daemon [_thread_blocked, id=17268, stack(0x000000a8b1f00000,0x000000a8b2000000) (1024K)]
=>0x000001e92d1b4170 JavaThread "C2 CompilerThread0"         daemon [_thread_in_native, id=26640, stack(0x000000a8b2000000,0x000000a8b2100000) (1024K)]
  0x000001e92d22e920 JavaThread "C1 CompilerThread0"         daemon [_thread_blocked, id=18028, stack(0x000000a8b2100000,0x000000a8b2200000) (1024K)]
  0x000001e92d302330 JavaThread "Notification Thread"        daemon [_thread_blocked, id=27084, stack(0x000000a8b2200000,0x000000a8b2300000) (1024K)]
  0x000001e92d306d80 JavaThread "Common-Cleaner"             daemon [_thread_blocked, id=24164, stack(0x000000a8b2300000,0x000000a8b2400000) (1024K)]
Total: 11

Other Threads:
  0x000001e9106ee990 VMThread "VM Thread"                           [id=11392, stack(0x000000a8b1900000,0x000000a8b1a00000) (1024K)]
  0x000001e9106e7230 WatcherThread "VM Periodic Task Thread"        [id=26968, stack(0x000000a8b1800000,0x000000a8b1900000) (1024K)]
  0x000001e9106655a0 WorkerThread "GC Thread#0"                     [id=25348, stack(0x000000a8b1300000,0x000000a8b1400000) (1024K)]
  0x000001e93207a940 WorkerThread "GC Thread#1"                     [id=24032, stack(0x000000a8b1000000,0x000000a8b1100000) (1024K)]
  0x000001e910671e30 ConcurrentGCThread "G1 Main Marker"            [id=25352, stack(0x000000a8b1400000,0x000000a8b1500000) (1024K)]
  0x000001e910674060 WorkerThread "G1 Conc#0"                       [id=12124, stack(0x000000a8b1500000,0x000000a8b1600000) (1024K)]
  0x000001e91068d180 ConcurrentGCThread "G1 Refine#0"               [id=21820, stack(0x000000a8b1600000,0x000000a8b1700000) (1024K)]
  0x000001e91068dd90 ConcurrentGCThread "G1 Service"                [id=18592, stack(0x000000a8b1700000,0x000000a8b1800000) (1024K)]
Total: 8

Threads with active compile tasks:
C2 CompilerThread0  549087 1757   !   4       java.util.jar.JarFile::checkForSpecialAttributes (163 bytes)
Total: 1

VM state: not at safepoint (normal execution)

VM Mutex/Monitor currently owned by a thread: None

Heap address: 0x00000000c2c00000, size: 980 MB, Compressed Oops mode: 32-bit

CDS archive(s) mapped at: [0x0000000010000000-0x0000000010dd0000-0x0000000010dd0000), size 14483456, SharedBaseAddress: 0x0000000010000000, ArchiveRelocationMode: 1.
Compressed class space mapped at: 0x0000000011000000-0x0000000051000000, reserved size: 1073741824
UseCompressedClassPointers 1, UseCompactObjectHeaders 0
Narrow klass pointer bits 32, Max shift 3
Narrow klass base: 0x0000000010000000, Narrow klass shift: 0
Encoding Range: [0x0000000010000000 - 0x0000000110000000), (4294967296 bytes)
Klass Range:    [0x0000000010010000 - 0x0000000051000000), (1090453504 bytes)
Klass ID Range:  [65536 - 1090519033) (1090453497)
Protection zone: [0x0000000010000000 - 0x0000000010010000), (65536 bytes)

GC Precious Log:
 CardTable entry size: 512
 Card Set container configuration: InlinePtr #cards 5 size 8 Array Of Cards #cards 10 size 36 Howl #buckets 4 coarsen threshold 1843 Howl Bitmap #cards 512 size 80 coarsen threshold 460 Card regions per heap region 1 cards per card region 2048
 CPUs: 2 total, 2 available
 Memory: 3919M
 Large Page Support: Disabled
 NUMA Support: Disabled
 Compressed Oops: Enabled (32-bit)
 Heap Region Size: 1M
 Heap Min Capacity: 8M
 Heap Initial Capacity: 62M
 Heap Max Capacity: 980M
 Pre-touch: Disabled
 Parallel Workers: 2
 Concurrent Workers: 1
 Concurrent Refinement Workers: 2
 Periodic GC: Disabled

Heap:
 garbage-first heap   total reserved 1003520K, committed 65536K, used 6247K [0x00000000c2c00000, 0x0000000100000000)
  region size 1024K, 3 young (3072K), 1 survivors (1024K)

Heap Regions: E=young(eden), S=young(survivor), O=old, HS=humongous(starts), HC=humongous(continues), CS=collection set, F=free, TAMS=top-at-mark-start, PB=parsable bottom
|   0|0x00000000c2c00000, 0x00000000c2d00000, 0x00000000c2d00000|100%| O|  |TAMS 0x00000000c2c00000| PB 0x00000000c2c00000| Untracked |  0
|   1|0x00000000c2d00000, 0x00000000c2e00000, 0x00000000c2e00000|100%| O|  |TAMS 0x00000000c2d00000| PB 0x00000000c2d00000| Untracked |  0
|   2|0x00000000c2e00000, 0x00000000c2f00000, 0x00000000c2f00000|100%| O|  |TAMS 0x00000000c2e00000| PB 0x00000000c2e00000| Untracked |  0
|   3|0x00000000c2f00000, 0x00000000c2fab680, 0x00000000c3000000| 66%| O|  |TAMS 0x00000000c2f00000| PB 0x00000000c2f00000| Untracked |  0
|   4|0x00000000c3000000, 0x00000000c3000000, 0x00000000c3100000|  0%| F|  |TAMS 0x00000000c3000000| PB 0x00000000c3000000| Untracked |  0
|   5|0x00000000c3100000, 0x00000000c3100000, 0x00000000c3200000|  0%| F|  |TAMS 0x00000000c3100000| PB 0x00000000c3100000| Untracked |  0
|   6|0x00000000c3200000, 0x00000000c3200000, 0x00000000c3300000|  0%| F|  |TAMS 0x00000000c3200000| PB 0x00000000c3200000| Untracked |  0
|   7|0x00000000c3300000, 0x00000000c3300000, 0x00000000c3400000|  0%| F|  |TAMS 0x00000000c3300000| PB 0x00000000c3300000| Untracked |  0
|   8|0x00000000c3400000, 0x00000000c3400000, 0x00000000c3500000|  0%| F|  |TAMS 0x00000000c3400000| PB 0x00000000c3400000| Untracked |  0
|   9|0x00000000c3500000, 0x00000000c3500000, 0x00000000c3600000|  0%| F|  |TAMS 0x00000000c3500000| PB 0x00000000c3500000| Untracked |  0
|  10|0x00000000c3600000, 0x00000000c3600000, 0x00000000c3700000|  0%| F|  |TAMS 0x00000000c3600000| PB 0x00000000c3600000| Untracked |  0
|  11|0x00000000c3700000, 0x00000000c3700000, 0x00000000c3800000|  0%| F|  |TAMS 0x00000000c3700000| PB 0x00000000c3700000| Untracked |  0
|  12|0x00000000c3800000, 0x00000000c3800000, 0x00000000c3900000|  0%| F|  |TAMS 0x00000000c3800000| PB 0x00000000c3800000| Untracked |  0
|  13|0x00000000c3900000, 0x00000000c3900000, 0x00000000c3a00000|  0%| F|  |TAMS 0x00000000c3900000| PB 0x00000000c3900000| Untracked |  0
|  14|0x00000000c3a00000, 0x00000000c3a00000, 0x00000000c3b00000|  0%| F|  |TAMS 0x00000000c3a00000| PB 0x00000000c3a00000| Untracked |  0
|  15|0x00000000c3b00000, 0x00000000c3b00000, 0x00000000c3c00000|  0%| F|  |TAMS 0x00000000c3b00000| PB 0x00000000c3b00000| Untracked |  0
|  16|0x00000000c3c00000, 0x00000000c3c00000, 0x00000000c3d00000|  0%| F|  |TAMS 0x00000000c3c00000| PB 0x00000000c3c00000| Untracked |  0
|  17|0x00000000c3d00000, 0x00000000c3d00000, 0x00000000c3e00000|  0%| F|  |TAMS 0x00000000c3d00000| PB 0x00000000c3d00000| Untracked |  0
|  18|0x00000000c3e00000, 0x00000000c3e00000, 0x00000000c3f00000|  0%| F|  |TAMS 0x00000000c3e00000| PB 0x00000000c3e00000| Untracked |  0
|  19|0x00000000c3f00000, 0x00000000c3f00000, 0x00000000c4000000|  0%| F|  |TAMS 0x00000000c3f00000| PB 0x00000000c3f00000| Untracked |  0
|  20|0x00000000c4000000, 0x00000000c4000000, 0x00000000c4100000|  0%| F|  |TAMS 0x00000000c4000000| PB 0x00000000c4000000| Untracked |  0
|  21|0x00000000c4100000, 0x00000000c4100000, 0x00000000c4200000|  0%| F|  |TAMS 0x00000000c4100000| PB 0x00000000c4100000| Untracked |  0
|  22|0x00000000c4200000, 0x00000000c4200000, 0x00000000c4300000|  0%| F|  |TAMS 0x00000000c4200000| PB 0x00000000c4200000| Untracked |  0
|  23|0x00000000c4300000, 0x00000000c4300000, 0x00000000c4400000|  0%| F|  |TAMS 0x00000000c4300000| PB 0x00000000c4300000| Untracked |  0
|  24|0x00000000c4400000, 0x00000000c4400000, 0x00000000c4500000|  0%| F|  |TAMS 0x00000000c4400000| PB 0x00000000c4400000| Untracked |  0
|  25|0x00000000c4500000, 0x00000000c4500000, 0x00000000c4600000|  0%| F|  |TAMS 0x00000000c4500000| PB 0x00000000c4500000| Untracked |  0
|  26|0x00000000c4600000, 0x00000000c4600000, 0x00000000c4700000|  0%| F|  |TAMS 0x00000000c4600000| PB 0x00000000c4600000| Untracked |  0
|  27|0x00000000c4700000, 0x00000000c4700000, 0x00000000c4800000|  0%| F|  |TAMS 0x00000000c4700000| PB 0x00000000c4700000| Untracked |  0
|  28|0x00000000c4800000, 0x00000000c4800000, 0x00000000c4900000|  0%| F|  |TAMS 0x00000000c4800000| PB 0x00000000c4800000| Untracked |  0
|  29|0x00000000c4900000, 0x00000000c4900000, 0x00000000c4a00000|  0%| F|  |TAMS 0x00000000c4900000| PB 0x00000000c4900000| Untracked |  0
|  30|0x00000000c4a00000, 0x00000000c4a00000, 0x00000000c4b00000|  0%| F|  |TAMS 0x00000000c4a00000| PB 0x00000000c4a00000| Untracked |  0
|  31|0x00000000c4b00000, 0x00000000c4b00000, 0x00000000c4c00000|  0%| F|  |TAMS 0x00000000c4b00000| PB 0x00000000c4b00000| Untracked |  0
|  32|0x00000000c4c00000, 0x00000000c4c00000, 0x00000000c4d00000|  0%| F|  |TAMS 0x00000000c4c00000| PB 0x00000000c4c00000| Untracked |  0
|  33|0x00000000c4d00000, 0x00000000c4d00000, 0x00000000c4e00000|  0%| F|  |TAMS 0x00000000c4d00000| PB 0x00000000c4d00000| Untracked |  0
|  34|0x00000000c4e00000, 0x00000000c4e00000, 0x00000000c4f00000|  0%| F|  |TAMS 0x00000000c4e00000| PB 0x00000000c4e00000| Untracked |  0
|  35|0x00000000c4f00000, 0x00000000c4f00000, 0x00000000c5000000|  0%| F|  |TAMS 0x00000000c4f00000| PB 0x00000000c4f00000| Untracked |  0
|  36|0x00000000c5000000, 0x00000000c5000000, 0x00000000c5100000|  0%| F|  |TAMS 0x00000000c5000000| PB 0x00000000c5000000| Untracked |  0
|  37|0x00000000c5100000, 0x00000000c5100000, 0x00000000c5200000|  0%| F|  |TAMS 0x00000000c5100000| PB 0x00000000c5100000| Untracked |  0
|  38|0x00000000c5200000, 0x00000000c5200000, 0x00000000c5300000|  0%| F|  |TAMS 0x00000000c5200000| PB 0x00000000c5200000| Untracked |  0
|  39|0x00000000c5300000, 0x00000000c5300000, 0x00000000c5400000|  0%| F|  |TAMS 0x00000000c5300000| PB 0x00000000c5300000| Untracked |  0
|  40|0x00000000c5400000, 0x00000000c5400000, 0x00000000c5500000|  0%| F|  |TAMS 0x00000000c5400000| PB 0x00000000c5400000| Untracked |  0
|  41|0x00000000c5500000, 0x00000000c5500000, 0x00000000c5600000|  0%| F|  |TAMS 0x00000000c5500000| PB 0x00000000c5500000| Untracked |  0
|  42|0x00000000c5600000, 0x00000000c5600000, 0x00000000c5700000|  0%| F|  |TAMS 0x00000000c5600000| PB 0x00000000c5600000| Untracked |  0
|  43|0x00000000c5700000, 0x00000000c5700000, 0x00000000c5800000|  0%| F|  |TAMS 0x00000000c5700000| PB 0x00000000c5700000| Untracked |  0
|  44|0x00000000c5800000, 0x00000000c5800000, 0x00000000c5900000|  0%| F|  |TAMS 0x00000000c5800000| PB 0x00000000c5800000| Untracked |  0
|  45|0x00000000c5900000, 0x00000000c5900000, 0x00000000c5a00000|  0%| F|  |TAMS 0x00000000c5900000| PB 0x00000000c5900000| Untracked |  0
|  46|0x00000000c5a00000, 0x00000000c5a00000, 0x00000000c5b00000|  0%| F|  |TAMS 0x00000000c5a00000| PB 0x00000000c5a00000| Untracked |  0
|  47|0x00000000c5b00000, 0x00000000c5b00000, 0x00000000c5c00000|  0%| F|  |TAMS 0x00000000c5b00000| PB 0x00000000c5b00000| Untracked |  0
|  48|0x00000000c5c00000, 0x00000000c5c00000, 0x00000000c5d00000|  0%| F|  |TAMS 0x00000000c5c00000| PB 0x00000000c5c00000| Untracked |  0
|  49|0x00000000c5d00000, 0x00000000c5d00000, 0x00000000c5e00000|  0%| F|  |TAMS 0x00000000c5d00000| PB 0x00000000c5d00000| Untracked |  0
|  50|0x00000000c5e00000, 0x00000000c5e00000, 0x00000000c5f00000|  0%| F|  |TAMS 0x00000000c5e00000| PB 0x00000000c5e00000| Untracked |  0
|  51|0x00000000c5f00000, 0x00000000c5f00000, 0x00000000c6000000|  0%| F|  |TAMS 0x00000000c5f00000| PB 0x00000000c5f00000| Untracked |  0
|  52|0x00000000c6000000, 0x00000000c6000000, 0x00000000c6100000|  0%| F|  |TAMS 0x00000000c6000000| PB 0x00000000c6000000| Untracked |  0
|  53|0x00000000c6100000, 0x00000000c6100000, 0x00000000c6200000|  0%| F|  |TAMS 0x00000000c6100000| PB 0x00000000c6100000| Untracked |  0
|  54|0x00000000c6200000, 0x00000000c6200000, 0x00000000c6300000|  0%| F|  |TAMS 0x00000000c6200000| PB 0x00000000c6200000| Untracked |  0
|  55|0x00000000c6300000, 0x00000000c6300000, 0x00000000c6400000|  0%| F|  |TAMS 0x00000000c6300000| PB 0x00000000c6300000| Untracked |  0
|  56|0x00000000c6400000, 0x00000000c6400000, 0x00000000c6500000|  0%| F|  |TAMS 0x00000000c6400000| PB 0x00000000c6400000| Untracked |  0
|  57|0x00000000c6500000, 0x00000000c6500000, 0x00000000c6600000|  0%| F|  |TAMS 0x00000000c6500000| PB 0x00000000c6500000| Untracked |  0
|  58|0x00000000c6600000, 0x00000000c6649ac0, 0x00000000c6700000| 28%| S|CS|TAMS 0x00000000c6600000| PB 0x00000000c6600000| Complete |  0
|  59|0x00000000c6700000, 0x00000000c6700000, 0x00000000c6800000|  0%| F|  |TAMS 0x00000000c6700000| PB 0x00000000c6700000| Untracked |  0
|  60|0x00000000c6800000, 0x00000000c6809e48, 0x00000000c6900000|  3%| E|  |TAMS 0x00000000c6800000| PB 0x00000000c6800000| Complete |  0
|  61|0x00000000c6900000, 0x00000000c6a00000, 0x00000000c6a00000|100%| E|CS|TAMS 0x00000000c6900000| PB 0x00000000c6900000| Complete |  0
| 978|0x00000000ffe00000, 0x00000000fff00000, 0x00000000fff00000|100%| O|  |TAMS 0x00000000ffe00000| PB 0x00000000ffe00000| Untracked |  0
| 979|0x00000000fff00000, 0x00000000fff24ea8, 0x0000000100000000| 14%| O|  |TAMS 0x00000000fff00000| PB 0x00000000fff00000| Untracked |  0

Card table byte_map: [0x000001e929d20000,0x000001e929f10000] _byte_map_base: 0x000001e92970a000

Marking Bits: (CMBitMap*) 0x000001e910665d30
 Bits: [0x000001e929f10000, 0x000001e92ae60000)

Polling page: 0x000001e910700000

Metaspace:
Metaspace        used 7676K, committed 7808K, reserved 1114112K
 class space     used 930K, committed 1024K, reserved 1048576K

Usage:
  Non-class:      6.59 MB used.
      Class:    930.07 KB used.
       Both:      7.50 MB used.

Virtual space:
  Non-class space:       64.00 MB reserved,       6.62 MB ( 10%) committed,  1 nodes.
      Class space:        1.00 GB reserved,       1.00 MB ( <1%) committed,  1 nodes.
             Both:        1.06 GB reserved,       7.62 MB ( <1%) committed. 

Chunk freelists:
   Non-Class:  7.62 MB
       Class:  15.01 MB
        Both:  22.64 MB

MaxMetaspaceSize: unlimited
CompressedClassSpaceSize: 1.00 GB
Initial GC threshold: 21.00 MB
Current GC threshold: 21.00 MB
CDS: on
 - commit_granule_bytes: 65536.
 - commit_granule_words: 8192.
 - virtual_space_node_default_size: 8388608.
 - enlarge_chunks_in_place: 1.
UseCompressedClassPointers 1, UseCompactObjectHeaders 0
Narrow klass pointer bits 32, Max shift 3
Narrow klass base: 0x0000000010000000, Narrow klass shift: 0
Encoding Range: [0x0000000010000000 - 0x0000000110000000), (4294967296 bytes)
Klass Range:    [0x0000000010010000 - 0x0000000051000000), (1090453504 bytes)
Klass ID Range:  [65536 - 1090519033) (1090453497)
Protection zone: [0x0000000010000000 - 0x0000000010010000), (65536 bytes)


Internal statistics:

num_allocs_failed_limit: 0.
num_arena_births: 60.
num_arena_deaths: 0.
num_vsnodes_births: 2.
num_vsnodes_deaths: 0.
num_space_committed: 122.
num_space_uncommitted: 0.
num_chunks_returned_to_freelist: 0.
num_chunks_taken_from_freelist: 304.
num_chunk_merges: 0.
num_chunk_splits: 199.
num_chunks_enlarged: 165.
num_inconsistent_stats: 0.

CodeHeap 'non-profiled nmethods': size=120128Kb used=556Kb max_used=556Kb free=119571Kb
 bounds [0x000001e9221e0000, 0x000001e922450000, 0x000001e929730000]
CodeHeap 'profiled nmethods': size=120000Kb used=2604Kb max_used=2604Kb free=117395Kb
 bounds [0x000001e91a730000, 0x000001e91a9c0000, 0x000001e921c60000]
CodeHeap 'non-nmethods': size=5632Kb used=1356Kb max_used=1388Kb free=4275Kb
 bounds [0x000001e921c60000, 0x000001e921ed0000, 0x000001e9221e0000]
CodeCache: size=245760Kb, used=4516Kb, max_used=4548Kb, free=241241Kb
 total_blobs=2239, nmethods=1755, adapters=387, full_count=0
Compilation: enabled, stopped_count=0, restarted_count=0

Compilation events (20 events):
Event: 528.712 Thread 0x000001e92d22e920 nmethod 1749 0x000001e91a9b6608 code [0x000001e91a9b6700, 0x000001e91a9b6970]
Event: 528.772 Thread 0x000001e92d22e920 1750       3       java.lang.reflect.ReflectAccess::getExecutableSharedParameterTypes (5 bytes)
Event: 528.772 Thread 0x000001e92d22e920 nmethod 1750 0x000001e91a9b6988 code [0x000001e91a9b6a80, 0x000001e91a9b6c50]
Event: 528.865 Thread 0x000001e92d22e920 1752       3       java.lang.classfile.constantpool.MemberRefEntry::type (12 bytes)
Event: 529.093 Thread 0x000001e92d22e920 nmethod 1752 0x000001e91a9b6c88 code [0x000001e91a9b6d80, 0x000001e91a9b7298]
Event: 529.093 Thread 0x000001e92d22e920 1756       3       sun.reflect.generics.parser.SignatureParser::parseTypeSignature (130 bytes)
Event: 529.094 Thread 0x000001e92d22e920 nmethod 1756 0x000001e91a9b7308 code [0x000001e91a9b7400, 0x000001e91a9b7828]
Event: 529.094 Thread 0x000001e92d22e920 1755       3       jdk.internal.classfile.impl.AbstractPoolEntry$Utf8EntryImpl::length (19 bytes)
Event: 529.094 Thread 0x000001e92d22e920 nmethod 1755 0x000001e91a9b7888 code [0x000001e91a9b7980, 0x000001e91a9b7b08]
Event: 529.094 Thread 0x000001e92d22e920 1754       3       jdk.internal.classfile.impl.AbstractPseudoInstruction::<init> (5 bytes)
Event: 529.104 Thread 0x000001e92d22e920 nmethod 1754 0x000001e91a9b7b88 code [0x000001e91a9b7c80, 0x000001e91a9b7e40]
Event: 529.104 Thread 0x000001e92d22e920 1753       3       jdk.internal.classfile.impl.AbstractPseudoInstruction$ExceptionCatchImpl::<init> (44 bytes)
Event: 529.368 Thread 0x000001e92d22e920 nmethod 1753 0x000001e91a9b7e88 code [0x000001e91a9b7f80, 0x000001e91a9b89a0]
Event: 543.012 Thread 0x000001e92d1b4170 1757   !   4       java.util.jar.JarFile::checkForSpecialAttributes (163 bytes)
Event: 543.178 Thread 0x000001e92d22e920 1758       3       java.lang.StrictMath::ceil (10 bytes)
Event: 543.215 Thread 0x000001e92d22e920 nmethod 1758 0x000001e91a9b8a08 code [0x000001e91a9b8b20, 0x000001e91a9b8c48]
Event: 543.215 Thread 0x000001e92d22e920 1759       3       java.lang.StrictMath::floorOrCeil (128 bytes)
Event: 543.237 Thread 0x000001e92d22e920 nmethod 1759 0x000001e91a9b8d08 code [0x000001e91a9b8e00, 0x000001e91a9b9238]
Event: 543.237 Thread 0x000001e92d22e920 1760       3       java.lang.Math::getExponent (17 bytes)
Event: 543.237 Thread 0x000001e92d22e920 nmethod 1760 0x000001e91a9b9288 code [0x000001e91a9b9380, 0x000001e91a9b94a8]

GC Heap Usage History (8 events):
Event: 179.291 {heap Before GC invocations=0 (full 0):
 garbage-first heap   total reserved 1003520K, committed 65536K, used 14483K [0x00000000c2c00000, 0x0000000100000000)
  region size 1024K, 14 young (14336K), 0 survivors (0K)
}
Event: 182.874 {heap After GC invocations=1 (full 0):
 garbage-first heap   total reserved 1003520K, committed 65536K, used 3867K [0x00000000c2c00000, 0x0000000100000000)
  region size 1024K, 2 young (2048K), 2 survivors (2048K)
}
Event: 436.488 {heap Before GC invocations=1 (full 0):
 garbage-first heap   total reserved 1003520K, committed 65536K, used 23323K [0x00000000c2c00000, 0x0000000100000000)
  region size 1024K, 22 young (22528K), 2 survivors (2048K)
}
Event: 444.386 {heap After GC invocations=2 (full 0):
 garbage-first heap   total reserved 1003520K, committed 65536K, used 5039K [0x00000000c2c00000, 0x0000000100000000)
  region size 1024K, 1 young (1024K), 1 survivors (1024K)
}
Event: 458.203 {heap Before GC invocations=2 (full 0):
 garbage-first heap   total reserved 1003520K, committed 65536K, used 7087K [0x00000000c2c00000, 0x0000000100000000)
  region size 1024K, 3 young (3072K), 1 survivors (1024K)
}
Event: 458.215 {heap After GC invocations=3 (full 0):
 garbage-first heap   total reserved 1003520K, committed 65536K, used 5142K [0x00000000c2c00000, 0x0000000100000000)
  region size 1024K, 1 young (1024K), 1 survivors (1024K)
}
Event: 498.922 {heap Before GC invocations=3 (full 0):
 garbage-first heap   total reserved 1003520K, committed 65536K, used 7190K [0x00000000c2c00000, 0x0000000100000000)
  region size 1024K, 3 young (3072K), 1 survivors (1024K)
}
Event: 498.933 {heap After GC invocations=4 (full 0):
 garbage-first heap   total reserved 1003520K, committed 65536K, used 5223K [0x00000000c2c00000, 0x0000000100000000)
  region size 1024K, 1 young (1024K), 1 survivors (1024K)
}

Metaspace Usage History (8 events):
Event: 179.294 {metaspace Before GC invocations=0 (full 0):
 Metaspace       used 4289K, committed 4480K, reserved 1114112K
  class space    used 479K, committed 576K, reserved 1048576K
}
Event: 182.874 {metaspace After GC invocations=1 (full 0):
 Metaspace       used 4289K, committed 4480K, reserved 1114112K
  class space    used 479K, committed 576K, reserved 1048576K
}
Event: 436.666 {metaspace Before GC invocations=1 (full 0):
 Metaspace       used 6886K, committed 7104K, reserved 1114112K
  class space    used 837K, committed 960K, reserved 1048576K
}
Event: 444.386 {metaspace After GC invocations=2 (full 0):
 Metaspace       used 6886K, committed 7104K, reserved 1114112K
  class space    used 837K, committed 960K, reserved 1048576K
}
Event: 458.203 {metaspace Before GC invocations=2 (full 0):
 Metaspace       used 7071K, committed 7232K, reserved 1114112K
  class space    used 859K, committed 960K, reserved 1048576K
}
Event: 458.215 {metaspace After GC invocations=3 (full 0):
 Metaspace       used 7071K, committed 7232K, reserved 1114112K
  class space    used 859K, committed 960K, reserved 1048576K
}
Event: 498.922 {metaspace Before GC invocations=3 (full 0):
 Metaspace       used 7403K, committed 7616K, reserved 1114112K
  class space    used 900K, committed 1024K, reserved 1048576K
}
Event: 498.933 {metaspace After GC invocations=4 (full 0):
 Metaspace       used 7403K, committed 7616K, reserved 1114112K
  class space    used 900K, committed 1024K, reserved 1048576K
}

Dll operation events (7 events):
Event: 0.168 Loaded shared library C:\Program Files\Apache NetBeans\jdk\bin\java.dll
Event: 18.359 Loaded shared library C:\Program Files\Apache NetBeans\jdk\bin\net.dll
Event: 19.470 Loaded shared library C:\Program Files\Apache NetBeans\jdk\bin\nio.dll
Event: 19.480 Loaded shared library C:\Program Files\Apache NetBeans\jdk\bin\zip.dll
Event: 40.808 Loaded shared library C:\Program Files\Apache NetBeans\java\maven\lib\jansi-native\Windows\x86_64\jansi.dll
Event: 41.502 Loaded shared library C:\Program Files\Apache NetBeans\jdk\bin\verify.dll
Event: 44.029 Loaded shared library C:\Program Files\Apache NetBeans\jdk\bin\jimage.dll

Deoptimization events (20 events):
Event: 373.267 Thread 0x000001e91017d630 DEOPT PACKING pc=0x000001e922257a78 sp=0x000000a8b11fdbc0
Event: 373.267 Thread 0x000001e91017d630 DEOPT UNPACKING pc=0x000001e921ce857c sp=0x000000a8b11fdb38 mode 2
Event: 373.267 Thread 0x000001e91017d630 Uncommon trap: trap_request=0xffffffde fr.pc=0x000001e922257a78 relative=0x00000000000000f8
Event: 373.267 Thread 0x000001e91017d630 Uncommon trap: reason=class_check action=maybe_recompile pc=0x000001e922257a78 method=jdk.internal.misc.Unsafe.allocateUninitializedArray(Ljava/lang/Class;I)Ljava/lang/Object; @ 51 c2
Event: 373.267 Thread 0x000001e91017d630 DEOPT PACKING pc=0x000001e922257a78 sp=0x000000a8b11fdc70
Event: 373.267 Thread 0x000001e91017d630 DEOPT UNPACKING pc=0x000001e921ce857c sp=0x000000a8b11fdbe8 mode 2
Event: 373.267 Thread 0x000001e91017d630 Uncommon trap: trap_request=0xffffffde fr.pc=0x000001e922257a78 relative=0x00000000000000f8
Event: 373.267 Thread 0x000001e91017d630 Uncommon trap: reason=class_check action=maybe_recompile pc=0x000001e922257a78 method=jdk.internal.misc.Unsafe.allocateUninitializedArray(Ljava/lang/Class;I)Ljava/lang/Object; @ 51 c2
Event: 373.267 Thread 0x000001e91017d630 DEOPT PACKING pc=0x000001e922257a78 sp=0x000000a8b11fd660
Event: 373.267 Thread 0x000001e91017d630 DEOPT UNPACKING pc=0x000001e921ce857c sp=0x000000a8b11fd5d8 mode 2
Event: 387.351 Thread 0x000001e91017d630 Uncommon trap: trap_request=0xffffff45 fr.pc=0x000001e9222530c8 relative=0x00000000000005c8
Event: 387.351 Thread 0x000001e91017d630 Uncommon trap: reason=unstable_if action=reinterpret pc=0x000001e9222530c8 method=java.lang.String.<init>([CIILjava/lang/Void;)V @ 5 c2
Event: 387.351 Thread 0x000001e91017d630 DEOPT PACKING pc=0x000001e9222530c8 sp=0x000000a8b11fdf40
Event: 387.351 Thread 0x000001e91017d630 DEOPT UNPACKING pc=0x000001e921ce857c sp=0x000000a8b11fddc0 mode 2
Event: 387.532 Thread 0x000001e91017d630 Uncommon trap: trap_request=0xffffffde fr.pc=0x000001e92221a3c8 relative=0x0000000000000248
Event: 387.532 Thread 0x000001e91017d630 Uncommon trap: reason=class_check action=maybe_recompile pc=0x000001e92221a3c8 method=java.util.HashMap.getNode(Ljava/lang/Object;)Ljava/util/HashMap$Node; @ 128 c2
Event: 387.532 Thread 0x000001e91017d630 DEOPT PACKING pc=0x000001e92221a3c8 sp=0x000000a8b11fdd40
Event: 387.532 Thread 0x000001e91017d630 DEOPT UNPACKING pc=0x000001e921ce857c sp=0x000000a8b11fdca8 mode 2
Event: 405.205 Thread 0x000001e91017d630 DEOPT PACKING pc=0x000001e91a917160 sp=0x000000a8b11fe110
Event: 405.205 Thread 0x000001e91017d630 DEOPT UNPACKING pc=0x000001e921cb1063 sp=0x000000a8b11fd580 mode 0

Classes loaded (20 events):
Event: 301.413 Loading class sun/reflect/generics/reflectiveObjects/TypeVariableImpl
Event: 301.416 Loading class sun/reflect/generics/reflectiveObjects/LazyReflectiveObjectGenerator
Event: 301.417 Loading class sun/reflect/generics/reflectiveObjects/LazyReflectiveObjectGenerator done
Event: 301.418 Loading class sun/reflect/generics/reflectiveObjects/TypeVariableImpl done
Event: 301.418 Loading class sun/reflect/generics/reflectiveObjects/ParameterizedTypeImpl
Event: 301.418 Loading class sun/reflect/generics/reflectiveObjects/ParameterizedTypeImpl done
Event: 450.341 Loading class java/lang/Deprecated
Event: 450.352 Loading class java/lang/Deprecated done
Event: 462.993 Loading class java/lang/invoke/MethodHandle$1
Event: 462.994 Loading class java/lang/invoke/MethodHandle$1 done
Event: 486.185 Loading class sun/reflect/generics/tree/BottomSignature
Event: 486.220 Loading class sun/reflect/generics/tree/BottomSignature done
Event: 486.220 Loading class sun/reflect/generics/tree/Wildcard
Event: 486.249 Loading class sun/reflect/generics/tree/Wildcard done
Event: 486.256 Loading class sun/reflect/generics/reflectiveObjects/WildcardTypeImpl
Event: 486.306 Loading class sun/reflect/generics/reflectiveObjects/WildcardTypeImpl done
Event: 486.307 Loading class sun/reflect/annotation/AnnotatedTypeFactory$AnnotatedParameterizedTypeImpl
Event: 487.233 Loading class java/lang/reflect/AnnotatedParameterizedType
Event: 487.233 Loading class java/lang/reflect/AnnotatedParameterizedType done
Event: 487.233 Loading class sun/reflect/annotation/AnnotatedTypeFactory$AnnotatedParameterizedTypeImpl done

Classes unloaded (0 events):
No events

Classes redefined (0 events):
No events

Internal exceptions (20 events):
Event: 40.829 Thread 0x000001e91017d630 Exception <a 'java/lang/NullPointerException'{0x00000000c655afb8}> (0x00000000c655afb8) 
thrown [s\src\hotspot\share\interpreter\linkResolver.cpp, line 1416]
Event: 41.498 Thread 0x000001e91017d630 Exception <a 'sun/nio/fs/WindowsException'{0x00000000c657c550}> (0x00000000c657c550) 
thrown [s\src\hotspot\share\prims\jni.cpp, line 516]
Event: 41.498 Thread 0x000001e91017d630 Exception <a 'sun/nio/fs/WindowsException'{0x00000000c657cb80}> (0x00000000c657cb80) 
thrown [s\src\hotspot\share\prims\jni.cpp, line 516]
Event: 41.499 Thread 0x000001e91017d630 Exception <a 'sun/nio/fs/WindowsException'{0x00000000c657d0e0}> (0x00000000c657d0e0) 
thrown [s\src\hotspot\share\prims\jni.cpp, line 516]
Event: 41.499 Thread 0x000001e91017d630 Exception <a 'sun/nio/fs/WindowsException'{0x00000000c657d620}> (0x00000000c657d620) 
thrown [s\src\hotspot\share\prims\jni.cpp, line 516]
Event: 41.499 Thread 0x000001e91017d630 Exception <a 'sun/nio/fs/WindowsException'{0x00000000c657db10}> (0x00000000c657db10) 
thrown [s\src\hotspot\share\prims\jni.cpp, line 516]
Event: 41.500 Thread 0x000001e91017d630 Exception <a 'sun/nio/fs/WindowsException'{0x00000000c657dfb8}> (0x00000000c657dfb8) 
thrown [s\src\hotspot\share\prims\jni.cpp, line 516]
Event: 41.857 Thread 0x000001e91017d630 Exception <a 'java/lang/NoSuchMethodError'{0x00000000c65b7610}: 'void java.lang.invoke.DirectMethodHandle$Holder.invokeVirtual(java.lang.Object, java.lang.Object)'> (0x00000000c65b7610) 
thrown [s\src\hotspot\share\interpreter\linkResolver.cpp, line 804]
Event: 41.863 Thread 0x000001e91017d630 Exception <a 'java/lang/NoSuchMethodError'{0x00000000c65d8908}: 'void java.lang.invoke.DirectMethodHandle$Holder.invokeStatic(java.lang.Object, java.lang.Object)'> (0x00000000c65d8908) 
thrown [s\src\hotspot\share\interpreter\linkResolver.cpp, line 804]
Event: 41.865 Thread 0x000001e91017d630 Exception <a 'java/lang/NoSuchMethodError'{0x00000000c65e09e0}: 'void java.lang.invoke.DirectMethodHandle$Holder.invokeStaticInit(java.lang.Object, java.lang.Object)'> (0x00000000c65e09e0) 
thrown [s\src\hotspot\share\interpreter\linkResolver.cpp, line 804]
Event: 42.424 Thread 0x000001e91017d630 Exception <a 'java/lang/NoSuchMethodError'{0x00000000c641bee0}: 'void java.lang.invoke.DirectMethodHandle$Holder.invokeSpecial(java.lang.Object, java.lang.Object, java.lang.Object, java.lang.Object, java.lang.Object)'> (0x00000000c641bee0) 
thrown [s\src\hotspot\share\interpreter\linkResolver.cpp, line 804]
Event: 43.629 Thread 0x000001e91017d630 Exception <a 'java/lang/NoSuchMethodError'{0x00000000c6457bf0}: 'void java.lang.invoke.DirectMethodHandle$Holder.invokeStatic(java.lang.Object, java.lang.Object, java.lang.Object)'> (0x00000000c6457bf0) 
thrown [s\src\hotspot\share\interpreter\linkResolver.cpp, line 804]
Event: 134.343 Thread 0x000001e91017d630 Exception <a 'java/lang/NoSuchMethodError'{0x00000000c621dea0}: 'java.lang.Object java.lang.invoke.DirectMethodHandle$Holder.invokeSpecialIFC(java.lang.Object, java.lang.Object, java.lang.Object, java.lang.Object)'> (0x00000000c621dea0) 
thrown [s\src\hotspot\share\interpreter\linkResolver.cpp, line 804]
Event: 166.418 Thread 0x000001e91017d630 Exception <a 'java/lang/NoSuchMethodError'{0x00000000c5d34a60}: 'void java.lang.invoke.DirectMethodHandle$Holder.invokeSpecial(java.lang.Object, java.lang.Object, java.lang.Object)'> (0x00000000c5d34a60) 
thrown [s\src\hotspot\share\interpreter\linkResolver.cpp, line 804]
Event: 170.266 Thread 0x000001e91017d630 Exception <a 'java/lang/NoSuchMethodError'{0x00000000c5c4faf8}: 'java.lang.Object java.lang.invoke.DirectMethodHandle$Holder.invokeInterface(java.lang.Object, java.lang.Object)'> (0x00000000c5c4faf8) 
thrown [s\src\hotspot\share\interpreter\linkResolver.cpp, line 804]
Event: 178.773 Thread 0x000001e91017d630 Exception <a 'java/lang/NoSuchMethodError'{0x00000000c5cfa190}: 'int java.lang.invoke.DirectMethodHandle$Holder.invokeStatic(java.lang.Object, java.lang.Object, java.lang.Object, java.lang.Object)'> (0x00000000c5cfa190) 
thrown [s\src\hotspot\share\interpreter\linkResolver.cpp, line 804]
Event: 182.893 Thread 0x000001e91017d630 Exception <a 'java/lang/NoSuchMethodError'{0x00000000c6923fc0}: 'int java.lang.invoke.DirectMethodHandle$Holder.invokeSpecialIFC(java.lang.Object, java.lang.Object, java.lang.Object, java.lang.Object, java.lang.Object)'> (0x00000000c6923fc0) 
thrown [s\src\hotspot\share\interpreter\linkResolver.cpp, line 804]
Event: 193.766 Thread 0x000001e91017d630 Exception <a 'java/lang/NoSuchMethodError'{0x00000000c68f0bc0}: 'java.lang.Object java.lang.invoke.DirectMethodHandle$Holder.newInvokeSpecial(java.lang.Object, java.lang.Object, java.lang.Object, java.lang.Object, java.lang.Object)'> (0x00000000c68f0bc0) 
thrown [s\src\hotspot\share\interpreter\linkResolver.cpp, line 804]
Event: 222.273 Thread 0x000001e91017d630 Exception <a 'java/lang/NoSuchMethodError'{0x00000000c660ac38}: 'int java.lang.invoke.DirectMethodHandle$Holder.invokeStaticInit(java.lang.Object, java.lang.Object)'> (0x00000000c660ac38) 
thrown [s\src\hotspot\share\interpreter\linkResolver.cpp, line 804]
Event: 225.448 Thread 0x000001e91017d630 Exception <a 'java/lang/NoClassDefFoundError'{0x00000000c6644cd0}: javax/enterprise/inject/Typed> (0x00000000c6644cd0) 
thrown [s\src\hotspot\share\classfile\systemDictionary.cpp, line 316]

VM Operations (20 events):
Event: 19.482 Executing non-safepoint VM operation: HandshakeAllThreads (Deoptimize)
Event: 19.482 Executing non-safepoint VM operation: HandshakeAllThreads (Deoptimize) done
Event: 40.103 Executing non-safepoint VM operation: HandshakeAllThreads (Deoptimize)
Event: 40.103 Executing non-safepoint VM operation: HandshakeAllThreads (Deoptimize) done
Event: 44.044 Executing non-safepoint VM operation: HandshakeAllThreads (Deoptimize)
Event: 93.517 Executing non-safepoint VM operation: HandshakeAllThreads (Deoptimize) done
Event: 179.291 Executing safepoint VM operation: G1CollectForAllocation (G1 Evacuation Pause)
Event: 182.874 Executing safepoint VM operation: G1CollectForAllocation (G1 Evacuation Pause) done
Event: 252.128 Executing non-safepoint VM operation: HandshakeAllThreads (HandshakeForDeflation)
Event: 264.231 Executing non-safepoint VM operation: HandshakeAllThreads (HandshakeForDeflation) done
Event: 264.231 Executing non-safepoint VM operation: RendezvousGCThreads
Event: 264.231 Executing non-safepoint VM operation: RendezvousGCThreads done
Event: 436.288 Executing safepoint VM operation: G1CollectForAllocation (G1 Evacuation Pause)
Event: 444.386 Executing safepoint VM operation: G1CollectForAllocation (G1 Evacuation Pause) done
Event: 458.203 Executing safepoint VM operation: G1CollectForAllocation (G1 Evacuation Pause)
Event: 458.215 Executing safepoint VM operation: G1CollectForAllocation (G1 Evacuation Pause) done
Event: 498.922 Executing safepoint VM operation: G1CollectForAllocation (G1 Evacuation Pause)
Event: 498.933 Executing safepoint VM operation: G1CollectForAllocation (G1 Evacuation Pause) done
Event: 498.958 Executing non-safepoint VM operation: HandshakeAllThreads (Deoptimize)
Event: 498.958 Executing non-safepoint VM operation: HandshakeAllThreads (Deoptimize) done

Memory protections (0 events):
No events

Nmethod flushes (0 events):
No events

Events (13 events):
Event: 1.338 Thread 0x000001e91017d630 Thread added: 0x000001e91017d630
Event: 2.710 Thread 0x000001e91017d630 Thread added: 0x000001e92d1a4510
Event: 2.710 Thread 0x000001e91017d630 Thread added: 0x000001e92d1a73b0
Event: 3.086 Thread 0x000001e91017d630 Thread added: 0x000001e92d1ab840
Event: 3.086 Thread 0x000001e91017d630 Thread added: 0x000001e92d1ac400
Event: 3.437 Thread 0x000001e91017d630 Thread added: 0x000001e92d1b06b0
Event: 3.438 Thread 0x000001e91017d630 Thread added: 0x000001e92d1b3280
Event: 3.438 Thread 0x000001e91017d630 Thread added: 0x000001e92d1b4170
Event: 7.340 Thread 0x000001e91017d630 Thread added: 0x000001e92d22e920
Event: 18.349 Thread 0x000001e91017d630 Thread added: 0x000001e92d302330
Event: 18.353 Thread 0x000001e91017d630 Thread added: 0x000001e92d306d80
Event: 40.122 Thread 0x000001e91017d630 Thread added: 0x000001e92d3ddcf0
Event: 154.049 Thread 0x000001e92d3ddcf0 Thread exited: 0x000001e92d3ddcf0


Dynamic libraries:
0x00007ff61ab00000 - 0x00007ff61ab0e000 	C:\Program Files\Apache NetBeans\jdk\bin\java.exe
0x00007ffea0ee0000 - 0x00007ffea1147000 	C:\WINDOWS\SYSTEM32\ntdll.dll
0x00007ffe9fee0000 - 0x00007ffe9ffa9000 	C:\WINDOWS\System32\KERNEL32.DLL
0x00007ffe9dbe0000 - 0x00007ffe9dfd4000 	C:\WINDOWS\System32\KERNELBASE.dll
0x00007ffe9e110000 - 0x00007ffe9e25b000 	C:\WINDOWS\System32\ucrtbase.dll
0x00007ffe806e0000 - 0x00007ffe806f6000 	C:\Program Files\Apache NetBeans\jdk\bin\jli.dll
0x00007ffe9ed70000 - 0x00007ffe9ef35000 	C:\WINDOWS\System32\USER32.dll
0x00007ffe9eb90000 - 0x00007ffe9ebb7000 	C:\WINDOWS\System32\win32u.dll
0x00007ffea09d0000 - 0x00007ffea09fb000 	C:\WINDOWS\System32\GDI32.dll
0x00007ffe9dfe0000 - 0x00007ffe9e10a000 	C:\WINDOWS\System32\gdi32full.dll
0x00007ffe9ebc0000 - 0x00007ffe9ec63000 	C:\WINDOWS\System32\msvcp_win.dll
0x00007ffe91b10000 - 0x00007ffe91b2e000 	C:\Program Files\Apache NetBeans\jdk\bin\VCRUNTIME140.dll
0x00007ffe8ba70000 - 0x00007ffe8bd03000 	C:\WINDOWS\WinSxS\amd64_microsoft.windows.common-controls_6595b64144ccf1df_6.0.26100.8115_none_3e075c82e3354f9c\COMCTL32.dll
0x00007ffea0400000 - 0x00007ffea04a9000 	C:\WINDOWS\System32\msvcrt.dll
0x00007ffe9fd40000 - 0x00007ffe9fd72000 	C:\WINDOWS\System32\IMM32.DLL
0x00007ffe8bdb0000 - 0x00007ffe8bdbc000 	C:\Program Files\Apache NetBeans\jdk\bin\vcruntime140_1.dll
0x00007ffe68510000 - 0x00007ffe6859d000 	C:\Program Files\Apache NetBeans\jdk\bin\msvcp140.dll
0x00007ffe2ca00000 - 0x00007ffe2d926000 	C:\Program Files\Apache NetBeans\jdk\bin\server\jvm.dll
0x00007ffea0660000 - 0x00007ffea0716000 	C:\WINDOWS\System32\ADVAPI32.dll
0x00007ffea04b0000 - 0x00007ffea0557000 	C:\WINDOWS\System32\sechost.dll
0x00007ffe9f250000 - 0x00007ffe9f368000 	C:\WINDOWS\System32\RPCRT4.dll
0x00007ffea0940000 - 0x00007ffea09c0000 	C:\WINDOWS\System32\WS2_32.dll
0x00007ffe9d610000 - 0x00007ffe9d66e000 	C:\WINDOWS\SYSTEM32\POWRPROF.dll
0x00007ffe7a540000 - 0x00007ffe7a576000 	C:\WINDOWS\SYSTEM32\WINMM.dll
0x00007ffe8c650000 - 0x00007ffe8c65b000 	C:\WINDOWS\SYSTEM32\VERSION.dll
0x00007ffe9d5f0000 - 0x00007ffe9d604000 	C:\WINDOWS\SYSTEM32\UMPDC.dll
0x00007ffe9c540000 - 0x00007ffe9c55b000 	C:\WINDOWS\SYSTEM32\kernel.appcore.dll
0x00007ffe8bda0000 - 0x00007ffe8bdaa000 	C:\Program Files\Apache NetBeans\jdk\bin\jimage.dll
0x00007ffe9b6f0000 - 0x00007ffe9b932000 	C:\WINDOWS\SYSTEM32\DBGHELP.DLL
0x00007ffe9ffb0000 - 0x00007ffea0332000 	C:\WINDOWS\System32\combase.dll
0x00007ffe9f400000 - 0x00007ffe9f4d7000 	C:\WINDOWS\System32\OLEAUT32.dll
0x00007ffe8c3b0000 - 0x00007ffe8c3eb000 	C:\WINDOWS\SYSTEM32\dbgcore.DLL
0x00007ffe9d9c0000 - 0x00007ffe9da65000 	C:\WINDOWS\System32\bcryptPrimitives.dll
0x00007ffe80700000 - 0x00007ffe8071e000 	C:\Program Files\Apache NetBeans\jdk\bin\java.dll
0x00007ffea0790000 - 0x00007ffea0927000 	C:\WINDOWS\System32\ole32.dll
0x00007ffe9f570000 - 0x00007ffe9fcd6000 	C:\WINDOWS\System32\SHELL32.dll
0x00007ffe9da70000 - 0x00007ffe9dbda000 	C:\WINDOWS\System32\wintypes.dll
0x00007ffe9e260000 - 0x00007ffe9eac5000 	C:\WINDOWS\System32\windows.storage.dll
0x00007ffe9ef40000 - 0x00007ffe9f037000 	C:\WINDOWS\System32\SHCORE.dll
0x00007ffea0720000 - 0x00007ffea0786000 	C:\WINDOWS\System32\shlwapi.dll
0x00007ffe9d6d0000 - 0x00007ffe9d6f9000 	C:\WINDOWS\SYSTEM32\profapi.dll
0x00007ffe76930000 - 0x00007ffe76941000 	C:\Program Files\Apache NetBeans\jdk\bin\net.dll
0x00007ffe9cab0000 - 0x00007ffe9cb1c000 	C:\WINDOWS\system32\mswsock.dll
0x00007ffe685a0000 - 0x00007ffe685b6000 	C:\Program Files\Apache NetBeans\jdk\bin\nio.dll
0x00007ffe76950000 - 0x00007ffe76967000 	C:\Program Files\Apache NetBeans\jdk\bin\zip.dll
0x00007ffe7bf10000 - 0x00007ffe7bf34000 	C:\Program Files\Apache NetBeans\java\maven\lib\jansi-native\Windows\x86_64\jansi.dll
0x00007ffe87100000 - 0x00007ffe87110000 	C:\Program Files\Apache NetBeans\jdk\bin\verify.dll

JVMTI agents: none

dbghelp: loaded successfully - version: 4.0.5 - missing functions: none
symbol engine: initialized successfully - sym options: 0x614 - pdb path: .;C:\Program Files\Apache NetBeans\jdk\bin;C:\WINDOWS\SYSTEM32;C:\WINDOWS\WinSxS\amd64_microsoft.windows.common-controls_6595b64144ccf1df_6.0.26100.8115_none_3e075c82e3354f9c;C:\Program Files\Apache NetBeans\jdk\bin\server;C:\Program Files\Apache NetBeans\java\maven\lib\jansi-native\Windows\x86_64

VM Arguments:
jvm_args: --enable-native-access=ALL-UNNAMED -Dclassworlds.conf=C:\Program Files\Apache NetBeans\java\maven\bin\m2.conf -Dmaven.home=C:\Program Files\Apache NetBeans\java\maven -Dlibrary.jansi.path=C:\Program Files\Apache NetBeans\java\maven\lib\jansi-native -Dmaven.multiModuleProjectDirectory=C:\Users\ASUS\Documents\NetBeansProjects\Lubiproject1 
java_command: org.codehaus.plexus.classworlds.launcher.Launcher -Dmaven.ext.class.path=C:\Program Files\Apache NetBeans\java\maven-nblib\netbeans-eventspy.jar --no-transfer-progress install
java_class_path (initial): C:\Program Files\Apache NetBeans\java\maven\boot\plexus-classworlds-2.9.0.jar
Launcher Type: SUN_STANDARD

[Global flags]
     intx CICompilerCount                          = 2                                         {product} {ergonomic}
     uint ConcGCThreads                            = 1                                         {product} {ergonomic}
     uint G1ConcRefinementThreads                  = 2                                         {product} {ergonomic}
   size_t G1HeapRegionSize                         = 1048576                                   {product} {ergonomic}
   size_t InitialHeapSize                          = 65011712                                  {product} {ergonomic}
   size_t MarkStackSize                            = 4194304                                   {product} {ergonomic}
   size_t MarkStackSizeMax                         = 536870912                                 {product} {ergonomic}
   size_t MaxHeapSize                              = 1027604480                                {product} {ergonomic}
   size_t MaxNewSize                               = 616562688                                 {product} {ergonomic}
   size_t MinHeapDeltaBytes                        = 1048576                                   {product} {ergonomic}
   size_t MinHeapSize                              = 8388608                                   {product} {ergonomic}
    uintx NonNMethodCodeHeapSize                   = 5767168                                {pd product} {ergonomic}
    uintx NonProfiledCodeHeapSize                  = 123011072                              {pd product} {ergonomic}
    uintx ProfiledCodeHeapSize                     = 122880000                              {pd product} {ergonomic}
    uintx ReservedCodeCacheSize                    = 251658240                              {pd product} {ergonomic}
     bool SegmentedCodeCache                       = true                                      {product} {ergonomic}
   size_t SoftMaxHeapSize                          = 1027604480                             {manageable} {ergonomic}
     bool UseCompressedOops                        = true                           {product lp64_product} {ergonomic}
     bool UseG1GC                                  = true                                      {product} {ergonomic}
     bool UseLargePagesIndividualAllocation        = false                                  {pd product} {ergonomic}

Logging:
Log output configuration:
 #0: stdout all=warning uptime,level,tags foldmultilines=false
 #1: stderr all=off uptime,level,tags foldmultilines=false

Release file:
IMPLEMENTOR="Eclipse Adoptium" 
IMPLEMENTOR_VERSION="Temurin-25.0.2+10" 
JAVA_RUNTIME_VERSION="25.0.2+10-LTS" 
JAVA_VERSION="25.0.2" 
JAVA_VERSION_DATE="2026-01-20" 
LIBC="default" 
MODULES="java.base java.compiler java.datatransfer java.xml java.prefs java.desktop java.instrument java.logging java.management java.security.sasl java.naming java.rmi java.management.rmi java.net.http java.scripting java.security.jgss java.transaction.xa java.sql java.sql.rowset java.xml.crypto java.se java.smartcardio jdk.accessibility jdk.internal.jvmstat jdk.attach jdk.charsets jdk.internal.opt jdk.zipfs jdk.compiler jdk.crypto.cryptoki jdk.crypto.ec jdk.crypto.mscapi jdk.dynalink jdk.internal.ed jdk.editpad jdk.internal.vm.ci jdk.graal.compiler jdk.graal.compiler.management jdk.hotspot.agent jdk.httpserver jdk.incubator.vector jdk.internal.le jdk.internal.md jdk.jartool jdk.javadoc jdk.jcmd jdk.management jdk.management.agent jdk.jconsole jdk.jdeps jdk.jdwp.agent jdk.jdi jdk.jfr jdk.jlink jdk.jpackage jdk.jshell jdk.jsobject jdk.jstatd jdk.localedata jdk.management.jfr jdk.naming.dns jdk.naming.rmi jdk.net jdk.nio.mapmode jdk.sctp jdk.security.auth jdk.security.jgss jdk.unsupported jdk.unsupported.desktop jdk.xml.dom" 
OS_ARCH="x86_64" 
OS_NAME="Windows" 
SOURCE=".:git:9e3c947043a4" 
BUILD_SOURCE="git:458965074606f027bd5afce2cfd5c1055dea0438"
BUILD_SOURCE_REPO="https://github.com/adoptium/temurin-build.git"
SOURCE_REPO="https://github.com/adoptium/jdk25u.git"
FULL_VERSION="25.0.2+10-LTS"
SEMANTIC_VERSION="25.0.2+10"
BUILD_INFO="OS: Windows Server 2022 Version: 10.0"
JVM_VARIANT="Hotspot"
JVM_VERSION="25.0.2+10-LTS"
IMAGE_TYPE="JDK"

Environment Variables:
JAVA_HOME=C:\Program Files\Apache NetBeans\jdk
PATH=C:\WINDOWS\system32;C:\WINDOWS;C:\WINDOWS\System32\Wbem;C:\WINDOWS\System32\WindowsPowerShell\v1.0\;C:\WINDOWS\System32\OpenSSH\;C:\Program Files\Git\cmd;C:\Users\ASUS\AppData\Local\Microsoft\WindowsApps;;C:\Program Files\Apache NetBeans\bin\
USERNAME=ASUS
OS=Windows_NT
PROCESSOR_IDENTIFIER=Intel64 Family 6 Model 122 Stepping 1, GenuineIntel
TMP=C:\Users\ASUS\AppData\Local\Temp
TEMP=C:\Users\ASUS\AppData\Local\Temp




Compilation memory statistics disabled.

Periodic native trim disabled

---------------  S Y S T E M  ---------------

OS:
 Windows 11 , 64 bit Build 26100 (10.0.26100.8115)
OS uptime: 0 days 4:21 hours

CPU: total 2 (initial active 2) (2 cores per cpu, 1 threads per core) family 6 model 122 stepping 1 microcode 0x34, cx8, cmov, fxsr, mmx, 3dnowpref, sse, sse2, sse3, ssse3, sse4.1, sse4.2, popcnt, tsc, tscinvbit, aes, erms, clmul, sha, clflush, clflushopt, rdtscp, rdpid
Processor Information for the first 2 processors :
  Max Mhz: 1101, Current Mhz: 1101, Mhz Limit: 1101

Memory: 4k page, system-wide physical 3919M (207M free)
TotalPageFile size 15695M (AvailPageFile size 348M)
current process WorkingSet (physical memory assigned to process): 23M, peak: 53M
current process commit charge ("private bytes"): 146M, peak: 153M

vm_info: OpenJDK 64-Bit Server VM (25.0.2+10-LTS) for windows-amd64 JRE (25.0.2+10-LTS), built on 2026-01-20T00:00:00Z with MS VC++ 17.12 (VS2022)

END.
