#
# There is insufficient memory for the Java Runtime Environment to continue.
# Native memory allocation (malloc) failed to allocate 746328 bytes. Error detail: Chunk::new
# Possible reasons:
#   The system is out of physical RAM or swap space
#   This process is running with CompressedOops enabled, and the Java Heap may be blocking the growth of the native heap
# Possible solutions:
#   Reduce memory load on the system
#   Increase physical memory or swap space
#   Check if swap backing store is full
#   Decrease Java heap size (-Xmx/-Xms)
#   Decrease number of Java threads
#   Decrease Java thread stack sizes (-Xss)
#   Set larger code cache with -XX:ReservedCodeCacheSize=
#   JVM is running with Unscaled Compressed Oops mode in which the Java heap is
#     placed in the first 4GB address space. The Java Heap base address is the
#     maximum limit for the native heap growth. Please use -XX:HeapBaseMinAddress
#     to set the Java Heap base and to place the Java Heap above 4GB virtual address.
# This output file may be truncated or incomplete.
#
#  Out of Memory Error (arena.cpp:186), pid=14764, tid=16468
#
# JRE version: OpenJDK Runtime Environment Temurin-25.0.2+10 (25.0.2+10) (build 25.0.2+10-LTS)
# Java VM: OpenJDK 64-Bit Server VM Temurin-25.0.2+10 (25.0.2+10-LTS, mixed mode, sharing, tiered, compressed oops, compressed class ptrs, g1 gc, windows-amd64)
# No core dump will be written. Minidumps are not enabled by default on client versions of Windows
#

---------------  S U M M A R Y ------------

Command Line: --enable-native-access=ALL-UNNAMED -Dclassworlds.conf=C:\Program Files\Apache NetBeans\java\maven\bin\m2.conf -Dmaven.home=C:\Program Files\Apache NetBeans\java\maven -Dlibrary.jansi.path=C:\Program Files\Apache NetBeans\java\maven\lib\jansi-native -Dmaven.multiModuleProjectDirectory=C:\Users\ASUS\Documents\NetBeansProjects\Lubiproject1 org.codehaus.plexus.classworlds.launcher.Launcher -Dmaven.ext.class.path=C:\Program Files\Apache NetBeans\java\maven-nblib\netbeans-eventspy.jar --no-transfer-progress install

Host: Intel(R) Celeron(R) N4000 CPU @ 1.10GHz, 2 cores, 3G,  Windows 11 , 64 bit Build 26100 (10.0.26100.8115)
Time: Fri Apr  3 17:07:48 2026 SE Asia Standard Time elapsed time: 163.720452 seconds (0d 0h 2m 43s)

---------------  T H R E A D  ---------------

Current thread (0x000002a51b67ec20):  JavaThread "C2 CompilerThread0" daemon [_thread_in_native, id=16468, stack(0x000000a66fb00000,0x000000a66fc00000) (1024K)]


Current CompileTask:
C2:163720  859       4       java.util.concurrent.ConcurrentHashMap::get (162 bytes)

Stack: [0x000000a66fb00000,0x000000a66fc00000]
Native frames: (J=compiled Java code, j=interpreted, Vv=VM code, C=native code)
V  [jvm.dll+0x7a8bc9]  (no source info available)
V  [jvm.dll+0x77310d]  (no source info available)
V  [jvm.dll+0x9f55f3]  (no source info available)
V  [jvm.dll+0x9f7be1]  (no source info available)
V  [jvm.dll+0x9f82f3]  (no source info available)
V  [jvm.dll+0x2fce26]  (no source info available)
V  [jvm.dll+0x111076]  (no source info available)
V  [jvm.dll+0x11139e]  (no source info available)
V  [jvm.dll+0x19fff2]  (no source info available)
V  [jvm.dll+0x3b5f62]  (no source info available)
V  [jvm.dll+0x7ae53c]  (no source info available)
V  [jvm.dll+0x2c0407]  (no source info available)
V  [jvm.dll+0x2bf3cf]  (no source info available)
V  [jvm.dll+0x237140]  (no source info available)
V  [jvm.dll+0x2cf4c6]  (no source info available)
V  [jvm.dll+0x2cd74a]  (no source info available)
V  [jvm.dll+0x48fbee]  (no source info available)
V  [jvm.dll+0x996b0d]  (no source info available)
V  [jvm.dll+0x7a71a5]  (no source info available)
C  [ucrtbase.dll+0x37b0]  (no source info available)
C  [KERNEL32.DLL+0x2e8d7]  (no source info available)
C  [ntdll.dll+0x8c3fc]  (no source info available)

Lock stack of current Java thread (top to bottom):


---------------  P R O C E S S  ---------------

Threads class SMR info:
_java_thread_list=0x000002a5200145c0, length=12, elements={
0x000002a57e4ed9a0, 0x000002a51b672a60, 0x000002a51b6738c0, 0x000002a51b67a540,
0x000002a51b67c5b0, 0x000002a51b67d170, 0x000002a51b67dd30, 0x000002a51b67ec20,
0x000002a51b6f6970, 0x000002a51b74a340, 0x000002a51b750b20, 0x000002a51b9674f0
}

Java Threads: ( => current thread )
  0x000002a57e4ed9a0 JavaThread "main"                              [_thread_in_Java, id=19228, stack(0x000000a66ed00000,0x000000a66ee00000) (1024K)]
  0x000002a51b672a60 JavaThread "Reference Handler"          daemon [_thread_blocked, id=18804, stack(0x000000a66f500000,0x000000a66f600000) (1024K)]
  0x000002a51b6738c0 JavaThread "Finalizer"                  daemon [_thread_blocked, id=18928, stack(0x000000a66f600000,0x000000a66f700000) (1024K)]
  0x000002a51b67a540 JavaThread "Signal Dispatcher"          daemon [_thread_blocked, id=18816, stack(0x000000a66f700000,0x000000a66f800000) (1024K)]
  0x000002a51b67c5b0 JavaThread "Attach Listener"            daemon [_thread_blocked, id=19912, stack(0x000000a66f800000,0x000000a66f900000) (1024K)]
  0x000002a51b67d170 JavaThread "Service Thread"             daemon [_thread_blocked, id=19916, stack(0x000000a66f900000,0x000000a66fa00000) (1024K)]
  0x000002a51b67dd30 JavaThread "Monitor Deflation Thread"   daemon [_thread_blocked, id=19920, stack(0x000000a66fa00000,0x000000a66fb00000) (1024K)]
=>0x000002a51b67ec20 JavaThread "C2 CompilerThread0"         daemon [_thread_in_native, id=16468, stack(0x000000a66fb00000,0x000000a66fc00000) (1024K)]
  0x000002a51b6f6970 JavaThread "C1 CompilerThread0"         daemon [_thread_blocked, id=18104, stack(0x000000a66fc00000,0x000000a66fd00000) (1024K)]
  0x000002a51b74a340 JavaThread "Notification Thread"        daemon [_thread_blocked, id=20372, stack(0x000000a66fd00000,0x000000a66fe00000) (1024K)]
  0x000002a51b750b20 JavaThread "Common-Cleaner"             daemon [_thread_blocked, id=19336, stack(0x000000a66fe00000,0x000000a66ff00000) (1024K)]
  0x000002a51b9674f0 JavaThread "cleanup"                    daemon [_thread_in_native, id=16632, stack(0x000000a66eb00000,0x000000a66ec00000) (1024K)]
Total: 12

Other Threads:
  0x000002a5008fea80 VMThread "VM Thread"                           [id=20288, stack(0x000000a66f400000,0x000000a66f500000) (1024K)]
  0x000002a5008f4dd0 WatcherThread "VM Periodic Task Thread"        [id=18200, stack(0x000000a66f300000,0x000000a66f400000) (1024K)]
  0x000002a5008755a0 WorkerThread "GC Thread#0"                     [id=15304, stack(0x000000a66ee00000,0x000000a66ef00000) (1024K)]
  0x000002a500881e30 ConcurrentGCThread "G1 Main Marker"            [id=19968, stack(0x000000a66ef00000,0x000000a66f000000) (1024K)]
  0x000002a500884060 WorkerThread "G1 Conc#0"                       [id=17840, stack(0x000000a66f000000,0x000000a66f100000) (1024K)]
  0x000002a50089d180 ConcurrentGCThread "G1 Refine#0"               [id=18932, stack(0x000000a66f100000,0x000000a66f200000) (1024K)]
  0x000002a5008a0390 ConcurrentGCThread "G1 Service"                [id=18936, stack(0x000000a66f200000,0x000000a66f300000) (1024K)]
Total: 7

Threads with active compile tasks:
C2 CompilerThread0  179806  859       4       java.util.concurrent.ConcurrentHashMap::get (162 bytes)
Total: 1

VM state: not at safepoint (normal execution)

VM Mutex/Monitor currently owned by a thread: None

Heap address: 0x00000000c2c00000, size: 980 MB, Compressed Oops mode: 32-bit

CDS archive(s) mapped at: [0x000000002a000000-0x000000002add0000-0x000000002add0000), size 14483456, SharedBaseAddress: 0x000000002a000000, ArchiveRelocationMode: 1.
Compressed class space mapped at: 0x000000002b000000-0x000000006b000000, reserved size: 1073741824
UseCompressedClassPointers 1, UseCompactObjectHeaders 0
Narrow klass pointer bits 32, Max shift 3
Narrow klass base: 0x000000002a000000, Narrow klass shift: 0
Encoding Range: [0x000000002a000000 - 0x000000012a000000), (4294967296 bytes)
Klass Range:    [0x000000002a010000 - 0x000000006b000000), (1090453504 bytes)
Klass ID Range:  [65536 - 1090519033) (1090453497)
Protection zone: [0x000000002a000000 - 0x000000002a010000), (65536 bytes)

GC Precious Log:
 CardTable entry size: 512
 Card Set container configuration: InlinePtr #cards 5 size 8 Array Of Cards #cards 10 size 36 Howl #buckets 4 coarsen threshold 1843 Howl Bitmap #cards 512 size 80 coarsen threshold 460 Card regions per heap region 1 cards per card region 2048
 CPUs: 2 total, 2 available
 Memory: 3919M
 Large Page Support: Disabled
 NUMA Support: Disabled
 Compressed Oops: Enabled (32-bit)
 Heap Region Size: 1M
 Heap Min Capacity: 8M
 Heap Initial Capacity: 62M
 Heap Max Capacity: 980M
 Pre-touch: Disabled
 Parallel Workers: 2
 Concurrent Workers: 1
 Concurrent Refinement Workers: 2
 Periodic GC: Disabled

Heap:
 garbage-first heap   total reserved 1003520K, committed 65536K, used 10387K [0x00000000c2c00000, 0x0000000100000000)
  region size 1024K, 11 young (11264K), 0 survivors (0K)

Heap Regions: E=young(eden), S=young(survivor), O=old, HS=humongous(starts), HC=humongous(continues), CS=collection set, F=free, TAMS=top-at-mark-start, PB=parsable bottom
|   0|0x00000000c2c00000, 0x00000000c2c00000, 0x00000000c2d00000|  0%| F|  |TAMS 0x00000000c2c00000| PB 0x00000000c2c00000| Untracked |  0
|   1|0x00000000c2d00000, 0x00000000c2d00000, 0x00000000c2e00000|  0%| F|  |TAMS 0x00000000c2d00000| PB 0x00000000c2d00000| Untracked |  0
|   2|0x00000000c2e00000, 0x00000000c2e00000, 0x00000000c2f00000|  0%| F|  |TAMS 0x00000000c2e00000| PB 0x00000000c2e00000| Untracked |  0
|   3|0x00000000c2f00000, 0x00000000c2f00000, 0x00000000c3000000|  0%| F|  |TAMS 0x00000000c2f00000| PB 0x00000000c2f00000| Untracked |  0
|   4|0x00000000c3000000, 0x00000000c3000000, 0x00000000c3100000|  0%| F|  |TAMS 0x00000000c3000000| PB 0x00000000c3000000| Untracked |  0
|   5|0x00000000c3100000, 0x00000000c3100000, 0x00000000c3200000|  0%| F|  |TAMS 0x00000000c3100000| PB 0x00000000c3100000| Untracked |  0
|   6|0x00000000c3200000, 0x00000000c3200000, 0x00000000c3300000|  0%| F|  |TAMS 0x00000000c3200000| PB 0x00000000c3200000| Untracked |  0
|   7|0x00000000c3300000, 0x00000000c3300000, 0x00000000c3400000|  0%| F|  |TAMS 0x00000000c3300000| PB 0x00000000c3300000| Untracked |  0
|   8|0x00000000c3400000, 0x00000000c3400000, 0x00000000c3500000|  0%| F|  |TAMS 0x00000000c3400000| PB 0x00000000c3400000| Untracked |  0
|   9|0x00000000c3500000, 0x00000000c3500000, 0x00000000c3600000|  0%| F|  |TAMS 0x00000000c3500000| PB 0x00000000c3500000| Untracked |  0
|  10|0x00000000c3600000, 0x00000000c3600000, 0x00000000c3700000|  0%| F|  |TAMS 0x00000000c3600000| PB 0x00000000c3600000| Untracked |  0
|  11|0x00000000c3700000, 0x00000000c3700000, 0x00000000c3800000|  0%| F|  |TAMS 0x00000000c3700000| PB 0x00000000c3700000| Untracked |  0
|  12|0x00000000c3800000, 0x00000000c3800000, 0x00000000c3900000|  0%| F|  |TAMS 0x00000000c3800000| PB 0x00000000c3800000| Untracked |  0
|  13|0x00000000c3900000, 0x00000000c3900000, 0x00000000c3a00000|  0%| F|  |TAMS 0x00000000c3900000| PB 0x00000000c3900000| Untracked |  0
|  14|0x00000000c3a00000, 0x00000000c3a00000, 0x00000000c3b00000|  0%| F|  |TAMS 0x00000000c3a00000| PB 0x00000000c3a00000| Untracked |  0
|  15|0x00000000c3b00000, 0x00000000c3b00000, 0x00000000c3c00000|  0%| F|  |TAMS 0x00000000c3b00000| PB 0x00000000c3b00000| Untracked |  0
|  16|0x00000000c3c00000, 0x00000000c3c00000, 0x00000000c3d00000|  0%| F|  |TAMS 0x00000000c3c00000| PB 0x00000000c3c00000| Untracked |  0
|  17|0x00000000c3d00000, 0x00000000c3d00000, 0x00000000c3e00000|  0%| F|  |TAMS 0x00000000c3d00000| PB 0x00000000c3d00000| Untracked |  0
|  18|0x00000000c3e00000, 0x00000000c3e00000, 0x00000000c3f00000|  0%| F|  |TAMS 0x00000000c3e00000| PB 0x00000000c3e00000| Untracked |  0
|  19|0x00000000c3f00000, 0x00000000c3f00000, 0x00000000c4000000|  0%| F|  |TAMS 0x00000000c3f00000| PB 0x00000000c3f00000| Untracked |  0
|  20|0x00000000c4000000, 0x00000000c4000000, 0x00000000c4100000|  0%| F|  |TAMS 0x00000000c4000000| PB 0x00000000c4000000| Untracked |  0
|  21|0x00000000c4100000, 0x00000000c4100000, 0x00000000c4200000|  0%| F|  |TAMS 0x00000000c4100000| PB 0x00000000c4100000| Untracked |  0
|  22|0x00000000c4200000, 0x00000000c4200000, 0x00000000c4300000|  0%| F|  |TAMS 0x00000000c4200000| PB 0x00000000c4200000| Untracked |  0
|  23|0x00000000c4300000, 0x00000000c4300000, 0x00000000c4400000|  0%| F|  |TAMS 0x00000000c4300000| PB 0x00000000c4300000| Untracked |  0
|  24|0x00000000c4400000, 0x00000000c4400000, 0x00000000c4500000|  0%| F|  |TAMS 0x00000000c4400000| PB 0x00000000c4400000| Untracked |  0
|  25|0x00000000c4500000, 0x00000000c4500000, 0x00000000c4600000|  0%| F|  |TAMS 0x00000000c4500000| PB 0x00000000c4500000| Untracked |  0
|  26|0x00000000c4600000, 0x00000000c4600000, 0x00000000c4700000|  0%| F|  |TAMS 0x00000000c4600000| PB 0x00000000c4600000| Untracked |  0
|  27|0x00000000c4700000, 0x00000000c4700000, 0x00000000c4800000|  0%| F|  |TAMS 0x00000000c4700000| PB 0x00000000c4700000| Untracked |  0
|  28|0x00000000c4800000, 0x00000000c4800000, 0x00000000c4900000|  0%| F|  |TAMS 0x00000000c4800000| PB 0x00000000c4800000| Untracked |  0
|  29|0x00000000c4900000, 0x00000000c4900000, 0x00000000c4a00000|  0%| F|  |TAMS 0x00000000c4900000| PB 0x00000000c4900000| Untracked |  0
|  30|0x00000000c4a00000, 0x00000000c4a00000, 0x00000000c4b00000|  0%| F|  |TAMS 0x00000000c4a00000| PB 0x00000000c4a00000| Untracked |  0
|  31|0x00000000c4b00000, 0x00000000c4b00000, 0x00000000c4c00000|  0%| F|  |TAMS 0x00000000c4b00000| PB 0x00000000c4b00000| Untracked |  0
|  32|0x00000000c4c00000, 0x00000000c4c00000, 0x00000000c4d00000|  0%| F|  |TAMS 0x00000000c4c00000| PB 0x00000000c4c00000| Untracked |  0
|  33|0x00000000c4d00000, 0x00000000c4d00000, 0x00000000c4e00000|  0%| F|  |TAMS 0x00000000c4d00000| PB 0x00000000c4d00000| Untracked |  0
|  34|0x00000000c4e00000, 0x00000000c4e00000, 0x00000000c4f00000|  0%| F|  |TAMS 0x00000000c4e00000| PB 0x00000000c4e00000| Untracked |  0
|  35|0x00000000c4f00000, 0x00000000c4f00000, 0x00000000c5000000|  0%| F|  |TAMS 0x00000000c4f00000| PB 0x00000000c4f00000| Untracked |  0
|  36|0x00000000c5000000, 0x00000000c5000000, 0x00000000c5100000|  0%| F|  |TAMS 0x00000000c5000000| PB 0x00000000c5000000| Untracked |  0
|  37|0x00000000c5100000, 0x00000000c5100000, 0x00000000c5200000|  0%| F|  |TAMS 0x00000000c5100000| PB 0x00000000c5100000| Untracked |  0
|  38|0x00000000c5200000, 0x00000000c5200000, 0x00000000c5300000|  0%| F|  |TAMS 0x00000000c5200000| PB 0x00000000c5200000| Untracked |  0
|  39|0x00000000c5300000, 0x00000000c5300000, 0x00000000c5400000|  0%| F|  |TAMS 0x00000000c5300000| PB 0x00000000c5300000| Untracked |  0
|  40|0x00000000c5400000, 0x00000000c5400000, 0x00000000c5500000|  0%| F|  |TAMS 0x00000000c5400000| PB 0x00000000c5400000| Untracked |  0
|  41|0x00000000c5500000, 0x00000000c5500000, 0x00000000c5600000|  0%| F|  |TAMS 0x00000000c5500000| PB 0x00000000c5500000| Untracked |  0
|  42|0x00000000c5600000, 0x00000000c5600000, 0x00000000c5700000|  0%| F|  |TAMS 0x00000000c5600000| PB 0x00000000c5600000| Untracked |  0
|  43|0x00000000c5700000, 0x00000000c5700000, 0x00000000c5800000|  0%| F|  |TAMS 0x00000000c5700000| PB 0x00000000c5700000| Untracked |  0
|  44|0x00000000c5800000, 0x00000000c5800000, 0x00000000c5900000|  0%| F|  |TAMS 0x00000000c5800000| PB 0x00000000c5800000| Untracked |  0
|  45|0x00000000c5900000, 0x00000000c5900000, 0x00000000c5a00000|  0%| F|  |TAMS 0x00000000c5900000| PB 0x00000000c5900000| Untracked |  0
|  46|0x00000000c5a00000, 0x00000000c5a00000, 0x00000000c5b00000|  0%| F|  |TAMS 0x00000000c5a00000| PB 0x00000000c5a00000| Untracked |  0
|  47|0x00000000c5b00000, 0x00000000c5b00000, 0x00000000c5c00000|  0%| F|  |TAMS 0x00000000c5b00000| PB 0x00000000c5b00000| Untracked |  0
|  48|0x00000000c5c00000, 0x00000000c5c00000, 0x00000000c5d00000|  0%| F|  |TAMS 0x00000000c5c00000| PB 0x00000000c5c00000| Untracked |  0
|  49|0x00000000c5d00000, 0x00000000c5d00000, 0x00000000c5e00000|  0%| F|  |TAMS 0x00000000c5d00000| PB 0x00000000c5d00000| Untracked |  0
|  50|0x00000000c5e00000, 0x00000000c5e00000, 0x00000000c5f00000|  0%| F|  |TAMS 0x00000000c5e00000| PB 0x00000000c5e00000| Untracked |  0
|  51|0x00000000c5f00000, 0x00000000c5f47b58, 0x00000000c6000000| 28%| E|  |TAMS 0x00000000c5f00000| PB 0x00000000c5f00000| Complete |  0
|  52|0x00000000c6000000, 0x00000000c6100000, 0x00000000c6100000|100%| E|CS|TAMS 0x00000000c6000000| PB 0x00000000c6000000| Complete |  0
|  53|0x00000000c6100000, 0x00000000c6200000, 0x00000000c6200000|100%| E|CS|TAMS 0x00000000c6100000| PB 0x00000000c6100000| Complete |  0
|  54|0x00000000c6200000, 0x00000000c6300000, 0x00000000c6300000|100%| E|CS|TAMS 0x00000000c6200000| PB 0x00000000c6200000| Complete |  0
|  55|0x00000000c6300000, 0x00000000c6400000, 0x00000000c6400000|100%| E|CS|TAMS 0x00000000c6300000| PB 0x00000000c6300000| Complete |  0
|  56|0x00000000c6400000, 0x00000000c6500000, 0x00000000c6500000|100%| E|CS|TAMS 0x00000000c6400000| PB 0x00000000c6400000| Complete |  0
|  57|0x00000000c6500000, 0x00000000c6600000, 0x00000000c6600000|100%| E|CS|TAMS 0x00000000c6500000| PB 0x00000000c6500000| Complete |  0
|  58|0x00000000c6600000, 0x00000000c6700000, 0x00000000c6700000|100%| E|CS|TAMS 0x00000000c6600000| PB 0x00000000c6600000| Complete |  0
|  59|0x00000000c6700000, 0x00000000c6800000, 0x00000000c6800000|100%| E|CS|TAMS 0x00000000c6700000| PB 0x00000000c6700000| Complete |  0
|  60|0x00000000c6800000, 0x00000000c6900000, 0x00000000c6900000|100%| E|  |TAMS 0x00000000c6800000| PB 0x00000000c6800000| Complete |  0
|  61|0x00000000c6900000, 0x00000000c6a00000, 0x00000000c6a00000|100%| E|CS|TAMS 0x00000000c6900000| PB 0x00000000c6900000| Complete |  0
| 978|0x00000000ffe00000, 0x00000000fff00000, 0x00000000fff00000|100%| O|  |TAMS 0x00000000ffe00000| PB 0x00000000ffe00000| Untracked |  0
| 979|0x00000000fff00000, 0x00000000fff24ea8, 0x0000000100000000| 14%| O|  |TAMS 0x00000000fff00000| PB 0x00000000fff00000| Untracked |  0

Card table byte_map: [0x000002a518330000,0x000002a518520000] _byte_map_base: 0x000002a517d1a000

Marking Bits: (CMBitMap*) 0x000002a500875d30
 Bits: [0x000002a518520000, 0x000002a519470000)

Polling page: 0x000002a500010000

Metaspace:
Metaspace        used 2949K, committed 3136K, reserved 1114112K
 class space     used 301K, committed 384K, reserved 1048576K

Usage:
  Non-class:      2.59 MB used.
      Class:    301.66 KB used.
       Both:      2.88 MB used.

Virtual space:
  Non-class space:       64.00 MB reserved,       2.69 MB (  4%) committed,  1 nodes.
      Class space:        1.00 GB reserved,     384.00 KB ( <1%) committed,  1 nodes.
             Both:        1.06 GB reserved,       3.06 MB ( <1%) committed. 

Chunk freelists:
   Non-Class:  10.77 MB
       Class:  15.55 MB
        Both:  26.31 MB

MaxMetaspaceSize: unlimited
CompressedClassSpaceSize: 1.00 GB
Initial GC threshold: 21.00 MB
Current GC threshold: 21.00 MB
CDS: on
 - commit_granule_bytes: 65536.
 - commit_granule_words: 8192.
 - virtual_space_node_default_size: 8388608.
 - enlarge_chunks_in_place: 1.
UseCompressedClassPointers 1, UseCompactObjectHeaders 0
Narrow klass pointer bits 32, Max shift 3
Narrow klass base: 0x000000002a000000, Narrow klass shift: 0
Encoding Range: [0x000000002a000000 - 0x000000012a000000), (4294967296 bytes)
Klass Range:    [0x000000002a010000 - 0x000000006b000000), (1090453504 bytes)
Klass ID Range:  [65536 - 1090519033) (1090453497)
Protection zone: [0x000000002a000000 - 0x000000002a010000), (65536 bytes)


Internal statistics:

num_allocs_failed_limit: 0.
num_arena_births: 38.
num_arena_deaths: 0.
num_vsnodes_births: 2.
num_vsnodes_deaths: 0.
num_space_committed: 49.
num_space_uncommitted: 0.
num_chunks_returned_to_freelist: 0.
num_chunks_taken_from_freelist: 114.
num_chunk_merges: 0.
num_chunk_splits: 71.
num_chunks_enlarged: 55.
num_inconsistent_stats: 0.

CodeHeap 'non-profiled nmethods': size=120128Kb used=231Kb max_used=231Kb free=119896Kb
 bounds [0x000002a510de0000, 0x000002a511050000, 0x000002a518330000]
CodeHeap 'profiled nmethods': size=120000Kb used=1279Kb max_used=1279Kb free=118720Kb
 bounds [0x000002a509330000, 0x000002a5095a0000, 0x000002a510860000]
CodeHeap 'non-nmethods': size=5632Kb used=1325Kb max_used=1356Kb free=4307Kb
 bounds [0x000002a510860000, 0x000002a510ad0000, 0x000002a510de0000]
CodeCache: size=245760Kb, used=2835Kb, max_used=2866Kb, free=242923Kb
 total_blobs=1332, nmethods=881, adapters=355, full_count=0
Compilation: enabled, stopped_count=0, restarted_count=0

Compilation events (20 events):
Event: 160.038 Thread 0x000002a51b6f6970 nmethod 850 0x000002a50945f908 code [0x000002a50945fa00, 0x000002a5094602c0]
Event: 161.306 Thread 0x000002a51b6f6970  851       3       java.util.zip.CRC32::<init> (5 bytes)
Event: 161.306 Thread 0x000002a51b6f6970 nmethod 851 0x000002a509460308 code [0x000002a509460400, 0x000002a509460560]
Event: 161.453 Thread 0x000002a51b6f6970  852       3       java.util.zip.CRC32::getValue (10 bytes)
Event: 161.453 Thread 0x000002a51b6f6970 nmethod 852 0x000002a509460608 code [0x000002a509460700, 0x000002a509460818]
Event: 161.468 Thread 0x000002a51b6f6970  853       3       java.security.CodeSource::<init> (52 bytes)
Event: 161.469 Thread 0x000002a51b6f6970 nmethod 853 0x000002a509460908 code [0x000002a509460a00, 0x000002a509460ee8]
Event: 161.480 Thread 0x000002a51b6f6970  854       3       java.security.SecureClassLoader::getProtectionDomain (37 bytes)
Event: 161.481 Thread 0x000002a51b6f6970 nmethod 854 0x000002a509460f08 code [0x000002a509461000, 0x000002a5094616a8]
Event: 161.484 Thread 0x000002a51b6f6970  855       3       java.security.SecureClassLoader$CodeSourceKey::hashCode (11 bytes)
Event: 161.485 Thread 0x000002a51b6f6970 nmethod 855 0x000002a509461708 code [0x000002a509461800, 0x000002a509461a30]
Event: 161.490 Thread 0x000002a51b6f6970  856       3       java.lang.ClassLoader::preDefineClass (118 bytes)
Event: 161.491 Thread 0x000002a51b67ec20  859       4       java.util.concurrent.ConcurrentHashMap::get (162 bytes)
Event: 161.492 Thread 0x000002a51b6f6970 nmethod 856 0x000002a509461a88 code [0x000002a509461b80, 0x000002a5094635e0]
Event: 161.492 Thread 0x000002a51b6f6970  857       3       java.lang.ClassLoader::checkCerts (121 bytes)
Event: 161.493 Thread 0x000002a51b6f6970 nmethod 857 0x000002a509463608 code [0x000002a509463700, 0x000002a509464af0]
Event: 161.493 Thread 0x000002a51b6f6970  858       3       java.lang.ClassLoader::defineClassSourceLocation (28 bytes)
Event: 161.494 Thread 0x000002a51b6f6970 nmethod 858 0x000002a509464b08 code [0x000002a509464c00, 0x000002a5094651c8]
Event: 161.549 Thread 0x000002a51b6f6970  860       3       jdk.internal.loader.Resource::getByteBuffer (24 bytes)
Event: 163.506 Thread 0x000002a51b6f6970 nmethod 860 0x000002a509465208 code [0x000002a509465300, 0x000002a509465a10]

GC Heap Usage History (0 events):
No events

Metaspace Usage History (0 events):
No events

Dll operation events (7 events):
Event: 4.174 Loaded shared library C:\Program Files\Apache NetBeans\jdk\bin\java.dll
Event: 12.732 Loaded shared library C:\Program Files\Apache NetBeans\jdk\bin\net.dll
Event: 12.736 Loaded shared library C:\Program Files\Apache NetBeans\jdk\bin\nio.dll
Event: 22.830 Loaded shared library C:\Program Files\Apache NetBeans\jdk\bin\zip.dll
Event: 63.753 Loaded shared library C:\Program Files\Apache NetBeans\java\maven\lib\jansi-native\Windows\x86_64\jansi.dll
Event: 67.486 Loaded shared library C:\Program Files\Apache NetBeans\jdk\bin\verify.dll
Event: 79.222 Loaded shared library C:\Program Files\Apache NetBeans\jdk\bin\jimage.dll

Deoptimization events (20 events):
Event: 130.085 Thread 0x000002a57e4ed9a0 DEOPT PACKING pc=0x000002a510dee974 sp=0x000000a66edfe080
Event: 130.085 Thread 0x000002a57e4ed9a0 DEOPT UNPACKING pc=0x000002a5108e857c sp=0x000000a66edfdfb0 mode 2
Event: 144.844 Thread 0x000002a57e4ed9a0 Uncommon trap: trap_request=0xffffff45 fr.pc=0x000002a510e14be4 relative=0x0000000000000364
Event: 144.844 Thread 0x000002a57e4ed9a0 Uncommon trap: reason=unstable_if action=reinterpret pc=0x000002a510e14be4 method=sun.util.locale.BaseLocale.hashCode()I @ 159 c2
Event: 144.844 Thread 0x000002a57e4ed9a0 DEOPT PACKING pc=0x000002a510e14be4 sp=0x000000a66edfdb70
Event: 144.844 Thread 0x000002a57e4ed9a0 DEOPT UNPACKING pc=0x000002a5108e857c sp=0x000000a66edfdb00 mode 2
Event: 147.120 Thread 0x000002a57e4ed9a0 Uncommon trap: trap_request=0xffffff45 fr.pc=0x000002a510def6a8 relative=0x00000000000001a8
Event: 147.120 Thread 0x000002a57e4ed9a0 Uncommon trap: reason=unstable_if action=reinterpret pc=0x000002a510def6a8 method=java.lang.AbstractStringBuilder.needsNewBuffer([BBIB)Z @ 8 c2
Event: 147.120 Thread 0x000002a57e4ed9a0 DEOPT PACKING pc=0x000002a510def6a8 sp=0x000000a66edfe640
Event: 147.120 Thread 0x000002a57e4ed9a0 DEOPT UNPACKING pc=0x000002a5108e857c sp=0x000000a66edfe4e8 mode 2
Event: 147.121 Thread 0x000002a57e4ed9a0 Uncommon trap: trap_request=0xffffff45 fr.pc=0x000002a510ded354 relative=0x00000000000001d4
Event: 147.121 Thread 0x000002a57e4ed9a0 Uncommon trap: reason=unstable_if action=reinterpret pc=0x000002a510ded354 method=java.lang.AbstractStringBuilder.isLatin1(B)Z @ 7 c2
Event: 147.121 Thread 0x000002a57e4ed9a0 DEOPT PACKING pc=0x000002a510ded354 sp=0x000000a66edfe650
Event: 147.121 Thread 0x000002a57e4ed9a0 DEOPT UNPACKING pc=0x000002a5108e857c sp=0x000000a66edfe590 mode 2
Event: 147.749 Thread 0x000002a57e4ed9a0 Uncommon trap: trap_request=0xffffff45 fr.pc=0x000002a510debbe4 relative=0x0000000000000064
Event: 147.749 Thread 0x000002a57e4ed9a0 Uncommon trap: reason=unstable_if action=reinterpret pc=0x000002a510debbe4 method=java.lang.AbstractStringBuilder.needsNewBuffer([BBIB)Z @ 8 c2
Event: 147.749 Thread 0x000002a57e4ed9a0 DEOPT PACKING pc=0x000002a510debbe4 sp=0x000000a66edfe560
Event: 147.749 Thread 0x000002a57e4ed9a0 DEOPT UNPACKING pc=0x000002a5108e857c sp=0x000000a66edfe4e8 mode 2
Event: 156.449 Thread 0x000002a57e4ed9a0 DEOPT PACKING pc=0x000002a5093523d8 sp=0x000000a66edfd860
Event: 156.449 Thread 0x000002a57e4ed9a0 DEOPT UNPACKING pc=0x000002a5108b1063 sp=0x000000a66edfccf0 mode 0

Classes loaded (20 events):
Event: 125.362 Loading class java/util/concurrent/locks/ReentrantReadWriteLock$Sync$ThreadLocalHoldCounter
Event: 125.362 Loading class java/util/concurrent/locks/ReentrantReadWriteLock$Sync$ThreadLocalHoldCounter done
Event: 125.362 Loading class java/util/concurrent/locks/ReentrantReadWriteLock$ReadLock
Event: 125.914 Loading class java/util/concurrent/locks/ReentrantReadWriteLock$ReadLock done
Event: 125.914 Loading class java/util/concurrent/locks/ReentrantReadWriteLock$WriteLock
Event: 125.914 Loading class java/util/concurrent/locks/ReentrantReadWriteLock$WriteLock done
Event: 126.560 Loading class java/text/ParseException
Event: 126.560 Loading class java/text/ParseException done
Event: 130.189 Loading class sun/util/calendar/ZoneInfoFile$Checksum
Event: 130.190 Loading class sun/util/calendar/ZoneInfoFile$Checksum done
Event: 130.506 Loading class jdk/internal/module/ModulePatcher$PatchedModuleReader
Event: 130.507 Loading class jdk/internal/module/ModulePatcher$PatchedModuleReader done
Event: 130.735 Loading class sun/net/www/protocol/jrt/Handler
Event: 130.735 Loading class sun/net/www/protocol/jrt/Handler done
Event: 146.787 Loading class sun/text/resources/cldr/FormatData_en
Event: 146.948 Loading class sun/text/resources/cldr/FormatData_en done
Event: 146.948 Loading class sun/text/resources/cldr/FormatData_en_US
Event: 146.948 Loading class sun/text/resources/cldr/FormatData_en_US done
Event: 161.490 Loading class java/io/FilterReader
Event: 161.491 Loading class java/io/FilterReader done

Classes unloaded (0 events):
No events

Classes redefined (0 events):
No events

Internal exceptions (20 events):
Event: 64.162 Thread 0x000002a57e4ed9a0 Exception <a 'java/lang/NullPointerException'{0x00000000c6543a50}> (0x00000000c6543a50) 
thrown [s\src\hotspot\share\interpreter\linkResolver.cpp, line 1416]
Event: 64.162 Thread 0x000002a57e4ed9a0 Exception <a 'java/lang/NullPointerException'{0x00000000c6543d30}> (0x00000000c6543d30) 
thrown [s\src\hotspot\share\interpreter\linkResolver.cpp, line 1416]
Event: 64.162 Thread 0x000002a57e4ed9a0 Exception <a 'java/lang/NullPointerException'{0x00000000c6544010}> (0x00000000c6544010) 
thrown [s\src\hotspot\share\interpreter\linkResolver.cpp, line 1416]
Event: 64.499 Thread 0x000002a57e4ed9a0 Exception <a 'java/lang/NullPointerException'{0x00000000c6548e08}> (0x00000000c6548e08) 
thrown [s\src\hotspot\share\interpreter\linkResolver.cpp, line 1416]
Event: 64.648 Thread 0x000002a57e4ed9a0 Exception <a 'java/lang/NullPointerException'{0x00000000c655a738}> (0x00000000c655a738) 
thrown [s\src\hotspot\share\interpreter\linkResolver.cpp, line 1416]
Event: 64.648 Thread 0x000002a57e4ed9a0 Exception <a 'java/lang/NullPointerException'{0x00000000c655aa18}> (0x00000000c655aa18) 
thrown [s\src\hotspot\share\interpreter\linkResolver.cpp, line 1416]
Event: 64.648 Thread 0x000002a57e4ed9a0 Exception <a 'java/lang/NullPointerException'{0x00000000c655acf8}> (0x00000000c655acf8) 
thrown [s\src\hotspot\share\interpreter\linkResolver.cpp, line 1416]
Event: 64.648 Thread 0x000002a57e4ed9a0 Exception <a 'java/lang/NullPointerException'{0x00000000c655afd8}> (0x00000000c655afd8) 
thrown [s\src\hotspot\share\interpreter\linkResolver.cpp, line 1416]
Event: 67.276 Thread 0x000002a57e4ed9a0 Exception <a 'sun/nio/fs/WindowsException'{0x00000000c657c570}> (0x00000000c657c570) 
thrown [s\src\hotspot\share\prims\jni.cpp, line 516]
Event: 67.277 Thread 0x000002a57e4ed9a0 Exception <a 'sun/nio/fs/WindowsException'{0x00000000c657cba0}> (0x00000000c657cba0) 
thrown [s\src\hotspot\share\prims\jni.cpp, line 516]
Event: 67.317 Thread 0x000002a57e4ed9a0 Exception <a 'sun/nio/fs/WindowsException'{0x00000000c657d100}> (0x00000000c657d100) 
thrown [s\src\hotspot\share\prims\jni.cpp, line 516]
Event: 67.318 Thread 0x000002a57e4ed9a0 Exception <a 'sun/nio/fs/WindowsException'{0x00000000c657d640}> (0x00000000c657d640) 
thrown [s\src\hotspot\share\prims\jni.cpp, line 516]
Event: 67.318 Thread 0x000002a57e4ed9a0 Exception <a 'sun/nio/fs/WindowsException'{0x00000000c657db30}> (0x00000000c657db30) 
thrown [s\src\hotspot\share\prims\jni.cpp, line 516]
Event: 67.356 Thread 0x000002a57e4ed9a0 Exception <a 'sun/nio/fs/WindowsException'{0x00000000c657dfd8}> (0x00000000c657dfd8) 
thrown [s\src\hotspot\share\prims\jni.cpp, line 516]
Event: 68.661 Thread 0x000002a57e4ed9a0 Exception <a 'java/lang/NoSuchMethodError'{0x00000000c65b7610}: 'void java.lang.invoke.DirectMethodHandle$Holder.invokeVirtual(java.lang.Object, java.lang.Object)'> (0x00000000c65b7610) 
thrown [s\src\hotspot\share\interpreter\linkResolver.cpp, line 804]
Event: 69.463 Thread 0x000002a57e4ed9a0 Exception <a 'java/lang/NoSuchMethodError'{0x00000000c65d8908}: 'void java.lang.invoke.DirectMethodHandle$Holder.invokeStatic(java.lang.Object, java.lang.Object)'> (0x00000000c65d8908) 
thrown [s\src\hotspot\share\interpreter\linkResolver.cpp, line 804]
Event: 71.520 Thread 0x000002a57e4ed9a0 Exception <a 'java/lang/NoSuchMethodError'{0x00000000c65e09e0}: 'void java.lang.invoke.DirectMethodHandle$Holder.invokeStaticInit(java.lang.Object, java.lang.Object)'> (0x00000000c65e09e0) 
thrown [s\src\hotspot\share\interpreter\linkResolver.cpp, line 804]
Event: 75.099 Thread 0x000002a57e4ed9a0 Exception <a 'java/lang/NoSuchMethodError'{0x00000000c641bee0}: 'void java.lang.invoke.DirectMethodHandle$Holder.invokeSpecial(java.lang.Object, java.lang.Object, java.lang.Object, java.lang.Object, java.lang.Object)'> (0x00000000c641bee0) 
thrown [s\src\hotspot\share\interpreter\linkResolver.cpp, line 804]
Event: 79.142 Thread 0x000002a57e4ed9a0 Exception <a 'java/lang/NoSuchMethodError'{0x00000000c6457b58}: 'void java.lang.invoke.DirectMethodHandle$Holder.invokeStatic(java.lang.Object, java.lang.Object, java.lang.Object)'> (0x00000000c6457b58) 
thrown [s\src\hotspot\share\interpreter\linkResolver.cpp, line 804]
Event: 116.482 Thread 0x000002a57e4ed9a0 Exception <a 'java/lang/NoSuchMethodError'{0x00000000c621dea0}: 'java.lang.Object java.lang.invoke.DirectMethodHandle$Holder.invokeSpecialIFC(java.lang.Object, java.lang.Object, java.lang.Object, java.lang.Object)'> (0x00000000c621dea0) 
thrown [s\src\hotspot\share\interpreter\linkResolver.cpp, line 804]

VM Operations (10 events):
Event: 22.832 Executing non-safepoint VM operation: HandshakeAllThreads (Deoptimize)
Event: 22.832 Executing non-safepoint VM operation: HandshakeAllThreads (Deoptimize) done
Event: 62.092 Executing non-safepoint VM operation: HandshakeAllThreads (Deoptimize)
Event: 62.092 Executing non-safepoint VM operation: HandshakeAllThreads (Deoptimize) done
Event: 79.242 Executing non-safepoint VM operation: HandshakeAllThreads (Deoptimize)
Event: 83.919 Executing non-safepoint VM operation: HandshakeAllThreads (Deoptimize) done
Event: 124.570 Executing non-safepoint VM operation: HandshakeAllThreads (HandshakeForDeflation)
Event: 124.586 Executing non-safepoint VM operation: HandshakeAllThreads (HandshakeForDeflation) done
Event: 124.586 Executing non-safepoint VM operation: RendezvousGCThreads
Event: 124.586 Executing non-safepoint VM operation: RendezvousGCThreads done

Memory protections (0 events):
No events

Nmethod flushes (0 events):
No events

Events (12 events):
Event: 10.771 Thread 0x000002a57e4ed9a0 Thread added: 0x000002a57e4ed9a0
Event: 11.099 Thread 0x000002a57e4ed9a0 Thread added: 0x000002a51b672a60
Event: 11.099 Thread 0x000002a57e4ed9a0 Thread added: 0x000002a51b6738c0
Event: 11.100 Thread 0x000002a57e4ed9a0 Thread added: 0x000002a51b67a540
Event: 11.100 Thread 0x000002a57e4ed9a0 Thread added: 0x000002a51b67c5b0
Event: 11.100 Thread 0x000002a57e4ed9a0 Thread added: 0x000002a51b67d170
Event: 11.100 Thread 0x000002a57e4ed9a0 Thread added: 0x000002a51b67dd30
Event: 11.100 Thread 0x000002a57e4ed9a0 Thread added: 0x000002a51b67ec20
Event: 11.361 Thread 0x000002a57e4ed9a0 Thread added: 0x000002a51b6f6970
Event: 12.723 Thread 0x000002a57e4ed9a0 Thread added: 0x000002a51b74a340
Event: 12.727 Thread 0x000002a57e4ed9a0 Thread added: 0x000002a51b750b20
Event: 63.714 Thread 0x000002a57e4ed9a0 Thread added: 0x000002a51b9674f0


Dynamic libraries:
0x00007ff62b400000 - 0x00007ff62b40e000 	C:\Program Files\Apache NetBeans\jdk\bin\java.exe
0x00007ffea0ee0000 - 0x00007ffea1147000 	C:\WINDOWS\SYSTEM32\ntdll.dll
0x00007ffe9fee0000 - 0x00007ffe9ffa9000 	C:\WINDOWS\System32\KERNEL32.DLL
0x00007ffe9dbe0000 - 0x00007ffe9dfd4000 	C:\WINDOWS\System32\KERNELBASE.dll
0x00007ffe9e110000 - 0x00007ffe9e25b000 	C:\WINDOWS\System32\ucrtbase.dll
0x00007ffe8a0d0000 - 0x00007ffe8a0e6000 	C:\Program Files\Apache NetBeans\jdk\bin\jli.dll
0x00007ffe9ed70000 - 0x00007ffe9ef35000 	C:\WINDOWS\System32\USER32.dll
0x00007ffe9eb90000 - 0x00007ffe9ebb7000 	C:\WINDOWS\System32\win32u.dll
0x00007ffea09d0000 - 0x00007ffea09fb000 	C:\WINDOWS\System32\GDI32.dll
0x00007ffe9dfe0000 - 0x00007ffe9e10a000 	C:\WINDOWS\System32\gdi32full.dll
0x00007ffe9ebc0000 - 0x00007ffe9ec63000 	C:\WINDOWS\System32\msvcp_win.dll
0x00007ffe8b780000 - 0x00007ffe8b79e000 	C:\Program Files\Apache NetBeans\jdk\bin\VCRUNTIME140.dll
0x00007ffe8ba70000 - 0x00007ffe8bd03000 	C:\WINDOWS\WinSxS\amd64_microsoft.windows.common-controls_6595b64144ccf1df_6.0.26100.8115_none_3e075c82e3354f9c\COMCTL32.dll
0x00007ffea0400000 - 0x00007ffea04a9000 	C:\WINDOWS\System32\msvcrt.dll
0x00007ffe9fd40000 - 0x00007ffe9fd72000 	C:\WINDOWS\System32\IMM32.DLL
0x00007ffe92200000 - 0x00007ffe9220c000 	C:\Program Files\Apache NetBeans\jdk\bin\vcruntime140_1.dll
0x00007ffe76b40000 - 0x00007ffe76bcd000 	C:\Program Files\Apache NetBeans\jdk\bin\msvcp140.dll
0x00007ffe28420000 - 0x00007ffe29346000 	C:\Program Files\Apache NetBeans\jdk\bin\server\jvm.dll
0x00007ffea0660000 - 0x00007ffea0716000 	C:\WINDOWS\System32\ADVAPI32.dll
0x00007ffea04b0000 - 0x00007ffea0557000 	C:\WINDOWS\System32\sechost.dll
0x00007ffe9f250000 - 0x00007ffe9f368000 	C:\WINDOWS\System32\RPCRT4.dll
0x00007ffea0940000 - 0x00007ffea09c0000 	C:\WINDOWS\System32\WS2_32.dll
0x00007ffe9d610000 - 0x00007ffe9d66e000 	C:\WINDOWS\SYSTEM32\POWRPROF.dll
0x00007ffe7a540000 - 0x00007ffe7a576000 	C:\WINDOWS\SYSTEM32\WINMM.dll
0x00007ffe8c650000 - 0x00007ffe8c65b000 	C:\WINDOWS\SYSTEM32\VERSION.dll
0x00007ffe9d5f0000 - 0x00007ffe9d604000 	C:\WINDOWS\SYSTEM32\UMPDC.dll
0x00007ffe9c540000 - 0x00007ffe9c55b000 	C:\WINDOWS\SYSTEM32\kernel.appcore.dll
0x00007ffe904d0000 - 0x00007ffe904da000 	C:\Program Files\Apache NetBeans\jdk\bin\jimage.dll
0x00007ffe9b6f0000 - 0x00007ffe9b932000 	C:\WINDOWS\SYSTEM32\DBGHELP.DLL
0x00007ffe9ffb0000 - 0x00007ffea0332000 	C:\WINDOWS\System32\combase.dll
0x00007ffe9f400000 - 0x00007ffe9f4d7000 	C:\WINDOWS\System32\OLEAUT32.dll
0x00007ffe8c3b0000 - 0x00007ffe8c3eb000 	C:\WINDOWS\SYSTEM32\dbgcore.DLL
0x00007ffe9d9c0000 - 0x00007ffe9da65000 	C:\WINDOWS\System32\bcryptPrimitives.dll
0x00007ffe8a200000 - 0x00007ffe8a21e000 	C:\Program Files\Apache NetBeans\jdk\bin\java.dll
0x00007ffea0790000 - 0x00007ffea0927000 	C:\WINDOWS\System32\ole32.dll
0x00007ffe9f570000 - 0x00007ffe9fcd6000 	C:\WINDOWS\System32\SHELL32.dll
0x00007ffe9da70000 - 0x00007ffe9dbda000 	C:\WINDOWS\System32\wintypes.dll
0x00007ffe9e260000 - 0x00007ffe9eac5000 	C:\WINDOWS\System32\windows.storage.dll
0x00007ffe9ef40000 - 0x00007ffe9f037000 	C:\WINDOWS\System32\SHCORE.dll
0x00007ffea0720000 - 0x00007ffea0786000 	C:\WINDOWS\System32\shlwapi.dll
0x00007ffe9d6d0000 - 0x00007ffe9d6f9000 	C:\WINDOWS\SYSTEM32\profapi.dll
0x00007ffe89600000 - 0x00007ffe89611000 	C:\Program Files\Apache NetBeans\jdk\bin\net.dll
0x00007ffe9cab0000 - 0x00007ffe9cb1c000 	C:\WINDOWS\system32\mswsock.dll
0x00007ffe895e0000 - 0x00007ffe895f6000 	C:\Program Files\Apache NetBeans\jdk\bin\nio.dll
0x00007ffe8a0b0000 - 0x00007ffe8a0c7000 	C:\Program Files\Apache NetBeans\jdk\bin\zip.dll
0x00007ffe77c10000 - 0x00007ffe77c34000 	C:\Program Files\Apache NetBeans\java\maven\lib\jansi-native\Windows\x86_64\jansi.dll
0x00007ffe895d0000 - 0x00007ffe895e0000 	C:\Program Files\Apache NetBeans\jdk\bin\verify.dll

JVMTI agents: none

dbghelp: loaded successfully - version: 4.0.5 - missing functions: none
symbol engine: initialized successfully - sym options: 0x614 - pdb path: .;C:\Program Files\Apache NetBeans\jdk\bin;C:\WINDOWS\SYSTEM32;C:\WINDOWS\WinSxS\amd64_microsoft.windows.common-controls_6595b64144ccf1df_6.0.26100.8115_none_3e075c82e3354f9c;C:\Program Files\Apache NetBeans\jdk\bin\server;C:\Program Files\Apache NetBeans\java\maven\lib\jansi-native\Windows\x86_64

VM Arguments:
jvm_args: --enable-native-access=ALL-UNNAMED -Dclassworlds.conf=C:\Program Files\Apache NetBeans\java\maven\bin\m2.conf -Dmaven.home=C:\Program Files\Apache NetBeans\java\maven -Dlibrary.jansi.path=C:\Program Files\Apache NetBeans\java\maven\lib\jansi-native -Dmaven.multiModuleProjectDirectory=C:\Users\ASUS\Documents\NetBeansProjects\Lubiproject1 
java_command: org.codehaus.plexus.classworlds.launcher.Launcher -Dmaven.ext.class.path=C:\Program Files\Apache NetBeans\java\maven-nblib\netbeans-eventspy.jar --no-transfer-progress install
java_class_path (initial): C:\Program Files\Apache NetBeans\java\maven\boot\plexus-classworlds-2.9.0.jar
Launcher Type: SUN_STANDARD

[Global flags]
     intx CICompilerCount                          = 2                                         {product} {ergonomic}
     uint ConcGCThreads                            = 1                                         {product} {ergonomic}
     uint G1ConcRefinementThreads                  = 2                                         {product} {ergonomic}
   size_t G1HeapRegionSize                         = 1048576                                   {product} {ergonomic}
   size_t InitialHeapSize                          = 65011712                                  {product} {ergonomic}
   size_t MarkStackSize                            = 4194304                                   {product} {ergonomic}
   size_t MarkStackSizeMax                         = 536870912                                 {product} {ergonomic}
   size_t MaxHeapSize                              = 1027604480                                {product} {ergonomic}
   size_t MaxNewSize                               = 616562688                                 {product} {ergonomic}
   size_t MinHeapDeltaBytes                        = 1048576                                   {product} {ergonomic}
   size_t MinHeapSize                              = 8388608                                   {product} {ergonomic}
    uintx NonNMethodCodeHeapSize                   = 5767168                                {pd product} {ergonomic}
    uintx NonProfiledCodeHeapSize                  = 123011072                              {pd product} {ergonomic}
    uintx ProfiledCodeHeapSize                     = 122880000                              {pd product} {ergonomic}
    uintx ReservedCodeCacheSize                    = 251658240                              {pd product} {ergonomic}
     bool SegmentedCodeCache                       = true                                      {product} {ergonomic}
   size_t SoftMaxHeapSize                          = 1027604480                             {manageable} {ergonomic}
     bool UseCompressedOops                        = true                           {product lp64_product} {ergonomic}
     bool UseG1GC                                  = true                                      {product} {ergonomic}
     bool UseLargePagesIndividualAllocation        = false                                  {pd product} {ergonomic}

Logging:
Log output configuration:
 #0: stdout all=warning uptime,level,tags foldmultilines=false
 #1: stderr all=off uptime,level,tags foldmultilines=false

Release file:
IMPLEMENTOR="Eclipse Adoptium" 
IMPLEMENTOR_VERSION="Temurin-25.0.2+10" 
JAVA_RUNTIME_VERSION="25.0.2+10-LTS" 
JAVA_VERSION="25.0.2" 
JAVA_VERSION_DATE="2026-01-20" 
LIBC="default" 
MODULES="java.base java.compiler java.datatransfer java.xml java.prefs java.desktop java.instrument java.logging java.management java.security.sasl java.naming java.rmi java.management.rmi java.net.http java.scripting java.security.jgss java.transaction.xa java.sql java.sql.rowset java.xml.crypto java.se java.smartcardio jdk.accessibility jdk.internal.jvmstat jdk.attach jdk.charsets jdk.internal.opt jdk.zipfs jdk.compiler jdk.crypto.cryptoki jdk.crypto.ec jdk.crypto.mscapi jdk.dynalink jdk.internal.ed jdk.editpad jdk.internal.vm.ci jdk.graal.compiler jdk.graal.compiler.management jdk.hotspot.agent jdk.httpserver jdk.incubator.vector jdk.internal.le jdk.internal.md jdk.jartool jdk.javadoc jdk.jcmd jdk.management jdk.management.agent jdk.jconsole jdk.jdeps jdk.jdwp.agent jdk.jdi jdk.jfr jdk.jlink jdk.jpackage jdk.jshell jdk.jsobject jdk.jstatd jdk.localedata jdk.management.jfr jdk.naming.dns jdk.naming.rmi jdk.net jdk.nio.mapmode jdk.sctp jdk.security.auth jdk.security.jgss jdk.unsupported jdk.unsupported.desktop jdk.xml.dom" 
OS_ARCH="x86_64" 
OS_NAME="Windows" 
SOURCE=".:git:9e3c947043a4" 
BUILD_SOURCE="git:458965074606f027bd5afce2cfd5c1055dea0438"
BUILD_SOURCE_REPO="https://github.com/adoptium/temurin-build.git"
SOURCE_REPO="https://github.com/adoptium/jdk25u.git"
FULL_VERSION="25.0.2+10-LTS"
SEMANTIC_VERSION="25.0.2+10"
BUILD_INFO="OS: Windows Server 2022 Version: 10.0"
JVM_VARIANT="Hotspot"
JVM_VERSION="25.0.2+10-LTS"
IMAGE_TYPE="JDK"

Environment Variables:
JAVA_HOME=C:\Program Files\Apache NetBeans\jdk
PATH=C:\WINDOWS\system32;C:\WINDOWS;C:\WINDOWS\System32\Wbem;C:\WINDOWS\System32\WindowsPowerShell\v1.0\;C:\WINDOWS\System32\OpenSSH\;C:\Program Files\Git\cmd;C:\Users\ASUS\AppData\Local\Microsoft\WindowsApps;;C:\Program Files\Apache NetBeans\bin\
USERNAME=ASUS
OS=Windows_NT
PROCESSOR_IDENTIFIER=Intel64 Family 6 Model 122 Stepping 1, GenuineIntel
TMP=C:\Users\ASUS\AppData\Local\Temp
TEMP=C:\Users\ASUS\AppData\Local\Temp




Compilation memory statistics disabled.

Periodic native trim disabled

---------------  S Y S T E M  ---------------

OS:
 Windows 11 , 64 bit Build 26100 (10.0.26100.8115)
OS uptime: 0 days 1:00 hours

CPU: total 2 (initial active 2) (2 cores per cpu, 1 threads per core) family 6 model 122 stepping 1 microcode 0x34, cx8, cmov, fxsr, mmx, 3dnowpref, sse, sse2, sse3, ssse3, sse4.1, sse4.2, popcnt, tsc, tscinvbit, aes, erms, clmul, sha, clflush, clflushopt, rdtscp, rdpid
Processor Information for the first 2 processors :
  Max Mhz: 1101, Current Mhz: 1101, Mhz Limit: 1101

Memory: 4k page, system-wide physical 3919M (243M free)
TotalPageFile size 15695M (AvailPageFile size 104M)
current process WorkingSet (physical memory assigned to process): 23M, peak: 36M
current process commit charge ("private bytes"): 139M, peak: 145M

vm_info: OpenJDK 64-Bit Server VM (25.0.2+10-LTS) for windows-amd64 JRE (25.0.2+10-LTS), built on 2026-01-20T00:00:00Z with MS VC++ 17.12 (VS2022)

END.
