#
# There is insufficient memory for the Java Runtime Environment to continue.
# Native memory allocation (malloc) failed to allocate 1698136 bytes. Error detail: Chunk::new
# Possible reasons:
#   The system is out of physical RAM or swap space
#   This process is running with CompressedOops enabled, and the Java Heap may be blocking the growth of the native heap
# Possible solutions:
#   Reduce memory load on the system
#   Increase physical memory or swap space
#   Check if swap backing store is full
#   Decrease Java heap size (-Xmx/-Xms)
#   Decrease number of Java threads
#   Decrease Java thread stack sizes (-Xss)
#   Set larger code cache with -XX:ReservedCodeCacheSize=
#   JVM is running with Unscaled Compressed Oops mode in which the Java heap is
#     placed in the first 4GB address space. The Java Heap base address is the
#     maximum limit for the native heap growth. Please use -XX:HeapBaseMinAddress
#     to set the Java Heap base and to place the Java Heap above 4GB virtual address.
# This output file may be truncated or incomplete.
#
#  Out of Memory Error (arena.cpp:186), pid=9924, tid=26176
#
# JRE version: OpenJDK Runtime Environment Temurin-25.0.2+10 (25.0.2+10) (build 25.0.2+10-LTS)
# Java VM: OpenJDK 64-Bit Server VM Temurin-25.0.2+10 (25.0.2+10-LTS, mixed mode, tiered, compressed oops, compressed class ptrs, g1 gc, windows-amd64)
# No core dump will be written. Minidumps are not enabled by default on client versions of Windows
#

---------------  S U M M A R Y ------------

Command Line: --enable-native-access=ALL-UNNAMED -Dclassworlds.conf=C:\Program Files\Apache NetBeans\java\maven\bin\m2.conf -Dmaven.home=C:\Program Files\Apache NetBeans\java\maven -Dlibrary.jansi.path=C:\Program Files\Apache NetBeans\java\maven\lib\jansi-native -Dmaven.multiModuleProjectDirectory=C:\Users\ASUS\Documents\NetBeansProjects\Lubiproject1 org.codehaus.plexus.classworlds.launcher.Launcher -Dmaven.ext.class.path=C:\Program Files\Apache NetBeans\java\maven-nblib\netbeans-eventspy.jar --no-transfer-progress install

Host: Intel(R) Celeron(R) N4000 CPU @ 1.10GHz, 2 cores, 3G,  Windows 11 , 64 bit Build 26100 (10.0.26100.8115)
Time: Fri Apr  3 20:38:52 2026 SE Asia Standard Time elapsed time: 1110.878469 seconds (0d 0h 18m 30s)

---------------  T H R E A D  ---------------

Current thread (0x000001e6c3816680):  JavaThread "C2 CompilerThread0" daemon [_thread_in_native, id=26176, stack(0x000000300f000000,0x000000300f100000) (1024K)]


Current CompileTask:
C2:1110878 2602       4       java.util.TimSort::binarySort (223 bytes)

Stack: [0x000000300f000000,0x000000300f100000]
Native frames: (J=compiled Java code, j=interpreted, Vv=VM code, C=native code)
V  [jvm.dll+0x7a8bc9]  (no source info available)
V  [jvm.dll+0x77310d]  (no source info available)
V  [jvm.dll+0x9f55f3]  (no source info available)
V  [jvm.dll+0x9f7be1]  (no source info available)
V  [jvm.dll+0x9f82f3]  (no source info available)
V  [jvm.dll+0x2fce26]  (no source info available)
V  [jvm.dll+0x111076]  (no source info available)
V  [jvm.dll+0x11139e]  (no source info available)
V  [jvm.dll+0x19fff2]  (no source info available)
V  [jvm.dll+0x3b5f62]  (no source info available)
V  [jvm.dll+0x7ae53c]  (no source info available)
V  [jvm.dll+0x2c0407]  (no source info available)
V  [jvm.dll+0x2bf3cf]  (no source info available)
V  [jvm.dll+0x237140]  (no source info available)
V  [jvm.dll+0x2cf4c6]  (no source info available)
V  [jvm.dll+0x2cd74a]  (no source info available)
V  [jvm.dll+0x48fbee]  (no source info available)
V  [jvm.dll+0x996b0d]  (no source info available)
V  [jvm.dll+0x7a71a5]  (no source info available)
C  [ucrtbase.dll+0x37b0]  (no source info available)
C  [KERNEL32.DLL+0x2e8d7]  (no source info available)
C  [ntdll.dll+0x8c3fc]  (no source info available)

Lock stack of current Java thread (top to bottom):


---------------  P R O C E S S  ---------------

Threads class SMR info:
_java_thread_list=0x000001e6c3c58ad0, length=11, elements={
0x000001e6a67bd630, 0x000001e6c380c180, 0x000001e6c380f840, 0x000001e6c381b510,
0x000001e6c3812000, 0x000001e6c3812bc0, 0x000001e6c3813780, 0x000001e6c3816680,
0x000001e6c388b830, 0x000001e6c393dac0, 0x000001e6c3a3f480
}

Java Threads: ( => current thread )
  0x000001e6a67bd630 JavaThread "main"                              [_thread_in_Java, id=108, stack(0x000000300e100000,0x000000300e200000) (1024K)]
  0x000001e6c380c180 JavaThread "Reference Handler"          daemon [_thread_blocked, id=3472, stack(0x000000300ea00000,0x000000300eb00000) (1024K)]
  0x000001e6c380f840 JavaThread "Finalizer"                  daemon [_thread_blocked, id=24616, stack(0x000000300eb00000,0x000000300ec00000) (1024K)]
  0x000001e6c381b510 JavaThread "Signal Dispatcher"          daemon [_thread_blocked, id=16180, stack(0x000000300ec00000,0x000000300ed00000) (1024K)]
  0x000001e6c3812000 JavaThread "Attach Listener"            daemon [_thread_blocked, id=24808, stack(0x000000300ed00000,0x000000300ee00000) (1024K)]
  0x000001e6c3812bc0 JavaThread "Service Thread"             daemon [_thread_blocked, id=19600, stack(0x000000300ee00000,0x000000300ef00000) (1024K)]
  0x000001e6c3813780 JavaThread "Monitor Deflation Thread"   daemon [_thread_blocked, id=13224, stack(0x000000300ef00000,0x000000300f000000) (1024K)]
=>0x000001e6c3816680 JavaThread "C2 CompilerThread0"         daemon [_thread_in_native, id=26176, stack(0x000000300f000000,0x000000300f100000) (1024K)]
  0x000001e6c388b830 JavaThread "C1 CompilerThread0"         daemon [_thread_blocked, id=27288, stack(0x000000300f100000,0x000000300f200000) (1024K)]
  0x000001e6c393dac0 JavaThread "Notification Thread"        daemon [_thread_blocked, id=23508, stack(0x000000300f200000,0x000000300f300000) (1024K)]
  0x000001e6c3a3f480 JavaThread "Common-Cleaner"             daemon [_thread_blocked, id=5924, stack(0x000000300f300000,0x000000300f400000) (1024K)]
Total: 11

Other Threads:
  0x000001e6c37b53d0 VMThread "VM Thread"                           [id=9452, stack(0x000000300e900000,0x000000300ea00000) (1024K)]
  0x000001e6c379b9f0 WatcherThread "VM Periodic Task Thread"        [id=17932, stack(0x000000300e800000,0x000000300e900000) (1024K)]
  0x000001e6a8ae55a0 WorkerThread "GC Thread#0"                     [id=14472, stack(0x000000300e300000,0x000000300e400000) (1024K)]
  0x000001e6c3c7a390 WorkerThread "GC Thread#1"                     [id=25644, stack(0x000000300e000000,0x000000300e100000) (1024K)]
  0x000001e6a8af1e30 ConcurrentGCThread "G1 Main Marker"            [id=28256, stack(0x000000300e400000,0x000000300e500000) (1024K)]
  0x000001e6a8af4060 WorkerThread "G1 Conc#0"                       [id=28248, stack(0x000000300e500000,0x000000300e600000) (1024K)]
  0x000001e6a8b0d180 ConcurrentGCThread "G1 Refine#0"               [id=28408, stack(0x000000300e600000,0x000000300e700000) (1024K)]
  0x000001e6a8b10390 ConcurrentGCThread "G1 Service"                [id=28412, stack(0x000000300e700000,0x000000300e800000) (1024K)]
Total: 8

Threads with active compile tasks:
C2 CompilerThread0  1111198 2602       4       java.util.TimSort::binarySort (223 bytes)
Total: 1

VM state: not at safepoint (normal execution)

VM Mutex/Monitor currently owned by a thread: None

Heap address: 0x00000000c2c00000, size: 980 MB, Compressed Oops mode: 32-bit

CDS archive(s) not mapped
Compressed class space mapped at: 0x0000000035000000-0x0000000075000000, reserved size: 1073741824
UseCompressedClassPointers 1, UseCompactObjectHeaders 0
Narrow klass pointer bits 32, Max shift 3
Narrow klass base: 0x0000000000000000, Narrow klass shift: 0
Encoding Range: [0x0000000000000000 - 0x0000000100000000), (4294967296 bytes)
Klass Range:    [0x0000000035000000 - 0x0000000075000000), (1073741824 bytes)
Klass ID Range:  [889192448 - 1962934265) (1073741817)
No protection zone.

GC Precious Log:
 CardTable entry size: 512
 Card Set container configuration: InlinePtr #cards 5 size 8 Array Of Cards #cards 10 size 36 Howl #buckets 4 coarsen threshold 1843 Howl Bitmap #cards 512 size 80 coarsen threshold 460 Card regions per heap region 1 cards per card region 2048
 CPUs: 2 total, 2 available
 Memory: 3919M
 Large Page Support: Disabled
 NUMA Support: Disabled
 Compressed Oops: Enabled (32-bit)
 Heap Region Size: 1M
 Heap Min Capacity: 8M
 Heap Initial Capacity: 62M
 Heap Max Capacity: 980M
 Pre-touch: Disabled
 Parallel Workers: 2
 Concurrent Workers: 1
 Concurrent Refinement Workers: 2
 Periodic GC: Disabled

Heap:
 garbage-first heap   total reserved 1003520K, committed 63488K, used 10686K [0x00000000c2c00000, 0x0000000100000000)
  region size 1024K, 7 young (7168K), 2 survivors (2048K)

Heap Regions: E=young(eden), S=young(survivor), O=old, HS=humongous(starts), HC=humongous(continues), CS=collection set, F=free, TAMS=top-at-mark-start, PB=parsable bottom
|   0|0x00000000c2c00000, 0x00000000c2d00000, 0x00000000c2d00000|100%| O|  |TAMS 0x00000000c2c00000| PB 0x00000000c2c00000| Untracked |  0
|   1|0x00000000c2d00000, 0x00000000c2e00000, 0x00000000c2e00000|100%| O|  |TAMS 0x00000000c2d00000| PB 0x00000000c2d00000| Untracked |  0
|   2|0x00000000c2e00000, 0x00000000c2f00000, 0x00000000c2f00000|100%| O|  |TAMS 0x00000000c2e00000| PB 0x00000000c2e00000| Untracked |  0
|   3|0x00000000c2f00000, 0x00000000c3000000, 0x00000000c3000000|100%| O|  |TAMS 0x00000000c2f00000| PB 0x00000000c2f00000| Untracked |  0
|   4|0x00000000c3000000, 0x00000000c306fb00, 0x00000000c3100000| 43%| O|  |TAMS 0x00000000c3000000| PB 0x00000000c3000000| Untracked |  0
|   5|0x00000000c3100000, 0x00000000c3100000, 0x00000000c3200000|  0%| F|  |TAMS 0x00000000c3100000| PB 0x00000000c3100000| Untracked |  0
|   6|0x00000000c3200000, 0x00000000c3200000, 0x00000000c3300000|  0%| F|  |TAMS 0x00000000c3200000| PB 0x00000000c3200000| Untracked |  0
|   7|0x00000000c3300000, 0x00000000c3300000, 0x00000000c3400000|  0%| F|  |TAMS 0x00000000c3300000| PB 0x00000000c3300000| Untracked |  0
|   8|0x00000000c3400000, 0x00000000c3400000, 0x00000000c3500000|  0%| F|  |TAMS 0x00000000c3400000| PB 0x00000000c3400000| Untracked |  0
|   9|0x00000000c3500000, 0x00000000c3500000, 0x00000000c3600000|  0%| F|  |TAMS 0x00000000c3500000| PB 0x00000000c3500000| Untracked |  0
|  10|0x00000000c3600000, 0x00000000c3600000, 0x00000000c3700000|  0%| F|  |TAMS 0x00000000c3600000| PB 0x00000000c3600000| Untracked |  0
|  11|0x00000000c3700000, 0x00000000c3700000, 0x00000000c3800000|  0%| F|  |TAMS 0x00000000c3700000| PB 0x00000000c3700000| Untracked |  0
|  12|0x00000000c3800000, 0x00000000c3800000, 0x00000000c3900000|  0%| F|  |TAMS 0x00000000c3800000| PB 0x00000000c3800000| Untracked |  0
|  13|0x00000000c3900000, 0x00000000c3900000, 0x00000000c3a00000|  0%| F|  |TAMS 0x00000000c3900000| PB 0x00000000c3900000| Untracked |  0
|  14|0x00000000c3a00000, 0x00000000c3a00000, 0x00000000c3b00000|  0%| F|  |TAMS 0x00000000c3a00000| PB 0x00000000c3a00000| Untracked |  0
|  15|0x00000000c3b00000, 0x00000000c3b00000, 0x00000000c3c00000|  0%| F|  |TAMS 0x00000000c3b00000| PB 0x00000000c3b00000| Untracked |  0
|  16|0x00000000c3c00000, 0x00000000c3c00000, 0x00000000c3d00000|  0%| F|  |TAMS 0x00000000c3c00000| PB 0x00000000c3c00000| Untracked |  0
|  17|0x00000000c3d00000, 0x00000000c3d00000, 0x00000000c3e00000|  0%| F|  |TAMS 0x00000000c3d00000| PB 0x00000000c3d00000| Untracked |  0
|  18|0x00000000c3e00000, 0x00000000c3e00000, 0x00000000c3f00000|  0%| F|  |TAMS 0x00000000c3e00000| PB 0x00000000c3e00000| Untracked |  0
|  19|0x00000000c3f00000, 0x00000000c3f00000, 0x00000000c4000000|  0%| F|  |TAMS 0x00000000c3f00000| PB 0x00000000c3f00000| Untracked |  0
|  20|0x00000000c4000000, 0x00000000c4000000, 0x00000000c4100000|  0%| F|  |TAMS 0x00000000c4000000| PB 0x00000000c4000000| Untracked |  0
|  21|0x00000000c4100000, 0x00000000c4100000, 0x00000000c4200000|  0%| F|  |TAMS 0x00000000c4100000| PB 0x00000000c4100000| Untracked |  0
|  22|0x00000000c4200000, 0x00000000c4200000, 0x00000000c4300000|  0%| F|  |TAMS 0x00000000c4200000| PB 0x00000000c4200000| Untracked |  0
|  23|0x00000000c4300000, 0x00000000c4300000, 0x00000000c4400000|  0%| F|  |TAMS 0x00000000c4300000| PB 0x00000000c4300000| Untracked |  0
|  24|0x00000000c4400000, 0x00000000c4400000, 0x00000000c4500000|  0%| F|  |TAMS 0x00000000c4400000| PB 0x00000000c4400000| Untracked |  0
|  25|0x00000000c4500000, 0x00000000c4500000, 0x00000000c4600000|  0%| F|  |TAMS 0x00000000c4500000| PB 0x00000000c4500000| Untracked |  0
|  26|0x00000000c4600000, 0x00000000c4600000, 0x00000000c4700000|  0%| F|  |TAMS 0x00000000c4600000| PB 0x00000000c4600000| Untracked |  0
|  27|0x00000000c4700000, 0x00000000c4700000, 0x00000000c4800000|  0%| F|  |TAMS 0x00000000c4700000| PB 0x00000000c4700000| Untracked |  0
|  28|0x00000000c4800000, 0x00000000c4800000, 0x00000000c4900000|  0%| F|  |TAMS 0x00000000c4800000| PB 0x00000000c4800000| Untracked |  0
|  29|0x00000000c4900000, 0x00000000c4900000, 0x00000000c4a00000|  0%| F|  |TAMS 0x00000000c4900000| PB 0x00000000c4900000| Untracked |  0
|  30|0x00000000c4a00000, 0x00000000c4a00000, 0x00000000c4b00000|  0%| F|  |TAMS 0x00000000c4a00000| PB 0x00000000c4a00000| Untracked |  0
|  31|0x00000000c4b00000, 0x00000000c4b00000, 0x00000000c4c00000|  0%| F|  |TAMS 0x00000000c4b00000| PB 0x00000000c4b00000| Untracked |  0
|  32|0x00000000c4c00000, 0x00000000c4c00000, 0x00000000c4d00000|  0%| F|  |TAMS 0x00000000c4c00000| PB 0x00000000c4c00000| Untracked |  0
|  33|0x00000000c4d00000, 0x00000000c4d00000, 0x00000000c4e00000|  0%| F|  |TAMS 0x00000000c4d00000| PB 0x00000000c4d00000| Untracked |  0
|  34|0x00000000c4e00000, 0x00000000c4e00000, 0x00000000c4f00000|  0%| F|  |TAMS 0x00000000c4e00000| PB 0x00000000c4e00000| Untracked |  0
|  35|0x00000000c4f00000, 0x00000000c4f00000, 0x00000000c5000000|  0%| F|  |TAMS 0x00000000c4f00000| PB 0x00000000c4f00000| Untracked |  0
|  36|0x00000000c5000000, 0x00000000c5000000, 0x00000000c5100000|  0%| F|  |TAMS 0x00000000c5000000| PB 0x00000000c5000000| Untracked |  0
|  37|0x00000000c5100000, 0x00000000c5100000, 0x00000000c5200000|  0%| F|  |TAMS 0x00000000c5100000| PB 0x00000000c5100000| Untracked |  0
|  38|0x00000000c5200000, 0x00000000c5200000, 0x00000000c5300000|  0%| F|  |TAMS 0x00000000c5200000| PB 0x00000000c5200000| Untracked |  0
|  39|0x00000000c5300000, 0x00000000c5300000, 0x00000000c5400000|  0%| F|  |TAMS 0x00000000c5300000| PB 0x00000000c5300000| Untracked |  0
|  40|0x00000000c5400000, 0x00000000c5400000, 0x00000000c5500000|  0%| F|  |TAMS 0x00000000c5400000| PB 0x00000000c5400000| Untracked |  0
|  41|0x00000000c5500000, 0x00000000c5600000, 0x00000000c5600000|100%| S|CS|TAMS 0x00000000c5500000| PB 0x00000000c5500000| Complete |  0
|  42|0x00000000c5600000, 0x00000000c5700000, 0x00000000c5700000|100%| S|CS|TAMS 0x00000000c5600000| PB 0x00000000c5600000| Complete |  0
|  43|0x00000000c5700000, 0x00000000c5700000, 0x00000000c5800000|  0%| F|  |TAMS 0x00000000c5700000| PB 0x00000000c5700000| Untracked |  0
|  44|0x00000000c5800000, 0x00000000c5800000, 0x00000000c5900000|  0%| F|  |TAMS 0x00000000c5800000| PB 0x00000000c5800000| Untracked |  0
|  45|0x00000000c5900000, 0x00000000c5900000, 0x00000000c5a00000|  0%| F|  |TAMS 0x00000000c5900000| PB 0x00000000c5900000| Untracked |  0
|  46|0x00000000c5a00000, 0x00000000c5a00000, 0x00000000c5b00000|  0%| F|  |TAMS 0x00000000c5a00000| PB 0x00000000c5a00000| Untracked |  0
|  47|0x00000000c5b00000, 0x00000000c5b00000, 0x00000000c5c00000|  0%| F|  |TAMS 0x00000000c5b00000| PB 0x00000000c5b00000| Untracked |  0
|  48|0x00000000c5c00000, 0x00000000c5c00000, 0x00000000c5d00000|  0%| F|  |TAMS 0x00000000c5c00000| PB 0x00000000c5c00000| Untracked |  0
|  49|0x00000000c5d00000, 0x00000000c5d00000, 0x00000000c5e00000|  0%| F|  |TAMS 0x00000000c5d00000| PB 0x00000000c5d00000| Untracked |  0
|  50|0x00000000c5e00000, 0x00000000c5e00000, 0x00000000c5f00000|  0%| F|  |TAMS 0x00000000c5e00000| PB 0x00000000c5e00000| Untracked |  0
|  51|0x00000000c5f00000, 0x00000000c5f00000, 0x00000000c6000000|  0%| F|  |TAMS 0x00000000c5f00000| PB 0x00000000c5f00000| Untracked |  0
|  52|0x00000000c6000000, 0x00000000c6000000, 0x00000000c6100000|  0%| F|  |TAMS 0x00000000c6000000| PB 0x00000000c6000000| Untracked |  0
|  53|0x00000000c6100000, 0x00000000c6100000, 0x00000000c6200000|  0%| F|  |TAMS 0x00000000c6100000| PB 0x00000000c6100000| Untracked |  0
|  54|0x00000000c6200000, 0x00000000c6200000, 0x00000000c6300000|  0%| F|  |TAMS 0x00000000c6200000| PB 0x00000000c6200000| Untracked |  0
|  55|0x00000000c6300000, 0x00000000c6300000, 0x00000000c6400000|  0%| F|  |TAMS 0x00000000c6300000| PB 0x00000000c6300000| Untracked |  0
|  56|0x00000000c6400000, 0x00000000c6400000, 0x00000000c6500000|  0%| F|  |TAMS 0x00000000c6400000| PB 0x00000000c6400000| Untracked |  0
|  57|0x00000000c6500000, 0x00000000c65a5510, 0x00000000c6600000| 64%| E|  |TAMS 0x00000000c6500000| PB 0x00000000c6500000| Complete |  0
|  58|0x00000000c6600000, 0x00000000c6700000, 0x00000000c6700000|100%| E|CS|TAMS 0x00000000c6600000| PB 0x00000000c6600000| Complete |  0
|  59|0x00000000c6700000, 0x00000000c6800000, 0x00000000c6800000|100%| E|CS|TAMS 0x00000000c6700000| PB 0x00000000c6700000| Complete |  0
|  60|0x00000000c6800000, 0x00000000c6900000, 0x00000000c6900000|100%| E|CS|TAMS 0x00000000c6800000| PB 0x00000000c6800000| Complete |  0
|  61|0x00000000c6900000, 0x00000000c6a00000, 0x00000000c6a00000|100%| E|CS|TAMS 0x00000000c6900000| PB 0x00000000c6900000| Complete |  0

Card table byte_map: [0x000001e6a8870000,0x000001e6a8a60000] _byte_map_base: 0x000001e6a825a000

Marking Bits: (CMBitMap*) 0x000001e6a8ae5d30
 Bits: [0x000001e6c05a0000, 0x000001e6c14f0000)

Polling page: 0x000001e6a6aa0000

Metaspace:
Metaspace        used 21106K, committed 21312K, reserved 1114112K
 class space     used 2336K, committed 2432K, reserved 1048576K

Usage:
  Non-class:     18.33 MB used.
      Class:      2.28 MB used.
       Both:     20.61 MB used.

Virtual space:
  Non-class space:       64.00 MB reserved,      18.44 MB ( 29%) committed,  1 nodes.
      Class space:        1.00 GB reserved,       2.38 MB ( <1%) committed,  1 nodes.
             Both:        1.06 GB reserved,      20.81 MB (  2%) committed. 

Chunk freelists:
   Non-Class:  13.53 MB
       Class:  13.59 MB
        Both:  27.12 MB

MaxMetaspaceSize: unlimited
CompressedClassSpaceSize: 1.00 GB
Initial GC threshold: 21.00 MB
Current GC threshold: 21.00 MB
CDS: off
 - commit_granule_bytes: 65536.
 - commit_granule_words: 8192.
 - virtual_space_node_default_size: 8388608.
 - enlarge_chunks_in_place: 1.
UseCompressedClassPointers 1, UseCompactObjectHeaders 0
Narrow klass pointer bits 32, Max shift 3
Narrow klass base: 0x0000000000000000, Narrow klass shift: 0
Encoding Range: [0x0000000000000000 - 0x0000000100000000), (4294967296 bytes)
Klass Range:    [0x0000000035000000 - 0x0000000075000000), (1073741824 bytes)
Klass ID Range:  [889192448 - 1962934265) (1073741817)
No protection zone.


Internal statistics:

num_allocs_failed_limit: 0.
num_arena_births: 70.
num_arena_deaths: 0.
num_vsnodes_births: 2.
num_vsnodes_deaths: 0.
num_space_committed: 333.
num_space_uncommitted: 0.
num_chunks_returned_to_freelist: 0.
num_chunks_taken_from_freelist: 492.
num_chunk_merges: 0.
num_chunk_splits: 331.
num_chunks_enlarged: 273.
num_inconsistent_stats: 0.

CodeHeap 'non-profiled nmethods': size=120128Kb used=740Kb max_used=740Kb free=119387Kb
 bounds [0x000001e6b9050000, 0x000001e6b92c0000, 0x000001e6c05a0000]
CodeHeap 'profiled nmethods': size=120000Kb used=3800Kb max_used=3800Kb free=116199Kb
 bounds [0x000001e6b15a0000, 0x000001e6b1960000, 0x000001e6b8ad0000]
CodeHeap 'non-nmethods': size=5632Kb used=1361Kb max_used=1388Kb free=4270Kb
 bounds [0x000001e6b8ad0000, 0x000001e6b8d40000, 0x000001e6b9050000]
CodeCache: size=245760Kb, used=5901Kb, max_used=5928Kb, free=239856Kb
 total_blobs=3035, nmethods=2544, adapters=394, full_count=0
Compilation: enabled, stopped_count=0, restarted_count=0

Compilation events (20 events):
Event: 1108.273 Thread 0x000001e6c388b830 nmethod 2592 0x000001e6b1953e88 code [0x000001e6b1953f80, 0x000001e6b19543d8]
Event: 1108.770 Thread 0x000001e6c3816680 2593       4       java.util.concurrent.locks.AbstractQueuedSynchronizer::compareAndSetState (13 bytes)
Event: 1108.780 Thread 0x000001e6c388b830 2594       3       com.google.inject.internal.aop.ClassBuilding::isPublic (15 bytes)
Event: 1108.780 Thread 0x000001e6c388b830 nmethod 2594 0x000001e6b1954408 code [0x000001e6b1954500, 0x000001e6b19546d0]
Event: 1108.801 Thread 0x000001e6c3816680 nmethod 2593 0x000001e6b9108988 code [0x000001e6b9108a80, 0x000001e6b9108b08]
Event: 1109.054 Thread 0x000001e6c3816680 2595       4       java.util.LinkedHashMap::afterNodeInsertion (40 bytes)
Event: 1109.121 Thread 0x000001e6c3816680 nmethod 2595 0x000001e6b9108c88 code [0x000001e6b9108d80, 0x000001e6b9108e10]
Event: 1109.192 Thread 0x000001e6c388b830 2596       3       java.util.TreeMap$KeySet::size (10 bytes)
Event: 1109.192 Thread 0x000001e6c388b830 nmethod 2596 0x000001e6b1954708 code [0x000001e6b1954800, 0x000001e6b1954970]
Event: 1109.368 Thread 0x000001e6c388b830 2597       3       java.lang.PublicMethods$Key::equals (50 bytes)
Event: 1109.369 Thread 0x000001e6c388b830 nmethod 2597 0x000001e6b1954a08 code [0x000001e6b1954b00, 0x000001e6b1954eb0]
Event: 1109.418 Thread 0x000001e6c388b830 2598       3       jdk.internal.misc.Unsafe::storeFence (5 bytes)
Event: 1109.418 Thread 0x000001e6c388b830 nmethod 2598 0x000001e6b1954f08 code [0x000001e6b1955000, 0x000001e6b1955198]
Event: 1109.423 Thread 0x000001e6c388b830 2599       3       org.objectweb.asm.Type::getMethodDescriptor (74 bytes)
Event: 1109.457 Thread 0x000001e6c388b830 nmethod 2599 0x000001e6b1955208 code [0x000001e6b1955300, 0x000001e6b1955df0]
Event: 1109.457 Thread 0x000001e6c388b830 2600       3       org.objectweb.asm.ByteVector::put11 (52 bytes)
Event: 1109.457 Thread 0x000001e6c388b830 nmethod 2600 0x000001e6b1955e08 code [0x000001e6b1955f00, 0x000001e6b1956100]
Event: 1109.614 Thread 0x000001e6c3816680 2601       4       jdk.internal.util.Preconditions::checkFromToIndex (24 bytes)
Event: 1109.615 Thread 0x000001e6c3816680 nmethod 2601 0x000001e6b9108f88 code [0x000001e6b9109080, 0x000001e6b9109168]
Event: 1109.654 Thread 0x000001e6c3816680 2602       4       java.util.TimSort::binarySort (223 bytes)

GC Heap Usage History (8 events):
Event: 193.225 {heap Before GC invocations=0 (full 0):
 garbage-first heap   total reserved 1003520K, committed 63488K, used 14336K [0x00000000c2c00000, 0x0000000100000000)
  region size 1024K, 14 young (14336K), 0 survivors (0K)
}
Event: 196.318 {heap After GC invocations=1 (full 0):
 garbage-first heap   total reserved 1003520K, committed 63488K, used 3328K [0x00000000c2c00000, 0x0000000100000000)
  region size 1024K, 2 young (2048K), 2 survivors (2048K)
}
Event: 488.783 {heap Before GC invocations=1 (full 0):
 garbage-first heap   total reserved 1003520K, committed 63488K, used 25856K [0x00000000c2c00000, 0x0000000100000000)
  region size 1024K, 25 young (25600K), 2 survivors (2048K)
}
Event: 489.292 {heap After GC invocations=2 (full 0):
 garbage-first heap   total reserved 1003520K, committed 63488K, used 4522K [0x00000000c2c00000, 0x0000000100000000)
  region size 1024K, 4 young (4096K), 4 survivors (4096K)
}
Event: 496.089 {heap Before GC invocations=2 (full 0):
 garbage-first heap   total reserved 1003520K, committed 63488K, used 5546K [0x00000000c2c00000, 0x0000000100000000)
  region size 1024K, 5 young (5120K), 4 survivors (4096K)
}
Event: 496.106 {heap After GC invocations=3 (full 0):
 garbage-first heap   total reserved 1003520K, committed 63488K, used 4777K [0x00000000c2c00000, 0x0000000100000000)
  region size 1024K, 1 young (1024K), 1 survivors (1024K)
}
Event: 940.860 {heap Before GC invocations=3 (full 0):
 garbage-first heap   total reserved 1003520K, committed 63488K, used 22185K [0x00000000c2c00000, 0x0000000100000000)
  region size 1024K, 19 young (19456K), 1 survivors (1024K)
}
Event: 941.058 {heap After GC invocations=4 (full 0):
 garbage-first heap   total reserved 1003520K, committed 63488K, used 6590K [0x00000000c2c00000, 0x0000000100000000)
  region size 1024K, 2 young (2048K), 2 survivors (2048K)
}

Metaspace Usage History (8 events):
Event: 193.225 {metaspace Before GC invocations=0 (full 0):
 Metaspace       used 13209K, committed 13312K, reserved 1114112K
  class space    used 1242K, committed 1280K, reserved 1048576K
}
Event: 196.318 {metaspace After GC invocations=1 (full 0):
 Metaspace       used 13209K, committed 13312K, reserved 1114112K
  class space    used 1242K, committed 1280K, reserved 1048576K
}
Event: 488.843 {metaspace Before GC invocations=1 (full 0):
 Metaspace       used 16388K, committed 16576K, reserved 1114112K
  class space    used 1690K, committed 1792K, reserved 1048576K
}
Event: 489.292 {metaspace After GC invocations=2 (full 0):
 Metaspace       used 16388K, committed 16576K, reserved 1114112K
  class space    used 1690K, committed 1792K, reserved 1048576K
}
Event: 496.089 {metaspace Before GC invocations=2 (full 0):
 Metaspace       used 16489K, committed 16704K, reserved 1114112K
  class space    used 1699K, committed 1792K, reserved 1048576K
}
Event: 496.106 {metaspace After GC invocations=3 (full 0):
 Metaspace       used 16489K, committed 16704K, reserved 1114112K
  class space    used 1699K, committed 1792K, reserved 1048576K
}
Event: 940.861 {metaspace Before GC invocations=3 (full 0):
 Metaspace       used 20479K, committed 20672K, reserved 1114112K
  class space    used 2243K, committed 2304K, reserved 1048576K
}
Event: 941.058 {metaspace After GC invocations=4 (full 0):
 Metaspace       used 20479K, committed 20672K, reserved 1114112K
  class space    used 2243K, committed 2304K, reserved 1048576K
}

Dll operation events (7 events):
Event: 1.414 Loaded shared library C:\Program Files\Apache NetBeans\jdk\bin\java.dll
Event: 23.413 Loaded shared library C:\Program Files\Apache NetBeans\jdk\bin\net.dll
Event: 23.761 Loaded shared library C:\Program Files\Apache NetBeans\jdk\bin\nio.dll
Event: 24.828 Loaded shared library C:\Program Files\Apache NetBeans\jdk\bin\zip.dll
Event: 46.567 Loaded shared library C:\Program Files\Apache NetBeans\java\maven\lib\jansi-native\Windows\x86_64\jansi.dll
Event: 47.728 Loaded shared library C:\Program Files\Apache NetBeans\jdk\bin\verify.dll
Event: 51.774 Loaded shared library C:\Program Files\Apache NetBeans\jdk\bin\jimage.dll

Deoptimization events (20 events):
Event: 711.119 Thread 0x000001e6a67bd630 Uncommon trap: trap_request=0xffffffd6 fr.pc=0x000001e6b90e9a54 relative=0x00000000000005b4
Event: 711.119 Thread 0x000001e6a67bd630 Uncommon trap: reason=array_check action=maybe_recompile pc=0x000001e6b90e9a54 method=jdk.internal.classfile.impl.SplitConstantPool.internalAdd(Ljava/lang/classfile/constantpool/PoolEntry;I)Ljava/lang/classfile/constantpool/PoolEntry; @ 46 c2
Event: 711.119 Thread 0x000001e6a67bd630 DEOPT PACKING pc=0x000001e6b90e9a54 sp=0x000000300e1fdbc0
Event: 711.119 Thread 0x000001e6a67bd630 DEOPT UNPACKING pc=0x000001e6b8b57efc sp=0x000000300e1fdb50 mode 2
Event: 711.119 Thread 0x000001e6a67bd630 Uncommon trap: trap_request=0xffffffd6 fr.pc=0x000001e6b90e9a54 relative=0x00000000000005b4
Event: 711.119 Thread 0x000001e6a67bd630 Uncommon trap: reason=array_check action=maybe_recompile pc=0x000001e6b90e9a54 method=jdk.internal.classfile.impl.SplitConstantPool.internalAdd(Ljava/lang/classfile/constantpool/PoolEntry;I)Ljava/lang/classfile/constantpool/PoolEntry; @ 46 c2
Event: 711.119 Thread 0x000001e6a67bd630 DEOPT PACKING pc=0x000001e6b90e9a54 sp=0x000000300e1fdbd0
Event: 711.119 Thread 0x000001e6a67bd630 DEOPT UNPACKING pc=0x000001e6b8b57efc sp=0x000000300e1fdb60 mode 2
Event: 711.119 Thread 0x000001e6a67bd630 Uncommon trap: trap_request=0xffffffd6 fr.pc=0x000001e6b90e9a54 relative=0x00000000000005b4
Event: 711.119 Thread 0x000001e6a67bd630 Uncommon trap: reason=array_check action=maybe_recompile pc=0x000001e6b90e9a54 method=jdk.internal.classfile.impl.SplitConstantPool.internalAdd(Ljava/lang/classfile/constantpool/PoolEntry;I)Ljava/lang/classfile/constantpool/PoolEntry; @ 46 c2
Event: 711.119 Thread 0x000001e6a67bd630 DEOPT PACKING pc=0x000001e6b90e9a54 sp=0x000000300e1fdbd0
Event: 711.119 Thread 0x000001e6a67bd630 DEOPT UNPACKING pc=0x000001e6b8b57efc sp=0x000000300e1fdb60 mode 2
Event: 768.871 Thread 0x000001e6a67bd630 Uncommon trap: trap_request=0xffffff45 fr.pc=0x000001e6b90b6a60 relative=0x0000000000000160
Event: 768.872 Thread 0x000001e6a67bd630 Uncommon trap: reason=unstable_if action=reinterpret pc=0x000001e6b90b6a60 method=java.lang.ClassLoader.checkName(Ljava/lang/String;)Z @ 1 c2
Event: 769.020 Thread 0x000001e6a67bd630 DEOPT PACKING pc=0x000001e6b90b6a60 sp=0x000000300e1fe160
Event: 769.050 Thread 0x000001e6a67bd630 DEOPT UNPACKING pc=0x000001e6b8b57efc sp=0x000000300e1fe0f8 mode 2
Event: 863.444 Thread 0x000001e6a67bd630 DEOPT PACKING pc=0x000001e6b1885034 sp=0x000000300e1fe570
Event: 863.445 Thread 0x000001e6a67bd630 DEOPT UNPACKING pc=0x000001e6b8b21063 sp=0x000000300e1fdad0 mode 0
Event: 996.915 Thread 0x000001e6a67bd630 DEOPT PACKING pc=0x000001e6b1881054 sp=0x000000300e1fd9c0
Event: 1000.972 Thread 0x000001e6a67bd630 DEOPT UNPACKING pc=0x000001e6b8b21063 sp=0x000000300e1fce78 mode 0

Classes loaded (20 events):
Event: 756.956 Loading class java/util/TreeMap$ValueIterator
Event: 763.709 Loading class java/util/TreeMap$ValueIterator done
Event: 770.047 Loading class java/lang/invoke/DirectMethodHandle$StaticAccessor
Event: 770.257 Loading class java/lang/invoke/DirectMethodHandle$StaticAccessor done
Event: 770.436 Loading class jdk/internal/reflect/MethodHandleObjectFieldAccessorImpl
Event: 770.941 Loading class jdk/internal/reflect/MethodHandleFieldAccessorImpl
Event: 771.081 Loading class jdk/internal/reflect/FieldAccessorImpl
Event: 771.185 Loading class jdk/internal/reflect/FieldAccessor
Event: 771.185 Loading class jdk/internal/reflect/FieldAccessor done
Event: 771.185 Loading class jdk/internal/reflect/FieldAccessorImpl done
Event: 771.185 Loading class jdk/internal/reflect/MethodHandleFieldAccessorImpl done
Event: 771.185 Loading class jdk/internal/reflect/MethodHandleObjectFieldAccessorImpl done
Event: 771.794 Loading class java/util/function/ToIntFunction
Event: 771.822 Loading class java/util/function/ToIntFunction done
Event: 772.227 Loading class java/lang/ClassValue$RemovalToken
Event: 772.227 Loading class java/lang/ClassValue$RemovalToken done
Event: 979.428 Loading class sun/reflect/generics/scope/MethodScope
Event: 979.822 Loading class sun/reflect/generics/scope/MethodScope done
Event: 979.846 Loading class sun/reflect/generics/repository/MethodRepository
Event: 980.093 Loading class sun/reflect/generics/repository/MethodRepository done

Classes unloaded (0 events):
No events

Classes redefined (0 events):
No events

Internal exceptions (20 events):
Event: 47.718 Thread 0x000001e6a67bd630 Exception <a 'sun/nio/fs/WindowsException'{0x00000000c65fc548}> (0x00000000c65fc548) 
thrown [s\src\hotspot\share\prims\jni.cpp, line 516]
Event: 47.718 Thread 0x000001e6a67bd630 Exception <a 'sun/nio/fs/WindowsException'{0x00000000c65fca88}> (0x00000000c65fca88) 
thrown [s\src\hotspot\share\prims\jni.cpp, line 516]
Event: 47.719 Thread 0x000001e6a67bd630 Exception <a 'sun/nio/fs/WindowsException'{0x00000000c65fcf78}> (0x00000000c65fcf78) 
thrown [s\src\hotspot\share\prims\jni.cpp, line 516]
Event: 47.719 Thread 0x000001e6a67bd630 Exception <a 'sun/nio/fs/WindowsException'{0x00000000c65fd420}> (0x00000000c65fd420) 
thrown [s\src\hotspot\share\prims\jni.cpp, line 516]
Event: 48.039 Thread 0x000001e6a67bd630 Exception <a 'java/lang/NoSuchMethodError'{0x00000000c64365a8}: 'void java.lang.invoke.DirectMethodHandle$Holder.invokeVirtual(java.lang.Object, java.lang.Object)'> (0x00000000c64365a8) 
thrown [s\src\hotspot\share\interpreter\linkResolver.cpp, line 804]
Event: 48.478 Thread 0x000001e6a67bd630 Exception <a 'java/lang/NoSuchMethodError'{0x00000000c64582f0}: 'void java.lang.invoke.DirectMethodHandle$Holder.invokeStatic(java.lang.Object, java.lang.Object)'> (0x00000000c64582f0) 
thrown [s\src\hotspot\share\interpreter\linkResolver.cpp, line 804]
Event: 48.840 Thread 0x000001e6a67bd630 Exception <a 'java/lang/NoSuchMethodError'{0x00000000c6460098}: 'void java.lang.invoke.DirectMethodHandle$Holder.invokeStaticInit(java.lang.Object, java.lang.Object)'> (0x00000000c6460098) 
thrown [s\src\hotspot\share\interpreter\linkResolver.cpp, line 804]
Event: 50.161 Thread 0x000001e6a67bd630 Exception <a 'java/lang/NoSuchMethodError'{0x00000000c649faf0}: 'void java.lang.invoke.DirectMethodHandle$Holder.invokeSpecial(java.lang.Object, java.lang.Object, java.lang.Object, java.lang.Object, java.lang.Object)'> (0x00000000c649faf0) 
thrown [s\src\hotspot\share\interpreter\linkResolver.cpp, line 804]
Event: 51.751 Thread 0x000001e6a67bd630 Exception <a 'java/lang/NoSuchMethodError'{0x00000000c64dbc00}: 'void java.lang.invoke.DirectMethodHandle$Holder.invokeStatic(java.lang.Object, java.lang.Object, java.lang.Object)'> (0x00000000c64dbc00) 
thrown [s\src\hotspot\share\interpreter\linkResolver.cpp, line 804]
Event: 121.412 Thread 0x000001e6a67bd630 Exception <a 'java/lang/NoSuchMethodError'{0x00000000c62a7d48}: 'java.lang.Object java.lang.invoke.DirectMethodHandle$Holder.invokeSpecialIFC(java.lang.Object, java.lang.Object, java.lang.Object, java.lang.Object)'> (0x00000000c62a7d48) 
thrown [s\src\hotspot\share\interpreter\linkResolver.cpp, line 804]
Event: 188.093 Thread 0x000001e6a67bd630 Exception <a 'java/lang/NoSuchMethodError'{0x00000000c5c1a408}: 'void java.lang.invoke.DirectMethodHandle$Holder.invokeSpecial(java.lang.Object, java.lang.Object, java.lang.Object)'> (0x00000000c5c1a408) 
thrown [s\src\hotspot\share\interpreter\linkResolver.cpp, line 804]
Event: 197.426 Thread 0x000001e6a67bd630 Exception <a 'java/lang/NoSuchMethodError'{0x00000000c6937780}: 'java.lang.Object java.lang.invoke.DirectMethodHandle$Holder.invokeInterface(java.lang.Object, java.lang.Object)'> (0x00000000c6937780) 
thrown [s\src\hotspot\share\interpreter\linkResolver.cpp, line 804]
Event: 216.996 Thread 0x000001e6a67bd630 Exception <a 'java/lang/NoSuchMethodError'{0x00000000c68011f8}: 'int java.lang.invoke.DirectMethodHandle$Holder.invokeStatic(java.lang.Object, java.lang.Object, java.lang.Object, java.lang.Object)'> (0x00000000c68011f8) 
thrown [s\src\hotspot\share\interpreter\linkResolver.cpp, line 804]
Event: 217.690 Thread 0x000001e6a67bd630 Exception <a 'java/lang/NoSuchMethodError'{0x00000000c682afe0}: 'int java.lang.invoke.DirectMethodHandle$Holder.invokeSpecialIFC(java.lang.Object, java.lang.Object, java.lang.Object, java.lang.Object, java.lang.Object)'> (0x00000000c682afe0) 
thrown [s\src\hotspot\share\interpreter\linkResolver.cpp, line 804]
Event: 283.814 Thread 0x000001e6a67bd630 Exception <a 'java/lang/NoSuchMethodError'{0x00000000c67f93a8}: 'java.lang.Object java.lang.invoke.DirectMethodHandle$Holder.newInvokeSpecial(java.lang.Object, java.lang.Object, java.lang.Object, java.lang.Object, java.lang.Object)'> (0x00000000c67f93a8) 
thrown [s\src\hotspot\share\interpreter\linkResolver.cpp, line 804]
Event: 304.631 Thread 0x000001e6a67bd630 Exception <a 'java/lang/NoSuchMethodError'{0x00000000c6513878}: 'int java.lang.invoke.DirectMethodHandle$Holder.invokeStaticInit(java.lang.Object, java.lang.Object)'> (0x00000000c6513878) 
thrown [s\src\hotspot\share\interpreter\linkResolver.cpp, line 804]
Event: 311.717 Thread 0x000001e6a67bd630 Exception <a 'java/lang/NoClassDefFoundError'{0x00000000c654d960}: javax/enterprise/inject/Typed> (0x00000000c654d960) 
thrown [s\src\hotspot\share\classfile\systemDictionary.cpp, line 316]
Event: 723.484 Thread 0x000001e6a67bd630 Exception <a 'java/lang/NoSuchMethodError'{0x00000000c5ac6648}: 'void java.lang.invoke.DirectMethodHandle$Holder.invokeStaticInit(java.lang.Object, java.lang.Object, java.lang.Object)'> (0x00000000c5ac6648) 
thrown [s\src\hotspot\share\interpreter\linkResolver.cpp, line 804]
Event: 768.869 Thread 0x000001e6a67bd630 Implicit null exception at 0x000001e6b90b691d to 0x000001e6b90b6a50
Event: 772.540 Thread 0x000001e6a67bd630 Exception <a 'java/lang/NoSuchMethodError'{0x00000000c5952080}: 'java.lang.Object java.lang.invoke.Invokers$Holder.invokeExact_MT(java.lang.Object, int, java.lang.Object)'> (0x00000000c5952080) 
thrown [s\src\hotspot\share\interpreter\linkResolver.cpp, line 804]

VM Operations (20 events):
Event: 496.088 Executing safepoint VM operation: G1CollectForAllocation (G1 Evacuation Pause)
Event: 496.107 Executing safepoint VM operation: G1CollectForAllocation (G1 Evacuation Pause) done
Event: 567.397 Executing non-safepoint VM operation: HandshakeAllThreads (Deoptimize)
Event: 567.397 Executing non-safepoint VM operation: HandshakeAllThreads (Deoptimize) done
Event: 593.913 Executing non-safepoint VM operation: HandshakeAllThreads (Deoptimize)
Event: 593.913 Executing non-safepoint VM operation: HandshakeAllThreads (Deoptimize) done
Event: 605.851 Executing non-safepoint VM operation: HandshakeAllThreads (HandshakeForDeflation)
Event: 605.910 Executing non-safepoint VM operation: HandshakeAllThreads (HandshakeForDeflation) done
Event: 605.910 Executing non-safepoint VM operation: RendezvousGCThreads
Event: 605.910 Executing non-safepoint VM operation: RendezvousGCThreads done
Event: 730.622 Executing non-safepoint VM operation: HandshakeAllThreads (Deoptimize)
Event: 730.835 Executing non-safepoint VM operation: HandshakeAllThreads (Deoptimize) done
Event: 847.268 Executing non-safepoint VM operation: HandshakeAllThreads (Deoptimize)
Event: 847.371 Executing non-safepoint VM operation: HandshakeAllThreads (Deoptimize) done
Event: 856.320 Executing non-safepoint VM operation: HandshakeAllThreads (Deoptimize)
Event: 856.320 Executing non-safepoint VM operation: HandshakeAllThreads (Deoptimize) done
Event: 940.860 Executing safepoint VM operation: G1CollectForAllocation (G1 Evacuation Pause)
Event: 941.058 Executing safepoint VM operation: G1CollectForAllocation (G1 Evacuation Pause) done
Event: 996.911 Executing non-safepoint VM operation: HandshakeAllThreads (Deoptimize)
Event: 996.914 Executing non-safepoint VM operation: HandshakeAllThreads (Deoptimize) done

Memory protections (0 events):
No events

Nmethod flushes (0 events):
No events

Events (13 events):
Event: 5.980 Thread 0x000001e6a67bd630 Thread added: 0x000001e6a67bd630
Event: 8.391 Thread 0x000001e6a67bd630 Thread added: 0x000001e6c380c180
Event: 8.391 Thread 0x000001e6a67bd630 Thread added: 0x000001e6c380f840
Event: 8.393 Thread 0x000001e6a67bd630 Thread added: 0x000001e6c381b510
Event: 8.393 Thread 0x000001e6a67bd630 Thread added: 0x000001e6c3812000
Event: 8.393 Thread 0x000001e6a67bd630 Thread added: 0x000001e6c3812bc0
Event: 8.393 Thread 0x000001e6a67bd630 Thread added: 0x000001e6c3813780
Event: 8.393 Thread 0x000001e6a67bd630 Thread added: 0x000001e6c3816680
Event: 8.829 Thread 0x000001e6a67bd630 Thread added: 0x000001e6c388b830
Event: 21.387 Thread 0x000001e6a67bd630 Thread added: 0x000001e6c393dac0
Event: 23.120 Thread 0x000001e6a67bd630 Thread added: 0x000001e6c3a3f480
Event: 46.166 Thread 0x000001e6a67bd630 Thread added: 0x000001e6c3d3bed0
Event: 186.414 Thread 0x000001e6c3d3bed0 Thread exited: 0x000001e6c3d3bed0


Dynamic libraries:
0x00007ff61ab00000 - 0x00007ff61ab0e000 	C:\Program Files\Apache NetBeans\jdk\bin\java.exe
0x00007ffea0ee0000 - 0x00007ffea1147000 	C:\WINDOWS\SYSTEM32\ntdll.dll
0x00007ffe9fee0000 - 0x00007ffe9ffa9000 	C:\WINDOWS\System32\KERNEL32.DLL
0x00007ffe9dbe0000 - 0x00007ffe9dfd4000 	C:\WINDOWS\System32\KERNELBASE.dll
0x00007ffe9e110000 - 0x00007ffe9e25b000 	C:\WINDOWS\System32\ucrtbase.dll
0x00007ffe806e0000 - 0x00007ffe806f6000 	C:\Program Files\Apache NetBeans\jdk\bin\jli.dll
0x00007ffe9ed70000 - 0x00007ffe9ef35000 	C:\WINDOWS\System32\USER32.dll
0x00007ffe9eb90000 - 0x00007ffe9ebb7000 	C:\WINDOWS\System32\win32u.dll
0x00007ffea09d0000 - 0x00007ffea09fb000 	C:\WINDOWS\System32\GDI32.dll
0x00007ffe9dfe0000 - 0x00007ffe9e10a000 	C:\WINDOWS\System32\gdi32full.dll
0x00007ffe9ebc0000 - 0x00007ffe9ec63000 	C:\WINDOWS\System32\msvcp_win.dll
0x00007ffe91b10000 - 0x00007ffe91b2e000 	C:\Program Files\Apache NetBeans\jdk\bin\VCRUNTIME140.dll
0x00007ffe8ba70000 - 0x00007ffe8bd03000 	C:\WINDOWS\WinSxS\amd64_microsoft.windows.common-controls_6595b64144ccf1df_6.0.26100.8115_none_3e075c82e3354f9c\COMCTL32.dll
0x00007ffea0400000 - 0x00007ffea04a9000 	C:\WINDOWS\System32\msvcrt.dll
0x00007ffe9fd40000 - 0x00007ffe9fd72000 	C:\WINDOWS\System32\IMM32.DLL
0x00007ffe8bdb0000 - 0x00007ffe8bdbc000 	C:\Program Files\Apache NetBeans\jdk\bin\vcruntime140_1.dll
0x00007ffe68510000 - 0x00007ffe6859d000 	C:\Program Files\Apache NetBeans\jdk\bin\msvcp140.dll
0x00007ffe2ca00000 - 0x00007ffe2d926000 	C:\Program Files\Apache NetBeans\jdk\bin\server\jvm.dll
0x00007ffea0660000 - 0x00007ffea0716000 	C:\WINDOWS\System32\ADVAPI32.dll
0x00007ffea04b0000 - 0x00007ffea0557000 	C:\WINDOWS\System32\sechost.dll
0x00007ffe9f250000 - 0x00007ffe9f368000 	C:\WINDOWS\System32\RPCRT4.dll
0x00007ffea0940000 - 0x00007ffea09c0000 	C:\WINDOWS\System32\WS2_32.dll
0x00007ffe9d610000 - 0x00007ffe9d66e000 	C:\WINDOWS\SYSTEM32\POWRPROF.dll
0x00007ffe7a540000 - 0x00007ffe7a576000 	C:\WINDOWS\SYSTEM32\WINMM.dll
0x00007ffe8c650000 - 0x00007ffe8c65b000 	C:\WINDOWS\SYSTEM32\VERSION.dll
0x00007ffe9d5f0000 - 0x00007ffe9d604000 	C:\WINDOWS\SYSTEM32\UMPDC.dll
0x00007ffe9c540000 - 0x00007ffe9c55b000 	C:\WINDOWS\SYSTEM32\kernel.appcore.dll
0x00007ffe8bda0000 - 0x00007ffe8bdaa000 	C:\Program Files\Apache NetBeans\jdk\bin\jimage.dll
0x00007ffe9b6f0000 - 0x00007ffe9b932000 	C:\WINDOWS\SYSTEM32\DBGHELP.DLL
0x00007ffe9ffb0000 - 0x00007ffea0332000 	C:\WINDOWS\System32\combase.dll
0x00007ffe9f400000 - 0x00007ffe9f4d7000 	C:\WINDOWS\System32\OLEAUT32.dll
0x00007ffe8c3b0000 - 0x00007ffe8c3eb000 	C:\WINDOWS\SYSTEM32\dbgcore.DLL
0x00007ffe9d9c0000 - 0x00007ffe9da65000 	C:\WINDOWS\System32\bcryptPrimitives.dll
0x00007ffe80700000 - 0x00007ffe8071e000 	C:\Program Files\Apache NetBeans\jdk\bin\java.dll
0x00007ffea0790000 - 0x00007ffea0927000 	C:\WINDOWS\System32\ole32.dll
0x00007ffe9f570000 - 0x00007ffe9fcd6000 	C:\WINDOWS\System32\SHELL32.dll
0x00007ffe9da70000 - 0x00007ffe9dbda000 	C:\WINDOWS\System32\wintypes.dll
0x00007ffe9e260000 - 0x00007ffe9eac5000 	C:\WINDOWS\System32\windows.storage.dll
0x00007ffe9ef40000 - 0x00007ffe9f037000 	C:\WINDOWS\System32\SHCORE.dll
0x00007ffea0720000 - 0x00007ffea0786000 	C:\WINDOWS\System32\shlwapi.dll
0x00007ffe9d6d0000 - 0x00007ffe9d6f9000 	C:\WINDOWS\SYSTEM32\profapi.dll
0x00007ffe76930000 - 0x00007ffe76941000 	C:\Program Files\Apache NetBeans\jdk\bin\net.dll
0x00007ffe9cab0000 - 0x00007ffe9cb1c000 	C:\WINDOWS\system32\mswsock.dll
0x00007ffe685a0000 - 0x00007ffe685b6000 	C:\Program Files\Apache NetBeans\jdk\bin\nio.dll
0x00007ffe76950000 - 0x00007ffe76967000 	C:\Program Files\Apache NetBeans\jdk\bin\zip.dll
0x00007ffe7bf10000 - 0x00007ffe7bf34000 	C:\Program Files\Apache NetBeans\java\maven\lib\jansi-native\Windows\x86_64\jansi.dll
0x00007ffe87100000 - 0x00007ffe87110000 	C:\Program Files\Apache NetBeans\jdk\bin\verify.dll

JVMTI agents: none

dbghelp: loaded successfully - version: 4.0.5 - missing functions: none
symbol engine: initialized successfully - sym options: 0x614 - pdb path: .;C:\Program Files\Apache NetBeans\jdk\bin;C:\WINDOWS\SYSTEM32;C:\WINDOWS\WinSxS\amd64_microsoft.windows.common-controls_6595b64144ccf1df_6.0.26100.8115_none_3e075c82e3354f9c;C:\Program Files\Apache NetBeans\jdk\bin\server;C:\Program Files\Apache NetBeans\java\maven\lib\jansi-native\Windows\x86_64

VM Arguments:
jvm_args: --enable-native-access=ALL-UNNAMED -Dclassworlds.conf=C:\Program Files\Apache NetBeans\java\maven\bin\m2.conf -Dmaven.home=C:\Program Files\Apache NetBeans\java\maven -Dlibrary.jansi.path=C:\Program Files\Apache NetBeans\java\maven\lib\jansi-native -Dmaven.multiModuleProjectDirectory=C:\Users\ASUS\Documents\NetBeansProjects\Lubiproject1 
java_command: org.codehaus.plexus.classworlds.launcher.Launcher -Dmaven.ext.class.path=C:\Program Files\Apache NetBeans\java\maven-nblib\netbeans-eventspy.jar --no-transfer-progress install
java_class_path (initial): C:\Program Files\Apache NetBeans\java\maven\boot\plexus-classworlds-2.9.0.jar
Launcher Type: SUN_STANDARD

[Global flags]
     intx CICompilerCount                          = 2                                         {product} {ergonomic}
     uint ConcGCThreads                            = 1                                         {product} {ergonomic}
     uint G1ConcRefinementThreads                  = 2                                         {product} {ergonomic}
   size_t G1HeapRegionSize                         = 1048576                                   {product} {ergonomic}
   size_t InitialHeapSize                          = 65011712                                  {product} {ergonomic}
   size_t MarkStackSize                            = 4194304                                   {product} {ergonomic}
   size_t MarkStackSizeMax                         = 536870912                                 {product} {ergonomic}
   size_t MaxHeapSize                              = 1027604480                                {product} {ergonomic}
   size_t MaxNewSize                               = 616562688                                 {product} {ergonomic}
   size_t MinHeapDeltaBytes                        = 1048576                                   {product} {ergonomic}
   size_t MinHeapSize                              = 8388608                                   {product} {ergonomic}
    uintx NonNMethodCodeHeapSize                   = 5767168                                {pd product} {ergonomic}
    uintx NonProfiledCodeHeapSize                  = 123011072                              {pd product} {ergonomic}
    uintx ProfiledCodeHeapSize                     = 122880000                              {pd product} {ergonomic}
    uintx ReservedCodeCacheSize                    = 251658240                              {pd product} {ergonomic}
     bool SegmentedCodeCache                       = true                                      {product} {ergonomic}
   size_t SoftMaxHeapSize                          = 1027604480                             {manageable} {ergonomic}
     bool UseCompressedOops                        = true                           {product lp64_product} {ergonomic}
     bool UseG1GC                                  = true                                      {product} {ergonomic}
     bool UseLargePagesIndividualAllocation        = false                                  {pd product} {ergonomic}

Logging:
Log output configuration:
 #0: stdout all=warning uptime,level,tags foldmultilines=false
 #1: stderr all=off uptime,level,tags foldmultilines=false

Release file:
IMPLEMENTOR="Eclipse Adoptium" 
IMPLEMENTOR_VERSION="Temurin-25.0.2+10" 
JAVA_RUNTIME_VERSION="25.0.2+10-LTS" 
JAVA_VERSION="25.0.2" 
JAVA_VERSION_DATE="2026-01-20" 
LIBC="default" 
MODULES="java.base java.compiler java.datatransfer java.xml java.prefs java.desktop java.instrument java.logging java.management java.security.sasl java.naming java.rmi java.management.rmi java.net.http java.scripting java.security.jgss java.transaction.xa java.sql java.sql.rowset java.xml.crypto java.se java.smartcardio jdk.accessibility jdk.internal.jvmstat jdk.attach jdk.charsets jdk.internal.opt jdk.zipfs jdk.compiler jdk.crypto.cryptoki jdk.crypto.ec jdk.crypto.mscapi jdk.dynalink jdk.internal.ed jdk.editpad jdk.internal.vm.ci jdk.graal.compiler jdk.graal.compiler.management jdk.hotspot.agent jdk.httpserver jdk.incubator.vector jdk.internal.le jdk.internal.md jdk.jartool jdk.javadoc jdk.jcmd jdk.management jdk.management.agent jdk.jconsole jdk.jdeps jdk.jdwp.agent jdk.jdi jdk.jfr jdk.jlink jdk.jpackage jdk.jshell jdk.jsobject jdk.jstatd jdk.localedata jdk.management.jfr jdk.naming.dns jdk.naming.rmi jdk.net jdk.nio.mapmode jdk.sctp jdk.security.auth jdk.security.jgss jdk.unsupported jdk.unsupported.desktop jdk.xml.dom" 
OS_ARCH="x86_64" 
OS_NAME="Windows" 
SOURCE=".:git:9e3c947043a4" 
BUILD_SOURCE="git:458965074606f027bd5afce2cfd5c1055dea0438"
BUILD_SOURCE_REPO="https://github.com/adoptium/temurin-build.git"
SOURCE_REPO="https://github.com/adoptium/jdk25u.git"
FULL_VERSION="25.0.2+10-LTS"
SEMANTIC_VERSION="25.0.2+10"
BUILD_INFO="OS: Windows Server 2022 Version: 10.0"
JVM_VARIANT="Hotspot"
JVM_VERSION="25.0.2+10-LTS"
IMAGE_TYPE="JDK"

Environment Variables:
JAVA_HOME=C:\Program Files\Apache NetBeans\jdk
PATH=C:\WINDOWS\system32;C:\WINDOWS;C:\WINDOWS\System32\Wbem;C:\WINDOWS\System32\WindowsPowerShell\v1.0\;C:\WINDOWS\System32\OpenSSH\;C:\Program Files\Git\cmd;C:\Users\ASUS\AppData\Local\Microsoft\WindowsApps;;C:\Program Files\Apache NetBeans\bin\
USERNAME=ASUS
OS=Windows_NT
PROCESSOR_IDENTIFIER=Intel64 Family 6 Model 122 Stepping 1, GenuineIntel
TMP=C:\Users\ASUS\AppData\Local\Temp
TEMP=C:\Users\ASUS\AppData\Local\Temp




Compilation memory statistics disabled.

Periodic native trim disabled

---------------  S Y S T E M  ---------------

OS:
 Windows 11 , 64 bit Build 26100 (10.0.26100.8115)
OS uptime: 0 days 4:31 hours

CPU: total 2 (initial active 2) (2 cores per cpu, 1 threads per core) family 6 model 122 stepping 1 microcode 0x34, cx8, cmov, fxsr, mmx, 3dnowpref, sse, sse2, sse3, ssse3, sse4.1, sse4.2, popcnt, tsc, tscinvbit, aes, erms, clmul, sha, clflush, clflushopt, rdtscp, rdpid
Processor Information for the first 2 processors :
  Max Mhz: 1101, Current Mhz: 1101, Mhz Limit: 1101

Memory: 4k page, system-wide physical 3919M (199M free)
TotalPageFile size 15695M (AvailPageFile size 153M)
current process WorkingSet (physical memory assigned to process): 36M, peak: 42M
current process commit charge ("private bytes"): 149M, peak: 151M

vm_info: OpenJDK 64-Bit Server VM (25.0.2+10-LTS) for windows-amd64 JRE (25.0.2+10-LTS), built on 2026-01-20T00:00:00Z with MS VC++ 17.12 (VS2022)

END.
