#
# There is insufficient memory for the Java Runtime Environment to continue.
# Native memory allocation (malloc) failed to allocate 1449368 bytes. Error detail: Chunk::new
# Possible reasons:
#   The system is out of physical RAM or swap space
#   This process is running with CompressedOops enabled, and the Java Heap may be blocking the growth of the native heap
# Possible solutions:
#   Reduce memory load on the system
#   Increase physical memory or swap space
#   Check if swap backing store is full
#   Decrease Java heap size (-Xmx/-Xms)
#   Decrease number of Java threads
#   Decrease Java thread stack sizes (-Xss)
#   Set larger code cache with -XX:ReservedCodeCacheSize=
#   JVM is running with Unscaled Compressed Oops mode in which the Java heap is
#     placed in the first 4GB address space. The Java Heap base address is the
#     maximum limit for the native heap growth. Please use -XX:HeapBaseMinAddress
#     to set the Java Heap base and to place the Java Heap above 4GB virtual address.
# This output file may be truncated or incomplete.
#
#  Out of Memory Error (arena.cpp:186), pid=13228, tid=9420
#
# JRE version: OpenJDK Runtime Environment Temurin-25.0.2+10 (25.0.2+10) (build 25.0.2+10-LTS)
# Java VM: OpenJDK 64-Bit Server VM Temurin-25.0.2+10 (25.0.2+10-LTS, mixed mode, sharing, tiered, compressed oops, compressed class ptrs, g1 gc, windows-amd64)
# No core dump will be written. Minidumps are not enabled by default on client versions of Windows
#

---------------  S U M M A R Y ------------

Command Line: --enable-native-access=ALL-UNNAMED -Dclassworlds.conf=C:\Program Files\Apache NetBeans\java\maven\bin\m2.conf -Dmaven.home=C:\Program Files\Apache NetBeans\java\maven -Dlibrary.jansi.path=C:\Program Files\Apache NetBeans\java\maven\lib\jansi-native -Dmaven.multiModuleProjectDirectory=C:\Users\ASUS\Documents\NetBeansProjects\Lubiproject1 org.codehaus.plexus.classworlds.launcher.Launcher -Dmaven.ext.class.path=C:\Program Files\Apache NetBeans\java\maven-nblib\netbeans-eventspy.jar --no-transfer-progress install

Host: Intel(R) Celeron(R) N4000 CPU @ 1.10GHz, 2 cores, 3G,  Windows 11 , 64 bit Build 26100 (10.0.26100.8115)
Time: Fri Apr  3 17:06:20 2026 SE Asia Standard Time elapsed time: 311.622376 seconds (0d 0h 5m 11s)

---------------  T H R E A D  ---------------

Current thread (0x0000019dcbd84070):  JavaThread "C2 CompilerThread0" daemon [_thread_in_native, id=9420, stack(0x0000002a02a00000,0x0000002a02b00000) (1024K)]


Current CompileTask:
C2:311622 2683       4       com.google.inject.internal.MoreTypes::canonicalize (143 bytes)

Stack: [0x0000002a02a00000,0x0000002a02b00000]
Native frames: (J=compiled Java code, j=interpreted, Vv=VM code, C=native code)
V  [jvm.dll+0x7a8bc9]  (no source info available)
V  [jvm.dll+0x77310d]  (no source info available)
V  [jvm.dll+0x9f55f3]  (no source info available)
V  [jvm.dll+0x9f7be1]  (no source info available)
V  [jvm.dll+0x9f82f3]  (no source info available)
V  [jvm.dll+0x2fce26]  (no source info available)
V  [jvm.dll+0x111076]  (no source info available)
V  [jvm.dll+0x11139e]  (no source info available)
V  [jvm.dll+0x19fff2]  (no source info available)
V  [jvm.dll+0x3b5f62]  (no source info available)
V  [jvm.dll+0x7ae53c]  (no source info available)
V  [jvm.dll+0x2c0407]  (no source info available)
V  [jvm.dll+0x2bf3cf]  (no source info available)
V  [jvm.dll+0x237140]  (no source info available)
V  [jvm.dll+0x2cf4c6]  (no source info available)
V  [jvm.dll+0x2cd74a]  (no source info available)
V  [jvm.dll+0x48fbee]  (no source info available)
V  [jvm.dll+0x996b0d]  (no source info available)
V  [jvm.dll+0x7a71a5]  (no source info available)
C  [ucrtbase.dll+0x37b0]  (no source info available)
C  [KERNEL32.DLL+0x2e8d7]  (no source info available)
C  [ntdll.dll+0x8c3fc]  (no source info available)

Lock stack of current Java thread (top to bottom):


---------------  P R O C E S S  ---------------

Threads class SMR info:
_java_thread_list=0x0000019dd010aca0, length=11, elements={
0x0000019daec5d600, 0x0000019dcbd79590, 0x0000019dcbd7be40, 0x0000019dcbd7ef90,
0x0000019dcbd80cb0, 0x0000019dcbd825c0, 0x0000019dcbd83180, 0x0000019dcbd84070,
0x0000019dcbdf8f20, 0x0000019dd0034370, 0x0000019dd003d620
}

Java Threads: ( => current thread )
  0x0000019daec5d600 JavaThread "main"                              [_thread_in_Java, id=11996, stack(0x0000002a01b00000,0x0000002a01c00000) (1024K)]
  0x0000019dcbd79590 JavaThread "Reference Handler"          daemon [_thread_blocked, id=472, stack(0x0000002a02400000,0x0000002a02500000) (1024K)]
  0x0000019dcbd7be40 JavaThread "Finalizer"                  daemon [_thread_blocked, id=10248, stack(0x0000002a02500000,0x0000002a02600000) (1024K)]
  0x0000019dcbd7ef90 JavaThread "Signal Dispatcher"          daemon [_thread_blocked, id=13848, stack(0x0000002a02600000,0x0000002a02700000) (1024K)]
  0x0000019dcbd80cb0 JavaThread "Attach Listener"            daemon [_thread_blocked, id=14712, stack(0x0000002a02700000,0x0000002a02800000) (1024K)]
  0x0000019dcbd825c0 JavaThread "Service Thread"             daemon [_thread_blocked, id=14016, stack(0x0000002a02800000,0x0000002a02900000) (1024K)]
  0x0000019dcbd83180 JavaThread "Monitor Deflation Thread"   daemon [_thread_blocked, id=11152, stack(0x0000002a02900000,0x0000002a02a00000) (1024K)]
=>0x0000019dcbd84070 JavaThread "C2 CompilerThread0"         daemon [_thread_in_native, id=9420, stack(0x0000002a02a00000,0x0000002a02b00000) (1024K)]
  0x0000019dcbdf8f20 JavaThread "C1 CompilerThread0"         daemon [_thread_blocked, id=8568, stack(0x0000002a02b00000,0x0000002a02c00000) (1024K)]
  0x0000019dd0034370 JavaThread "Notification Thread"        daemon [_thread_blocked, id=14788, stack(0x0000002a02c00000,0x0000002a02d00000) (1024K)]
  0x0000019dd003d620 JavaThread "Common-Cleaner"             daemon [_thread_blocked, id=7300, stack(0x0000002a02d00000,0x0000002a02e00000) (1024K)]
Total: 11

Other Threads:
  0x0000019db10deae0 VMThread "VM Thread"                           [id=8780, stack(0x0000002a02300000,0x0000002a02400000) (1024K)]
  0x0000019db10d4ef0 WatcherThread "VM Periodic Task Thread"        [id=15220, stack(0x0000002a02200000,0x0000002a02300000) (1024K)]
  0x0000019db10555a0 WorkerThread "GC Thread#0"                     [id=4476, stack(0x0000002a01d00000,0x0000002a01e00000) (1024K)]
  0x0000019dd05cf010 WorkerThread "GC Thread#1"                     [id=16908, stack(0x0000002a02e00000,0x0000002a02f00000) (1024K)]
  0x0000019db1061e30 ConcurrentGCThread "G1 Main Marker"            [id=9776, stack(0x0000002a01e00000,0x0000002a01f00000) (1024K)]
  0x0000019db1064060 WorkerThread "G1 Conc#0"                       [id=5420, stack(0x0000002a01f00000,0x0000002a02000000) (1024K)]
  0x0000019db107d180 ConcurrentGCThread "G1 Refine#0"               [id=7008, stack(0x0000002a02000000,0x0000002a02100000) (1024K)]
  0x0000019db1080390 ConcurrentGCThread "G1 Service"                [id=12516, stack(0x0000002a02100000,0x0000002a02200000) (1024K)]
Total: 8

Threads with active compile tasks:
C2 CompilerThread0  311911 2683       4       com.google.inject.internal.MoreTypes::canonicalize (143 bytes)
Total: 1

VM state: not at safepoint (normal execution)

VM Mutex/Monitor currently owned by a thread: None

Heap address: 0x00000000c2c00000, size: 980 MB, Compressed Oops mode: 32-bit

CDS archive(s) mapped at: [0x000000002a000000-0x000000002add0000-0x000000002add0000), size 14483456, SharedBaseAddress: 0x000000002a000000, ArchiveRelocationMode: 1.
Compressed class space mapped at: 0x000000002b000000-0x000000006b000000, reserved size: 1073741824
UseCompressedClassPointers 1, UseCompactObjectHeaders 0
Narrow klass pointer bits 32, Max shift 3
Narrow klass base: 0x000000002a000000, Narrow klass shift: 0
Encoding Range: [0x000000002a000000 - 0x000000012a000000), (4294967296 bytes)
Klass Range:    [0x000000002a010000 - 0x000000006b000000), (1090453504 bytes)
Klass ID Range:  [65536 - 1090519033) (1090453497)
Protection zone: [0x000000002a000000 - 0x000000002a010000), (65536 bytes)

GC Precious Log:
 CardTable entry size: 512
 Card Set container configuration: InlinePtr #cards 5 size 8 Array Of Cards #cards 10 size 36 Howl #buckets 4 coarsen threshold 1843 Howl Bitmap #cards 512 size 80 coarsen threshold 460 Card regions per heap region 1 cards per card region 2048
 CPUs: 2 total, 2 available
 Memory: 3919M
 Large Page Support: Disabled
 NUMA Support: Disabled
 Compressed Oops: Enabled (32-bit)
 Heap Region Size: 1M
 Heap Min Capacity: 8M
 Heap Initial Capacity: 62M
 Heap Max Capacity: 980M
 Pre-touch: Disabled
 Parallel Workers: 2
 Concurrent Workers: 1
 Concurrent Refinement Workers: 2
 Periodic GC: Disabled

Heap:
 garbage-first heap   total reserved 1003520K, committed 65536K, used 26657K [0x00000000c2c00000, 0x0000000100000000)
  region size 1024K, 27 young (27648K), 4 survivors (4096K)

Heap Regions: E=young(eden), S=young(survivor), O=old, HS=humongous(starts), HC=humongous(continues), CS=collection set, F=free, TAMS=top-at-mark-start, PB=parsable bottom
|   0|0x00000000c2c00000, 0x00000000c2c94020, 0x00000000c2d00000| 57%| O|  |TAMS 0x00000000c2c00000| PB 0x00000000c2c00000| Untracked |  0
|   1|0x00000000c2d00000, 0x00000000c2d00000, 0x00000000c2e00000|  0%| F|  |TAMS 0x00000000c2d00000| PB 0x00000000c2d00000| Untracked |  0
|   2|0x00000000c2e00000, 0x00000000c2e00000, 0x00000000c2f00000|  0%| F|  |TAMS 0x00000000c2e00000| PB 0x00000000c2e00000| Untracked |  0
|   3|0x00000000c2f00000, 0x00000000c2f00000, 0x00000000c3000000|  0%| F|  |TAMS 0x00000000c2f00000| PB 0x00000000c2f00000| Untracked |  0
|   4|0x00000000c3000000, 0x00000000c3000000, 0x00000000c3100000|  0%| F|  |TAMS 0x00000000c3000000| PB 0x00000000c3000000| Untracked |  0
|   5|0x00000000c3100000, 0x00000000c3100000, 0x00000000c3200000|  0%| F|  |TAMS 0x00000000c3100000| PB 0x00000000c3100000| Untracked |  0
|   6|0x00000000c3200000, 0x00000000c3200000, 0x00000000c3300000|  0%| F|  |TAMS 0x00000000c3200000| PB 0x00000000c3200000| Untracked |  0
|   7|0x00000000c3300000, 0x00000000c3300000, 0x00000000c3400000|  0%| F|  |TAMS 0x00000000c3300000| PB 0x00000000c3300000| Untracked |  0
|   8|0x00000000c3400000, 0x00000000c3400000, 0x00000000c3500000|  0%| F|  |TAMS 0x00000000c3400000| PB 0x00000000c3400000| Untracked |  0
|   9|0x00000000c3500000, 0x00000000c3500000, 0x00000000c3600000|  0%| F|  |TAMS 0x00000000c3500000| PB 0x00000000c3500000| Untracked |  0
|  10|0x00000000c3600000, 0x00000000c3600000, 0x00000000c3700000|  0%| F|  |TAMS 0x00000000c3600000| PB 0x00000000c3600000| Untracked |  0
|  11|0x00000000c3700000, 0x00000000c3700000, 0x00000000c3800000|  0%| F|  |TAMS 0x00000000c3700000| PB 0x00000000c3700000| Untracked |  0
|  12|0x00000000c3800000, 0x00000000c3800000, 0x00000000c3900000|  0%| F|  |TAMS 0x00000000c3800000| PB 0x00000000c3800000| Untracked |  0
|  13|0x00000000c3900000, 0x00000000c3900000, 0x00000000c3a00000|  0%| F|  |TAMS 0x00000000c3900000| PB 0x00000000c3900000| Untracked |  0
|  14|0x00000000c3a00000, 0x00000000c3a00000, 0x00000000c3b00000|  0%| F|  |TAMS 0x00000000c3a00000| PB 0x00000000c3a00000| Untracked |  0
|  15|0x00000000c3b00000, 0x00000000c3b00000, 0x00000000c3c00000|  0%| F|  |TAMS 0x00000000c3b00000| PB 0x00000000c3b00000| Untracked |  0
|  16|0x00000000c3c00000, 0x00000000c3c00000, 0x00000000c3d00000|  0%| F|  |TAMS 0x00000000c3c00000| PB 0x00000000c3c00000| Untracked |  0
|  17|0x00000000c3d00000, 0x00000000c3d00000, 0x00000000c3e00000|  0%| F|  |TAMS 0x00000000c3d00000| PB 0x00000000c3d00000| Untracked |  0
|  18|0x00000000c3e00000, 0x00000000c3e00000, 0x00000000c3f00000|  0%| F|  |TAMS 0x00000000c3e00000| PB 0x00000000c3e00000| Untracked |  0
|  19|0x00000000c3f00000, 0x00000000c3f00000, 0x00000000c4000000|  0%| F|  |TAMS 0x00000000c3f00000| PB 0x00000000c3f00000| Untracked |  0
|  20|0x00000000c4000000, 0x00000000c4000000, 0x00000000c4100000|  0%| F|  |TAMS 0x00000000c4000000| PB 0x00000000c4000000| Untracked |  0
|  21|0x00000000c4100000, 0x00000000c4100000, 0x00000000c4200000|  0%| F|  |TAMS 0x00000000c4100000| PB 0x00000000c4100000| Untracked |  0
|  22|0x00000000c4200000, 0x00000000c4200000, 0x00000000c4300000|  0%| F|  |TAMS 0x00000000c4200000| PB 0x00000000c4200000| Untracked |  0
|  23|0x00000000c4300000, 0x00000000c4300000, 0x00000000c4400000|  0%| F|  |TAMS 0x00000000c4300000| PB 0x00000000c4300000| Untracked |  0
|  24|0x00000000c4400000, 0x00000000c4400000, 0x00000000c4500000|  0%| F|  |TAMS 0x00000000c4400000| PB 0x00000000c4400000| Untracked |  0
|  25|0x00000000c4500000, 0x00000000c4500000, 0x00000000c4600000|  0%| F|  |TAMS 0x00000000c4500000| PB 0x00000000c4500000| Untracked |  0
|  26|0x00000000c4600000, 0x00000000c4600000, 0x00000000c4700000|  0%| F|  |TAMS 0x00000000c4600000| PB 0x00000000c4600000| Untracked |  0
|  27|0x00000000c4700000, 0x00000000c4700000, 0x00000000c4800000|  0%| F|  |TAMS 0x00000000c4700000| PB 0x00000000c4700000| Untracked |  0
|  28|0x00000000c4800000, 0x00000000c4800000, 0x00000000c4900000|  0%| F|  |TAMS 0x00000000c4800000| PB 0x00000000c4800000| Untracked |  0
|  29|0x00000000c4900000, 0x00000000c4900000, 0x00000000c4a00000|  0%| F|  |TAMS 0x00000000c4900000| PB 0x00000000c4900000| Untracked |  0
|  30|0x00000000c4a00000, 0x00000000c4a00000, 0x00000000c4b00000|  0%| F|  |TAMS 0x00000000c4a00000| PB 0x00000000c4a00000| Untracked |  0
|  31|0x00000000c4b00000, 0x00000000c4b4f720, 0x00000000c4c00000| 31%| S|CS|TAMS 0x00000000c4b00000| PB 0x00000000c4b00000| Complete |  0
|  32|0x00000000c4c00000, 0x00000000c4d00000, 0x00000000c4d00000|100%| S|CS|TAMS 0x00000000c4c00000| PB 0x00000000c4c00000| Complete |  0
|  33|0x00000000c4d00000, 0x00000000c4e00000, 0x00000000c4e00000|100%| S|CS|TAMS 0x00000000c4d00000| PB 0x00000000c4d00000| Complete |  0
|  34|0x00000000c4e00000, 0x00000000c4f00000, 0x00000000c4f00000|100%| S|CS|TAMS 0x00000000c4e00000| PB 0x00000000c4e00000| Complete |  0
|  35|0x00000000c4f00000, 0x00000000c4f00000, 0x00000000c5000000|  0%| F|  |TAMS 0x00000000c4f00000| PB 0x00000000c4f00000| Untracked |  0
|  36|0x00000000c5000000, 0x00000000c5000000, 0x00000000c5100000|  0%| F|  |TAMS 0x00000000c5000000| PB 0x00000000c5000000| Untracked |  0
|  37|0x00000000c5100000, 0x00000000c5100000, 0x00000000c5200000|  0%| F|  |TAMS 0x00000000c5100000| PB 0x00000000c5100000| Untracked |  0
|  38|0x00000000c5200000, 0x00000000c5200000, 0x00000000c5300000|  0%| F|  |TAMS 0x00000000c5200000| PB 0x00000000c5200000| Untracked |  0
|  39|0x00000000c5300000, 0x00000000c53e5330, 0x00000000c5400000| 89%| E|  |TAMS 0x00000000c5300000| PB 0x00000000c5300000| Complete |  0
|  40|0x00000000c5400000, 0x00000000c5500000, 0x00000000c5500000|100%| E|CS|TAMS 0x00000000c5400000| PB 0x00000000c5400000| Complete |  0
|  41|0x00000000c5500000, 0x00000000c5600000, 0x00000000c5600000|100%| E|CS|TAMS 0x00000000c5500000| PB 0x00000000c5500000| Complete |  0
|  42|0x00000000c5600000, 0x00000000c5700000, 0x00000000c5700000|100%| E|CS|TAMS 0x00000000c5600000| PB 0x00000000c5600000| Complete |  0
|  43|0x00000000c5700000, 0x00000000c5800000, 0x00000000c5800000|100%| E|CS|TAMS 0x00000000c5700000| PB 0x00000000c5700000| Complete |  0
|  44|0x00000000c5800000, 0x00000000c5900000, 0x00000000c5900000|100%| E|CS|TAMS 0x00000000c5800000| PB 0x00000000c5800000| Complete |  0
|  45|0x00000000c5900000, 0x00000000c5a00000, 0x00000000c5a00000|100%| E|CS|TAMS 0x00000000c5900000| PB 0x00000000c5900000| Complete |  0
|  46|0x00000000c5a00000, 0x00000000c5b00000, 0x00000000c5b00000|100%| E|CS|TAMS 0x00000000c5a00000| PB 0x00000000c5a00000| Complete |  0
|  47|0x00000000c5b00000, 0x00000000c5c00000, 0x00000000c5c00000|100%| E|CS|TAMS 0x00000000c5b00000| PB 0x00000000c5b00000| Complete |  0
|  48|0x00000000c5c00000, 0x00000000c5d00000, 0x00000000c5d00000|100%| E|CS|TAMS 0x00000000c5c00000| PB 0x00000000c5c00000| Complete |  0
|  49|0x00000000c5d00000, 0x00000000c5e00000, 0x00000000c5e00000|100%| E|CS|TAMS 0x00000000c5d00000| PB 0x00000000c5d00000| Complete |  0
|  50|0x00000000c5e00000, 0x00000000c5f00000, 0x00000000c5f00000|100%| E|CS|TAMS 0x00000000c5e00000| PB 0x00000000c5e00000| Complete |  0
|  51|0x00000000c5f00000, 0x00000000c6000000, 0x00000000c6000000|100%| E|CS|TAMS 0x00000000c5f00000| PB 0x00000000c5f00000| Complete |  0
|  52|0x00000000c6000000, 0x00000000c6100000, 0x00000000c6100000|100%| E|CS|TAMS 0x00000000c6000000| PB 0x00000000c6000000| Complete |  0
|  53|0x00000000c6100000, 0x00000000c6200000, 0x00000000c6200000|100%| E|CS|TAMS 0x00000000c6100000| PB 0x00000000c6100000| Complete |  0
|  54|0x00000000c6200000, 0x00000000c6300000, 0x00000000c6300000|100%| E|CS|TAMS 0x00000000c6200000| PB 0x00000000c6200000| Complete |  0
|  55|0x00000000c6300000, 0x00000000c6400000, 0x00000000c6400000|100%| E|CS|TAMS 0x00000000c6300000| PB 0x00000000c6300000| Complete |  0
|  56|0x00000000c6400000, 0x00000000c6500000, 0x00000000c6500000|100%| E|CS|TAMS 0x00000000c6400000| PB 0x00000000c6400000| Complete |  0
|  57|0x00000000c6500000, 0x00000000c6600000, 0x00000000c6600000|100%| E|CS|TAMS 0x00000000c6500000| PB 0x00000000c6500000| Complete |  0
|  58|0x00000000c6600000, 0x00000000c6700000, 0x00000000c6700000|100%| E|CS|TAMS 0x00000000c6600000| PB 0x00000000c6600000| Complete |  0
|  59|0x00000000c6700000, 0x00000000c6800000, 0x00000000c6800000|100%| E|  |TAMS 0x00000000c6700000| PB 0x00000000c6700000| Complete |  0
|  60|0x00000000c6800000, 0x00000000c6900000, 0x00000000c6900000|100%| E|CS|TAMS 0x00000000c6800000| PB 0x00000000c6800000| Complete |  0
|  61|0x00000000c6900000, 0x00000000c6a00000, 0x00000000c6a00000|100%| E|CS|TAMS 0x00000000c6900000| PB 0x00000000c6900000| Complete |  0
| 978|0x00000000ffe00000, 0x00000000fff00000, 0x00000000fff00000|100%| O|  |TAMS 0x00000000ffe00000| PB 0x00000000ffe00000| Untracked |  0
| 979|0x00000000fff00000, 0x00000000fff24ea8, 0x0000000100000000| 14%| O|  |TAMS 0x00000000fff00000| PB 0x00000000fff00000| Untracked |  0

Card table byte_map: [0x0000019db0de0000,0x0000019db0fd0000] _byte_map_base: 0x0000019db07ca000

Marking Bits: (CMBitMap*) 0x0000019db1055d30
 Bits: [0x0000019dc8b10000, 0x0000019dc9a60000)

Polling page: 0x0000019daee70000

Metaspace:
Metaspace        used 12190K, committed 12416K, reserved 1114112K
 class space     used 1563K, committed 1664K, reserved 1048576K

Usage:
  Non-class:     10.38 MB used.
      Class:      1.53 MB used.
       Both:     11.90 MB used.

Virtual space:
  Non-class space:       64.00 MB reserved,      10.50 MB ( 16%) committed,  1 nodes.
      Class space:        1.00 GB reserved,       1.62 MB ( <1%) committed,  1 nodes.
             Both:        1.06 GB reserved,      12.12 MB (  1%) committed. 

Chunk freelists:
   Non-Class:  4.16 MB
       Class:  14.39 MB
        Both:  18.55 MB

MaxMetaspaceSize: unlimited
CompressedClassSpaceSize: 1.00 GB
Initial GC threshold: 21.00 MB
Current GC threshold: 21.00 MB
CDS: on
 - commit_granule_bytes: 65536.
 - commit_granule_words: 8192.
 - virtual_space_node_default_size: 8388608.
 - enlarge_chunks_in_place: 1.
UseCompressedClassPointers 1, UseCompactObjectHeaders 0
Narrow klass pointer bits 32, Max shift 3
Narrow klass base: 0x000000002a000000, Narrow klass shift: 0
Encoding Range: [0x000000002a000000 - 0x000000012a000000), (4294967296 bytes)
Klass Range:    [0x000000002a010000 - 0x000000006b000000), (1090453504 bytes)
Klass ID Range:  [65536 - 1090519033) (1090453497)
Protection zone: [0x000000002a000000 - 0x000000002a010000), (65536 bytes)


Internal statistics:

num_allocs_failed_limit: 0.
num_arena_births: 84.
num_arena_deaths: 0.
num_vsnodes_births: 2.
num_vsnodes_deaths: 0.
num_space_committed: 194.
num_space_uncommitted: 0.
num_chunks_returned_to_freelist: 0.
num_chunks_taken_from_freelist: 513.
num_chunk_merges: 0.
num_chunk_splits: 345.
num_chunks_enlarged: 288.
num_inconsistent_stats: 0.

CodeHeap 'non-profiled nmethods': size=120128Kb used=755Kb max_used=755Kb free=119372Kb
 bounds [0x0000019dc15c0000, 0x0000019dc1830000, 0x0000019dc8b10000]
CodeHeap 'profiled nmethods': size=120000Kb used=4108Kb max_used=4108Kb free=115891Kb
 bounds [0x0000019db9b10000, 0x0000019db9f20000, 0x0000019dc1040000]
CodeHeap 'non-nmethods': size=5632Kb used=1363Kb max_used=1393Kb free=4269Kb
 bounds [0x0000019dc1040000, 0x0000019dc12b0000, 0x0000019dc15c0000]
CodeCache: size=245760Kb, used=6226Kb, max_used=6256Kb, free=239532Kb
 total_blobs=3167, nmethods=2676, adapters=394, full_count=0
Compilation: enabled, stopped_count=0, restarted_count=0

Compilation events (20 events):
Event: 309.968 Thread 0x0000019dcbdf8f20 2672       3       java.lang.invoke.MethodHandleImpl::makePairwiseConvertByEditor (617 bytes)
Event: 310.131 Thread 0x0000019dcbdf8f20 nmethod 2672 0x0000019db9f07608 code [0x0000019db9f07700, 0x0000019db9f0d178]
Event: 310.131 Thread 0x0000019dcbdf8f20 2675       3       java.util.ArrayList::<init> (61 bytes)
Event: 310.134 Thread 0x0000019dcbdf8f20 nmethod 2675 0x0000019db9f0d208 code [0x0000019db9f0d300, 0x0000019db9f0de10]
Event: 310.429 Thread 0x0000019dcbd84070 2676       4       java.util.Spliterator::getExactSizeIfKnown (25 bytes)
Event: 310.431 Thread 0x0000019dcbd84070 nmethod 2676 0x0000019dc167c988 code [0x0000019dc167ca80, 0x0000019dc167cbc8]
Event: 310.477 Thread 0x0000019dcbdf8f20 2677       3       java.lang.invoke.MethodType::isConvertibleTo (164 bytes)
Event: 310.478 Thread 0x0000019dcbdf8f20 nmethod 2677 0x0000019db9f0de88 code [0x0000019db9f0df80, 0x0000019db9f0eaf0]
Event: 310.478 Thread 0x0000019dcbdf8f20 2678       3       java.lang.invoke.MethodHandleImpl::makePairwiseConvert (22 bytes)
Event: 310.478 Thread 0x0000019dcbdf8f20 nmethod 2678 0x0000019db9f0eb08 code [0x0000019db9f0ec00, 0x0000019db9f0ee00]
Event: 310.521 Thread 0x0000019dcbdf8f20 2679       3       jdk.internal.reflect.MethodHandleFieldAccessorImpl::isStatic (16 bytes)
Event: 310.521 Thread 0x0000019dcbdf8f20 nmethod 2679 0x0000019db9f0ee08 code [0x0000019db9f0ef00, 0x0000019db9f0f060]
Event: 310.534 Thread 0x0000019dcbdf8f20 2681       3       com.google.common.collect.AbstractMapBasedMultimap$WrappedSet::<init> (14 bytes)
Event: 310.534 Thread 0x0000019dcbdf8f20 nmethod 2681 0x0000019db9f0f108 code [0x0000019db9f0f200, 0x0000019db9f0f3a0]
Event: 310.534 Thread 0x0000019dcbdf8f20 2682       3       com.google.common.collect.AbstractMapBasedMultimap$AsMap$AsMapIterator::hasNext (10 bytes)
Event: 310.534 Thread 0x0000019dcbdf8f20 nmethod 2682 0x0000019db9f0f408 code [0x0000019db9f0f500, 0x0000019db9f0f6d8]
Event: 310.534 Thread 0x0000019dcbdf8f20 2680       3       com.google.inject.internal.InternalContext::close (38 bytes)
Event: 310.534 Thread 0x0000019dcbdf8f20 nmethod 2680 0x0000019db9f0f708 code [0x0000019db9f0f800, 0x0000019db9f0fbd8]
Event: 310.535 Thread 0x0000019dcbd84070 2683       4       com.google.inject.internal.MoreTypes::canonicalize (143 bytes)
Event: 310.563 Thread 0x0000019dcbdf8f20 2687       3       com.google.common.collect.TransformedIterator::<init> (16 bytes)

GC Heap Usage History (4 events):
Event: 49.290 {heap Before GC invocations=0 (full 0):
 garbage-first heap   total reserved 1003520K, committed 65536K, used 14483K [0x00000000c2c00000, 0x0000000100000000)
  region size 1024K, 14 young (14336K), 0 survivors (0K)
}
Event: 49.391 {heap After GC invocations=1 (full 0):
 garbage-first heap   total reserved 1003520K, committed 65536K, used 3811K [0x00000000c2c00000, 0x0000000100000000)
  region size 1024K, 2 young (2048K), 2 survivors (2048K)
}
Event: 138.313 {heap Before GC invocations=1 (full 0):
 garbage-first heap   total reserved 1003520K, committed 65536K, used 28387K [0x00000000c2c00000, 0x0000000100000000)
  region size 1024K, 27 young (27648K), 2 survivors (2048K)
}
Event: 138.354 {heap After GC invocations=2 (full 0):
 garbage-first heap   total reserved 1003520K, committed 65536K, used 5153K [0x00000000c2c00000, 0x0000000100000000)
  region size 1024K, 4 young (4096K), 4 survivors (4096K)
}

Metaspace Usage History (4 events):
Event: 49.290 {metaspace Before GC invocations=0 (full 0):
 Metaspace       used 4296K, committed 4480K, reserved 1114112K
  class space    used 487K, committed 576K, reserved 1048576K
}
Event: 49.391 {metaspace After GC invocations=1 (full 0):
 Metaspace       used 4296K, committed 4480K, reserved 1114112K
  class space    used 487K, committed 576K, reserved 1048576K
}
Event: 138.313 {metaspace Before GC invocations=1 (full 0):
 Metaspace       used 7406K, committed 7616K, reserved 1114112K
  class space    used 900K, committed 1024K, reserved 1048576K
}
Event: 138.354 {metaspace After GC invocations=2 (full 0):
 Metaspace       used 7406K, committed 7616K, reserved 1114112K
  class space    used 900K, committed 1024K, reserved 1048576K
}

Dll operation events (7 events):
Event: 0.062 Loaded shared library C:\Program Files\Apache NetBeans\jdk\bin\java.dll
Event: 4.571 Loaded shared library C:\Program Files\Apache NetBeans\jdk\bin\net.dll
Event: 4.836 Loaded shared library C:\Program Files\Apache NetBeans\jdk\bin\nio.dll
Event: 5.227 Loaded shared library C:\Program Files\Apache NetBeans\jdk\bin\zip.dll
Event: 19.538 Loaded shared library C:\Program Files\Apache NetBeans\java\maven\lib\jansi-native\Windows\x86_64\jansi.dll
Event: 19.852 Loaded shared library C:\Program Files\Apache NetBeans\jdk\bin\verify.dll
Event: 22.636 Loaded shared library C:\Program Files\Apache NetBeans\jdk\bin\jimage.dll

Deoptimization events (20 events):
Event: 289.352 Thread 0x0000019daec5d600 Uncommon trap: trap_request=0xffffffc6 fr.pc=0x0000019dc1618df8 relative=0x0000000000000678
Event: 289.352 Thread 0x0000019daec5d600 Uncommon trap: reason=bimorphic_or_optimized_type_check action=maybe_recompile pc=0x0000019dc1618df8 method=java.util.HashMap.putVal(ILjava/lang/Object;Ljava/lang/Object;ZZ)Ljava/lang/Object; @ 91 c2
Event: 289.352 Thread 0x0000019daec5d600 DEOPT PACKING pc=0x0000019dc1618df8 sp=0x0000002a01bfe2d0
Event: 289.352 Thread 0x0000019daec5d600 DEOPT UNPACKING pc=0x0000019dc10c857c sp=0x0000002a01bfe1c0 mode 2
Event: 289.352 Thread 0x0000019daec5d600 Uncommon trap: trap_request=0xffffffc6 fr.pc=0x0000019dc1618df8 relative=0x0000000000000678
Event: 289.352 Thread 0x0000019daec5d600 Uncommon trap: reason=bimorphic_or_optimized_type_check action=maybe_recompile pc=0x0000019dc1618df8 method=java.util.HashMap.putVal(ILjava/lang/Object;Ljava/lang/Object;ZZ)Ljava/lang/Object; @ 91 c2
Event: 289.352 Thread 0x0000019daec5d600 DEOPT PACKING pc=0x0000019dc1618df8 sp=0x0000002a01bfe2d0
Event: 289.352 Thread 0x0000019daec5d600 DEOPT UNPACKING pc=0x0000019dc10c857c sp=0x0000002a01bfe1c0 mode 2
Event: 289.352 Thread 0x0000019daec5d600 Uncommon trap: trap_request=0xffffffc6 fr.pc=0x0000019dc1618df8 relative=0x0000000000000678
Event: 289.352 Thread 0x0000019daec5d600 Uncommon trap: reason=bimorphic_or_optimized_type_check action=maybe_recompile pc=0x0000019dc1618df8 method=java.util.HashMap.putVal(ILjava/lang/Object;Ljava/lang/Object;ZZ)Ljava/lang/Object; @ 91 c2
Event: 289.352 Thread 0x0000019daec5d600 DEOPT PACKING pc=0x0000019dc1618df8 sp=0x0000002a01bfe2d0
Event: 289.352 Thread 0x0000019daec5d600 DEOPT UNPACKING pc=0x0000019dc10c857c sp=0x0000002a01bfe1c0 mode 2
Event: 289.352 Thread 0x0000019daec5d600 Uncommon trap: trap_request=0xffffffc6 fr.pc=0x0000019dc1654104 relative=0x0000000000000604
Event: 289.353 Thread 0x0000019daec5d600 Uncommon trap: reason=bimorphic_or_optimized_type_check action=maybe_recompile pc=0x0000019dc1654104 method=java.util.HashMap.putVal(ILjava/lang/Object;Ljava/lang/Object;ZZ)Ljava/lang/Object; @ 91 c2
Event: 289.353 Thread 0x0000019daec5d600 DEOPT PACKING pc=0x0000019dc1654104 sp=0x0000002a01bfe220
Event: 289.353 Thread 0x0000019daec5d600 DEOPT UNPACKING pc=0x0000019dc10c857c sp=0x0000002a01bfe1b0 mode 2
Event: 305.524 Thread 0x0000019daec5d600 Uncommon trap: trap_request=0xffffff45 fr.pc=0x0000019dc165ecf8 relative=0x00000000000001f8
Event: 305.524 Thread 0x0000019daec5d600 Uncommon trap: reason=unstable_if action=reinterpret pc=0x0000019dc165ecf8 method=java.util.WeakHashMap.expungeStaleEntries()V @ 9 c2
Event: 305.524 Thread 0x0000019daec5d600 DEOPT PACKING pc=0x0000019dc165ecf8 sp=0x0000002a01bfe7f0
Event: 305.524 Thread 0x0000019daec5d600 DEOPT UNPACKING pc=0x0000019dc10c857c sp=0x0000002a01bfe730 mode 2

Classes loaded (20 events):
Event: 224.242 Loading class java/util/TreeMap$Values
Event: 224.501 Loading class java/util/TreeMap$Values done
Event: 224.840 Loading class java/util/TreeMap$ValueIterator
Event: 224.962 Loading class java/util/TreeMap$ValueIterator done
Event: 226.330 Loading class java/lang/invoke/DirectMethodHandle$StaticAccessor
Event: 226.397 Loading class java/lang/invoke/DirectMethodHandle$StaticAccessor done
Event: 227.631 Loading class java/lang/ClassValue$RemovalToken
Event: 227.735 Loading class java/lang/ClassValue$RemovalToken done
Event: 243.868 Loading class sun/reflect/generics/scope/MethodScope
Event: 243.868 Loading class sun/reflect/generics/scope/MethodScope done
Event: 243.868 Loading class sun/reflect/generics/repository/MethodRepository
Event: 243.868 Loading class sun/reflect/generics/repository/MethodRepository done
Event: 295.569 Loading class java/util/ConcurrentModificationException
Event: 295.577 Loading class java/util/ConcurrentModificationException done
Event: 302.837 Loading class java/lang/ClassFormatError
Event: 302.881 Loading class java/lang/ClassFormatError done
Event: 304.800 Loading class java/lang/invoke/VarHandleInts$FieldInstanceReadWrite
Event: 304.844 Loading class java/lang/invoke/VarHandleInts$FieldInstanceReadOnly
Event: 304.889 Loading class java/lang/invoke/VarHandleInts$FieldInstanceReadOnly done
Event: 305.048 Loading class java/lang/invoke/VarHandleInts$FieldInstanceReadWrite done

Classes unloaded (0 events):
No events

Classes redefined (0 events):
No events

Internal exceptions (20 events):
Event: 19.850 Thread 0x0000019daec5d600 Exception <a 'sun/nio/fs/WindowsException'{0x00000000c657db10}> (0x00000000c657db10) 
thrown [s\src\hotspot\share\prims\jni.cpp, line 516]
Event: 19.850 Thread 0x0000019daec5d600 Exception <a 'sun/nio/fs/WindowsException'{0x00000000c657dfb8}> (0x00000000c657dfb8) 
thrown [s\src\hotspot\share\prims\jni.cpp, line 516]
Event: 19.868 Thread 0x0000019daec5d600 Exception <a 'java/lang/NoSuchMethodError'{0x00000000c65b7610}: 'void java.lang.invoke.DirectMethodHandle$Holder.invokeVirtual(java.lang.Object, java.lang.Object)'> (0x00000000c65b7610) 
thrown [s\src\hotspot\share\interpreter\linkResolver.cpp, line 804]
Event: 20.064 Thread 0x0000019daec5d600 Exception <a 'java/lang/NoSuchMethodError'{0x00000000c65d8908}: 'void java.lang.invoke.DirectMethodHandle$Holder.invokeStatic(java.lang.Object, java.lang.Object)'> (0x00000000c65d8908) 
thrown [s\src\hotspot\share\interpreter\linkResolver.cpp, line 804]
Event: 20.383 Thread 0x0000019daec5d600 Exception <a 'java/lang/NoSuchMethodError'{0x00000000c65e09e0}: 'void java.lang.invoke.DirectMethodHandle$Holder.invokeStaticInit(java.lang.Object, java.lang.Object)'> (0x00000000c65e09e0) 
thrown [s\src\hotspot\share\interpreter\linkResolver.cpp, line 804]
Event: 20.762 Thread 0x0000019daec5d600 Exception <a 'java/lang/NoSuchMethodError'{0x00000000c641bee0}: 'void java.lang.invoke.DirectMethodHandle$Holder.invokeSpecial(java.lang.Object, java.lang.Object, java.lang.Object, java.lang.Object, java.lang.Object)'> (0x00000000c641bee0) 
thrown [s\src\hotspot\share\interpreter\linkResolver.cpp, line 804]
Event: 22.631 Thread 0x0000019daec5d600 Exception <a 'java/lang/NoSuchMethodError'{0x00000000c6457b58}: 'void java.lang.invoke.DirectMethodHandle$Holder.invokeStatic(java.lang.Object, java.lang.Object, java.lang.Object)'> (0x00000000c6457b58) 
thrown [s\src\hotspot\share\interpreter\linkResolver.cpp, line 804]
Event: 31.542 Thread 0x0000019daec5d600 Exception <a 'java/lang/NoSuchMethodError'{0x00000000c621b9e0}: 'java.lang.Object java.lang.invoke.DirectMethodHandle$Holder.invokeSpecialIFC(java.lang.Object, java.lang.Object, java.lang.Object, java.lang.Object)'> (0x00000000c621b9e0) 
thrown [s\src\hotspot\share\interpreter\linkResolver.cpp, line 804]
Event: 46.616 Thread 0x0000019daec5d600 Exception <a 'java/lang/NoSuchMethodError'{0x00000000c5d0d698}: 'void java.lang.invoke.DirectMethodHandle$Holder.invokeSpecial(java.lang.Object, java.lang.Object, java.lang.Object)'> (0x00000000c5d0d698) 
thrown [s\src\hotspot\share\interpreter\linkResolver.cpp, line 804]
Event: 47.226 Thread 0x0000019daec5d600 Exception <a 'java/lang/NoSuchMethodError'{0x00000000c5c27b58}: 'java.lang.Object java.lang.invoke.DirectMethodHandle$Holder.invokeInterface(java.lang.Object, java.lang.Object)'> (0x00000000c5c27b58) 
thrown [s\src\hotspot\share\interpreter\linkResolver.cpp, line 804]
Event: 49.275 Thread 0x0000019daec5d600 Exception <a 'java/lang/NoSuchMethodError'{0x00000000c5cd2978}: 'int java.lang.invoke.DirectMethodHandle$Holder.invokeStatic(java.lang.Object, java.lang.Object, java.lang.Object, java.lang.Object)'> (0x00000000c5cd2978) 
thrown [s\src\hotspot\share\interpreter\linkResolver.cpp, line 804]
Event: 49.290 Thread 0x0000019daec5d600 Exception <a 'java/lang/NoSuchMethodError'{0x00000000c5cfcd08}: 'int java.lang.invoke.DirectMethodHandle$Holder.invokeSpecialIFC(java.lang.Object, java.lang.Object, java.lang.Object, java.lang.Object, java.lang.Object)'> (0x00000000c5cfcd08) 
thrown [s\src\hotspot\share\interpreter\linkResolver.cpp, line 804]
Event: 56.377 Thread 0x0000019daec5d600 Exception <a 'java/lang/NoSuchMethodError'{0x00000000c68db0b0}: 'java.lang.Object java.lang.invoke.DirectMethodHandle$Holder.newInvokeSpecial(java.lang.Object, java.lang.Object, java.lang.Object, java.lang.Object, java.lang.Object)'> (0x00000000c68db0b0) 
thrown [s\src\hotspot\share\interpreter\linkResolver.cpp, line 804]
Event: 58.769 Thread 0x0000019daec5d600 Exception <a 'java/lang/NoSuchMethodError'{0x00000000c67f49e8}: 'int java.lang.invoke.DirectMethodHandle$Holder.invokeStaticInit(java.lang.Object, java.lang.Object)'> (0x00000000c67f49e8) 
thrown [s\src\hotspot\share\interpreter\linkResolver.cpp, line 804]
Event: 59.765 Thread 0x0000019daec5d600 Exception <a 'java/lang/NoClassDefFoundError'{0x00000000c662e9e8}: javax/enterprise/inject/Typed> (0x00000000c662e9e8) 
thrown [s\src\hotspot\share\classfile\systemDictionary.cpp, line 316]
Event: 222.268 Thread 0x0000019daec5d600 Exception <a 'java/lang/NoSuchMethodError'{0x00000000c5db05d8}: 'void java.lang.invoke.DirectMethodHandle$Holder.invokeStaticInit(java.lang.Object, java.lang.Object, java.lang.Object)'> (0x00000000c5db05d8) 
thrown [s\src\hotspot\share\interpreter\linkResolver.cpp, line 804]
Event: 226.176 Thread 0x0000019daec5d600 Implicit null exception at 0x0000019dc164399d to 0x0000019dc1643ad0
Event: 227.863 Thread 0x0000019daec5d600 Exception <a 'java/lang/NoSuchMethodError'{0x00000000c5c3b438}: 'java.lang.Object java.lang.invoke.Invokers$Holder.invokeExact_MT(java.lang.Object, int, java.lang.Object)'> (0x00000000c5c3b438) 
thrown [s\src\hotspot\share\interpreter\linkResolver.cpp, line 804]
Event: 297.625 Thread 0x0000019daec5d600 Exception <a 'java/lang/NoSuchMethodError'{0x00000000c54417b8}: 'void java.lang.invoke.Invokers$Holder.invokeExact_MT(java.lang.Object, java.lang.Object, java.lang.Object, java.lang.Object)'> (0x00000000c54417b8) 
thrown [s\src\hotspot\share\interpreter\linkResolver.cpp, line 804]
Event: 302.837 Thread 0x0000019daec5d600 Exception <a 'java/lang/NoClassDefFoundError'{0x00000000c54c15f8}: com/google/inject/servlet/ServletModuleTargetVisitor> (0x00000000c54c15f8) 
thrown [s\src\hotspot\share\classfile\systemDictionary.cpp, line 316]

VM Operations (20 events):
Event: 139.384 Executing non-safepoint VM operation: HandshakeAllThreads (Deoptimize)
Event: 139.384 Executing non-safepoint VM operation: HandshakeAllThreads (Deoptimize) done
Event: 180.653 Executing non-safepoint VM operation: HandshakeAllThreads (HandshakeForDeflation)
Event: 182.828 Executing non-safepoint VM operation: HandshakeAllThreads (HandshakeForDeflation) done
Event: 182.828 Executing non-safepoint VM operation: RendezvousGCThreads
Event: 182.828 Executing non-safepoint VM operation: RendezvousGCThreads done
Event: 223.566 Executing non-safepoint VM operation: HandshakeAllThreads (Deoptimize)
Event: 223.566 Executing non-safepoint VM operation: HandshakeAllThreads (Deoptimize) done
Event: 233.885 Executing non-safepoint VM operation: HandshakeAllThreads (Deoptimize)
Event: 233.885 Executing non-safepoint VM operation: HandshakeAllThreads (Deoptimize) done
Event: 234.012 Executing non-safepoint VM operation: HandshakeAllThreads (Deoptimize)
Event: 234.012 Executing non-safepoint VM operation: HandshakeAllThreads (Deoptimize) done
Event: 243.869 Executing non-safepoint VM operation: HandshakeAllThreads (Deoptimize)
Event: 243.869 Executing non-safepoint VM operation: HandshakeAllThreads (Deoptimize) done
Event: 295.478 Executing non-safepoint VM operation: HandshakeAllThreads (Deoptimize)
Event: 295.478 Executing non-safepoint VM operation: HandshakeAllThreads (Deoptimize) done
Event: 300.955 Executing non-safepoint VM operation: HandshakeAllThreads (HandshakeForDeflation)
Event: 300.955 Executing non-safepoint VM operation: HandshakeAllThreads (HandshakeForDeflation) done
Event: 300.956 Executing non-safepoint VM operation: RendezvousGCThreads
Event: 300.956 Executing non-safepoint VM operation: RendezvousGCThreads done

Memory protections (0 events):
No events

Nmethod flushes (0 events):
No events

Events (13 events):
Event: 0.184 Thread 0x0000019daec5d600 Thread added: 0x0000019daec5d600
Event: 0.273 Thread 0x0000019daec5d600 Thread added: 0x0000019dcbd79590
Event: 0.274 Thread 0x0000019daec5d600 Thread added: 0x0000019dcbd7be40
Event: 0.274 Thread 0x0000019daec5d600 Thread added: 0x0000019dcbd7ef90
Event: 0.275 Thread 0x0000019daec5d600 Thread added: 0x0000019dcbd80cb0
Event: 0.275 Thread 0x0000019daec5d600 Thread added: 0x0000019dcbd825c0
Event: 0.275 Thread 0x0000019daec5d600 Thread added: 0x0000019dcbd83180
Event: 0.275 Thread 0x0000019daec5d600 Thread added: 0x0000019dcbd84070
Event: 0.376 Thread 0x0000019daec5d600 Thread added: 0x0000019dcbdf8f20
Event: 4.135 Thread 0x0000019daec5d600 Thread added: 0x0000019dd0034370
Event: 4.273 Thread 0x0000019daec5d600 Thread added: 0x0000019dd003d620
Event: 19.533 Thread 0x0000019daec5d600 Thread added: 0x0000019dd0083fd0
Event: 27.117 Thread 0x0000019dd0083fd0 Thread exited: 0x0000019dd0083fd0


Dynamic libraries:
0x00007ff62b400000 - 0x00007ff62b40e000 	C:\Program Files\Apache NetBeans\jdk\bin\java.exe
0x00007ffea0ee0000 - 0x00007ffea1147000 	C:\WINDOWS\SYSTEM32\ntdll.dll
0x00007ffe9fee0000 - 0x00007ffe9ffa9000 	C:\WINDOWS\System32\KERNEL32.DLL
0x00007ffe9dbe0000 - 0x00007ffe9dfd4000 	C:\WINDOWS\System32\KERNELBASE.dll
0x00007ffe9e110000 - 0x00007ffe9e25b000 	C:\WINDOWS\System32\ucrtbase.dll
0x00007ffe8a0d0000 - 0x00007ffe8a0e6000 	C:\Program Files\Apache NetBeans\jdk\bin\jli.dll
0x00007ffe9ed70000 - 0x00007ffe9ef35000 	C:\WINDOWS\System32\USER32.dll
0x00007ffe9eb90000 - 0x00007ffe9ebb7000 	C:\WINDOWS\System32\win32u.dll
0x00007ffea09d0000 - 0x00007ffea09fb000 	C:\WINDOWS\System32\GDI32.dll
0x00007ffe9dfe0000 - 0x00007ffe9e10a000 	C:\WINDOWS\System32\gdi32full.dll
0x00007ffe9ebc0000 - 0x00007ffe9ec63000 	C:\WINDOWS\System32\msvcp_win.dll
0x00007ffe8b780000 - 0x00007ffe8b79e000 	C:\Program Files\Apache NetBeans\jdk\bin\VCRUNTIME140.dll
0x00007ffe8ba70000 - 0x00007ffe8bd03000 	C:\WINDOWS\WinSxS\amd64_microsoft.windows.common-controls_6595b64144ccf1df_6.0.26100.8115_none_3e075c82e3354f9c\COMCTL32.dll
0x00007ffea0400000 - 0x00007ffea04a9000 	C:\WINDOWS\System32\msvcrt.dll
0x00007ffe9fd40000 - 0x00007ffe9fd72000 	C:\WINDOWS\System32\IMM32.DLL
0x00007ffe92200000 - 0x00007ffe9220c000 	C:\Program Files\Apache NetBeans\jdk\bin\vcruntime140_1.dll
0x00007ffe76b40000 - 0x00007ffe76bcd000 	C:\Program Files\Apache NetBeans\jdk\bin\msvcp140.dll
0x00007ffe28420000 - 0x00007ffe29346000 	C:\Program Files\Apache NetBeans\jdk\bin\server\jvm.dll
0x00007ffea0660000 - 0x00007ffea0716000 	C:\WINDOWS\System32\ADVAPI32.dll
0x00007ffea04b0000 - 0x00007ffea0557000 	C:\WINDOWS\System32\sechost.dll
0x00007ffe9f250000 - 0x00007ffe9f368000 	C:\WINDOWS\System32\RPCRT4.dll
0x00007ffea0940000 - 0x00007ffea09c0000 	C:\WINDOWS\System32\WS2_32.dll
0x00007ffe9d610000 - 0x00007ffe9d66e000 	C:\WINDOWS\SYSTEM32\POWRPROF.dll
0x00007ffe7a540000 - 0x00007ffe7a576000 	C:\WINDOWS\SYSTEM32\WINMM.dll
0x00007ffe8c650000 - 0x00007ffe8c65b000 	C:\WINDOWS\SYSTEM32\VERSION.dll
0x00007ffe9d5f0000 - 0x00007ffe9d604000 	C:\WINDOWS\SYSTEM32\UMPDC.dll
0x00007ffe9c540000 - 0x00007ffe9c55b000 	C:\WINDOWS\SYSTEM32\kernel.appcore.dll
0x00007ffe904d0000 - 0x00007ffe904da000 	C:\Program Files\Apache NetBeans\jdk\bin\jimage.dll
0x00007ffe9b6f0000 - 0x00007ffe9b932000 	C:\WINDOWS\SYSTEM32\DBGHELP.DLL
0x00007ffe9ffb0000 - 0x00007ffea0332000 	C:\WINDOWS\System32\combase.dll
0x00007ffe9f400000 - 0x00007ffe9f4d7000 	C:\WINDOWS\System32\OLEAUT32.dll
0x00007ffe8c3b0000 - 0x00007ffe8c3eb000 	C:\WINDOWS\SYSTEM32\dbgcore.DLL
0x00007ffe9d9c0000 - 0x00007ffe9da65000 	C:\WINDOWS\System32\bcryptPrimitives.dll
0x00007ffe8a200000 - 0x00007ffe8a21e000 	C:\Program Files\Apache NetBeans\jdk\bin\java.dll
0x00007ffea0790000 - 0x00007ffea0927000 	C:\WINDOWS\System32\ole32.dll
0x00007ffe9f570000 - 0x00007ffe9fcd6000 	C:\WINDOWS\System32\SHELL32.dll
0x00007ffe9da70000 - 0x00007ffe9dbda000 	C:\WINDOWS\System32\wintypes.dll
0x00007ffe9e260000 - 0x00007ffe9eac5000 	C:\WINDOWS\System32\windows.storage.dll
0x00007ffe9ef40000 - 0x00007ffe9f037000 	C:\WINDOWS\System32\SHCORE.dll
0x00007ffea0720000 - 0x00007ffea0786000 	C:\WINDOWS\System32\shlwapi.dll
0x00007ffe9d6d0000 - 0x00007ffe9d6f9000 	C:\WINDOWS\SYSTEM32\profapi.dll
0x00007ffe89600000 - 0x00007ffe89611000 	C:\Program Files\Apache NetBeans\jdk\bin\net.dll
0x00007ffe9cab0000 - 0x00007ffe9cb1c000 	C:\WINDOWS\system32\mswsock.dll
0x00007ffe895e0000 - 0x00007ffe895f6000 	C:\Program Files\Apache NetBeans\jdk\bin\nio.dll
0x00007ffe8a0b0000 - 0x00007ffe8a0c7000 	C:\Program Files\Apache NetBeans\jdk\bin\zip.dll
0x00007ffe77c10000 - 0x00007ffe77c34000 	C:\Program Files\Apache NetBeans\java\maven\lib\jansi-native\Windows\x86_64\jansi.dll
0x00007ffe895d0000 - 0x00007ffe895e0000 	C:\Program Files\Apache NetBeans\jdk\bin\verify.dll

JVMTI agents: none

dbghelp: loaded successfully - version: 4.0.5 - missing functions: none
symbol engine: initialized successfully - sym options: 0x614 - pdb path: .;C:\Program Files\Apache NetBeans\jdk\bin;C:\WINDOWS\SYSTEM32;C:\WINDOWS\WinSxS\amd64_microsoft.windows.common-controls_6595b64144ccf1df_6.0.26100.8115_none_3e075c82e3354f9c;C:\Program Files\Apache NetBeans\jdk\bin\server;C:\Program Files\Apache NetBeans\java\maven\lib\jansi-native\Windows\x86_64

VM Arguments:
jvm_args: --enable-native-access=ALL-UNNAMED -Dclassworlds.conf=C:\Program Files\Apache NetBeans\java\maven\bin\m2.conf -Dmaven.home=C:\Program Files\Apache NetBeans\java\maven -Dlibrary.jansi.path=C:\Program Files\Apache NetBeans\java\maven\lib\jansi-native -Dmaven.multiModuleProjectDirectory=C:\Users\ASUS\Documents\NetBeansProjects\Lubiproject1 
java_command: org.codehaus.plexus.classworlds.launcher.Launcher -Dmaven.ext.class.path=C:\Program Files\Apache NetBeans\java\maven-nblib\netbeans-eventspy.jar --no-transfer-progress install
java_class_path (initial): C:\Program Files\Apache NetBeans\java\maven\boot\plexus-classworlds-2.9.0.jar
Launcher Type: SUN_STANDARD

[Global flags]
     intx CICompilerCount                          = 2                                         {product} {ergonomic}
     uint ConcGCThreads                            = 1                                         {product} {ergonomic}
     uint G1ConcRefinementThreads                  = 2                                         {product} {ergonomic}
   size_t G1HeapRegionSize                         = 1048576                                   {product} {ergonomic}
   size_t InitialHeapSize                          = 65011712                                  {product} {ergonomic}
   size_t MarkStackSize                            = 4194304                                   {product} {ergonomic}
   size_t MarkStackSizeMax                         = 536870912                                 {product} {ergonomic}
   size_t MaxHeapSize                              = 1027604480                                {product} {ergonomic}
   size_t MaxNewSize                               = 616562688                                 {product} {ergonomic}
   size_t MinHeapDeltaBytes                        = 1048576                                   {product} {ergonomic}
   size_t MinHeapSize                              = 8388608                                   {product} {ergonomic}
    uintx NonNMethodCodeHeapSize                   = 5767168                                {pd product} {ergonomic}
    uintx NonProfiledCodeHeapSize                  = 123011072                              {pd product} {ergonomic}
    uintx ProfiledCodeHeapSize                     = 122880000                              {pd product} {ergonomic}
    uintx ReservedCodeCacheSize                    = 251658240                              {pd product} {ergonomic}
     bool SegmentedCodeCache                       = true                                      {product} {ergonomic}
   size_t SoftMaxHeapSize                          = 1027604480                             {manageable} {ergonomic}
     bool UseCompressedOops                        = true                           {product lp64_product} {ergonomic}
     bool UseG1GC                                  = true                                      {product} {ergonomic}
     bool UseLargePagesIndividualAllocation        = false                                  {pd product} {ergonomic}

Logging:
Log output configuration:
 #0: stdout all=warning uptime,level,tags foldmultilines=false
 #1: stderr all=off uptime,level,tags foldmultilines=false

Release file:
IMPLEMENTOR="Eclipse Adoptium" 
IMPLEMENTOR_VERSION="Temurin-25.0.2+10" 
JAVA_RUNTIME_VERSION="25.0.2+10-LTS" 
JAVA_VERSION="25.0.2" 
JAVA_VERSION_DATE="2026-01-20" 
LIBC="default" 
MODULES="java.base java.compiler java.datatransfer java.xml java.prefs java.desktop java.instrument java.logging java.management java.security.sasl java.naming java.rmi java.management.rmi java.net.http java.scripting java.security.jgss java.transaction.xa java.sql java.sql.rowset java.xml.crypto java.se java.smartcardio jdk.accessibility jdk.internal.jvmstat jdk.attach jdk.charsets jdk.internal.opt jdk.zipfs jdk.compiler jdk.crypto.cryptoki jdk.crypto.ec jdk.crypto.mscapi jdk.dynalink jdk.internal.ed jdk.editpad jdk.internal.vm.ci jdk.graal.compiler jdk.graal.compiler.management jdk.hotspot.agent jdk.httpserver jdk.incubator.vector jdk.internal.le jdk.internal.md jdk.jartool jdk.javadoc jdk.jcmd jdk.management jdk.management.agent jdk.jconsole jdk.jdeps jdk.jdwp.agent jdk.jdi jdk.jfr jdk.jlink jdk.jpackage jdk.jshell jdk.jsobject jdk.jstatd jdk.localedata jdk.management.jfr jdk.naming.dns jdk.naming.rmi jdk.net jdk.nio.mapmode jdk.sctp jdk.security.auth jdk.security.jgss jdk.unsupported jdk.unsupported.desktop jdk.xml.dom" 
OS_ARCH="x86_64" 
OS_NAME="Windows" 
SOURCE=".:git:9e3c947043a4" 
BUILD_SOURCE="git:458965074606f027bd5afce2cfd5c1055dea0438"
BUILD_SOURCE_REPO="https://github.com/adoptium/temurin-build.git"
SOURCE_REPO="https://github.com/adoptium/jdk25u.git"
FULL_VERSION="25.0.2+10-LTS"
SEMANTIC_VERSION="25.0.2+10"
BUILD_INFO="OS: Windows Server 2022 Version: 10.0"
JVM_VARIANT="Hotspot"
JVM_VERSION="25.0.2+10-LTS"
IMAGE_TYPE="JDK"

Environment Variables:
JAVA_HOME=C:\Program Files\Apache NetBeans\jdk
PATH=C:\WINDOWS\system32;C:\WINDOWS;C:\WINDOWS\System32\Wbem;C:\WINDOWS\System32\WindowsPowerShell\v1.0\;C:\WINDOWS\System32\OpenSSH\;C:\Program Files\Git\cmd;C:\Users\ASUS\AppData\Local\Microsoft\WindowsApps;;C:\Program Files\Apache NetBeans\bin\
USERNAME=ASUS
OS=Windows_NT
PROCESSOR_IDENTIFIER=Intel64 Family 6 Model 122 Stepping 1, GenuineIntel
TMP=C:\Users\ASUS\AppData\Local\Temp
TEMP=C:\Users\ASUS\AppData\Local\Temp




Compilation memory statistics disabled.

Periodic native trim disabled

---------------  S Y S T E M  ---------------

OS:
 Windows 11 , 64 bit Build 26100 (10.0.26100.8115)
OS uptime: 0 days 0:58 hours

CPU: total 2 (initial active 2) (2 cores per cpu, 1 threads per core) family 6 model 122 stepping 1 microcode 0x34, cx8, cmov, fxsr, mmx, 3dnowpref, sse, sse2, sse3, ssse3, sse4.1, sse4.2, popcnt, tsc, tscinvbit, aes, erms, clmul, sha, clflush, clflushopt, rdtscp, rdpid
Processor Information for the first 2 processors :
  Max Mhz: 1101, Current Mhz: 1101, Mhz Limit: 1101

Memory: 4k page, system-wide physical 3919M (274M free)
TotalPageFile size 15695M (AvailPageFile size 10M)
current process WorkingSet (physical memory assigned to process): 41M, peak: 59M
current process commit charge ("private bytes"): 155M, peak: 157M

vm_info: OpenJDK 64-Bit Server VM (25.0.2+10-LTS) for windows-amd64 JRE (25.0.2+10-LTS), built on 2026-01-20T00:00:00Z with MS VC++ 17.12 (VS2022)

END.
