#
# There is insufficient memory for the Java Runtime Environment to continue.
# Native memory allocation (malloc) failed to allocate 1568344 bytes. Error detail: Chunk::new
# Possible reasons:
#   The system is out of physical RAM or swap space
#   This process is running with CompressedOops enabled, and the Java Heap may be blocking the growth of the native heap
# Possible solutions:
#   Reduce memory load on the system
#   Increase physical memory or swap space
#   Check if swap backing store is full
#   Decrease Java heap size (-Xmx/-Xms)
#   Decrease number of Java threads
#   Decrease Java thread stack sizes (-Xss)
#   Set larger code cache with -XX:ReservedCodeCacheSize=
#   JVM is running with Unscaled Compressed Oops mode in which the Java heap is
#     placed in the first 4GB address space. The Java Heap base address is the
#     maximum limit for the native heap growth. Please use -XX:HeapBaseMinAddress
#     to set the Java Heap base and to place the Java Heap above 4GB virtual address.
# This output file may be truncated or incomplete.
#
#  Out of Memory Error (arena.cpp:186), pid=27256, tid=2964
#
# JRE version: OpenJDK Runtime Environment Temurin-25.0.2+10 (25.0.2+10) (build 25.0.2+10-LTS)
# Java VM: OpenJDK 64-Bit Server VM Temurin-25.0.2+10 (25.0.2+10-LTS, mixed mode, sharing, tiered, compressed oops, compressed class ptrs, g1 gc, windows-amd64)
# No core dump will be written. Minidumps are not enabled by default on client versions of Windows
#

---------------  S U M M A R Y ------------

Command Line: --enable-native-access=ALL-UNNAMED -Dclassworlds.conf=C:\Program Files\Apache NetBeans\java\maven\bin\m2.conf -Dmaven.home=C:\Program Files\Apache NetBeans\java\maven -Dlibrary.jansi.path=C:\Program Files\Apache NetBeans\java\maven\lib\jansi-native -Dmaven.multiModuleProjectDirectory=C:\Users\ASUS\Documents\NetBeansProjects\Lubiproject1 org.codehaus.plexus.classworlds.launcher.Launcher -Dmaven.ext.class.path=C:\Program Files\Apache NetBeans\java\maven-nblib\netbeans-eventspy.jar --no-transfer-progress install

Host: Intel(R) Celeron(R) N4000 CPU @ 1.10GHz, 2 cores, 3G,  Windows 11 , 64 bit Build 26100 (10.0.26100.8115)
Time: Fri Apr  3 20:29:10 2026 SE Asia Standard Time elapsed time: 584.930368 seconds (0d 0h 9m 44s)

---------------  T H R E A D  ---------------

Current thread (0x000001f819b30c20):  JavaThread "C2 CompilerThread0" daemon [_thread_in_native, id=2964, stack(0x0000001506000000,0x0000001506100000) (1024K)]


Current CompileTask:
C2:584930 1712   !   4       java.lang.String::<init> (852 bytes)

Stack: [0x0000001506000000,0x0000001506100000]
Native frames: (J=compiled Java code, j=interpreted, Vv=VM code, C=native code)
V  [jvm.dll+0x7a8bc9]  (no source info available)
V  [jvm.dll+0x77310d]  (no source info available)
V  [jvm.dll+0x9f55f3]  (no source info available)
V  [jvm.dll+0x9f7be1]  (no source info available)
V  [jvm.dll+0x9f82f3]  (no source info available)
V  [jvm.dll+0x2fce26]  (no source info available)
V  [jvm.dll+0x111076]  (no source info available)
V  [jvm.dll+0x11139e]  (no source info available)
V  [jvm.dll+0x19fff2]  (no source info available)
V  [jvm.dll+0x3b5f62]  (no source info available)
V  [jvm.dll+0x7ae53c]  (no source info available)
V  [jvm.dll+0x2c0407]  (no source info available)
V  [jvm.dll+0x2bf3cf]  (no source info available)
V  [jvm.dll+0x237140]  (no source info available)
V  [jvm.dll+0x2cf4c6]  (no source info available)
V  [jvm.dll+0x2cd74a]  (no source info available)
V  [jvm.dll+0x48fbee]  (no source info available)
V  [jvm.dll+0x996b0d]  (no source info available)
V  [jvm.dll+0x7a71a5]  (no source info available)
C  [ucrtbase.dll+0x37b0]  (no source info available)
C  [KERNEL32.DLL+0x2e8d7]  (no source info available)
C  [ntdll.dll+0x8c3fc]  (no source info available)

Lock stack of current Java thread (top to bottom):


---------------  P R O C E S S  ---------------

Threads class SMR info:
_java_thread_list=0x000001f819be9790, length=11, elements={
0x000001f87c94d630, 0x000001f819b24510, 0x000001f819b25c40, 0x000001f819b2b290,
0x000001f819b2e1d0, 0x000001f819b2c380, 0x000001f819b2cf40, 0x000001f819b30c20,
0x000001f819bab550, 0x000001f81e034470, 0x000001f81e045730
}

Java Threads: ( => current thread )
  0x000001f87c94d630 JavaThread "main"                              [_thread_in_vm, id=24348, stack(0x0000001505100000,0x0000001505200000) (1024K)]
  0x000001f819b24510 JavaThread "Reference Handler"          daemon [_thread_blocked, id=17884, stack(0x0000001505a00000,0x0000001505b00000) (1024K)]
  0x000001f819b25c40 JavaThread "Finalizer"                  daemon [_thread_blocked, id=24804, stack(0x0000001505b00000,0x0000001505c00000) (1024K)]
  0x000001f819b2b290 JavaThread "Signal Dispatcher"          daemon [_thread_blocked, id=10420, stack(0x0000001505c00000,0x0000001505d00000) (1024K)]
  0x000001f819b2e1d0 JavaThread "Attach Listener"            daemon [_thread_blocked, id=25452, stack(0x0000001505d00000,0x0000001505e00000) (1024K)]
  0x000001f819b2c380 JavaThread "Service Thread"             daemon [_thread_blocked, id=16056, stack(0x0000001505e00000,0x0000001505f00000) (1024K)]
  0x000001f819b2cf40 JavaThread "Monitor Deflation Thread"   daemon [_thread_blocked, id=21432, stack(0x0000001505f00000,0x0000001506000000) (1024K)]
=>0x000001f819b30c20 JavaThread "C2 CompilerThread0"         daemon [_thread_in_native, id=2964, stack(0x0000001506000000,0x0000001506100000) (1024K)]
  0x000001f819bab550 JavaThread "C1 CompilerThread0"         daemon [_thread_blocked, id=25696, stack(0x0000001506100000,0x0000001506200000) (1024K)]
  0x000001f81e034470 JavaThread "Notification Thread"        daemon [_thread_blocked, id=25312, stack(0x0000001506200000,0x0000001506300000) (1024K)]
  0x000001f81e045730 JavaThread "Common-Cleaner"             daemon [_thread_blocked, id=28560, stack(0x0000001506300000,0x0000001506400000) (1024K)]
Total: 11

Other Threads:
  0x000001f87ee3e990 VMThread "VM Thread"                           [id=24848, stack(0x0000001505900000,0x0000001505a00000) (1024K)]
  0x000001f87ee37230 WatcherThread "VM Periodic Task Thread"        [id=20696, stack(0x0000001505800000,0x0000001505900000) (1024K)]
  0x000001f87edb55a0 WorkerThread "GC Thread#0"                     [id=26680, stack(0x0000001505300000,0x0000001505400000) (1024K)]
  0x000001f81e0c6030 WorkerThread "GC Thread#1"                     [id=28276, stack(0x0000001505200000,0x0000001505300000) (1024K)]
  0x000001f87edc1e30 ConcurrentGCThread "G1 Main Marker"            [id=25244, stack(0x0000001505400000,0x0000001505500000) (1024K)]
  0x000001f87edc29d0 WorkerThread "G1 Conc#0"                       [id=25212, stack(0x0000001505500000,0x0000001505600000) (1024K)]
  0x000001f87eddd180 ConcurrentGCThread "G1 Refine#0"               [id=25252, stack(0x0000001505600000,0x0000001505700000) (1024K)]
  0x000001f87edddd90 ConcurrentGCThread "G1 Service"                [id=23756, stack(0x0000001505700000,0x0000001505800000) (1024K)]
Total: 8

Threads with active compile tasks:
C2 CompilerThread0  591134 1712   !   4       java.lang.String::<init> (852 bytes)
Total: 1

VM state: not at safepoint (normal execution)

VM Mutex/Monitor currently owned by a thread: None

Heap address: 0x00000000c2c00000, size: 980 MB, Compressed Oops mode: 32-bit

CDS archive(s) mapped at: [0x0000000005000000-0x0000000005dd0000-0x0000000005dd0000), size 14483456, SharedBaseAddress: 0x0000000005000000, ArchiveRelocationMode: 1.
Compressed class space mapped at: 0x0000000006000000-0x0000000046000000, reserved size: 1073741824
UseCompressedClassPointers 1, UseCompactObjectHeaders 0
Narrow klass pointer bits 32, Max shift 3
Narrow klass base: 0x0000000005000000, Narrow klass shift: 0
Encoding Range: [0x0000000005000000 - 0x0000000105000000), (4294967296 bytes)
Klass Range:    [0x0000000005010000 - 0x0000000046000000), (1090453504 bytes)
Klass ID Range:  [65536 - 1090519033) (1090453497)
Protection zone: [0x0000000005000000 - 0x0000000005010000), (65536 bytes)

GC Precious Log:
 CardTable entry size: 512
 Card Set container configuration: InlinePtr #cards 5 size 8 Array Of Cards #cards 10 size 36 Howl #buckets 4 coarsen threshold 1843 Howl Bitmap #cards 512 size 80 coarsen threshold 460 Card regions per heap region 1 cards per card region 2048
 CPUs: 2 total, 2 available
 Memory: 3919M
 Large Page Support: Disabled
 NUMA Support: Disabled
 Compressed Oops: Enabled (32-bit)
 Heap Region Size: 1M
 Heap Min Capacity: 8M
 Heap Initial Capacity: 62M
 Heap Max Capacity: 980M
 Pre-touch: Disabled
 Parallel Workers: 2
 Concurrent Workers: 1
 Concurrent Refinement Workers: 2
 Periodic GC: Disabled

Heap:
 garbage-first heap   total reserved 1003520K, committed 65536K, used 5004K [0x00000000c2c00000, 0x0000000100000000)
  region size 1024K, 2 young (2048K), 1 survivors (1024K)

Heap Regions: E=young(eden), S=young(survivor), O=old, HS=humongous(starts), HC=humongous(continues), CS=collection set, F=free, TAMS=top-at-mark-start, PB=parsable bottom
|   0|0x00000000c2c00000, 0x00000000c2d00000, 0x00000000c2d00000|100%| O|  |TAMS 0x00000000c2c00000| PB 0x00000000c2c00000| Untracked |  0
|   1|0x00000000c2d00000, 0x00000000c2e00000, 0x00000000c2e00000|100%| O|  |TAMS 0x00000000c2d00000| PB 0x00000000c2d00000| Untracked |  0
|   2|0x00000000c2e00000, 0x00000000c2f00000, 0x00000000c2f00000|100%| O|  |TAMS 0x00000000c2e00000| PB 0x00000000c2e00000| Untracked |  0
|   3|0x00000000c2f00000, 0x00000000c2f65730, 0x00000000c3000000| 39%| O|  |TAMS 0x00000000c2f00000| PB 0x00000000c2f00000| Untracked |  0
|   4|0x00000000c3000000, 0x00000000c3000000, 0x00000000c3100000|  0%| F|  |TAMS 0x00000000c3000000| PB 0x00000000c3000000| Untracked |  0
|   5|0x00000000c3100000, 0x00000000c3100000, 0x00000000c3200000|  0%| F|  |TAMS 0x00000000c3100000| PB 0x00000000c3100000| Untracked |  0
|   6|0x00000000c3200000, 0x00000000c3200000, 0x00000000c3300000|  0%| F|  |TAMS 0x00000000c3200000| PB 0x00000000c3200000| Untracked |  0
|   7|0x00000000c3300000, 0x00000000c3300000, 0x00000000c3400000|  0%| F|  |TAMS 0x00000000c3300000| PB 0x00000000c3300000| Untracked |  0
|   8|0x00000000c3400000, 0x00000000c3400000, 0x00000000c3500000|  0%| F|  |TAMS 0x00000000c3400000| PB 0x00000000c3400000| Untracked |  0
|   9|0x00000000c3500000, 0x00000000c3500000, 0x00000000c3600000|  0%| F|  |TAMS 0x00000000c3500000| PB 0x00000000c3500000| Untracked |  0
|  10|0x00000000c3600000, 0x00000000c3600000, 0x00000000c3700000|  0%| F|  |TAMS 0x00000000c3600000| PB 0x00000000c3600000| Untracked |  0
|  11|0x00000000c3700000, 0x00000000c3700000, 0x00000000c3800000|  0%| F|  |TAMS 0x00000000c3700000| PB 0x00000000c3700000| Untracked |  0
|  12|0x00000000c3800000, 0x00000000c3800000, 0x00000000c3900000|  0%| F|  |TAMS 0x00000000c3800000| PB 0x00000000c3800000| Untracked |  0
|  13|0x00000000c3900000, 0x00000000c3900000, 0x00000000c3a00000|  0%| F|  |TAMS 0x00000000c3900000| PB 0x00000000c3900000| Untracked |  0
|  14|0x00000000c3a00000, 0x00000000c3a00000, 0x00000000c3b00000|  0%| F|  |TAMS 0x00000000c3a00000| PB 0x00000000c3a00000| Untracked |  0
|  15|0x00000000c3b00000, 0x00000000c3b00000, 0x00000000c3c00000|  0%| F|  |TAMS 0x00000000c3b00000| PB 0x00000000c3b00000| Untracked |  0
|  16|0x00000000c3c00000, 0x00000000c3c00000, 0x00000000c3d00000|  0%| F|  |TAMS 0x00000000c3c00000| PB 0x00000000c3c00000| Untracked |  0
|  17|0x00000000c3d00000, 0x00000000c3d00000, 0x00000000c3e00000|  0%| F|  |TAMS 0x00000000c3d00000| PB 0x00000000c3d00000| Untracked |  0
|  18|0x00000000c3e00000, 0x00000000c3e00000, 0x00000000c3f00000|  0%| F|  |TAMS 0x00000000c3e00000| PB 0x00000000c3e00000| Untracked |  0
|  19|0x00000000c3f00000, 0x00000000c3f00000, 0x00000000c4000000|  0%| F|  |TAMS 0x00000000c3f00000| PB 0x00000000c3f00000| Untracked |  0
|  20|0x00000000c4000000, 0x00000000c4000000, 0x00000000c4100000|  0%| F|  |TAMS 0x00000000c4000000| PB 0x00000000c4000000| Untracked |  0
|  21|0x00000000c4100000, 0x00000000c4100000, 0x00000000c4200000|  0%| F|  |TAMS 0x00000000c4100000| PB 0x00000000c4100000| Untracked |  0
|  22|0x00000000c4200000, 0x00000000c4200000, 0x00000000c4300000|  0%| F|  |TAMS 0x00000000c4200000| PB 0x00000000c4200000| Untracked |  0
|  23|0x00000000c4300000, 0x00000000c4300000, 0x00000000c4400000|  0%| F|  |TAMS 0x00000000c4300000| PB 0x00000000c4300000| Untracked |  0
|  24|0x00000000c4400000, 0x00000000c4400000, 0x00000000c4500000|  0%| F|  |TAMS 0x00000000c4400000| PB 0x00000000c4400000| Untracked |  0
|  25|0x00000000c4500000, 0x00000000c4500000, 0x00000000c4600000|  0%| F|  |TAMS 0x00000000c4500000| PB 0x00000000c4500000| Untracked |  0
|  26|0x00000000c4600000, 0x00000000c4600000, 0x00000000c4700000|  0%| F|  |TAMS 0x00000000c4600000| PB 0x00000000c4600000| Untracked |  0
|  27|0x00000000c4700000, 0x00000000c4700000, 0x00000000c4800000|  0%| F|  |TAMS 0x00000000c4700000| PB 0x00000000c4700000| Untracked |  0
|  28|0x00000000c4800000, 0x00000000c4800000, 0x00000000c4900000|  0%| F|  |TAMS 0x00000000c4800000| PB 0x00000000c4800000| Untracked |  0
|  29|0x00000000c4900000, 0x00000000c4900000, 0x00000000c4a00000|  0%| F|  |TAMS 0x00000000c4900000| PB 0x00000000c4900000| Untracked |  0
|  30|0x00000000c4a00000, 0x00000000c4a00000, 0x00000000c4b00000|  0%| F|  |TAMS 0x00000000c4a00000| PB 0x00000000c4a00000| Untracked |  0
|  31|0x00000000c4b00000, 0x00000000c4b00000, 0x00000000c4c00000|  0%| F|  |TAMS 0x00000000c4b00000| PB 0x00000000c4b00000| Untracked |  0
|  32|0x00000000c4c00000, 0x00000000c4c00000, 0x00000000c4d00000|  0%| F|  |TAMS 0x00000000c4c00000| PB 0x00000000c4c00000| Untracked |  0
|  33|0x00000000c4d00000, 0x00000000c4d00000, 0x00000000c4e00000|  0%| F|  |TAMS 0x00000000c4d00000| PB 0x00000000c4d00000| Untracked |  0
|  34|0x00000000c4e00000, 0x00000000c4e00000, 0x00000000c4f00000|  0%| F|  |TAMS 0x00000000c4e00000| PB 0x00000000c4e00000| Untracked |  0
|  35|0x00000000c4f00000, 0x00000000c4f00000, 0x00000000c5000000|  0%| F|  |TAMS 0x00000000c4f00000| PB 0x00000000c4f00000| Untracked |  0
|  36|0x00000000c5000000, 0x00000000c5000000, 0x00000000c5100000|  0%| F|  |TAMS 0x00000000c5000000| PB 0x00000000c5000000| Untracked |  0
|  37|0x00000000c5100000, 0x00000000c5100000, 0x00000000c5200000|  0%| F|  |TAMS 0x00000000c5100000| PB 0x00000000c5100000| Untracked |  0
|  38|0x00000000c5200000, 0x00000000c5200000, 0x00000000c5300000|  0%| F|  |TAMS 0x00000000c5200000| PB 0x00000000c5200000| Untracked |  0
|  39|0x00000000c5300000, 0x00000000c5300000, 0x00000000c5400000|  0%| F|  |TAMS 0x00000000c5300000| PB 0x00000000c5300000| Untracked |  0
|  40|0x00000000c5400000, 0x00000000c5400000, 0x00000000c5500000|  0%| F|  |TAMS 0x00000000c5400000| PB 0x00000000c5400000| Untracked |  0
|  41|0x00000000c5500000, 0x00000000c5500000, 0x00000000c5600000|  0%| F|  |TAMS 0x00000000c5500000| PB 0x00000000c5500000| Untracked |  0
|  42|0x00000000c5600000, 0x00000000c5600000, 0x00000000c5700000|  0%| F|  |TAMS 0x00000000c5600000| PB 0x00000000c5600000| Untracked |  0
|  43|0x00000000c5700000, 0x00000000c5700000, 0x00000000c5800000|  0%| F|  |TAMS 0x00000000c5700000| PB 0x00000000c5700000| Untracked |  0
|  44|0x00000000c5800000, 0x00000000c5800000, 0x00000000c5900000|  0%| F|  |TAMS 0x00000000c5800000| PB 0x00000000c5800000| Untracked |  0
|  45|0x00000000c5900000, 0x00000000c5900000, 0x00000000c5a00000|  0%| F|  |TAMS 0x00000000c5900000| PB 0x00000000c5900000| Untracked |  0
|  46|0x00000000c5a00000, 0x00000000c5a00000, 0x00000000c5b00000|  0%| F|  |TAMS 0x00000000c5a00000| PB 0x00000000c5a00000| Untracked |  0
|  47|0x00000000c5b00000, 0x00000000c5b00000, 0x00000000c5c00000|  0%| F|  |TAMS 0x00000000c5b00000| PB 0x00000000c5b00000| Untracked |  0
|  48|0x00000000c5c00000, 0x00000000c5c00000, 0x00000000c5d00000|  0%| F|  |TAMS 0x00000000c5c00000| PB 0x00000000c5c00000| Untracked |  0
|  49|0x00000000c5d00000, 0x00000000c5d00000, 0x00000000c5e00000|  0%| F|  |TAMS 0x00000000c5d00000| PB 0x00000000c5d00000| Untracked |  0
|  50|0x00000000c5e00000, 0x00000000c5e00000, 0x00000000c5f00000|  0%| F|  |TAMS 0x00000000c5e00000| PB 0x00000000c5e00000| Untracked |  0
|  51|0x00000000c5f00000, 0x00000000c5f00000, 0x00000000c6000000|  0%| F|  |TAMS 0x00000000c5f00000| PB 0x00000000c5f00000| Untracked |  0
|  52|0x00000000c6000000, 0x00000000c6000000, 0x00000000c6100000|  0%| F|  |TAMS 0x00000000c6000000| PB 0x00000000c6000000| Untracked |  0
|  53|0x00000000c6100000, 0x00000000c6100000, 0x00000000c6200000|  0%| F|  |TAMS 0x00000000c6100000| PB 0x00000000c6100000| Untracked |  0
|  54|0x00000000c6200000, 0x00000000c6200000, 0x00000000c6300000|  0%| F|  |TAMS 0x00000000c6200000| PB 0x00000000c6200000| Untracked |  0
|  55|0x00000000c6300000, 0x00000000c6300000, 0x00000000c6400000|  0%| F|  |TAMS 0x00000000c6300000| PB 0x00000000c6300000| Untracked |  0
|  56|0x00000000c6400000, 0x00000000c6400000, 0x00000000c6500000|  0%| F|  |TAMS 0x00000000c6400000| PB 0x00000000c6400000| Untracked |  0
|  57|0x00000000c6500000, 0x00000000c6500000, 0x00000000c6600000|  0%| F|  |TAMS 0x00000000c6500000| PB 0x00000000c6500000| Untracked |  0
|  58|0x00000000c6600000, 0x00000000c6658aa0, 0x00000000c6700000| 34%| S|CS|TAMS 0x00000000c6600000| PB 0x00000000c6600000| Complete |  0
|  59|0x00000000c6700000, 0x00000000c6700000, 0x00000000c6800000|  0%| F|  |TAMS 0x00000000c6700000| PB 0x00000000c6700000| Untracked |  0
|  60|0x00000000c6800000, 0x00000000c6800000, 0x00000000c6900000|  0%| F|  |TAMS 0x00000000c6800000| PB 0x00000000c6800000| Untracked |  0
|  61|0x00000000c6900000, 0x00000000c69b4068, 0x00000000c6a00000| 70%| E|  |TAMS 0x00000000c6900000| PB 0x00000000c6900000| Complete |  0
| 978|0x00000000ffe00000, 0x00000000fff00000, 0x00000000fff00000|100%| O|  |TAMS 0x00000000ffe00000| PB 0x00000000ffe00000| Untracked |  0
| 979|0x00000000fff00000, 0x00000000fff24ea8, 0x0000000100000000| 14%| O|  |TAMS 0x00000000fff00000| PB 0x00000000fff00000| Untracked |  0

Card table byte_map: [0x000001f87eb30000,0x000001f87ed20000] _byte_map_base: 0x000001f87e51a000

Marking Bits: (CMBitMap*) 0x000001f87edb5d30
 Bits: [0x000001f87ee40000, 0x000001f87fd90000)

Polling page: 0x000001f87cbe0000

Metaspace:
Metaspace        used 7126K, committed 7360K, reserved 1114112K
 class space     used 864K, committed 960K, reserved 1048576K

Usage:
  Non-class:      6.12 MB used.
      Class:    864.32 KB used.
       Both:      6.96 MB used.

Virtual space:
  Non-class space:       64.00 MB reserved,       6.25 MB ( 10%) committed,  1 nodes.
      Class space:        1.00 GB reserved,     960.00 KB ( <1%) committed,  1 nodes.
             Both:        1.06 GB reserved,       7.19 MB ( <1%) committed. 

Chunk freelists:
   Non-Class:  8.05 MB
       Class:  15.08 MB
        Both:  23.12 MB

MaxMetaspaceSize: unlimited
CompressedClassSpaceSize: 1.00 GB
Initial GC threshold: 21.00 MB
Current GC threshold: 21.00 MB
CDS: on
 - commit_granule_bytes: 65536.
 - commit_granule_words: 8192.
 - virtual_space_node_default_size: 8388608.
 - enlarge_chunks_in_place: 1.
UseCompressedClassPointers 1, UseCompactObjectHeaders 0
Narrow klass pointer bits 32, Max shift 3
Narrow klass base: 0x0000000005000000, Narrow klass shift: 0
Encoding Range: [0x0000000005000000 - 0x0000000105000000), (4294967296 bytes)
Klass Range:    [0x0000000005010000 - 0x0000000046000000), (1090453504 bytes)
Klass ID Range:  [65536 - 1090519033) (1090453497)
Protection zone: [0x0000000005000000 - 0x0000000005010000), (65536 bytes)


Internal statistics:

num_allocs_failed_limit: 0.
num_arena_births: 56.
num_arena_deaths: 0.
num_vsnodes_births: 2.
num_vsnodes_deaths: 0.
num_space_committed: 115.
num_space_uncommitted: 0.
num_chunks_returned_to_freelist: 0.
num_chunks_taken_from_freelist: 276.
num_chunk_merges: 0.
num_chunk_splits: 181.
num_chunks_enlarged: 152.
num_inconsistent_stats: 0.

CodeHeap 'non-profiled nmethods': size=120128Kb used=544Kb max_used=544Kb free=119583Kb
 bounds [0x000001f8104e0000, 0x000001f810750000, 0x000001f817a30000]
CodeHeap 'profiled nmethods': size=120000Kb used=2554Kb max_used=2554Kb free=117445Kb
 bounds [0x000001f808a30000, 0x000001f808cb0000, 0x000001f80ff60000]
CodeHeap 'non-nmethods': size=5632Kb used=1341Kb max_used=1387Kb free=4291Kb
 bounds [0x000001f80ff60000, 0x000001f8101d0000, 0x000001f8104e0000]
CodeCache: size=245760Kb, used=4439Kb, max_used=4485Kb, free=241319Kb
 total_blobs=2176, nmethods=1706, adapters=374, full_count=0
Compilation: enabled, stopped_count=0, restarted_count=0

Compilation events (20 events):
Event: 567.310 Thread 0x000001f819bab550 nmethod 1699 0x000001f808c9ae08 code [0x000001f808c9af00, 0x000001f808ca3e40]
Event: 568.273 Thread 0x000001f819bab550 1700       3       java.lang.invoke.LambdaForm$MH/0x0000000006048400::invoke (25 bytes)
Event: 568.377 Thread 0x000001f819bab550 nmethod 1700 0x000001f808ca3e88 code [0x000001f808ca3f80, 0x000001f808ca44d8]
Event: 572.014 Thread 0x000001f819bab550 1703       3       sun.reflect.annotation.AnnotationInvocationHandler::<init> (71 bytes)
Event: 572.116 Thread 0x000001f819bab550 nmethod 1703 0x000001f808ca4508 code [0x000001f808ca4600, 0x000001f808ca53d0]
Event: 572.116 Thread 0x000001f819bab550 1705       3       java.lang.reflect.Proxy::getProxyConstructor (63 bytes)
Event: 572.206 Thread 0x000001f819bab550 nmethod 1705 0x000001f808ca5408 code [0x000001f808ca5500, 0x000001f808ca67e0]
Event: 576.926 Thread 0x000001f819bab550 1706       3       com.google.inject.internal.AbstractBindingBuilder::setBinding (22 bytes)
Event: 576.926 Thread 0x000001f819bab550 nmethod 1706 0x000001f808ca6808 code [0x000001f808ca6900, 0x000001f808ca6b48]
Event: 579.742 Thread 0x000001f819bab550 1707       3       java.nio.HeapByteBuffer::<init> (21 bytes)
Event: 579.743 Thread 0x000001f819bab550 nmethod 1707 0x000001f808ca6b88 code [0x000001f808ca6c80, 0x000001f808ca6e98]
Event: 579.802 Thread 0x000001f819bab550 1708       3       java.nio.charset.CharsetDecoder::<init> (100 bytes)
Event: 579.803 Thread 0x000001f819bab550 nmethod 1708 0x000001f808ca6f08 code [0x000001f808ca7000, 0x000001f808ca7700]
Event: 580.479 Thread 0x000001f819bab550 1709       3       java.lang.reflect.AnnotatedElement::isAnnotationPresent (16 bytes)
Event: 580.479 Thread 0x000001f819bab550 nmethod 1709 0x000001f808ca7708 code [0x000001f808ca7800, 0x000001f808ca7a10]
Event: 580.534 Thread 0x000001f819bab550 1710       3       com.google.inject.spi.ElementSource::<init> (47 bytes)
Event: 580.596 Thread 0x000001f819bab550 nmethod 1710 0x000001f808ca7a88 code [0x000001f808ca7b80, 0x000001f808ca8170]
Event: 580.683 Thread 0x000001f819bab550 1711       3       java.lang.StringLatin1::toChars (16 bytes)
Event: 580.683 Thread 0x000001f819bab550 nmethod 1711 0x000001f808ca8208 code [0x000001f808ca8300, 0x000001f808ca84d0]
Event: 581.252 Thread 0x000001f819b30c20 1712   !   4       java.lang.String::<init> (852 bytes)

GC Heap Usage History (12 events):
Event: 287.344 {heap Before GC invocations=0 (full 0):
 garbage-first heap   total reserved 1003520K, committed 65536K, used 14483K [0x00000000c2c00000, 0x0000000100000000)
  region size 1024K, 14 young (14336K), 0 survivors (0K)
}
Event: 305.579 {heap After GC invocations=1 (full 0):
 garbage-first heap   total reserved 1003520K, committed 65536K, used 3923K [0x00000000c2c00000, 0x0000000100000000)
  region size 1024K, 2 young (2048K), 2 survivors (2048K)
}
Event: 483.020 {heap Before GC invocations=1 (full 0):
 garbage-first heap   total reserved 1003520K, committed 65536K, used 19283K [0x00000000c2c00000, 0x0000000100000000)
  region size 1024K, 17 young (17408K), 2 survivors (2048K)
}
Event: 486.228 {heap After GC invocations=2 (full 0):
 garbage-first heap   total reserved 1003520K, committed 65536K, used 4722K [0x00000000c2c00000, 0x0000000100000000)
  region size 1024K, 1 young (1024K), 1 survivors (1024K)
}
Event: 496.812 {heap Before GC invocations=2 (full 0):
 garbage-first heap   total reserved 1003520K, committed 65536K, used 6770K [0x00000000c2c00000, 0x0000000100000000)
  region size 1024K, 3 young (3072K), 1 survivors (1024K)
}
Event: 496.882 {heap After GC invocations=3 (full 0):
 garbage-first heap   total reserved 1003520K, committed 65536K, used 4824K [0x00000000c2c00000, 0x0000000100000000)
  region size 1024K, 1 young (1024K), 1 survivors (1024K)
}
Event: 505.501 {heap Before GC invocations=3 (full 0):
 garbage-first heap   total reserved 1003520K, committed 65536K, used 6872K [0x00000000c2c00000, 0x0000000100000000)
  region size 1024K, 3 young (3072K), 1 survivors (1024K)
}
Event: 505.725 {heap After GC invocations=4 (full 0):
 garbage-first heap   total reserved 1003520K, committed 65536K, used 4915K [0x00000000c2c00000, 0x0000000100000000)
  region size 1024K, 1 young (1024K), 1 survivors (1024K)
}
Event: 538.103 {heap Before GC invocations=4 (full 0):
 garbage-first heap   total reserved 1003520K, committed 65536K, used 5939K [0x00000000c2c00000, 0x0000000100000000)
  region size 1024K, 3 young (3072K), 1 survivors (1024K)
}
Event: 538.117 {heap After GC invocations=5 (full 0):
 garbage-first heap   total reserved 1003520K, committed 65536K, used 4924K [0x00000000c2c00000, 0x0000000100000000)
  region size 1024K, 1 young (1024K), 1 survivors (1024K)
}
Event: 576.736 {heap Before GC invocations=5 (full 0):
 garbage-first heap   total reserved 1003520K, committed 65536K, used 5948K [0x00000000c2c00000, 0x0000000100000000)
  region size 1024K, 3 young (3072K), 1 survivors (1024K)
}
Event: 576.886 {heap After GC invocations=6 (full 0):
 garbage-first heap   total reserved 1003520K, committed 65536K, used 5004K [0x00000000c2c00000, 0x0000000100000000)
  region size 1024K, 1 young (1024K), 1 survivors (1024K)
}

Metaspace Usage History (12 events):
Event: 287.344 {metaspace Before GC invocations=0 (full 0):
 Metaspace       used 4337K, committed 4544K, reserved 1114112K
  class space    used 487K, committed 576K, reserved 1048576K
}
Event: 305.579 {metaspace After GC invocations=1 (full 0):
 Metaspace       used 4337K, committed 4544K, reserved 1114112K
  class space    used 487K, committed 576K, reserved 1048576K
}
Event: 483.020 {metaspace Before GC invocations=1 (full 0):
 Metaspace       used 6271K, committed 6464K, reserved 1114112K
  class space    used 760K, committed 896K, reserved 1048576K
}
Event: 486.228 {metaspace After GC invocations=2 (full 0):
 Metaspace       used 6271K, committed 6464K, reserved 1114112K
  class space    used 760K, committed 896K, reserved 1048576K
}
Event: 496.812 {metaspace Before GC invocations=2 (full 0):
 Metaspace       used 6524K, committed 6720K, reserved 1114112K
  class space    used 791K, committed 896K, reserved 1048576K
}
Event: 496.882 {metaspace After GC invocations=3 (full 0):
 Metaspace       used 6524K, committed 6720K, reserved 1114112K
  class space    used 791K, committed 896K, reserved 1048576K
}
Event: 505.501 {metaspace Before GC invocations=3 (full 0):
 Metaspace       used 6678K, committed 6912K, reserved 1114112K
  class space    used 809K, committed 896K, reserved 1048576K
}
Event: 505.725 {metaspace After GC invocations=4 (full 0):
 Metaspace       used 6678K, committed 6912K, reserved 1114112K
  class space    used 809K, committed 896K, reserved 1048576K
}
Event: 538.103 {metaspace Before GC invocations=4 (full 0):
 Metaspace       used 6871K, committed 7104K, reserved 1114112K
  class space    used 832K, committed 960K, reserved 1048576K
}
Event: 538.117 {metaspace After GC invocations=5 (full 0):
 Metaspace       used 6871K, committed 7104K, reserved 1114112K
  class space    used 832K, committed 960K, reserved 1048576K
}
Event: 576.736 {metaspace Before GC invocations=5 (full 0):
 Metaspace       used 7090K, committed 7296K, reserved 1114112K
  class space    used 857K, committed 960K, reserved 1048576K
}
Event: 576.886 {metaspace After GC invocations=6 (full 0):
 Metaspace       used 7090K, committed 7296K, reserved 1114112K
  class space    used 857K, committed 960K, reserved 1048576K
}

Dll operation events (7 events):
Event: 0.686 Loaded shared library C:\Program Files\Apache NetBeans\jdk\bin\java.dll
Event: 18.865 Loaded shared library C:\Program Files\Apache NetBeans\jdk\bin\net.dll
Event: 18.870 Loaded shared library C:\Program Files\Apache NetBeans\jdk\bin\nio.dll
Event: 22.309 Loaded shared library C:\Program Files\Apache NetBeans\jdk\bin\zip.dll
Event: 73.280 Loaded shared library C:\Program Files\Apache NetBeans\java\maven\lib\jansi-native\Windows\x86_64\jansi.dll
Event: 73.874 Loaded shared library C:\Program Files\Apache NetBeans\jdk\bin\verify.dll
Event: 78.722 Loaded shared library C:\Program Files\Apache NetBeans\jdk\bin\jimage.dll

Deoptimization events (20 events):
Event: 490.976 Thread 0x000001f87c94d630 DEOPT PACKING pc=0x000001f8105571f8 sp=0x00000015051fdf60
Event: 490.976 Thread 0x000001f87c94d630 DEOPT UNPACKING pc=0x000001f80ffe857c sp=0x00000015051fded8 mode 2
Event: 490.976 Thread 0x000001f87c94d630 Uncommon trap: trap_request=0xffffffde fr.pc=0x000001f8105571f8 relative=0x00000000000000f8
Event: 490.976 Thread 0x000001f87c94d630 Uncommon trap: reason=class_check action=maybe_recompile pc=0x000001f8105571f8 method=jdk.internal.misc.Unsafe.allocateUninitializedArray(Ljava/lang/Class;I)Ljava/lang/Object; @ 51 c2
Event: 490.976 Thread 0x000001f87c94d630 DEOPT PACKING pc=0x000001f8105571f8 sp=0x00000015051fdd80
Event: 490.977 Thread 0x000001f87c94d630 DEOPT UNPACKING pc=0x000001f80ffe857c sp=0x00000015051fdcf8 mode 2
Event: 490.977 Thread 0x000001f87c94d630 Uncommon trap: trap_request=0xffffffde fr.pc=0x000001f8105571f8 relative=0x00000000000000f8
Event: 490.977 Thread 0x000001f87c94d630 Uncommon trap: reason=class_check action=maybe_recompile pc=0x000001f8105571f8 method=jdk.internal.misc.Unsafe.allocateUninitializedArray(Ljava/lang/Class;I)Ljava/lang/Object; @ 51 c2
Event: 490.977 Thread 0x000001f87c94d630 DEOPT PACKING pc=0x000001f8105571f8 sp=0x00000015051fde30
Event: 490.977 Thread 0x000001f87c94d630 DEOPT UNPACKING pc=0x000001f80ffe857c sp=0x00000015051fdda8 mode 2
Event: 496.788 Thread 0x000001f87c94d630 Uncommon trap: trap_request=0xffffff45 fr.pc=0x000001f810554148 relative=0x00000000000005c8
Event: 496.788 Thread 0x000001f87c94d630 Uncommon trap: reason=unstable_if action=reinterpret pc=0x000001f810554148 method=java.lang.String.<init>([CIILjava/lang/Void;)V @ 5 c2
Event: 496.788 Thread 0x000001f87c94d630 DEOPT PACKING pc=0x000001f810554148 sp=0x00000015051fe100
Event: 496.788 Thread 0x000001f87c94d630 DEOPT UNPACKING pc=0x000001f80ffe857c sp=0x00000015051fdf80 mode 2
Event: 498.403 Thread 0x000001f87c94d630 Uncommon trap: trap_request=0xffffffde fr.pc=0x000001f810518cc8 relative=0x0000000000000248
Event: 498.403 Thread 0x000001f87c94d630 Uncommon trap: reason=class_check action=maybe_recompile pc=0x000001f810518cc8 method=java.util.HashMap.getNode(Ljava/lang/Object;)Ljava/util/HashMap$Node; @ 128 c2
Event: 498.403 Thread 0x000001f87c94d630 DEOPT PACKING pc=0x000001f810518cc8 sp=0x00000015051fdf00
Event: 498.468 Thread 0x000001f87c94d630 DEOPT UNPACKING pc=0x000001f80ffe857c sp=0x00000015051fde68 mode 2
Event: 502.516 Thread 0x000001f87c94d630 DEOPT PACKING pc=0x000001f808c12760 sp=0x00000015051fe2d0
Event: 502.516 Thread 0x000001f87c94d630 DEOPT UNPACKING pc=0x000001f80ffb1063 sp=0x00000015051fd740 mode 0

Classes loaded (20 events):
Event: 338.354 Loading class java/lang/reflect/WildcardType
Event: 338.354 Loading class java/lang/reflect/WildcardType done
Event: 338.366 Loading class sun/reflect/generics/tree/TypeVariableSignature
Event: 338.367 Loading class sun/reflect/generics/tree/TypeVariableSignature done
Event: 348.079 Loading class java/lang/annotation/IncompleteAnnotationException
Event: 348.079 Loading class java/lang/annotation/IncompleteAnnotationException done
Event: 350.227 Loading class jdk/internal/foreign/MemorySessionImpl
Event: 350.228 Loading class java/lang/foreign/MemorySegment$Scope
Event: 350.228 Loading class java/lang/foreign/MemorySegment$Scope done
Event: 350.228 Loading class jdk/internal/foreign/MemorySessionImpl done
Event: 363.455 Loading class java/lang/foreign/MemorySegment
Event: 363.455 Loading class java/lang/foreign/MemorySegment done
Event: 386.251 Loading class sun/reflect/generics/reflectiveObjects/TypeVariableImpl
Event: 386.251 Loading class sun/reflect/generics/reflectiveObjects/LazyReflectiveObjectGenerator
Event: 386.252 Loading class sun/reflect/generics/reflectiveObjects/LazyReflectiveObjectGenerator done
Event: 386.252 Loading class sun/reflect/generics/reflectiveObjects/TypeVariableImpl done
Event: 386.252 Loading class sun/reflect/generics/reflectiveObjects/ParameterizedTypeImpl
Event: 386.252 Loading class sun/reflect/generics/reflectiveObjects/ParameterizedTypeImpl done
Event: 540.405 Loading class java/lang/Deprecated
Event: 540.405 Loading class java/lang/Deprecated done

Classes unloaded (0 events):
No events

Classes redefined (0 events):
No events

Internal exceptions (20 events):
Event: 73.438 Thread 0x000001f87c94d630 Exception <a 'java/lang/NullPointerException'{0x00000000c655aff0}> (0x00000000c655aff0) 
thrown [s\src\hotspot\share\interpreter\linkResolver.cpp, line 1416]
Event: 73.871 Thread 0x000001f87c94d630 Exception <a 'sun/nio/fs/WindowsException'{0x00000000c657c588}> (0x00000000c657c588) 
thrown [s\src\hotspot\share\prims\jni.cpp, line 516]
Event: 73.871 Thread 0x000001f87c94d630 Exception <a 'sun/nio/fs/WindowsException'{0x00000000c657cbb8}> (0x00000000c657cbb8) 
thrown [s\src\hotspot\share\prims\jni.cpp, line 516]
Event: 73.871 Thread 0x000001f87c94d630 Exception <a 'sun/nio/fs/WindowsException'{0x00000000c657d118}> (0x00000000c657d118) 
thrown [s\src\hotspot\share\prims\jni.cpp, line 516]
Event: 73.871 Thread 0x000001f87c94d630 Exception <a 'sun/nio/fs/WindowsException'{0x00000000c657d658}> (0x00000000c657d658) 
thrown [s\src\hotspot\share\prims\jni.cpp, line 516]
Event: 73.871 Thread 0x000001f87c94d630 Exception <a 'sun/nio/fs/WindowsException'{0x00000000c657db48}> (0x00000000c657db48) 
thrown [s\src\hotspot\share\prims\jni.cpp, line 516]
Event: 73.872 Thread 0x000001f87c94d630 Exception <a 'sun/nio/fs/WindowsException'{0x00000000c657dff0}> (0x00000000c657dff0) 
thrown [s\src\hotspot\share\prims\jni.cpp, line 516]
Event: 74.356 Thread 0x000001f87c94d630 Exception <a 'java/lang/NoSuchMethodError'{0x00000000c65b7628}: 'void java.lang.invoke.DirectMethodHandle$Holder.invokeVirtual(java.lang.Object, java.lang.Object)'> (0x00000000c65b7628) 
thrown [s\src\hotspot\share\interpreter\linkResolver.cpp, line 804]
Event: 74.376 Thread 0x000001f87c94d630 Exception <a 'java/lang/NoSuchMethodError'{0x00000000c65d8920}: 'void java.lang.invoke.DirectMethodHandle$Holder.invokeStatic(java.lang.Object, java.lang.Object)'> (0x00000000c65d8920) 
thrown [s\src\hotspot\share\interpreter\linkResolver.cpp, line 804]
Event: 75.678 Thread 0x000001f87c94d630 Exception <a 'java/lang/NoSuchMethodError'{0x00000000c65e09f8}: 'void java.lang.invoke.DirectMethodHandle$Holder.invokeStaticInit(java.lang.Object, java.lang.Object)'> (0x00000000c65e09f8) 
thrown [s\src\hotspot\share\interpreter\linkResolver.cpp, line 804]
Event: 77.221 Thread 0x000001f87c94d630 Exception <a 'java/lang/NoSuchMethodError'{0x00000000c641bee0}: 'void java.lang.invoke.DirectMethodHandle$Holder.invokeSpecial(java.lang.Object, java.lang.Object, java.lang.Object, java.lang.Object, java.lang.Object)'> (0x00000000c641bee0) 
thrown [s\src\hotspot\share\interpreter\linkResolver.cpp, line 804]
Event: 78.712 Thread 0x000001f87c94d630 Exception <a 'java/lang/NoSuchMethodError'{0x00000000c6457bf0}: 'void java.lang.invoke.DirectMethodHandle$Holder.invokeStatic(java.lang.Object, java.lang.Object, java.lang.Object)'> (0x00000000c6457bf0) 
thrown [s\src\hotspot\share\interpreter\linkResolver.cpp, line 804]
Event: 192.931 Thread 0x000001f87c94d630 Exception <a 'java/lang/NoSuchMethodError'{0x00000000c621dea0}: 'java.lang.Object java.lang.invoke.DirectMethodHandle$Holder.invokeSpecialIFC(java.lang.Object, java.lang.Object, java.lang.Object, java.lang.Object)'> (0x00000000c621dea0) 
thrown [s\src\hotspot\share\interpreter\linkResolver.cpp, line 804]
Event: 261.454 Thread 0x000001f87c94d630 Exception <a 'java/lang/NoSuchMethodError'{0x00000000c5d0f418}: 'void java.lang.invoke.DirectMethodHandle$Holder.invokeSpecial(java.lang.Object, java.lang.Object, java.lang.Object)'> (0x00000000c5d0f418) 
thrown [s\src\hotspot\share\interpreter\linkResolver.cpp, line 804]
Event: 270.979 Thread 0x000001f87c94d630 Exception <a 'java/lang/NoSuchMethodError'{0x00000000c5c29a48}: 'java.lang.Object java.lang.invoke.DirectMethodHandle$Holder.invokeInterface(java.lang.Object, java.lang.Object)'> (0x00000000c5c29a48) 
thrown [s\src\hotspot\share\interpreter\linkResolver.cpp, line 804]
Event: 277.921 Thread 0x000001f87c94d630 Exception <a 'java/lang/NoSuchMethodError'{0x00000000c5cd54a8}: 'int java.lang.invoke.DirectMethodHandle$Holder.invokeStatic(java.lang.Object, java.lang.Object, java.lang.Object, java.lang.Object)'> (0x00000000c5cd54a8) 
thrown [s\src\hotspot\share\interpreter\linkResolver.cpp, line 804]
Event: 287.344 Thread 0x000001f87c94d630 Exception <a 'java/lang/NoSuchMethodError'{0x00000000c5cff838}: 'int java.lang.invoke.DirectMethodHandle$Holder.invokeSpecialIFC(java.lang.Object, java.lang.Object, java.lang.Object, java.lang.Object, java.lang.Object)'> (0x00000000c5cff838) 
thrown [s\src\hotspot\share\interpreter\linkResolver.cpp, line 804]
Event: 329.822 Thread 0x000001f87c94d630 Exception <a 'java/lang/NoSuchMethodError'{0x00000000c6728a20}: 'java.lang.Object java.lang.invoke.DirectMethodHandle$Holder.newInvokeSpecial(java.lang.Object, java.lang.Object, java.lang.Object, java.lang.Object, java.lang.Object)'> (0x00000000c6728a20) 
thrown [s\src\hotspot\share\interpreter\linkResolver.cpp, line 804]
Event: 344.123 Thread 0x000001f87c94d630 Exception <a 'java/lang/NoSuchMethodError'{0x00000000c6642b10}: 'int java.lang.invoke.DirectMethodHandle$Holder.invokeStaticInit(java.lang.Object, java.lang.Object)'> (0x00000000c6642b10) 
thrown [s\src\hotspot\share\interpreter\linkResolver.cpp, line 804]
Event: 348.110 Thread 0x000001f87c94d630 Exception <a 'java/lang/NoClassDefFoundError'{0x00000000c667d3b8}: javax/enterprise/inject/Typed> (0x00000000c667d3b8) 
thrown [s\src\hotspot\share\classfile\systemDictionary.cpp, line 316]

VM Operations (20 events):
Event: 181.069 Executing non-safepoint VM operation: HandshakeAllThreads (HandshakeForDeflation)
Event: 193.959 Executing non-safepoint VM operation: HandshakeAllThreads (HandshakeForDeflation) done
Event: 194.000 Executing non-safepoint VM operation: RendezvousGCThreads
Event: 194.000 Executing non-safepoint VM operation: RendezvousGCThreads done
Event: 287.344 Executing safepoint VM operation: G1CollectForAllocation (G1 Evacuation Pause)
Event: 305.582 Executing safepoint VM operation: G1CollectForAllocation (G1 Evacuation Pause) done
Event: 365.615 Executing non-safepoint VM operation: HandshakeAllThreads (HandshakeForDeflation)
Event: 367.157 Executing non-safepoint VM operation: HandshakeAllThreads (HandshakeForDeflation) done
Event: 367.157 Executing non-safepoint VM operation: RendezvousGCThreads
Event: 367.157 Executing non-safepoint VM operation: RendezvousGCThreads done
Event: 482.816 Executing safepoint VM operation: G1CollectForAllocation (G1 Evacuation Pause)
Event: 486.229 Executing safepoint VM operation: G1CollectForAllocation (G1 Evacuation Pause) done
Event: 496.812 Executing safepoint VM operation: G1CollectForAllocation (G1 Evacuation Pause)
Event: 496.882 Executing safepoint VM operation: G1CollectForAllocation (G1 Evacuation Pause) done
Event: 505.457 Executing safepoint VM operation: G1CollectForAllocation (G1 Evacuation Pause)
Event: 505.725 Executing safepoint VM operation: G1CollectForAllocation (G1 Evacuation Pause) done
Event: 538.102 Executing safepoint VM operation: G1CollectForAllocation (G1 Evacuation Pause)
Event: 538.117 Executing safepoint VM operation: G1CollectForAllocation (G1 Evacuation Pause) done
Event: 576.736 Executing safepoint VM operation: G1CollectForAllocation (G1 Evacuation Pause)
Event: 576.886 Executing safepoint VM operation: G1CollectForAllocation (G1 Evacuation Pause) done

Memory protections (0 events):
No events

Nmethod flushes (0 events):
No events

Events (13 events):
Event: 1.046 Thread 0x000001f87c94d630 Thread added: 0x000001f87c94d630
Event: 1.533 Thread 0x000001f87c94d630 Thread added: 0x000001f819b24510
Event: 1.533 Thread 0x000001f87c94d630 Thread added: 0x000001f819b25c40
Event: 1.534 Thread 0x000001f87c94d630 Thread added: 0x000001f819b2b290
Event: 1.534 Thread 0x000001f87c94d630 Thread added: 0x000001f819b2e1d0
Event: 1.534 Thread 0x000001f87c94d630 Thread added: 0x000001f819b2c380
Event: 1.534 Thread 0x000001f87c94d630 Thread added: 0x000001f819b2cf40
Event: 1.535 Thread 0x000001f87c94d630 Thread added: 0x000001f819b30c20
Event: 1.849 Thread 0x000001f87c94d630 Thread added: 0x000001f819bab550
Event: 17.884 Thread 0x000001f87c94d630 Thread added: 0x000001f81e034470
Event: 18.525 Thread 0x000001f87c94d630 Thread added: 0x000001f81e045730
Event: 73.104 Thread 0x000001f87c94d630 Thread added: 0x000001f819c15ca0
Event: 320.810 Thread 0x000001f819c15ca0 Thread exited: 0x000001f819c15ca0


Dynamic libraries:
0x00007ff61ab00000 - 0x00007ff61ab0e000 	C:\Program Files\Apache NetBeans\jdk\bin\java.exe
0x00007ffea0ee0000 - 0x00007ffea1147000 	C:\WINDOWS\SYSTEM32\ntdll.dll
0x00007ffe9fee0000 - 0x00007ffe9ffa9000 	C:\WINDOWS\System32\KERNEL32.DLL
0x00007ffe9dbe0000 - 0x00007ffe9dfd4000 	C:\WINDOWS\System32\KERNELBASE.dll
0x00007ffe9e110000 - 0x00007ffe9e25b000 	C:\WINDOWS\System32\ucrtbase.dll
0x00007ffe806e0000 - 0x00007ffe806f6000 	C:\Program Files\Apache NetBeans\jdk\bin\jli.dll
0x00007ffe9ed70000 - 0x00007ffe9ef35000 	C:\WINDOWS\System32\USER32.dll
0x00007ffe9eb90000 - 0x00007ffe9ebb7000 	C:\WINDOWS\System32\win32u.dll
0x00007ffea09d0000 - 0x00007ffea09fb000 	C:\WINDOWS\System32\GDI32.dll
0x00007ffe9dfe0000 - 0x00007ffe9e10a000 	C:\WINDOWS\System32\gdi32full.dll
0x00007ffe9ebc0000 - 0x00007ffe9ec63000 	C:\WINDOWS\System32\msvcp_win.dll
0x00007ffe91b10000 - 0x00007ffe91b2e000 	C:\Program Files\Apache NetBeans\jdk\bin\VCRUNTIME140.dll
0x00007ffe8ba70000 - 0x00007ffe8bd03000 	C:\WINDOWS\WinSxS\amd64_microsoft.windows.common-controls_6595b64144ccf1df_6.0.26100.8115_none_3e075c82e3354f9c\COMCTL32.dll
0x00007ffea0400000 - 0x00007ffea04a9000 	C:\WINDOWS\System32\msvcrt.dll
0x00007ffe9fd40000 - 0x00007ffe9fd72000 	C:\WINDOWS\System32\IMM32.DLL
0x00007ffe8bdb0000 - 0x00007ffe8bdbc000 	C:\Program Files\Apache NetBeans\jdk\bin\vcruntime140_1.dll
0x00007ffe68510000 - 0x00007ffe6859d000 	C:\Program Files\Apache NetBeans\jdk\bin\msvcp140.dll
0x00007ffe2ca00000 - 0x00007ffe2d926000 	C:\Program Files\Apache NetBeans\jdk\bin\server\jvm.dll
0x00007ffea0660000 - 0x00007ffea0716000 	C:\WINDOWS\System32\ADVAPI32.dll
0x00007ffea04b0000 - 0x00007ffea0557000 	C:\WINDOWS\System32\sechost.dll
0x00007ffe9f250000 - 0x00007ffe9f368000 	C:\WINDOWS\System32\RPCRT4.dll
0x00007ffea0940000 - 0x00007ffea09c0000 	C:\WINDOWS\System32\WS2_32.dll
0x00007ffe9d610000 - 0x00007ffe9d66e000 	C:\WINDOWS\SYSTEM32\POWRPROF.dll
0x00007ffe7a540000 - 0x00007ffe7a576000 	C:\WINDOWS\SYSTEM32\WINMM.dll
0x00007ffe8c650000 - 0x00007ffe8c65b000 	C:\WINDOWS\SYSTEM32\VERSION.dll
0x00007ffe9d5f0000 - 0x00007ffe9d604000 	C:\WINDOWS\SYSTEM32\UMPDC.dll
0x00007ffe9c540000 - 0x00007ffe9c55b000 	C:\WINDOWS\SYSTEM32\kernel.appcore.dll
0x00007ffe8bda0000 - 0x00007ffe8bdaa000 	C:\Program Files\Apache NetBeans\jdk\bin\jimage.dll
0x00007ffe9b6f0000 - 0x00007ffe9b932000 	C:\WINDOWS\SYSTEM32\DBGHELP.DLL
0x00007ffe9ffb0000 - 0x00007ffea0332000 	C:\WINDOWS\System32\combase.dll
0x00007ffe9f400000 - 0x00007ffe9f4d7000 	C:\WINDOWS\System32\OLEAUT32.dll
0x00007ffe8c3b0000 - 0x00007ffe8c3eb000 	C:\WINDOWS\SYSTEM32\dbgcore.DLL
0x00007ffe9d9c0000 - 0x00007ffe9da65000 	C:\WINDOWS\System32\bcryptPrimitives.dll
0x00007ffe80700000 - 0x00007ffe8071e000 	C:\Program Files\Apache NetBeans\jdk\bin\java.dll
0x00007ffea0790000 - 0x00007ffea0927000 	C:\WINDOWS\System32\ole32.dll
0x00007ffe9f570000 - 0x00007ffe9fcd6000 	C:\WINDOWS\System32\SHELL32.dll
0x00007ffe9da70000 - 0x00007ffe9dbda000 	C:\WINDOWS\System32\wintypes.dll
0x00007ffe9e260000 - 0x00007ffe9eac5000 	C:\WINDOWS\System32\windows.storage.dll
0x00007ffe9ef40000 - 0x00007ffe9f037000 	C:\WINDOWS\System32\SHCORE.dll
0x00007ffea0720000 - 0x00007ffea0786000 	C:\WINDOWS\System32\shlwapi.dll
0x00007ffe9d6d0000 - 0x00007ffe9d6f9000 	C:\WINDOWS\SYSTEM32\profapi.dll
0x00007ffe76930000 - 0x00007ffe76941000 	C:\Program Files\Apache NetBeans\jdk\bin\net.dll
0x00007ffe9cab0000 - 0x00007ffe9cb1c000 	C:\WINDOWS\system32\mswsock.dll
0x00007ffe685a0000 - 0x00007ffe685b6000 	C:\Program Files\Apache NetBeans\jdk\bin\nio.dll
0x00007ffe76950000 - 0x00007ffe76967000 	C:\Program Files\Apache NetBeans\jdk\bin\zip.dll
0x00007ffe7bf10000 - 0x00007ffe7bf34000 	C:\Program Files\Apache NetBeans\java\maven\lib\jansi-native\Windows\x86_64\jansi.dll
0x00007ffe87100000 - 0x00007ffe87110000 	C:\Program Files\Apache NetBeans\jdk\bin\verify.dll

JVMTI agents: none

dbghelp: loaded successfully - version: 4.0.5 - missing functions: none
symbol engine: initialized successfully - sym options: 0x614 - pdb path: .;C:\Program Files\Apache NetBeans\jdk\bin;C:\WINDOWS\SYSTEM32;C:\WINDOWS\WinSxS\amd64_microsoft.windows.common-controls_6595b64144ccf1df_6.0.26100.8115_none_3e075c82e3354f9c;C:\Program Files\Apache NetBeans\jdk\bin\server;C:\Program Files\Apache NetBeans\java\maven\lib\jansi-native\Windows\x86_64

VM Arguments:
jvm_args: --enable-native-access=ALL-UNNAMED -Dclassworlds.conf=C:\Program Files\Apache NetBeans\java\maven\bin\m2.conf -Dmaven.home=C:\Program Files\Apache NetBeans\java\maven -Dlibrary.jansi.path=C:\Program Files\Apache NetBeans\java\maven\lib\jansi-native -Dmaven.multiModuleProjectDirectory=C:\Users\ASUS\Documents\NetBeansProjects\Lubiproject1 
java_command: org.codehaus.plexus.classworlds.launcher.Launcher -Dmaven.ext.class.path=C:\Program Files\Apache NetBeans\java\maven-nblib\netbeans-eventspy.jar --no-transfer-progress install
java_class_path (initial): C:\Program Files\Apache NetBeans\java\maven\boot\plexus-classworlds-2.9.0.jar
Launcher Type: SUN_STANDARD

[Global flags]
     intx CICompilerCount                          = 2                                         {product} {ergonomic}
     uint ConcGCThreads                            = 1                                         {product} {ergonomic}
     uint G1ConcRefinementThreads                  = 2                                         {product} {ergonomic}
   size_t G1HeapRegionSize                         = 1048576                                   {product} {ergonomic}
   size_t InitialHeapSize                          = 65011712                                  {product} {ergonomic}
   size_t MarkStackSize                            = 4194304                                   {product} {ergonomic}
   size_t MarkStackSizeMax                         = 536870912                                 {product} {ergonomic}
   size_t MaxHeapSize                              = 1027604480                                {product} {ergonomic}
   size_t MaxNewSize                               = 616562688                                 {product} {ergonomic}
   size_t MinHeapDeltaBytes                        = 1048576                                   {product} {ergonomic}
   size_t MinHeapSize                              = 8388608                                   {product} {ergonomic}
    uintx NonNMethodCodeHeapSize                   = 5767168                                {pd product} {ergonomic}
    uintx NonProfiledCodeHeapSize                  = 123011072                              {pd product} {ergonomic}
    uintx ProfiledCodeHeapSize                     = 122880000                              {pd product} {ergonomic}
    uintx ReservedCodeCacheSize                    = 251658240                              {pd product} {ergonomic}
     bool SegmentedCodeCache                       = true                                      {product} {ergonomic}
   size_t SoftMaxHeapSize                          = 1027604480                             {manageable} {ergonomic}
     bool UseCompressedOops                        = true                           {product lp64_product} {ergonomic}
     bool UseG1GC                                  = true                                      {product} {ergonomic}
     bool UseLargePagesIndividualAllocation        = false                                  {pd product} {ergonomic}

Logging:
Log output configuration:
 #0: stdout all=warning uptime,level,tags foldmultilines=false
 #1: stderr all=off uptime,level,tags foldmultilines=false

Release file:
IMPLEMENTOR="Eclipse Adoptium" 
IMPLEMENTOR_VERSION="Temurin-25.0.2+10" 
JAVA_RUNTIME_VERSION="25.0.2+10-LTS" 
JAVA_VERSION="25.0.2" 
JAVA_VERSION_DATE="2026-01-20" 
LIBC="default" 
MODULES="java.base java.compiler java.datatransfer java.xml java.prefs java.desktop java.instrument java.logging java.management java.security.sasl java.naming java.rmi java.management.rmi java.net.http java.scripting java.security.jgss java.transaction.xa java.sql java.sql.rowset java.xml.crypto java.se java.smartcardio jdk.accessibility jdk.internal.jvmstat jdk.attach jdk.charsets jdk.internal.opt jdk.zipfs jdk.compiler jdk.crypto.cryptoki jdk.crypto.ec jdk.crypto.mscapi jdk.dynalink jdk.internal.ed jdk.editpad jdk.internal.vm.ci jdk.graal.compiler jdk.graal.compiler.management jdk.hotspot.agent jdk.httpserver jdk.incubator.vector jdk.internal.le jdk.internal.md jdk.jartool jdk.javadoc jdk.jcmd jdk.management jdk.management.agent jdk.jconsole jdk.jdeps jdk.jdwp.agent jdk.jdi jdk.jfr jdk.jlink jdk.jpackage jdk.jshell jdk.jsobject jdk.jstatd jdk.localedata jdk.management.jfr jdk.naming.dns jdk.naming.rmi jdk.net jdk.nio.mapmode jdk.sctp jdk.security.auth jdk.security.jgss jdk.unsupported jdk.unsupported.desktop jdk.xml.dom" 
OS_ARCH="x86_64" 
OS_NAME="Windows" 
SOURCE=".:git:9e3c947043a4" 
BUILD_SOURCE="git:458965074606f027bd5afce2cfd5c1055dea0438"
BUILD_SOURCE_REPO="https://github.com/adoptium/temurin-build.git"
SOURCE_REPO="https://github.com/adoptium/jdk25u.git"
FULL_VERSION="25.0.2+10-LTS"
SEMANTIC_VERSION="25.0.2+10"
BUILD_INFO="OS: Windows Server 2022 Version: 10.0"
JVM_VARIANT="Hotspot"
JVM_VERSION="25.0.2+10-LTS"
IMAGE_TYPE="JDK"

Environment Variables:
JAVA_HOME=C:\Program Files\Apache NetBeans\jdk
PATH=C:\WINDOWS\system32;C:\WINDOWS;C:\WINDOWS\System32\Wbem;C:\WINDOWS\System32\WindowsPowerShell\v1.0\;C:\WINDOWS\System32\OpenSSH\;C:\Program Files\Git\cmd;C:\Users\ASUS\AppData\Local\Microsoft\WindowsApps;;C:\Program Files\Apache NetBeans\bin\
USERNAME=ASUS
OS=Windows_NT
PROCESSOR_IDENTIFIER=Intel64 Family 6 Model 122 Stepping 1, GenuineIntel
TMP=C:\Users\ASUS\AppData\Local\Temp
TEMP=C:\Users\ASUS\AppData\Local\Temp




Compilation memory statistics disabled.

Periodic native trim disabled

---------------  S Y S T E M  ---------------

OS:
 Windows 11 , 64 bit Build 26100 (10.0.26100.8115)
OS uptime: 0 days 4:21 hours

CPU: total 2 (initial active 2) (2 cores per cpu, 1 threads per core) family 6 model 122 stepping 1 microcode 0x34, cx8, cmov, fxsr, mmx, 3dnowpref, sse, sse2, sse3, ssse3, sse4.1, sse4.2, popcnt, tsc, tscinvbit, aes, erms, clmul, sha, clflush, clflushopt, rdtscp, rdpid
Processor Information for the first 2 processors :
  Max Mhz: 1101, Current Mhz: 1101, Mhz Limit: 1101

Memory: 4k page, system-wide physical 3919M (206M free)
TotalPageFile size 15695M (AvailPageFile size 346M)
current process WorkingSet (physical memory assigned to process): 27M, peak: 38M
current process commit charge ("private bytes"): 147M, peak: 153M

vm_info: OpenJDK 64-Bit Server VM (25.0.2+10-LTS) for windows-amd64 JRE (25.0.2+10-LTS), built on 2026-01-20T00:00:00Z with MS VC++ 17.12 (VS2022)

END.
