#
# There is insufficient memory for the Java Runtime Environment to continue.
# Native memory allocation (malloc) failed to allocate 32752 bytes. Error detail: Chunk::new
# Possible reasons:
#   The system is out of physical RAM or swap space
#   This process is running with CompressedOops enabled, and the Java Heap may be blocking the growth of the native heap
# Possible solutions:
#   Reduce memory load on the system
#   Increase physical memory or swap space
#   Check if swap backing store is full
#   Decrease Java heap size (-Xmx/-Xms)
#   Decrease number of Java threads
#   Decrease Java thread stack sizes (-Xss)
#   Set larger code cache with -XX:ReservedCodeCacheSize=
#   JVM is running with Unscaled Compressed Oops mode in which the Java heap is
#     placed in the first 4GB address space. The Java Heap base address is the
#     maximum limit for the native heap growth. Please use -XX:HeapBaseMinAddress
#     to set the Java Heap base and to place the Java Heap above 4GB virtual address.
# This output file may be truncated or incomplete.
#
#  Out of Memory Error (arena.cpp:186), pid=23256, tid=11220
#
# JRE version: OpenJDK Runtime Environment Temurin-25.0.2+10 (25.0.2+10) (build 25.0.2+10-LTS)
# Java VM: OpenJDK 64-Bit Server VM Temurin-25.0.2+10 (25.0.2+10-LTS, mixed mode, tiered, compressed oops, compressed class ptrs, g1 gc, windows-amd64)
# No core dump will be written. Minidumps are not enabled by default on client versions of Windows
#

---------------  S U M M A R Y ------------

Command Line: --enable-native-access=ALL-UNNAMED -Dclassworlds.conf=C:\Program Files\Apache NetBeans\java\maven\bin\m2.conf -Dmaven.home=C:\Program Files\Apache NetBeans\java\maven -Dlibrary.jansi.path=C:\Program Files\Apache NetBeans\java\maven\lib\jansi-native -Dmaven.multiModuleProjectDirectory=C:\Users\ASUS\Documents\NetBeansProjects\Lubiproject1 org.codehaus.plexus.classworlds.launcher.Launcher -Dmaven.ext.class.path=C:\Program Files\Apache NetBeans\java\maven-nblib\netbeans-eventspy.jar --no-transfer-progress install

Host: Intel(R) Celeron(R) N4000 CPU @ 1.10GHz, 2 cores, 3G,  Windows 11 , 64 bit Build 26100 (10.0.26100.8115)
Time: Fri Apr  3 20:27:25 2026 SE Asia Standard Time elapsed time: 424.536221 seconds (0d 0h 7m 4s)

---------------  T H R E A D  ---------------

Current thread (0x000001a5fab35f00):  JavaThread "C1 CompilerThread0" daemon [_thread_in_native, id=11220, stack(0x0000005e4ce00000,0x0000005e4cf00000) (1024K)]


Current CompileTask:
C1:424537 1712       3       org.objectweb.asm.ClassReader::accept (1419 bytes)

Stack: [0x0000005e4ce00000,0x0000005e4cf00000]
Native frames: (J=compiled Java code, j=interpreted, Vv=VM code, C=native code)
V  [jvm.dll+0x7a8bc9]  (no source info available)
V  [jvm.dll+0x77310d]  (no source info available)
V  [jvm.dll+0x9f55f3]  (no source info available)
V  [jvm.dll+0x9f7be1]  (no source info available)
V  [jvm.dll+0x9f82f3]  (no source info available)
V  [jvm.dll+0x2fce26]  (no source info available)
V  [jvm.dll+0x111076]  (no source info available)
V  [jvm.dll+0x11139e]  (no source info available)
V  [jvm.dll+0x1a8eae]  (no source info available)
V  [jvm.dll+0x1a82e7]  (no source info available)
V  [jvm.dll+0x208816]  (no source info available)
V  [jvm.dll+0x20a285]  (no source info available)
V  [jvm.dll+0x209a8a]  (no source info available)
V  [jvm.dll+0x1d3f0b]  (no source info available)
V  [jvm.dll+0x1bdb56]  (no source info available)
V  [jvm.dll+0x1bdcf3]  (no source info available)
V  [jvm.dll+0x1be070]  (no source info available)
V  [jvm.dll+0x1bd3b1]  (no source info available)
V  [jvm.dll+0x1bf1fd]  (no source info available)
V  [jvm.dll+0x2cf4c6]  (no source info available)
V  [jvm.dll+0x2cd74a]  (no source info available)
V  [jvm.dll+0x48fbee]  (no source info available)
V  [jvm.dll+0x996b0d]  (no source info available)
V  [jvm.dll+0x7a71a5]  (no source info available)
C  [ucrtbase.dll+0x37b0]  (no source info available)
C  [KERNEL32.DLL+0x2e8d7]  (no source info available)
C  [ntdll.dll+0x8c3fc]  (no source info available)

Lock stack of current Java thread (top to bottom):


---------------  P R O C E S S  ---------------

Threads class SMR info:
_java_thread_list=0x000001a5ff6eee20, length=11, elements={
0x000001a5dd92d630, 0x000001a5faaa46c0, 0x000001a5faaa6350, 0x000001a5faaa8df0,
0x000001a5faaa99b0, 0x000001a5faaaa570, 0x000001a5faaab130, 0x000001a5faaac020,
0x000001a5fab35f00, 0x000001a5fac3a500, 0x000001a5fac3cea0
}

Java Threads: ( => current thread )
  0x000001a5dd92d630 JavaThread "main"                              [_thread_in_vm, id=21548, stack(0x0000005e4be00000,0x0000005e4bf00000) (1024K)]
  0x000001a5faaa46c0 JavaThread "Reference Handler"          daemon [_thread_blocked, id=19388, stack(0x0000005e4c700000,0x0000005e4c800000) (1024K)]
  0x000001a5faaa6350 JavaThread "Finalizer"                  daemon [_thread_blocked, id=15324, stack(0x0000005e4c800000,0x0000005e4c900000) (1024K)]
  0x000001a5faaa8df0 JavaThread "Signal Dispatcher"          daemon [_thread_blocked, id=13256, stack(0x0000005e4c900000,0x0000005e4ca00000) (1024K)]
  0x000001a5faaa99b0 JavaThread "Attach Listener"            daemon [_thread_blocked, id=28216, stack(0x0000005e4ca00000,0x0000005e4cb00000) (1024K)]
  0x000001a5faaaa570 JavaThread "Service Thread"             daemon [_thread_blocked, id=8732, stack(0x0000005e4cb00000,0x0000005e4cc00000) (1024K)]
  0x000001a5faaab130 JavaThread "Monitor Deflation Thread"   daemon [_thread_blocked, id=22840, stack(0x0000005e4cc00000,0x0000005e4cd00000) (1024K)]
  0x000001a5faaac020 JavaThread "C2 CompilerThread0"         daemon [_thread_blocked, id=8984, stack(0x0000005e4cd00000,0x0000005e4ce00000) (1024K)]
=>0x000001a5fab35f00 JavaThread "C1 CompilerThread0"         daemon [_thread_in_native, id=11220, stack(0x0000005e4ce00000,0x0000005e4cf00000) (1024K)]
  0x000001a5fac3a500 JavaThread "Notification Thread"        daemon [_thread_blocked, id=9048, stack(0x0000005e4cf00000,0x0000005e4d000000) (1024K)]
  0x000001a5fac3cea0 JavaThread "Common-Cleaner"             daemon [_thread_blocked, id=5316, stack(0x0000005e4d000000,0x0000005e4d100000) (1024K)]
Total: 11

Other Threads:
  0x000001a5faa4d7b0 VMThread "VM Thread"                           [id=27652, stack(0x0000005e4c600000,0x0000005e4c700000) (1024K)]
  0x000001a5faa2bdc0 WatcherThread "VM Periodic Task Thread"        [id=10312, stack(0x0000005e4c500000,0x0000005e4c600000) (1024K)]
  0x000001a5ddbe55a0 WorkerThread "GC Thread#0"                     [id=26772, stack(0x0000005e4c000000,0x0000005e4c100000) (1024K)]
  0x000001a5ff25f4e0 WorkerThread "GC Thread#1"                     [id=15928, stack(0x0000005e4bd00000,0x0000005e4be00000) (1024K)]
  0x000001a5ddbf1e30 ConcurrentGCThread "G1 Main Marker"            [id=20948, stack(0x0000005e4c100000,0x0000005e4c200000) (1024K)]
  0x000001a5ddbf29d0 WorkerThread "G1 Conc#0"                       [id=13228, stack(0x0000005e4c200000,0x0000005e4c300000) (1024K)]
  0x000001a5ddc0d180 ConcurrentGCThread "G1 Refine#0"               [id=13160, stack(0x0000005e4c300000,0x0000005e4c400000) (1024K)]
  0x000001a5ddc0dd90 ConcurrentGCThread "G1 Service"                [id=24308, stack(0x0000005e4c400000,0x0000005e4c500000) (1024K)]
Total: 8

Threads with active compile tasks:
C1 CompilerThread0  432704 1712       3       org.objectweb.asm.ClassReader::accept (1419 bytes)
Total: 1

VM state: not at safepoint (normal execution)

VM Mutex/Monitor currently owned by a thread: None

Heap address: 0x00000000c2c00000, size: 980 MB, Compressed Oops mode: 32-bit

CDS archive(s) not mapped
Compressed class space mapped at: 0x000000000e000000-0x000000004e000000, reserved size: 1073741824
UseCompressedClassPointers 1, UseCompactObjectHeaders 0
Narrow klass pointer bits 32, Max shift 3
Narrow klass base: 0x0000000000000000, Narrow klass shift: 0
Encoding Range: [0x0000000000000000 - 0x0000000100000000), (4294967296 bytes)
Klass Range:    [0x000000000e000000 - 0x000000004e000000), (1073741824 bytes)
Klass ID Range:  [234881024 - 1308622841) (1073741817)
No protection zone.

GC Precious Log:
 CardTable entry size: 512
 Card Set container configuration: InlinePtr #cards 5 size 8 Array Of Cards #cards 10 size 36 Howl #buckets 4 coarsen threshold 1843 Howl Bitmap #cards 512 size 80 coarsen threshold 460 Card regions per heap region 1 cards per card region 2048
 CPUs: 2 total, 2 available
 Memory: 3919M
 Large Page Support: Disabled
 NUMA Support: Disabled
 Compressed Oops: Enabled (32-bit)
 Heap Region Size: 1M
 Heap Min Capacity: 8M
 Heap Initial Capacity: 62M
 Heap Max Capacity: 980M
 Pre-touch: Disabled
 Parallel Workers: 2
 Concurrent Workers: 1
 Concurrent Refinement Workers: 2
 Periodic GC: Disabled

Heap:
 garbage-first heap   total reserved 1003520K, committed 63488K, used 7442K [0x00000000c2c00000, 0x0000000100000000)
  region size 1024K, 5 young (5120K), 1 survivors (1024K)

Heap Regions: E=young(eden), S=young(survivor), O=old, HS=humongous(starts), HC=humongous(continues), CS=collection set, F=free, TAMS=top-at-mark-start, PB=parsable bottom
|   0|0x00000000c2c00000, 0x00000000c2d00000, 0x00000000c2d00000|100%| O|  |TAMS 0x00000000c2c00000| PB 0x00000000c2c00000| Untracked |  0
|   1|0x00000000c2d00000, 0x00000000c2e00000, 0x00000000c2e00000|100%| O|  |TAMS 0x00000000c2d00000| PB 0x00000000c2d00000| Untracked |  0
|   2|0x00000000c2e00000, 0x00000000c2f00000, 0x00000000c2f00000|100%| O|  |TAMS 0x00000000c2e00000| PB 0x00000000c2e00000| Untracked |  0
|   3|0x00000000c2f00000, 0x00000000c2f8c3e0, 0x00000000c3000000| 54%| O|  |TAMS 0x00000000c2f00000| PB 0x00000000c2f00000| Untracked |  0
|   4|0x00000000c3000000, 0x00000000c3000000, 0x00000000c3100000|  0%| F|  |TAMS 0x00000000c3000000| PB 0x00000000c3000000| Untracked |  0
|   5|0x00000000c3100000, 0x00000000c3100000, 0x00000000c3200000|  0%| F|  |TAMS 0x00000000c3100000| PB 0x00000000c3100000| Untracked |  0
|   6|0x00000000c3200000, 0x00000000c3200000, 0x00000000c3300000|  0%| F|  |TAMS 0x00000000c3200000| PB 0x00000000c3200000| Untracked |  0
|   7|0x00000000c3300000, 0x00000000c3300000, 0x00000000c3400000|  0%| F|  |TAMS 0x00000000c3300000| PB 0x00000000c3300000| Untracked |  0
|   8|0x00000000c3400000, 0x00000000c3400000, 0x00000000c3500000|  0%| F|  |TAMS 0x00000000c3400000| PB 0x00000000c3400000| Untracked |  0
|   9|0x00000000c3500000, 0x00000000c3500000, 0x00000000c3600000|  0%| F|  |TAMS 0x00000000c3500000| PB 0x00000000c3500000| Untracked |  0
|  10|0x00000000c3600000, 0x00000000c3600000, 0x00000000c3700000|  0%| F|  |TAMS 0x00000000c3600000| PB 0x00000000c3600000| Untracked |  0
|  11|0x00000000c3700000, 0x00000000c3700000, 0x00000000c3800000|  0%| F|  |TAMS 0x00000000c3700000| PB 0x00000000c3700000| Untracked |  0
|  12|0x00000000c3800000, 0x00000000c3800000, 0x00000000c3900000|  0%| F|  |TAMS 0x00000000c3800000| PB 0x00000000c3800000| Untracked |  0
|  13|0x00000000c3900000, 0x00000000c3900000, 0x00000000c3a00000|  0%| F|  |TAMS 0x00000000c3900000| PB 0x00000000c3900000| Untracked |  0
|  14|0x00000000c3a00000, 0x00000000c3a00000, 0x00000000c3b00000|  0%| F|  |TAMS 0x00000000c3a00000| PB 0x00000000c3a00000| Untracked |  0
|  15|0x00000000c3b00000, 0x00000000c3b00000, 0x00000000c3c00000|  0%| F|  |TAMS 0x00000000c3b00000| PB 0x00000000c3b00000| Untracked |  0
|  16|0x00000000c3c00000, 0x00000000c3c00000, 0x00000000c3d00000|  0%| F|  |TAMS 0x00000000c3c00000| PB 0x00000000c3c00000| Untracked |  0
|  17|0x00000000c3d00000, 0x00000000c3d00000, 0x00000000c3e00000|  0%| F|  |TAMS 0x00000000c3d00000| PB 0x00000000c3d00000| Untracked |  0
|  18|0x00000000c3e00000, 0x00000000c3e00000, 0x00000000c3f00000|  0%| F|  |TAMS 0x00000000c3e00000| PB 0x00000000c3e00000| Untracked |  0
|  19|0x00000000c3f00000, 0x00000000c3f00000, 0x00000000c4000000|  0%| F|  |TAMS 0x00000000c3f00000| PB 0x00000000c3f00000| Untracked |  0
|  20|0x00000000c4000000, 0x00000000c4000000, 0x00000000c4100000|  0%| F|  |TAMS 0x00000000c4000000| PB 0x00000000c4000000| Untracked |  0
|  21|0x00000000c4100000, 0x00000000c4100000, 0x00000000c4200000|  0%| F|  |TAMS 0x00000000c4100000| PB 0x00000000c4100000| Untracked |  0
|  22|0x00000000c4200000, 0x00000000c4200000, 0x00000000c4300000|  0%| F|  |TAMS 0x00000000c4200000| PB 0x00000000c4200000| Untracked |  0
|  23|0x00000000c4300000, 0x00000000c4300000, 0x00000000c4400000|  0%| F|  |TAMS 0x00000000c4300000| PB 0x00000000c4300000| Untracked |  0
|  24|0x00000000c4400000, 0x00000000c4400000, 0x00000000c4500000|  0%| F|  |TAMS 0x00000000c4400000| PB 0x00000000c4400000| Untracked |  0
|  25|0x00000000c4500000, 0x00000000c4500000, 0x00000000c4600000|  0%| F|  |TAMS 0x00000000c4500000| PB 0x00000000c4500000| Untracked |  0
|  26|0x00000000c4600000, 0x00000000c4600000, 0x00000000c4700000|  0%| F|  |TAMS 0x00000000c4600000| PB 0x00000000c4600000| Untracked |  0
|  27|0x00000000c4700000, 0x00000000c4700000, 0x00000000c4800000|  0%| F|  |TAMS 0x00000000c4700000| PB 0x00000000c4700000| Untracked |  0
|  28|0x00000000c4800000, 0x00000000c4800000, 0x00000000c4900000|  0%| F|  |TAMS 0x00000000c4800000| PB 0x00000000c4800000| Untracked |  0
|  29|0x00000000c4900000, 0x00000000c4900000, 0x00000000c4a00000|  0%| F|  |TAMS 0x00000000c4900000| PB 0x00000000c4900000| Untracked |  0
|  30|0x00000000c4a00000, 0x00000000c4a00000, 0x00000000c4b00000|  0%| F|  |TAMS 0x00000000c4a00000| PB 0x00000000c4a00000| Untracked |  0
|  31|0x00000000c4b00000, 0x00000000c4b00000, 0x00000000c4c00000|  0%| F|  |TAMS 0x00000000c4b00000| PB 0x00000000c4b00000| Untracked |  0
|  32|0x00000000c4c00000, 0x00000000c4c00000, 0x00000000c4d00000|  0%| F|  |TAMS 0x00000000c4c00000| PB 0x00000000c4c00000| Untracked |  0
|  33|0x00000000c4d00000, 0x00000000c4d00000, 0x00000000c4e00000|  0%| F|  |TAMS 0x00000000c4d00000| PB 0x00000000c4d00000| Untracked |  0
|  34|0x00000000c4e00000, 0x00000000c4e00000, 0x00000000c4f00000|  0%| F|  |TAMS 0x00000000c4e00000| PB 0x00000000c4e00000| Untracked |  0
|  35|0x00000000c4f00000, 0x00000000c4f00000, 0x00000000c5000000|  0%| F|  |TAMS 0x00000000c4f00000| PB 0x00000000c4f00000| Untracked |  0
|  36|0x00000000c5000000, 0x00000000c5000000, 0x00000000c5100000|  0%| F|  |TAMS 0x00000000c5000000| PB 0x00000000c5000000| Untracked |  0
|  37|0x00000000c5100000, 0x00000000c5100000, 0x00000000c5200000|  0%| F|  |TAMS 0x00000000c5100000| PB 0x00000000c5100000| Untracked |  0
|  38|0x00000000c5200000, 0x00000000c5200000, 0x00000000c5300000|  0%| F|  |TAMS 0x00000000c5200000| PB 0x00000000c5200000| Untracked |  0
|  39|0x00000000c5300000, 0x00000000c5300000, 0x00000000c5400000|  0%| F|  |TAMS 0x00000000c5300000| PB 0x00000000c5300000| Untracked |  0
|  40|0x00000000c5400000, 0x00000000c5400000, 0x00000000c5500000|  0%| F|  |TAMS 0x00000000c5400000| PB 0x00000000c5400000| Untracked |  0
|  41|0x00000000c5500000, 0x00000000c5500000, 0x00000000c5600000|  0%| F|  |TAMS 0x00000000c5500000| PB 0x00000000c5500000| Untracked |  0
|  42|0x00000000c5600000, 0x00000000c5600000, 0x00000000c5700000|  0%| F|  |TAMS 0x00000000c5600000| PB 0x00000000c5600000| Untracked |  0
|  43|0x00000000c5700000, 0x00000000c5700000, 0x00000000c5800000|  0%| F|  |TAMS 0x00000000c5700000| PB 0x00000000c5700000| Untracked |  0
|  44|0x00000000c5800000, 0x00000000c5800000, 0x00000000c5900000|  0%| F|  |TAMS 0x00000000c5800000| PB 0x00000000c5800000| Untracked |  0
|  45|0x00000000c5900000, 0x00000000c5900000, 0x00000000c5a00000|  0%| F|  |TAMS 0x00000000c5900000| PB 0x00000000c5900000| Untracked |  0
|  46|0x00000000c5a00000, 0x00000000c5a00000, 0x00000000c5b00000|  0%| F|  |TAMS 0x00000000c5a00000| PB 0x00000000c5a00000| Untracked |  0
|  47|0x00000000c5b00000, 0x00000000c5b00000, 0x00000000c5c00000|  0%| F|  |TAMS 0x00000000c5b00000| PB 0x00000000c5b00000| Untracked |  0
|  48|0x00000000c5c00000, 0x00000000c5c00000, 0x00000000c5d00000|  0%| F|  |TAMS 0x00000000c5c00000| PB 0x00000000c5c00000| Untracked |  0
|  49|0x00000000c5d00000, 0x00000000c5d00000, 0x00000000c5e00000|  0%| F|  |TAMS 0x00000000c5d00000| PB 0x00000000c5d00000| Untracked |  0
|  50|0x00000000c5e00000, 0x00000000c5e00000, 0x00000000c5f00000|  0%| F|  |TAMS 0x00000000c5e00000| PB 0x00000000c5e00000| Untracked |  0
|  51|0x00000000c5f00000, 0x00000000c5f00000, 0x00000000c6000000|  0%| F|  |TAMS 0x00000000c5f00000| PB 0x00000000c5f00000| Untracked |  0
|  52|0x00000000c6000000, 0x00000000c6000000, 0x00000000c6100000|  0%| F|  |TAMS 0x00000000c6000000| PB 0x00000000c6000000| Untracked |  0
|  53|0x00000000c6100000, 0x00000000c6100000, 0x00000000c6200000|  0%| F|  |TAMS 0x00000000c6100000| PB 0x00000000c6100000| Untracked |  0
|  54|0x00000000c6200000, 0x00000000c6200000, 0x00000000c6300000|  0%| F|  |TAMS 0x00000000c6200000| PB 0x00000000c6200000| Untracked |  0
|  55|0x00000000c6300000, 0x00000000c63b84c0, 0x00000000c6400000| 71%| S|CS|TAMS 0x00000000c6300000| PB 0x00000000c6300000| Complete |  0
|  56|0x00000000c6400000, 0x00000000c6400000, 0x00000000c6500000|  0%| F|  |TAMS 0x00000000c6400000| PB 0x00000000c6400000| Untracked |  0
|  57|0x00000000c6500000, 0x00000000c6500000, 0x00000000c6600000|  0%| F|  |TAMS 0x00000000c6500000| PB 0x00000000c6500000| Untracked |  0
|  58|0x00000000c6600000, 0x00000000c664fe28, 0x00000000c6700000| 31%| E|  |TAMS 0x00000000c6600000| PB 0x00000000c6600000| Complete |  0
|  59|0x00000000c6700000, 0x00000000c6800000, 0x00000000c6800000|100%| E|CS|TAMS 0x00000000c6700000| PB 0x00000000c6700000| Complete |  0
|  60|0x00000000c6800000, 0x00000000c6900000, 0x00000000c6900000|100%| E|CS|TAMS 0x00000000c6800000| PB 0x00000000c6800000| Complete |  0
|  61|0x00000000c6900000, 0x00000000c6a00000, 0x00000000c6a00000|100%| E|CS|TAMS 0x00000000c6900000| PB 0x00000000c6900000| Complete |  0

Card table byte_map: [0x000001a5f75c0000,0x000001a5f77b0000] _byte_map_base: 0x000001a5f6faa000

Marking Bits: (CMBitMap*) 0x000001a5ddbe5d30
 Bits: [0x000001a5f77b0000, 0x000001a5f8700000)

Polling page: 0x000001a5ddfa0000

Metaspace:
Metaspace        used 16535K, committed 16704K, reserved 1114112K
 class space     used 1711K, committed 1792K, reserved 1048576K

Usage:
  Non-class:     14.48 MB used.
      Class:      1.67 MB used.
       Both:     16.15 MB used.

Virtual space:
  Non-class space:       64.00 MB reserved,      14.56 MB ( 23%) committed,  1 nodes.
      Class space:        1.00 GB reserved,       1.75 MB ( <1%) committed,  1 nodes.
             Both:        1.06 GB reserved,      16.31 MB (  1%) committed. 

Chunk freelists:
   Non-Class:  1.04 MB
       Class:  14.20 MB
        Both:  15.25 MB

MaxMetaspaceSize: unlimited
CompressedClassSpaceSize: 1.00 GB
Initial GC threshold: 21.00 MB
Current GC threshold: 21.00 MB
CDS: off
 - commit_granule_bytes: 65536.
 - commit_granule_words: 8192.
 - virtual_space_node_default_size: 8388608.
 - enlarge_chunks_in_place: 1.
UseCompressedClassPointers 1, UseCompactObjectHeaders 0
Narrow klass pointer bits 32, Max shift 3
Narrow klass base: 0x0000000000000000, Narrow klass shift: 0
Encoding Range: [0x0000000000000000 - 0x0000000100000000), (4294967296 bytes)
Klass Range:    [0x000000000e000000 - 0x000000004e000000), (1073741824 bytes)
Klass ID Range:  [234881024 - 1308622841) (1073741817)
No protection zone.


Internal statistics:

num_allocs_failed_limit: 0.
num_arena_births: 58.
num_arena_deaths: 0.
num_vsnodes_births: 2.
num_vsnodes_deaths: 0.
num_space_committed: 261.
num_space_uncommitted: 0.
num_chunks_returned_to_freelist: 0.
num_chunks_taken_from_freelist: 294.
num_chunk_merges: 0.
num_chunk_splits: 188.
num_chunks_enlarged: 155.
num_inconsistent_stats: 0.

CodeHeap 'non-profiled nmethods': size=120128Kb used=543Kb max_used=543Kb free=119584Kb
 bounds [0x000001a5efa80000, 0x000001a5efcf0000, 0x000001a5f6fd0000]
CodeHeap 'profiled nmethods': size=120000Kb used=2458Kb max_used=2458Kb free=117541Kb
 bounds [0x000001a5e7fd0000, 0x000001a5e8240000, 0x000001a5ef500000]
CodeHeap 'non-nmethods': size=5632Kb used=1334Kb max_used=1386Kb free=4297Kb
 bounds [0x000001a5ef500000, 0x000001a5ef770000, 0x000001a5efa80000]
CodeCache: size=245760Kb, used=4335Kb, max_used=4387Kb, free=241422Kb
 total_blobs=2174, nmethods=1705, adapters=374, full_count=0
Compilation: enabled, stopped_count=0, restarted_count=0

Compilation events (20 events):
Event: 417.289 Thread 0x000001a5fab35f00 nmethod 1701 0x000001a5e8230588 code [0x000001a5e8230680, 0x000001a5e8230a48]
Event: 417.298 Thread 0x000001a5fab35f00 1702   !   3       jdk.internal.loader.AbstractClassLoaderValue::computeIfAbsent (113 bytes)
Event: 417.300 Thread 0x000001a5fab35f00 nmethod 1702 0x000001a5e8230a88 code [0x000001a5e8230b80, 0x000001a5e8231ac0]
Event: 417.300 Thread 0x000001a5fab35f00 1703       3       java.lang.Class::getInterfaces (6 bytes)
Event: 417.300 Thread 0x000001a5fab35f00 nmethod 1703 0x000001a5e8231b08 code [0x000001a5e8231c00, 0x000001a5e8231d38]
Event: 417.300 Thread 0x000001a5faaac020 1705       4       jdk.internal.module.SystemModuleFinders$SystemModuleReader::find (59 bytes)
Event: 417.312 Thread 0x000001a5faaac020 nmethod 1705 0x000001a5efb05888 code [0x000001a5efb05980, 0x000001a5efb05a50]
Event: 417.375 Thread 0x000001a5fab35f00 1708       3       java.util.concurrent.ConcurrentHashMap$ValueIterator::<init> (12 bytes)
Event: 417.375 Thread 0x000001a5fab35f00 nmethod 1708 0x000001a5e8231e08 code [0x000001a5e8231f00, 0x000001a5e8232030]
Event: 417.375 Thread 0x000001a5fab35f00 1706       3       java.lang.reflect.Constructor::newInstanceWithCaller (51 bytes)
Event: 417.377 Thread 0x000001a5fab35f00 nmethod 1706 0x000001a5e8232108 code [0x000001a5e8232200, 0x000001a5e8232528]
Event: 417.377 Thread 0x000001a5fab35f00 1707       3       com.google.inject.internal.Annotations::isBindingAnnotation (8 bytes)
Event: 417.396 Thread 0x000001a5fab35f00 nmethod 1707 0x000001a5e8232588 code [0x000001a5e8232680, 0x000001a5e8232da8]
Event: 417.396 Thread 0x000001a5fab35f00 1709   !   3       jdk.internal.reflect.DirectConstructorHandleAccessor::newInstance (130 bytes)
Event: 417.402 Thread 0x000001a5fab35f00 nmethod 1709 0x000001a5e8232e08 code [0x000001a5e8232f00, 0x000001a5e8235450]
Event: 417.402 Thread 0x000001a5fab35f00 1710       3       jdk.internal.reflect.DirectConstructorHandleAccessor::invokeImpl (103 bytes)
Event: 417.404 Thread 0x000001a5fab35f00 nmethod 1710 0x000001a5e8235488 code [0x000001a5e8235580, 0x000001a5e8236a98]
Event: 419.762 Thread 0x000001a5fab35f00 1711       1       org.codehaus.plexus.classworlds.realm.ClassRealm::getParentClassLoader (5 bytes)
Event: 419.762 Thread 0x000001a5fab35f00 nmethod 1711 0x000001a5efb05b88 code [0x000001a5efb05c80, 0x000001a5efb05d48]
Event: 420.424 Thread 0x000001a5fab35f00 1712       3       org.objectweb.asm.ClassReader::accept (1419 bytes)

GC Heap Usage History (20 events):
Event: 210.510 {heap Before GC invocations=0 (full 0):
 garbage-first heap   total reserved 1003520K, committed 63488K, used 14336K [0x00000000c2c00000, 0x0000000100000000)
  region size 1024K, 14 young (14336K), 0 survivors (0K)
}
Event: 212.320 {heap After GC invocations=1 (full 0):
 garbage-first heap   total reserved 1003520K, committed 63488K, used 3392K [0x00000000c2c00000, 0x0000000100000000)
  region size 1024K, 2 young (2048K), 2 survivors (2048K)
}
Event: 222.910 {heap Before GC invocations=1 (full 0):
 garbage-first heap   total reserved 1003520K, committed 63488K, used 4416K [0x00000000c2c00000, 0x0000000100000000)
  region size 1024K, 3 young (3072K), 2 survivors (2048K)
}
Event: 222.917 {heap After GC invocations=2 (full 0):
 garbage-first heap   total reserved 1003520K, committed 63488K, used 3627K [0x00000000c2c00000, 0x0000000100000000)
  region size 1024K, 1 young (1024K), 1 survivors (1024K)
}
Event: 276.020 {heap Before GC invocations=2 (full 0):
 garbage-first heap   total reserved 1003520K, committed 63488K, used 5675K [0x00000000c2c00000, 0x0000000100000000)
  region size 1024K, 3 young (3072K), 1 survivors (1024K)
}
Event: 276.120 {heap After GC invocations=3 (full 0):
 garbage-first heap   total reserved 1003520K, committed 63488K, used 3573K [0x00000000c2c00000, 0x0000000100000000)
  region size 1024K, 1 young (1024K), 1 survivors (1024K)
}
Event: 284.713 {heap Before GC invocations=3 (full 0):
 garbage-first heap   total reserved 1003520K, committed 63488K, used 4597K [0x00000000c2c00000, 0x0000000100000000)
  region size 1024K, 3 young (3072K), 1 survivors (1024K)
}
Event: 284.716 {heap After GC invocations=4 (full 0):
 garbage-first heap   total reserved 1003520K, committed 63488K, used 3702K [0x00000000c2c00000, 0x0000000100000000)
  region size 1024K, 1 young (1024K), 1 survivors (1024K)
}
Event: 291.968 {heap Before GC invocations=4 (full 0):
 garbage-first heap   total reserved 1003520K, committed 63488K, used 6774K [0x00000000c2c00000, 0x0000000100000000)
  region size 1024K, 4 young (4096K), 1 survivors (1024K)
}
Event: 292.892 {heap After GC invocations=5 (full 0):
 garbage-first heap   total reserved 1003520K, committed 63488K, used 3799K [0x00000000c2c00000, 0x0000000100000000)
  region size 1024K, 1 young (1024K), 1 survivors (1024K)
}
Event: 295.734 {heap Before GC invocations=5 (full 0):
 garbage-first heap   total reserved 1003520K, committed 63488K, used 5847K [0x00000000c2c00000, 0x0000000100000000)
  region size 1024K, 3 young (3072K), 1 survivors (1024K)
}
Event: 295.736 {heap After GC invocations=6 (full 0):
 garbage-first heap   total reserved 1003520K, committed 63488K, used 3849K [0x00000000c2c00000, 0x0000000100000000)
  region size 1024K, 1 young (1024K), 1 survivors (1024K)
}
Event: 296.515 {heap Before GC invocations=6 (full 0):
 garbage-first heap   total reserved 1003520K, committed 63488K, used 5897K [0x00000000c2c00000, 0x0000000100000000)
  region size 1024K, 3 young (3072K), 1 survivors (1024K)
}
Event: 296.636 {heap After GC invocations=7 (full 0):
 garbage-first heap   total reserved 1003520K, committed 63488K, used 3915K [0x00000000c2c00000, 0x0000000100000000)
  region size 1024K, 1 young (1024K), 1 survivors (1024K)
}
Event: 312.185 {heap Before GC invocations=7 (full 0):
 garbage-first heap   total reserved 1003520K, committed 63488K, used 5963K [0x00000000c2c00000, 0x0000000100000000)
  region size 1024K, 3 young (3072K), 1 survivors (1024K)
}
Event: 312.401 {heap After GC invocations=8 (full 0):
 garbage-first heap   total reserved 1003520K, committed 63488K, used 3985K [0x00000000c2c00000, 0x0000000100000000)
  region size 1024K, 1 young (1024K), 1 survivors (1024K)
}
Event: 334.783 {heap Before GC invocations=8 (full 0):
 garbage-first heap   total reserved 1003520K, committed 63488K, used 7057K [0x00000000c2c00000, 0x0000000100000000)
  region size 1024K, 4 young (4096K), 1 survivors (1024K)
}
Event: 334.929 {heap After GC invocations=9 (full 0):
 garbage-first heap   total reserved 1003520K, committed 63488K, used 4048K [0x00000000c2c00000, 0x0000000100000000)
  region size 1024K, 1 young (1024K), 1 survivors (1024K)
}
Event: 383.821 {heap Before GC invocations=9 (full 0):
 garbage-first heap   total reserved 1003520K, committed 63488K, used 8144K [0x00000000c2c00000, 0x0000000100000000)
  region size 1024K, 6 young (6144K), 1 survivors (1024K)
}
Event: 383.834 {heap After GC invocations=10 (full 0):
 garbage-first heap   total reserved 1003520K, committed 63488K, used 4370K [0x00000000c2c00000, 0x0000000100000000)
  region size 1024K, 1 young (1024K), 1 survivors (1024K)
}

Metaspace Usage History (20 events):
Event: 210.657 {metaspace Before GC invocations=0 (full 0):
 Metaspace       used 13211K, committed 13312K, reserved 1114112K
  class space    used 1242K, committed 1280K, reserved 1048576K
}
Event: 212.320 {metaspace After GC invocations=1 (full 0):
 Metaspace       used 13211K, committed 13312K, reserved 1114112K
  class space    used 1242K, committed 1280K, reserved 1048576K
}
Event: 222.910 {metaspace Before GC invocations=1 (full 0):
 Metaspace       used 13562K, committed 13696K, reserved 1114112K
  class space    used 1302K, committed 1344K, reserved 1048576K
}
Event: 222.917 {metaspace After GC invocations=2 (full 0):
 Metaspace       used 13562K, committed 13696K, reserved 1114112K
  class space    used 1302K, committed 1344K, reserved 1048576K
}
Event: 276.020 {metaspace Before GC invocations=2 (full 0):
 Metaspace       used 14384K, committed 14592K, reserved 1114112K
  class space    used 1434K, committed 1536K, reserved 1048576K
}
Event: 276.120 {metaspace After GC invocations=3 (full 0):
 Metaspace       used 14384K, committed 14592K, reserved 1114112K
  class space    used 1434K, committed 1536K, reserved 1048576K
}
Event: 284.713 {metaspace Before GC invocations=3 (full 0):
 Metaspace       used 14766K, committed 14976K, reserved 1114112K
  class space    used 1482K, committed 1600K, reserved 1048576K
}
Event: 284.716 {metaspace After GC invocations=4 (full 0):
 Metaspace       used 14766K, committed 14976K, reserved 1114112K
  class space    used 1482K, committed 1600K, reserved 1048576K
}
Event: 292.093 {metaspace Before GC invocations=4 (full 0):
 Metaspace       used 14895K, committed 15104K, reserved 1114112K
  class space    used 1507K, committed 1600K, reserved 1048576K
}
Event: 292.892 {metaspace After GC invocations=5 (full 0):
 Metaspace       used 14895K, committed 15104K, reserved 1114112K
  class space    used 1507K, committed 1600K, reserved 1048576K
}
Event: 295.734 {metaspace Before GC invocations=5 (full 0):
 Metaspace       used 14980K, committed 15168K, reserved 1114112K
  class space    used 1520K, committed 1600K, reserved 1048576K
}
Event: 295.736 {metaspace After GC invocations=6 (full 0):
 Metaspace       used 14980K, committed 15168K, reserved 1114112K
  class space    used 1520K, committed 1600K, reserved 1048576K
}
Event: 296.515 {metaspace Before GC invocations=6 (full 0):
 Metaspace       used 15054K, committed 15296K, reserved 1114112K
  class space    used 1535K, committed 1664K, reserved 1048576K
}
Event: 296.636 {metaspace After GC invocations=7 (full 0):
 Metaspace       used 15054K, committed 15296K, reserved 1114112K
  class space    used 1535K, committed 1664K, reserved 1048576K
}
Event: 312.185 {metaspace Before GC invocations=7 (full 0):
 Metaspace       used 15349K, committed 15488K, reserved 1114112K
  class space    used 1563K, committed 1664K, reserved 1048576K
}
Event: 312.401 {metaspace After GC invocations=8 (full 0):
 Metaspace       used 15349K, committed 15488K, reserved 1114112K
  class space    used 1563K, committed 1664K, reserved 1048576K
}
Event: 334.783 {metaspace Before GC invocations=8 (full 0):
 Metaspace       used 15749K, committed 15936K, reserved 1114112K
  class space    used 1613K, committed 1728K, reserved 1048576K
}
Event: 334.929 {metaspace After GC invocations=9 (full 0):
 Metaspace       used 15749K, committed 15936K, reserved 1114112K
  class space    used 1613K, committed 1728K, reserved 1048576K
}
Event: 383.821 {metaspace Before GC invocations=9 (full 0):
 Metaspace       used 16255K, committed 16512K, reserved 1114112K
  class space    used 1672K, committed 1792K, reserved 1048576K
}
Event: 383.834 {metaspace After GC invocations=10 (full 0):
 Metaspace       used 16255K, committed 16512K, reserved 1114112K
  class space    used 1672K, committed 1792K, reserved 1048576K
}

Dll operation events (7 events):
Event: 1.767 Loaded shared library C:\Program Files\Apache NetBeans\jdk\bin\java.dll
Event: 23.940 Loaded shared library C:\Program Files\Apache NetBeans\jdk\bin\net.dll
Event: 23.948 Loaded shared library C:\Program Files\Apache NetBeans\jdk\bin\nio.dll
Event: 24.513 Loaded shared library C:\Program Files\Apache NetBeans\jdk\bin\zip.dll
Event: 47.854 Loaded shared library C:\Program Files\Apache NetBeans\java\maven\lib\jansi-native\Windows\x86_64\jansi.dll
Event: 48.336 Loaded shared library C:\Program Files\Apache NetBeans\jdk\bin\verify.dll
Event: 50.855 Loaded shared library C:\Program Files\Apache NetBeans\jdk\bin\jimage.dll

Deoptimization events (20 events):
Event: 301.780 Thread 0x000001a5dd92d630 Uncommon trap: trap_request=0xffffffde fr.pc=0x000001a5efabe148 relative=0x0000000000000248
Event: 301.780 Thread 0x000001a5dd92d630 Uncommon trap: reason=class_check action=maybe_recompile pc=0x000001a5efabe148 method=java.util.HashMap.getNode(Ljava/lang/Object;)Ljava/util/HashMap$Node; @ 128 c2
Event: 301.780 Thread 0x000001a5dd92d630 DEOPT PACKING pc=0x000001a5efabe148 sp=0x0000005e4befe000
Event: 301.780 Thread 0x000001a5dd92d630 DEOPT UNPACKING pc=0x000001a5ef587efc sp=0x0000005e4befdf68 mode 2
Event: 301.803 Thread 0x000001a5dd92d630 Uncommon trap: trap_request=0xffffffde fr.pc=0x000001a5efabe148 relative=0x0000000000000248
Event: 301.803 Thread 0x000001a5dd92d630 Uncommon trap: reason=class_check action=maybe_recompile pc=0x000001a5efabe148 method=java.util.HashMap.getNode(Ljava/lang/Object;)Ljava/util/HashMap$Node; @ 128 c2
Event: 301.803 Thread 0x000001a5dd92d630 DEOPT PACKING pc=0x000001a5efabe148 sp=0x0000005e4befe000
Event: 301.803 Thread 0x000001a5dd92d630 DEOPT UNPACKING pc=0x000001a5ef587efc sp=0x0000005e4befdf68 mode 2
Event: 341.024 Thread 0x000001a5dd92d630 Uncommon trap: trap_request=0xffffff45 fr.pc=0x000001a5efaf2748 relative=0x00000000000005c8
Event: 341.024 Thread 0x000001a5dd92d630 Uncommon trap: reason=unstable_if action=reinterpret pc=0x000001a5efaf2748 method=java.lang.String.<init>([CIILjava/lang/Void;)V @ 5 c2
Event: 341.024 Thread 0x000001a5dd92d630 DEOPT PACKING pc=0x000001a5efaf2748 sp=0x0000005e4befe2b0
Event: 341.024 Thread 0x000001a5dd92d630 DEOPT UNPACKING pc=0x000001a5ef587efc sp=0x0000005e4befe130 mode 2
Event: 349.570 Thread 0x000001a5dd92d630 Uncommon trap: trap_request=0xffffffde fr.pc=0x000001a5efabe148 relative=0x0000000000000248
Event: 349.570 Thread 0x000001a5dd92d630 Uncommon trap: reason=class_check action=maybe_recompile pc=0x000001a5efabe148 method=java.util.HashMap.getNode(Ljava/lang/Object;)Ljava/util/HashMap$Node; @ 128 c2
Event: 349.570 Thread 0x000001a5dd92d630 DEOPT PACKING pc=0x000001a5efabe148 sp=0x0000005e4befe0b0
Event: 349.571 Thread 0x000001a5dd92d630 DEOPT UNPACKING pc=0x000001a5ef587efc sp=0x0000005e4befe018 mode 2
Event: 352.886 Thread 0x000001a5dd92d630 DEOPT PACKING pc=0x000001a5e81b2160 sp=0x0000005e4befe480
Event: 352.886 Thread 0x000001a5dd92d630 DEOPT UNPACKING pc=0x000001a5ef551063 sp=0x0000005e4befd8f0 mode 0
Event: 360.934 Thread 0x000001a5dd92d630 DEOPT PACKING pc=0x000001a5e8203e18 sp=0x0000005e4befe2a0
Event: 360.934 Thread 0x000001a5dd92d630 DEOPT UNPACKING pc=0x000001a5ef551063 sp=0x0000005e4befd710 mode 0

Classes loaded (20 events):
Event: 278.281 Loading class sun/reflect/generics/tree/TypeVariableSignature
Event: 278.281 Loading class sun/reflect/generics/tree/TypeVariableSignature done
Event: 282.235 Loading class java/lang/annotation/IncompleteAnnotationException
Event: 282.235 Loading class java/lang/annotation/IncompleteAnnotationException done
Event: 282.252 Loading class jdk/internal/foreign/MemorySessionImpl
Event: 282.254 Loading class java/lang/foreign/MemorySegment$Scope
Event: 282.254 Loading class java/lang/foreign/MemorySegment$Scope done
Event: 282.254 Loading class jdk/internal/foreign/MemorySessionImpl done
Event: 289.896 Loading class java/lang/foreign/MemorySegment
Event: 289.896 Loading class java/lang/foreign/MemorySegment done
Event: 296.650 Loading class sun/reflect/generics/reflectiveObjects/TypeVariableImpl
Event: 296.650 Loading class sun/reflect/generics/reflectiveObjects/LazyReflectiveObjectGenerator
Event: 296.650 Loading class sun/reflect/generics/reflectiveObjects/LazyReflectiveObjectGenerator done
Event: 296.651 Loading class sun/reflect/generics/reflectiveObjects/TypeVariableImpl done
Event: 296.651 Loading class sun/reflect/generics/reflectiveObjects/ParameterizedTypeImpl
Event: 296.651 Loading class sun/reflect/generics/reflectiveObjects/ParameterizedTypeImpl done
Event: 366.678 Loading class java/lang/Long$LongCache
Event: 366.697 Loading class java/lang/Long$LongCache done
Event: 397.947 Loading class java/lang/Deprecated
Event: 397.994 Loading class java/lang/Deprecated done

Classes unloaded (0 events):
No events

Classes redefined (0 events):
No events

Internal exceptions (20 events):
Event: 47.863 Thread 0x000001a5dd92d630 Exception <a 'java/lang/NullPointerException'{0x00000000c65da678}> (0x00000000c65da678) 
thrown [s\src\hotspot\share\interpreter\linkResolver.cpp, line 1416]
Event: 48.324 Thread 0x000001a5dd92d630 Exception <a 'sun/nio/fs/WindowsException'{0x00000000c65fc2f0}> (0x00000000c65fc2f0) 
thrown [s\src\hotspot\share\prims\jni.cpp, line 516]
Event: 48.324 Thread 0x000001a5dd92d630 Exception <a 'sun/nio/fs/WindowsException'{0x00000000c65fca38}> (0x00000000c65fca38) 
thrown [s\src\hotspot\share\prims\jni.cpp, line 516]
Event: 48.325 Thread 0x000001a5dd92d630 Exception <a 'sun/nio/fs/WindowsException'{0x00000000c65fcf98}> (0x00000000c65fcf98) 
thrown [s\src\hotspot\share\prims\jni.cpp, line 516]
Event: 48.325 Thread 0x000001a5dd92d630 Exception <a 'sun/nio/fs/WindowsException'{0x00000000c65fd4d8}> (0x00000000c65fd4d8) 
thrown [s\src\hotspot\share\prims\jni.cpp, line 516]
Event: 48.325 Thread 0x000001a5dd92d630 Exception <a 'sun/nio/fs/WindowsException'{0x00000000c65fd9c8}> (0x00000000c65fd9c8) 
thrown [s\src\hotspot\share\prims\jni.cpp, line 516]
Event: 48.326 Thread 0x000001a5dd92d630 Exception <a 'sun/nio/fs/WindowsException'{0x00000000c65fde70}> (0x00000000c65fde70) 
thrown [s\src\hotspot\share\prims\jni.cpp, line 516]
Event: 48.627 Thread 0x000001a5dd92d630 Exception <a 'java/lang/NoSuchMethodError'{0x00000000c64365a8}: 'void java.lang.invoke.DirectMethodHandle$Holder.invokeVirtual(java.lang.Object, java.lang.Object)'> (0x00000000c64365a8) 
thrown [s\src\hotspot\share\interpreter\linkResolver.cpp, line 804]
Event: 49.219 Thread 0x000001a5dd92d630 Exception <a 'java/lang/NoSuchMethodError'{0x00000000c64582f0}: 'void java.lang.invoke.DirectMethodHandle$Holder.invokeStatic(java.lang.Object, java.lang.Object)'> (0x00000000c64582f0) 
thrown [s\src\hotspot\share\interpreter\linkResolver.cpp, line 804]
Event: 49.228 Thread 0x000001a5dd92d630 Exception <a 'java/lang/NoSuchMethodError'{0x00000000c6460098}: 'void java.lang.invoke.DirectMethodHandle$Holder.invokeStaticInit(java.lang.Object, java.lang.Object)'> (0x00000000c6460098) 
thrown [s\src\hotspot\share\interpreter\linkResolver.cpp, line 804]
Event: 50.502 Thread 0x000001a5dd92d630 Exception <a 'java/lang/NoSuchMethodError'{0x00000000c649faf0}: 'void java.lang.invoke.DirectMethodHandle$Holder.invokeSpecial(java.lang.Object, java.lang.Object, java.lang.Object, java.lang.Object, java.lang.Object)'> (0x00000000c649faf0) 
thrown [s\src\hotspot\share\interpreter\linkResolver.cpp, line 804]
Event: 50.744 Thread 0x000001a5dd92d630 Exception <a 'java/lang/NoSuchMethodError'{0x00000000c64dbc00}: 'void java.lang.invoke.DirectMethodHandle$Holder.invokeStatic(java.lang.Object, java.lang.Object, java.lang.Object)'> (0x00000000c64dbc00) 
thrown [s\src\hotspot\share\interpreter\linkResolver.cpp, line 804]
Event: 123.854 Thread 0x000001a5dd92d630 Exception <a 'java/lang/NoSuchMethodError'{0x00000000c62a67b0}: 'java.lang.Object java.lang.invoke.DirectMethodHandle$Holder.invokeSpecialIFC(java.lang.Object, java.lang.Object, java.lang.Object, java.lang.Object)'> (0x00000000c62a67b0) 
thrown [s\src\hotspot\share\interpreter\linkResolver.cpp, line 804]
Event: 203.323 Thread 0x000001a5dd92d630 Exception <a 'java/lang/NoSuchMethodError'{0x00000000c5c17540}: 'void java.lang.invoke.DirectMethodHandle$Holder.invokeSpecial(java.lang.Object, java.lang.Object, java.lang.Object)'> (0x00000000c5c17540) 
thrown [s\src\hotspot\share\interpreter\linkResolver.cpp, line 804]
Event: 213.193 Thread 0x000001a5dd92d630 Exception <a 'java/lang/NoSuchMethodError'{0x00000000c6933d40}: 'java.lang.Object java.lang.invoke.DirectMethodHandle$Holder.invokeInterface(java.lang.Object, java.lang.Object)'> (0x00000000c6933d40) 
thrown [s\src\hotspot\share\interpreter\linkResolver.cpp, line 804]
Event: 222.910 Thread 0x000001a5dd92d630 Exception <a 'java/lang/NoSuchMethodError'{0x00000000c69fde58}: 'int java.lang.invoke.DirectMethodHandle$Holder.invokeStatic(java.lang.Object, java.lang.Object, java.lang.Object, java.lang.Object)'> (0x00000000c69fde58) 
thrown [s\src\hotspot\share\interpreter\linkResolver.cpp, line 804]
Event: 236.139 Thread 0x000001a5dd92d630 Exception <a 'java/lang/NoSuchMethodError'{0x00000000c6928698}: 'int java.lang.invoke.DirectMethodHandle$Holder.invokeSpecialIFC(java.lang.Object, java.lang.Object, java.lang.Object, java.lang.Object, java.lang.Object)'> (0x00000000c6928698) 
thrown [s\src\hotspot\share\interpreter\linkResolver.cpp, line 804]
Event: 275.969 Thread 0x000001a5dd92d630 Exception <a 'java/lang/NoSuchMethodError'{0x00000000c67ff350}: 'java.lang.Object java.lang.invoke.DirectMethodHandle$Holder.newInvokeSpecial(java.lang.Object, java.lang.Object, java.lang.Object, java.lang.Object, java.lang.Object)'> (0x00000000c67ff350) 
thrown [s\src\hotspot\share\interpreter\linkResolver.cpp, line 804]
Event: 278.481 Thread 0x000001a5dd92d630 Exception <a 'java/lang/NoSuchMethodError'{0x00000000c681e840}: 'int java.lang.invoke.DirectMethodHandle$Holder.invokeStaticInit(java.lang.Object, java.lang.Object)'> (0x00000000c681e840) 
thrown [s\src\hotspot\share\interpreter\linkResolver.cpp, line 804]
Event: 282.236 Thread 0x000001a5dd92d630 Exception <a 'java/lang/NoClassDefFoundError'{0x00000000c6856730}: javax/enterprise/inject/Typed> (0x00000000c6856730) 
thrown [s\src\hotspot\share\classfile\systemDictionary.cpp, line 316]

VM Operations (20 events):
Event: 276.020 Executing safepoint VM operation: G1CollectForAllocation (G1 Evacuation Pause)
Event: 276.138 Executing safepoint VM operation: G1CollectForAllocation (G1 Evacuation Pause) done
Event: 284.713 Executing safepoint VM operation: G1CollectForAllocation (G1 Evacuation Pause)
Event: 284.716 Executing safepoint VM operation: G1CollectForAllocation (G1 Evacuation Pause) done
Event: 291.968 Executing safepoint VM operation: G1CollectForAllocation (G1 Evacuation Pause)
Event: 292.892 Executing safepoint VM operation: G1CollectForAllocation (G1 Evacuation Pause) done
Event: 295.693 Executing safepoint VM operation: G1CollectForAllocation (G1 Evacuation Pause)
Event: 295.780 Executing safepoint VM operation: G1CollectForAllocation (G1 Evacuation Pause) done
Event: 296.515 Executing safepoint VM operation: G1CollectForAllocation (G1 Evacuation Pause)
Event: 296.637 Executing safepoint VM operation: G1CollectForAllocation (G1 Evacuation Pause) done
Event: 302.545 Executing non-safepoint VM operation: HandshakeAllThreads (HandshakeForDeflation)
Event: 302.545 Executing non-safepoint VM operation: HandshakeAllThreads (HandshakeForDeflation) done
Event: 302.545 Executing non-safepoint VM operation: RendezvousGCThreads
Event: 302.545 Executing non-safepoint VM operation: RendezvousGCThreads done
Event: 312.185 Executing safepoint VM operation: G1CollectForAllocation (G1 Evacuation Pause)
Event: 312.401 Executing safepoint VM operation: G1CollectForAllocation (G1 Evacuation Pause) done
Event: 334.782 Executing safepoint VM operation: G1CollectForAllocation (G1 Evacuation Pause)
Event: 334.929 Executing safepoint VM operation: G1CollectForAllocation (G1 Evacuation Pause) done
Event: 383.821 Executing safepoint VM operation: G1CollectForAllocation (G1 Evacuation Pause)
Event: 383.834 Executing safepoint VM operation: G1CollectForAllocation (G1 Evacuation Pause) done

Memory protections (0 events):
No events

Nmethod flushes (0 events):
No events

Events (13 events):
Event: 6.435 Thread 0x000001a5dd92d630 Thread added: 0x000001a5dd92d630
Event: 10.687 Thread 0x000001a5dd92d630 Thread added: 0x000001a5faaa46c0
Event: 10.691 Thread 0x000001a5dd92d630 Thread added: 0x000001a5faaa6350
Event: 11.119 Thread 0x000001a5dd92d630 Thread added: 0x000001a5faaa8df0
Event: 11.119 Thread 0x000001a5dd92d630 Thread added: 0x000001a5faaa99b0
Event: 11.119 Thread 0x000001a5dd92d630 Thread added: 0x000001a5faaaa570
Event: 11.119 Thread 0x000001a5dd92d630 Thread added: 0x000001a5faaab130
Event: 11.119 Thread 0x000001a5dd92d630 Thread added: 0x000001a5faaac020
Event: 11.610 Thread 0x000001a5dd92d630 Thread added: 0x000001a5fab35f00
Event: 22.850 Thread 0x000001a5dd92d630 Thread added: 0x000001a5fac3a500
Event: 22.858 Thread 0x000001a5dd92d630 Thread added: 0x000001a5fac3cea0
Event: 47.679 Thread 0x000001a5dd92d630 Thread added: 0x000001a5fadbd240
Event: 163.111 Thread 0x000001a5fadbd240 Thread exited: 0x000001a5fadbd240


Dynamic libraries:
0x00007ff61ab00000 - 0x00007ff61ab0e000 	C:\Program Files\Apache NetBeans\jdk\bin\java.exe
0x00007ffea0ee0000 - 0x00007ffea1147000 	C:\WINDOWS\SYSTEM32\ntdll.dll
0x00007ffe9fee0000 - 0x00007ffe9ffa9000 	C:\WINDOWS\System32\KERNEL32.DLL
0x00007ffe9dbe0000 - 0x00007ffe9dfd4000 	C:\WINDOWS\System32\KERNELBASE.dll
0x00007ffe9e110000 - 0x00007ffe9e25b000 	C:\WINDOWS\System32\ucrtbase.dll
0x00007ffe806e0000 - 0x00007ffe806f6000 	C:\Program Files\Apache NetBeans\jdk\bin\jli.dll
0x00007ffe9ed70000 - 0x00007ffe9ef35000 	C:\WINDOWS\System32\USER32.dll
0x00007ffe9eb90000 - 0x00007ffe9ebb7000 	C:\WINDOWS\System32\win32u.dll
0x00007ffea09d0000 - 0x00007ffea09fb000 	C:\WINDOWS\System32\GDI32.dll
0x00007ffe9dfe0000 - 0x00007ffe9e10a000 	C:\WINDOWS\System32\gdi32full.dll
0x00007ffe9ebc0000 - 0x00007ffe9ec63000 	C:\WINDOWS\System32\msvcp_win.dll
0x00007ffe91b10000 - 0x00007ffe91b2e000 	C:\Program Files\Apache NetBeans\jdk\bin\VCRUNTIME140.dll
0x00007ffe8ba70000 - 0x00007ffe8bd03000 	C:\WINDOWS\WinSxS\amd64_microsoft.windows.common-controls_6595b64144ccf1df_6.0.26100.8115_none_3e075c82e3354f9c\COMCTL32.dll
0x00007ffea0400000 - 0x00007ffea04a9000 	C:\WINDOWS\System32\msvcrt.dll
0x00007ffe9fd40000 - 0x00007ffe9fd72000 	C:\WINDOWS\System32\IMM32.DLL
0x00007ffe8bdb0000 - 0x00007ffe8bdbc000 	C:\Program Files\Apache NetBeans\jdk\bin\vcruntime140_1.dll
0x00007ffe68510000 - 0x00007ffe6859d000 	C:\Program Files\Apache NetBeans\jdk\bin\msvcp140.dll
0x00007ffe2ca00000 - 0x00007ffe2d926000 	C:\Program Files\Apache NetBeans\jdk\bin\server\jvm.dll
0x00007ffea0660000 - 0x00007ffea0716000 	C:\WINDOWS\System32\ADVAPI32.dll
0x00007ffea04b0000 - 0x00007ffea0557000 	C:\WINDOWS\System32\sechost.dll
0x00007ffe9f250000 - 0x00007ffe9f368000 	C:\WINDOWS\System32\RPCRT4.dll
0x00007ffea0940000 - 0x00007ffea09c0000 	C:\WINDOWS\System32\WS2_32.dll
0x00007ffe9d610000 - 0x00007ffe9d66e000 	C:\WINDOWS\SYSTEM32\POWRPROF.dll
0x00007ffe7a540000 - 0x00007ffe7a576000 	C:\WINDOWS\SYSTEM32\WINMM.dll
0x00007ffe8c650000 - 0x00007ffe8c65b000 	C:\WINDOWS\SYSTEM32\VERSION.dll
0x00007ffe9d5f0000 - 0x00007ffe9d604000 	C:\WINDOWS\SYSTEM32\UMPDC.dll
0x00007ffe9c540000 - 0x00007ffe9c55b000 	C:\WINDOWS\SYSTEM32\kernel.appcore.dll
0x00007ffe8bda0000 - 0x00007ffe8bdaa000 	C:\Program Files\Apache NetBeans\jdk\bin\jimage.dll
0x00007ffe9b6f0000 - 0x00007ffe9b932000 	C:\WINDOWS\SYSTEM32\DBGHELP.DLL
0x00007ffe9ffb0000 - 0x00007ffea0332000 	C:\WINDOWS\System32\combase.dll
0x00007ffe9f400000 - 0x00007ffe9f4d7000 	C:\WINDOWS\System32\OLEAUT32.dll
0x00007ffe8c3b0000 - 0x00007ffe8c3eb000 	C:\WINDOWS\SYSTEM32\dbgcore.DLL
0x00007ffe9d9c0000 - 0x00007ffe9da65000 	C:\WINDOWS\System32\bcryptPrimitives.dll
0x00007ffe80700000 - 0x00007ffe8071e000 	C:\Program Files\Apache NetBeans\jdk\bin\java.dll
0x00007ffea0790000 - 0x00007ffea0927000 	C:\WINDOWS\System32\ole32.dll
0x00007ffe9f570000 - 0x00007ffe9fcd6000 	C:\WINDOWS\System32\SHELL32.dll
0x00007ffe9da70000 - 0x00007ffe9dbda000 	C:\WINDOWS\System32\wintypes.dll
0x00007ffe9e260000 - 0x00007ffe9eac5000 	C:\WINDOWS\System32\windows.storage.dll
0x00007ffe9ef40000 - 0x00007ffe9f037000 	C:\WINDOWS\System32\SHCORE.dll
0x00007ffea0720000 - 0x00007ffea0786000 	C:\WINDOWS\System32\shlwapi.dll
0x00007ffe9d6d0000 - 0x00007ffe9d6f9000 	C:\WINDOWS\SYSTEM32\profapi.dll
0x00007ffe76930000 - 0x00007ffe76941000 	C:\Program Files\Apache NetBeans\jdk\bin\net.dll
0x00007ffe9cab0000 - 0x00007ffe9cb1c000 	C:\WINDOWS\system32\mswsock.dll
0x00007ffe685a0000 - 0x00007ffe685b6000 	C:\Program Files\Apache NetBeans\jdk\bin\nio.dll
0x00007ffe76950000 - 0x00007ffe76967000 	C:\Program Files\Apache NetBeans\jdk\bin\zip.dll
0x00007ffe7bf10000 - 0x00007ffe7bf34000 	C:\Program Files\Apache NetBeans\java\maven\lib\jansi-native\Windows\x86_64\jansi.dll
0x00007ffe87100000 - 0x00007ffe87110000 	C:\Program Files\Apache NetBeans\jdk\bin\verify.dll

JVMTI agents: none

dbghelp: loaded successfully - version: 4.0.5 - missing functions: none
symbol engine: initialized successfully - sym options: 0x614 - pdb path: .;C:\Program Files\Apache NetBeans\jdk\bin;C:\WINDOWS\SYSTEM32;C:\WINDOWS\WinSxS\amd64_microsoft.windows.common-controls_6595b64144ccf1df_6.0.26100.8115_none_3e075c82e3354f9c;C:\Program Files\Apache NetBeans\jdk\bin\server;C:\Program Files\Apache NetBeans\java\maven\lib\jansi-native\Windows\x86_64

VM Arguments:
jvm_args: --enable-native-access=ALL-UNNAMED -Dclassworlds.conf=C:\Program Files\Apache NetBeans\java\maven\bin\m2.conf -Dmaven.home=C:\Program Files\Apache NetBeans\java\maven -Dlibrary.jansi.path=C:\Program Files\Apache NetBeans\java\maven\lib\jansi-native -Dmaven.multiModuleProjectDirectory=C:\Users\ASUS\Documents\NetBeansProjects\Lubiproject1 
java_command: org.codehaus.plexus.classworlds.launcher.Launcher -Dmaven.ext.class.path=C:\Program Files\Apache NetBeans\java\maven-nblib\netbeans-eventspy.jar --no-transfer-progress install
java_class_path (initial): C:\Program Files\Apache NetBeans\java\maven\boot\plexus-classworlds-2.9.0.jar
Launcher Type: SUN_STANDARD

[Global flags]
     intx CICompilerCount                          = 2                                         {product} {ergonomic}
     uint ConcGCThreads                            = 1                                         {product} {ergonomic}
     uint G1ConcRefinementThreads                  = 2                                         {product} {ergonomic}
   size_t G1HeapRegionSize                         = 1048576                                   {product} {ergonomic}
   size_t InitialHeapSize                          = 65011712                                  {product} {ergonomic}
   size_t MarkStackSize                            = 4194304                                   {product} {ergonomic}
   size_t MarkStackSizeMax                         = 536870912                                 {product} {ergonomic}
   size_t MaxHeapSize                              = 1027604480                                {product} {ergonomic}
   size_t MaxNewSize                               = 616562688                                 {product} {ergonomic}
   size_t MinHeapDeltaBytes                        = 1048576                                   {product} {ergonomic}
   size_t MinHeapSize                              = 8388608                                   {product} {ergonomic}
    uintx NonNMethodCodeHeapSize                   = 5767168                                {pd product} {ergonomic}
    uintx NonProfiledCodeHeapSize                  = 123011072                              {pd product} {ergonomic}
    uintx ProfiledCodeHeapSize                     = 122880000                              {pd product} {ergonomic}
    uintx ReservedCodeCacheSize                    = 251658240                              {pd product} {ergonomic}
     bool SegmentedCodeCache                       = true                                      {product} {ergonomic}
   size_t SoftMaxHeapSize                          = 1027604480                             {manageable} {ergonomic}
     bool UseCompressedOops                        = true                           {product lp64_product} {ergonomic}
     bool UseG1GC                                  = true                                      {product} {ergonomic}
     bool UseLargePagesIndividualAllocation        = false                                  {pd product} {ergonomic}

Logging:
Log output configuration:
 #0: stdout all=warning uptime,level,tags foldmultilines=false
 #1: stderr all=off uptime,level,tags foldmultilines=false

Release file:
IMPLEMENTOR="Eclipse Adoptium" 
IMPLEMENTOR_VERSION="Temurin-25.0.2+10" 
JAVA_RUNTIME_VERSION="25.0.2+10-LTS" 
JAVA_VERSION="25.0.2" 
JAVA_VERSION_DATE="2026-01-20" 
LIBC="default" 
MODULES="java.base java.compiler java.datatransfer java.xml java.prefs java.desktop java.instrument java.logging java.management java.security.sasl java.naming java.rmi java.management.rmi java.net.http java.scripting java.security.jgss java.transaction.xa java.sql java.sql.rowset java.xml.crypto java.se java.smartcardio jdk.accessibility jdk.internal.jvmstat jdk.attach jdk.charsets jdk.internal.opt jdk.zipfs jdk.compiler jdk.crypto.cryptoki jdk.crypto.ec jdk.crypto.mscapi jdk.dynalink jdk.internal.ed jdk.editpad jdk.internal.vm.ci jdk.graal.compiler jdk.graal.compiler.management jdk.hotspot.agent jdk.httpserver jdk.incubator.vector jdk.internal.le jdk.internal.md jdk.jartool jdk.javadoc jdk.jcmd jdk.management jdk.management.agent jdk.jconsole jdk.jdeps jdk.jdwp.agent jdk.jdi jdk.jfr jdk.jlink jdk.jpackage jdk.jshell jdk.jsobject jdk.jstatd jdk.localedata jdk.management.jfr jdk.naming.dns jdk.naming.rmi jdk.net jdk.nio.mapmode jdk.sctp jdk.security.auth jdk.security.jgss jdk.unsupported jdk.unsupported.desktop jdk.xml.dom" 
OS_ARCH="x86_64" 
OS_NAME="Windows" 
SOURCE=".:git:9e3c947043a4" 
BUILD_SOURCE="git:458965074606f027bd5afce2cfd5c1055dea0438"
BUILD_SOURCE_REPO="https://github.com/adoptium/temurin-build.git"
SOURCE_REPO="https://github.com/adoptium/jdk25u.git"
FULL_VERSION="25.0.2+10-LTS"
SEMANTIC_VERSION="25.0.2+10"
BUILD_INFO="OS: Windows Server 2022 Version: 10.0"
JVM_VARIANT="Hotspot"
JVM_VERSION="25.0.2+10-LTS"
IMAGE_TYPE="JDK"

Environment Variables:
JAVA_HOME=C:\Program Files\Apache NetBeans\jdk
PATH=C:\WINDOWS\system32;C:\WINDOWS;C:\WINDOWS\System32\Wbem;C:\WINDOWS\System32\WindowsPowerShell\v1.0\;C:\WINDOWS\System32\OpenSSH\;C:\Program Files\Git\cmd;C:\Users\ASUS\AppData\Local\Microsoft\WindowsApps;;C:\Program Files\Apache NetBeans\bin\
USERNAME=ASUS
OS=Windows_NT
PROCESSOR_IDENTIFIER=Intel64 Family 6 Model 122 Stepping 1, GenuineIntel
TMP=C:\Users\ASUS\AppData\Local\Temp
TEMP=C:\Users\ASUS\AppData\Local\Temp




Compilation memory statistics disabled.

Periodic native trim disabled

---------------  S Y S T E M  ---------------

OS:
 Windows 11 , 64 bit Build 26100 (10.0.26100.8115)
OS uptime: 0 days 4:19 hours

CPU: total 2 (initial active 2) (2 cores per cpu, 1 threads per core) family 6 model 122 stepping 1 microcode 0x34, cx8, cmov, fxsr, mmx, 3dnowpref, sse, sse2, sse3, ssse3, sse4.1, sse4.2, popcnt, tsc, tscinvbit, aes, erms, clmul, sha, clflush, clflushopt, rdtscp, rdpid
Processor Information for the first 2 processors :
  Max Mhz: 1101, Current Mhz: 1101, Mhz Limit: 1101

Memory: 4k page, system-wide physical 3919M (118M free)
TotalPageFile size 15695M (AvailPageFile size 387M)
current process WorkingSet (physical memory assigned to process): 32M, peak: 41M
current process commit charge ("private bytes"): 143M, peak: 148M

vm_info: OpenJDK 64-Bit Server VM (25.0.2+10-LTS) for windows-amd64 JRE (25.0.2+10-LTS), built on 2026-01-20T00:00:00Z with MS VC++ 17.12 (VS2022)

END.
