#
# There is insufficient memory for the Java Runtime Environment to continue.
# Native memory allocation (malloc) failed to allocate 616536 bytes. Error detail: Chunk::new
# Possible reasons:
#   The system is out of physical RAM or swap space
#   This process is running with CompressedOops enabled, and the Java Heap may be blocking the growth of the native heap
# Possible solutions:
#   Reduce memory load on the system
#   Increase physical memory or swap space
#   Check if swap backing store is full
#   Decrease Java heap size (-Xmx/-Xms)
#   Decrease number of Java threads
#   Decrease Java thread stack sizes (-Xss)
#   Set larger code cache with -XX:ReservedCodeCacheSize=
#   JVM is running with Unscaled Compressed Oops mode in which the Java heap is
#     placed in the first 4GB address space. The Java Heap base address is the
#     maximum limit for the native heap growth. Please use -XX:HeapBaseMinAddress
#     to set the Java Heap base and to place the Java Heap above 4GB virtual address.
# This output file may be truncated or incomplete.
#
#  Out of Memory Error (arena.cpp:186), pid=12412, tid=15508
#
# JRE version: OpenJDK Runtime Environment Temurin-25.0.2+10 (25.0.2+10) (build 25.0.2+10-LTS)
# Java VM: OpenJDK 64-Bit Server VM Temurin-25.0.2+10 (25.0.2+10-LTS, mixed mode, sharing, tiered, compressed oops, compressed class ptrs, g1 gc, windows-amd64)
# No core dump will be written. Minidumps are not enabled by default on client versions of Windows
#

---------------  S U M M A R Y ------------

Command Line: --enable-native-access=ALL-UNNAMED -Dclassworlds.conf=C:\Program Files\Apache NetBeans\java\maven\bin\m2.conf -Dmaven.home=C:\Program Files\Apache NetBeans\java\maven -Dlibrary.jansi.path=C:\Program Files\Apache NetBeans\java\maven\lib\jansi-native -Dmaven.multiModuleProjectDirectory=C:\Users\ASUS\Documents\NetBeansProjects\Lubiproject1 org.codehaus.plexus.classworlds.launcher.Launcher -Dmaven.ext.class.path=C:\Program Files\Apache NetBeans\java\maven-nblib\netbeans-eventspy.jar --no-transfer-progress install

Host: Intel(R) Celeron(R) N4000 CPU @ 1.10GHz, 2 cores, 3G,  Windows 11 , 64 bit Build 26100 (10.0.26100.8115)
Time: Fri Apr  3 17:05:35 2026 SE Asia Standard Time elapsed time: 255.427989 seconds (0d 0h 4m 15s)

---------------  T H R E A D  ---------------

Current thread (0x0000019fc9257180):  JavaThread "C2 CompilerThread0" daemon [_thread_in_native, id=15508, stack(0x000000450c500000,0x000000450c600000) (1024K)]


Current CompileTask:
C2:255428 1747       4       java.util.HashMap::getNode (150 bytes)

Stack: [0x000000450c500000,0x000000450c600000]
Native frames: (J=compiled Java code, j=interpreted, Vv=VM code, C=native code)
V  [jvm.dll+0x7a8bc9]  (no source info available)
V  [jvm.dll+0x77310d]  (no source info available)
V  [jvm.dll+0x9f55f3]  (no source info available)
V  [jvm.dll+0x9f7be1]  (no source info available)
V  [jvm.dll+0x9f82f3]  (no source info available)
V  [jvm.dll+0x2fce26]  (no source info available)
V  [jvm.dll+0x111076]  (no source info available)
V  [jvm.dll+0x11139e]  (no source info available)
V  [jvm.dll+0x19fff2]  (no source info available)
V  [jvm.dll+0x3b5f62]  (no source info available)
V  [jvm.dll+0x7ae53c]  (no source info available)
V  [jvm.dll+0x2c0407]  (no source info available)
V  [jvm.dll+0x2bf3cf]  (no source info available)
V  [jvm.dll+0x237140]  (no source info available)
V  [jvm.dll+0x2cf4c6]  (no source info available)
V  [jvm.dll+0x2cd74a]  (no source info available)
V  [jvm.dll+0x48fbee]  (no source info available)
V  [jvm.dll+0x996b0d]  (no source info available)
V  [jvm.dll+0x7a71a5]  (no source info available)
C  [ucrtbase.dll+0x37b0]  (no source info available)
C  [KERNEL32.DLL+0x2e8d7]  (no source info available)
C  [ntdll.dll+0x8c3fc]  (no source info available)

Lock stack of current Java thread (top to bottom):


---------------  P R O C E S S  ---------------

Threads class SMR info:
_java_thread_list=0x0000019fe44266a0, length=11, elements={
0x0000019fc6ddd9c0, 0x0000019fc924def0, 0x0000019fc9250630, 0x0000019fc92511f0,
0x0000019fc9251db0, 0x0000019fc92536c0, 0x0000019fc9256290, 0x0000019fc9257180,
0x0000019fc9268110, 0x0000019fe408aac0, 0x0000019fe4090570
}

Java Threads: ( => current thread )
  0x0000019fc6ddd9c0 JavaThread "main"                              [_thread_in_native, id=11196, stack(0x000000450b700000,0x000000450b800000) (1024K)]
  0x0000019fc924def0 JavaThread "Reference Handler"          daemon [_thread_blocked, id=15484, stack(0x000000450bf00000,0x000000450c000000) (1024K)]
  0x0000019fc9250630 JavaThread "Finalizer"                  daemon [_thread_blocked, id=15488, stack(0x000000450c000000,0x000000450c100000) (1024K)]
  0x0000019fc92511f0 JavaThread "Signal Dispatcher"          daemon [_thread_blocked, id=15492, stack(0x000000450c100000,0x000000450c200000) (1024K)]
  0x0000019fc9251db0 JavaThread "Attach Listener"            daemon [_thread_blocked, id=15496, stack(0x000000450c200000,0x000000450c300000) (1024K)]
  0x0000019fc92536c0 JavaThread "Service Thread"             daemon [_thread_blocked, id=15500, stack(0x000000450c300000,0x000000450c400000) (1024K)]
  0x0000019fc9256290 JavaThread "Monitor Deflation Thread"   daemon [_thread_blocked, id=15504, stack(0x000000450c400000,0x000000450c500000) (1024K)]
=>0x0000019fc9257180 JavaThread "C2 CompilerThread0"         daemon [_thread_in_native, id=15508, stack(0x000000450c500000,0x000000450c600000) (1024K)]
  0x0000019fc9268110 JavaThread "C1 CompilerThread0"         daemon [_thread_blocked, id=15516, stack(0x000000450c600000,0x000000450c700000) (1024K)]
  0x0000019fe408aac0 JavaThread "Notification Thread"        daemon [_thread_blocked, id=16056, stack(0x000000450c700000,0x000000450c800000) (1024K)]
  0x0000019fe4090570 JavaThread "Common-Cleaner"             daemon [_thread_blocked, id=16072, stack(0x000000450c800000,0x000000450c900000) (1024K)]
Total: 11

Other Threads:
  0x0000019fc9225f00 VMThread "VM Thread"                           [id=15456, stack(0x000000450be00000,0x000000450bf00000) (1024K)]
  0x0000019fe3f5d0a0 WatcherThread "VM Periodic Task Thread"        [id=15452, stack(0x000000450bd00000,0x000000450be00000) (1024K)]
  0x0000019fc91e55a0 WorkerThread "GC Thread#0"                     [id=15404, stack(0x000000450b800000,0x000000450b900000) (1024K)]
  0x0000019fc9226bf0 WorkerThread "GC Thread#1"                     [id=16896, stack(0x000000450b500000,0x000000450b600000) (1024K)]
  0x0000019fc91f1e30 ConcurrentGCThread "G1 Main Marker"            [id=15408, stack(0x000000450b900000,0x000000450ba00000) (1024K)]
  0x0000019fc91f4060 WorkerThread "G1 Conc#0"                       [id=15412, stack(0x000000450ba00000,0x000000450bb00000) (1024K)]
  0x0000019fc920d180 ConcurrentGCThread "G1 Refine#0"               [id=15416, stack(0x000000450bb00000,0x000000450bc00000) (1024K)]
  0x0000019fc920dd90 ConcurrentGCThread "G1 Service"                [id=15420, stack(0x000000450bc00000,0x000000450bd00000) (1024K)]
Total: 8

Threads with active compile tasks:
C2 CompilerThread0  257325 1747       4       java.util.HashMap::getNode (150 bytes)
Total: 1

VM state: not at safepoint (normal execution)

VM Mutex/Monitor currently owned by a thread: None

Heap address: 0x00000000c2c00000, size: 980 MB, Compressed Oops mode: 32-bit

CDS archive(s) mapped at: [0x000000003a000000-0x000000003add0000-0x000000003add0000), size 14483456, SharedBaseAddress: 0x000000003a000000, ArchiveRelocationMode: 1.
Compressed class space mapped at: 0x000000003b000000-0x000000007b000000, reserved size: 1073741824
UseCompressedClassPointers 1, UseCompactObjectHeaders 0
Narrow klass pointer bits 32, Max shift 3
Narrow klass base: 0x000000003a000000, Narrow klass shift: 0
Encoding Range: [0x000000003a000000 - 0x000000013a000000), (4294967296 bytes)
Klass Range:    [0x000000003a010000 - 0x000000007b000000), (1090453504 bytes)
Klass ID Range:  [65536 - 1090519033) (1090453497)
Protection zone: [0x000000003a000000 - 0x000000003a010000), (65536 bytes)

GC Precious Log:
 CardTable entry size: 512
 Card Set container configuration: InlinePtr #cards 5 size 8 Array Of Cards #cards 10 size 36 Howl #buckets 4 coarsen threshold 1843 Howl Bitmap #cards 512 size 80 coarsen threshold 460 Card regions per heap region 1 cards per card region 2048
 CPUs: 2 total, 2 available
 Memory: 3919M
 Large Page Support: Disabled
 NUMA Support: Disabled
 Compressed Oops: Enabled (32-bit)
 Heap Region Size: 1M
 Heap Min Capacity: 8M
 Heap Initial Capacity: 62M
 Heap Max Capacity: 980M
 Pre-touch: Disabled
 Parallel Workers: 2
 Concurrent Workers: 1
 Concurrent Refinement Workers: 2
 Periodic GC: Disabled

Heap:
 garbage-first heap   total reserved 1003520K, committed 65536K, used 7042K [0x00000000c2c00000, 0x0000000100000000)
  region size 1024K, 7 young (7168K), 4 survivors (4096K)

Heap Regions: E=young(eden), S=young(survivor), O=old, HS=humongous(starts), HC=humongous(continues), CS=collection set, F=free, TAMS=top-at-mark-start, PB=parsable bottom
|   0|0x00000000c2c00000, 0x00000000c2c94020, 0x00000000c2d00000| 57%| O|  |TAMS 0x00000000c2c00000| PB 0x00000000c2c00000| Untracked |  0
|   1|0x00000000c2d00000, 0x00000000c2d00000, 0x00000000c2e00000|  0%| F|  |TAMS 0x00000000c2d00000| PB 0x00000000c2d00000| Untracked |  0
|   2|0x00000000c2e00000, 0x00000000c2e00000, 0x00000000c2f00000|  0%| F|  |TAMS 0x00000000c2e00000| PB 0x00000000c2e00000| Untracked |  0
|   3|0x00000000c2f00000, 0x00000000c2f00000, 0x00000000c3000000|  0%| F|  |TAMS 0x00000000c2f00000| PB 0x00000000c2f00000| Untracked |  0
|   4|0x00000000c3000000, 0x00000000c3000000, 0x00000000c3100000|  0%| F|  |TAMS 0x00000000c3000000| PB 0x00000000c3000000| Untracked |  0
|   5|0x00000000c3100000, 0x00000000c3100000, 0x00000000c3200000|  0%| F|  |TAMS 0x00000000c3100000| PB 0x00000000c3100000| Untracked |  0
|   6|0x00000000c3200000, 0x00000000c3200000, 0x00000000c3300000|  0%| F|  |TAMS 0x00000000c3200000| PB 0x00000000c3200000| Untracked |  0
|   7|0x00000000c3300000, 0x00000000c3300000, 0x00000000c3400000|  0%| F|  |TAMS 0x00000000c3300000| PB 0x00000000c3300000| Untracked |  0
|   8|0x00000000c3400000, 0x00000000c3400000, 0x00000000c3500000|  0%| F|  |TAMS 0x00000000c3400000| PB 0x00000000c3400000| Untracked |  0
|   9|0x00000000c3500000, 0x00000000c3500000, 0x00000000c3600000|  0%| F|  |TAMS 0x00000000c3500000| PB 0x00000000c3500000| Untracked |  0
|  10|0x00000000c3600000, 0x00000000c3600000, 0x00000000c3700000|  0%| F|  |TAMS 0x00000000c3600000| PB 0x00000000c3600000| Untracked |  0
|  11|0x00000000c3700000, 0x00000000c3700000, 0x00000000c3800000|  0%| F|  |TAMS 0x00000000c3700000| PB 0x00000000c3700000| Untracked |  0
|  12|0x00000000c3800000, 0x00000000c3800000, 0x00000000c3900000|  0%| F|  |TAMS 0x00000000c3800000| PB 0x00000000c3800000| Untracked |  0
|  13|0x00000000c3900000, 0x00000000c3900000, 0x00000000c3a00000|  0%| F|  |TAMS 0x00000000c3900000| PB 0x00000000c3900000| Untracked |  0
|  14|0x00000000c3a00000, 0x00000000c3a00000, 0x00000000c3b00000|  0%| F|  |TAMS 0x00000000c3a00000| PB 0x00000000c3a00000| Untracked |  0
|  15|0x00000000c3b00000, 0x00000000c3b00000, 0x00000000c3c00000|  0%| F|  |TAMS 0x00000000c3b00000| PB 0x00000000c3b00000| Untracked |  0
|  16|0x00000000c3c00000, 0x00000000c3c00000, 0x00000000c3d00000|  0%| F|  |TAMS 0x00000000c3c00000| PB 0x00000000c3c00000| Untracked |  0
|  17|0x00000000c3d00000, 0x00000000c3d00000, 0x00000000c3e00000|  0%| F|  |TAMS 0x00000000c3d00000| PB 0x00000000c3d00000| Untracked |  0
|  18|0x00000000c3e00000, 0x00000000c3e00000, 0x00000000c3f00000|  0%| F|  |TAMS 0x00000000c3e00000| PB 0x00000000c3e00000| Untracked |  0
|  19|0x00000000c3f00000, 0x00000000c3f00000, 0x00000000c4000000|  0%| F|  |TAMS 0x00000000c3f00000| PB 0x00000000c3f00000| Untracked |  0
|  20|0x00000000c4000000, 0x00000000c4000000, 0x00000000c4100000|  0%| F|  |TAMS 0x00000000c4000000| PB 0x00000000c4000000| Untracked |  0
|  21|0x00000000c4100000, 0x00000000c4100000, 0x00000000c4200000|  0%| F|  |TAMS 0x00000000c4100000| PB 0x00000000c4100000| Untracked |  0
|  22|0x00000000c4200000, 0x00000000c4200000, 0x00000000c4300000|  0%| F|  |TAMS 0x00000000c4200000| PB 0x00000000c4200000| Untracked |  0
|  23|0x00000000c4300000, 0x00000000c4300000, 0x00000000c4400000|  0%| F|  |TAMS 0x00000000c4300000| PB 0x00000000c4300000| Untracked |  0
|  24|0x00000000c4400000, 0x00000000c4400000, 0x00000000c4500000|  0%| F|  |TAMS 0x00000000c4400000| PB 0x00000000c4400000| Untracked |  0
|  25|0x00000000c4500000, 0x00000000c4500000, 0x00000000c4600000|  0%| F|  |TAMS 0x00000000c4500000| PB 0x00000000c4500000| Untracked |  0
|  26|0x00000000c4600000, 0x00000000c4600000, 0x00000000c4700000|  0%| F|  |TAMS 0x00000000c4600000| PB 0x00000000c4600000| Untracked |  0
|  27|0x00000000c4700000, 0x00000000c4700000, 0x00000000c4800000|  0%| F|  |TAMS 0x00000000c4700000| PB 0x00000000c4700000| Untracked |  0
|  28|0x00000000c4800000, 0x00000000c4800000, 0x00000000c4900000|  0%| F|  |TAMS 0x00000000c4800000| PB 0x00000000c4800000| Untracked |  0
|  29|0x00000000c4900000, 0x00000000c4900000, 0x00000000c4a00000|  0%| F|  |TAMS 0x00000000c4900000| PB 0x00000000c4900000| Untracked |  0
|  30|0x00000000c4a00000, 0x00000000c4a00000, 0x00000000c4b00000|  0%| F|  |TAMS 0x00000000c4a00000| PB 0x00000000c4a00000| Untracked |  0
|  31|0x00000000c4b00000, 0x00000000c4b27b80, 0x00000000c4c00000| 15%| S|CS|TAMS 0x00000000c4b00000| PB 0x00000000c4b00000| Complete |  0
|  32|0x00000000c4c00000, 0x00000000c4d00000, 0x00000000c4d00000|100%| S|CS|TAMS 0x00000000c4c00000| PB 0x00000000c4c00000| Complete |  0
|  33|0x00000000c4d00000, 0x00000000c4e00000, 0x00000000c4e00000|100%| S|CS|TAMS 0x00000000c4d00000| PB 0x00000000c4d00000| Complete |  0
|  34|0x00000000c4e00000, 0x00000000c4f00000, 0x00000000c4f00000|100%| S|CS|TAMS 0x00000000c4e00000| PB 0x00000000c4e00000| Complete |  0
|  35|0x00000000c4f00000, 0x00000000c4f00000, 0x00000000c5000000|  0%| F|  |TAMS 0x00000000c4f00000| PB 0x00000000c4f00000| Untracked |  0
|  36|0x00000000c5000000, 0x00000000c5000000, 0x00000000c5100000|  0%| F|  |TAMS 0x00000000c5000000| PB 0x00000000c5000000| Untracked |  0
|  37|0x00000000c5100000, 0x00000000c5100000, 0x00000000c5200000|  0%| F|  |TAMS 0x00000000c5100000| PB 0x00000000c5100000| Untracked |  0
|  38|0x00000000c5200000, 0x00000000c5200000, 0x00000000c5300000|  0%| F|  |TAMS 0x00000000c5200000| PB 0x00000000c5200000| Untracked |  0
|  39|0x00000000c5300000, 0x00000000c5300000, 0x00000000c5400000|  0%| F|  |TAMS 0x00000000c5300000| PB 0x00000000c5300000| Untracked |  0
|  40|0x00000000c5400000, 0x00000000c5400000, 0x00000000c5500000|  0%| F|  |TAMS 0x00000000c5400000| PB 0x00000000c5400000| Untracked |  0
|  41|0x00000000c5500000, 0x00000000c5500000, 0x00000000c5600000|  0%| F|  |TAMS 0x00000000c5500000| PB 0x00000000c5500000| Untracked |  0
|  42|0x00000000c5600000, 0x00000000c5600000, 0x00000000c5700000|  0%| F|  |TAMS 0x00000000c5600000| PB 0x00000000c5600000| Untracked |  0
|  43|0x00000000c5700000, 0x00000000c5700000, 0x00000000c5800000|  0%| F|  |TAMS 0x00000000c5700000| PB 0x00000000c5700000| Untracked |  0
|  44|0x00000000c5800000, 0x00000000c5800000, 0x00000000c5900000|  0%| F|  |TAMS 0x00000000c5800000| PB 0x00000000c5800000| Untracked |  0
|  45|0x00000000c5900000, 0x00000000c5900000, 0x00000000c5a00000|  0%| F|  |TAMS 0x00000000c5900000| PB 0x00000000c5900000| Untracked |  0
|  46|0x00000000c5a00000, 0x00000000c5a00000, 0x00000000c5b00000|  0%| F|  |TAMS 0x00000000c5a00000| PB 0x00000000c5a00000| Untracked |  0
|  47|0x00000000c5b00000, 0x00000000c5b00000, 0x00000000c5c00000|  0%| F|  |TAMS 0x00000000c5b00000| PB 0x00000000c5b00000| Untracked |  0
|  48|0x00000000c5c00000, 0x00000000c5c00000, 0x00000000c5d00000|  0%| F|  |TAMS 0x00000000c5c00000| PB 0x00000000c5c00000| Untracked |  0
|  49|0x00000000c5d00000, 0x00000000c5d00000, 0x00000000c5e00000|  0%| F|  |TAMS 0x00000000c5d00000| PB 0x00000000c5d00000| Untracked |  0
|  50|0x00000000c5e00000, 0x00000000c5e00000, 0x00000000c5f00000|  0%| F|  |TAMS 0x00000000c5e00000| PB 0x00000000c5e00000| Untracked |  0
|  51|0x00000000c5f00000, 0x00000000c5f00000, 0x00000000c6000000|  0%| F|  |TAMS 0x00000000c5f00000| PB 0x00000000c5f00000| Untracked |  0
|  52|0x00000000c6000000, 0x00000000c6000000, 0x00000000c6100000|  0%| F|  |TAMS 0x00000000c6000000| PB 0x00000000c6000000| Untracked |  0
|  53|0x00000000c6100000, 0x00000000c6100000, 0x00000000c6200000|  0%| F|  |TAMS 0x00000000c6100000| PB 0x00000000c6100000| Untracked |  0
|  54|0x00000000c6200000, 0x00000000c6200000, 0x00000000c6300000|  0%| F|  |TAMS 0x00000000c6200000| PB 0x00000000c6200000| Untracked |  0
|  55|0x00000000c6300000, 0x00000000c6300000, 0x00000000c6400000|  0%| F|  |TAMS 0x00000000c6300000| PB 0x00000000c6300000| Untracked |  0
|  56|0x00000000c6400000, 0x00000000c6400000, 0x00000000c6500000|  0%| F|  |TAMS 0x00000000c6400000| PB 0x00000000c6400000| Untracked |  0
|  57|0x00000000c6500000, 0x00000000c6500000, 0x00000000c6600000|  0%| F|  |TAMS 0x00000000c6500000| PB 0x00000000c6500000| Untracked |  0
|  58|0x00000000c6600000, 0x00000000c6600000, 0x00000000c6700000|  0%| F|  |TAMS 0x00000000c6600000| PB 0x00000000c6600000| Untracked |  0
|  59|0x00000000c6700000, 0x00000000c67e5a00, 0x00000000c6800000| 89%| E|  |TAMS 0x00000000c6700000| PB 0x00000000c6700000| Complete |  0
|  60|0x00000000c6800000, 0x00000000c6900000, 0x00000000c6900000|100%| E|CS|TAMS 0x00000000c6800000| PB 0x00000000c6800000| Complete |  0
|  61|0x00000000c6900000, 0x00000000c6a00000, 0x00000000c6a00000|100%| E|CS|TAMS 0x00000000c6900000| PB 0x00000000c6900000| Complete |  0
| 978|0x00000000ffe00000, 0x00000000fff00000, 0x00000000fff00000|100%| O|  |TAMS 0x00000000ffe00000| PB 0x00000000ffe00000| Untracked |  0
| 979|0x00000000fff00000, 0x00000000fff24ea8, 0x0000000100000000| 14%| O|  |TAMS 0x00000000fff00000| PB 0x00000000fff00000| Untracked |  0

Card table byte_map: [0x0000019fc8f70000,0x0000019fc9160000] _byte_map_base: 0x0000019fc895a000

Marking Bits: (CMBitMap*) 0x0000019fc91e5d30
 Bits: [0x0000019fe0ca0000, 0x0000019fe1bf0000)

Polling page: 0x0000019fc7420000

Metaspace:
Metaspace        used 8172K, committed 8384K, reserved 1114112K
 class space     used 990K, committed 1088K, reserved 1048576K

Usage:
  Non-class:      7.01 MB used.
      Class:    990.42 KB used.
       Both:      7.98 MB used.

Virtual space:
  Non-class space:       64.00 MB reserved,       7.12 MB ( 11%) committed,  1 nodes.
      Class space:        1.00 GB reserved,       1.06 MB ( <1%) committed,  1 nodes.
             Both:        1.06 GB reserved,       8.19 MB ( <1%) committed. 

Chunk freelists:
   Non-Class:  7.20 MB
       Class:  14.95 MB
        Both:  22.16 MB

MaxMetaspaceSize: unlimited
CompressedClassSpaceSize: 1.00 GB
Initial GC threshold: 21.00 MB
Current GC threshold: 21.00 MB
CDS: on
 - commit_granule_bytes: 65536.
 - commit_granule_words: 8192.
 - virtual_space_node_default_size: 8388608.
 - enlarge_chunks_in_place: 1.
UseCompressedClassPointers 1, UseCompactObjectHeaders 0
Narrow klass pointer bits 32, Max shift 3
Narrow klass base: 0x000000003a000000, Narrow klass shift: 0
Encoding Range: [0x000000003a000000 - 0x000000013a000000), (4294967296 bytes)
Klass Range:    [0x000000003a010000 - 0x000000007b000000), (1090453504 bytes)
Klass ID Range:  [65536 - 1090519033) (1090453497)
Protection zone: [0x000000003a000000 - 0x000000003a010000), (65536 bytes)


Internal statistics:

num_allocs_failed_limit: 0.
num_arena_births: 60.
num_arena_deaths: 0.
num_vsnodes_births: 2.
num_vsnodes_deaths: 0.
num_space_committed: 131.
num_space_uncommitted: 0.
num_chunks_returned_to_freelist: 0.
num_chunks_taken_from_freelist: 322.
num_chunk_merges: 0.
num_chunk_splits: 217.
num_chunks_enlarged: 180.
num_inconsistent_stats: 0.

CodeHeap 'non-profiled nmethods': size=120128Kb used=534Kb max_used=534Kb free=119593Kb
 bounds [0x0000019fd9750000, 0x0000019fd99c0000, 0x0000019fe0ca0000]
CodeHeap 'profiled nmethods': size=120000Kb used=2578Kb max_used=2578Kb free=117421Kb
 bounds [0x0000019fd1ca0000, 0x0000019fd1f30000, 0x0000019fd91d0000]
CodeHeap 'non-nmethods': size=5632Kb used=1355Kb max_used=1387Kb free=4276Kb
 bounds [0x0000019fd91d0000, 0x0000019fd9440000, 0x0000019fd9750000]
CodeCache: size=245760Kb, used=4467Kb, max_used=4499Kb, free=241290Kb
 total_blobs=2225, nmethods=1741, adapters=388, full_count=0
Compilation: enabled, stopped_count=0, restarted_count=0

Compilation events (20 events):
Event: 241.521 Thread 0x0000019fc9257180 nmethod 1737 0x0000019fd97d5708 code [0x0000019fd97d5800, 0x0000019fd97d58b0]
Event: 248.350 Thread 0x0000019fc9268110 1739       3       java.util.stream.SortedOps$OfRef::<init> (32 bytes)
Event: 248.475 Thread 0x0000019fc9268110 nmethod 1739 0x0000019fd1f1f888 code [0x0000019fd1f1f980, 0x0000019fd1f1fe58]
Event: 248.475 Thread 0x0000019fc9268110 1740       3       java.util.stream.AbstractPipeline::evaluateToArrayNode (78 bytes)
Event: 248.476 Thread 0x0000019fc9268110 nmethod 1740 0x0000019fd1f1fe88 code [0x0000019fd1f1ff80, 0x0000019fd1f20720]
Event: 248.476 Thread 0x0000019fc9268110 1741       3       java.util.stream.Nodes::flatten (70 bytes)
Event: 248.476 Thread 0x0000019fc9268110 nmethod 1741 0x0000019fd1f20788 code [0x0000019fd1f20880, 0x0000019fd1f210b0]
Event: 252.816 Thread 0x0000019fc9268110 1742       3       java.util.Arrays::asList (9 bytes)
Event: 252.816 Thread 0x0000019fc9268110 nmethod 1742 0x0000019fd1f21108 code [0x0000019fd1f21200, 0x0000019fd1f21670]
Event: 252.816 Thread 0x0000019fc9268110 1743       3       java.util.Arrays$ArrayList::<init> (16 bytes)
Event: 252.817 Thread 0x0000019fc9268110 nmethod 1743 0x0000019fd1f21688 code [0x0000019fd1f21780, 0x0000019fd1f21b50]
Event: 252.817 Thread 0x0000019fc9268110 1744       3       java.lang.Class::getGenericInfo (52 bytes)
Event: 252.818 Thread 0x0000019fc9268110 nmethod 1744 0x0000019fd1f21b88 code [0x0000019fd1f21c80, 0x0000019fd1f229f0]
Event: 253.010 Thread 0x0000019fc9268110 1745       3       java.util.stream.AbstractPipeline::exactOutputSizeIfKnown (86 bytes)
Event: 253.011 Thread 0x0000019fc9268110 nmethod 1745 0x0000019fd1f22a08 code [0x0000019fd1f22b00, 0x0000019fd1f23308]
Event: 253.035 Thread 0x0000019fc9268110 1746       3       java.util.stream.Nodes::builder (30 bytes)
Event: 253.044 Thread 0x0000019fc9268110 nmethod 1746 0x0000019fd1f23388 code [0x0000019fd1f23480, 0x0000019fd1f23a58]
Event: 253.411 Thread 0x0000019fc9257180 1747       4       java.util.HashMap::getNode (150 bytes)
Event: 253.609 Thread 0x0000019fc9268110 1748       3       java.util.stream.Nodes$ArrayNode::<init> (43 bytes)
Event: 253.609 Thread 0x0000019fc9268110 nmethod 1748 0x0000019fd1f23a88 code [0x0000019fd1f23b80, 0x0000019fd1f23ff0]

GC Heap Usage History (4 events):
Event: 83.722 {heap Before GC invocations=0 (full 0):
 garbage-first heap   total reserved 1003520K, committed 65536K, used 14483K [0x00000000c2c00000, 0x0000000100000000)
  region size 1024K, 14 young (14336K), 0 survivors (0K)
}
Event: 84.135 {heap After GC invocations=1 (full 0):
 garbage-first heap   total reserved 1003520K, committed 65536K, used 3811K [0x00000000c2c00000, 0x0000000100000000)
  region size 1024K, 2 young (2048K), 2 survivors (2048K)
}
Event: 232.663 {heap Before GC invocations=1 (full 0):
 garbage-first heap   total reserved 1003520K, committed 65536K, used 28387K [0x00000000c2c00000, 0x0000000100000000)
  region size 1024K, 27 young (27648K), 2 survivors (2048K)
}
Event: 232.864 {heap After GC invocations=2 (full 0):
 garbage-first heap   total reserved 1003520K, committed 65536K, used 4994K [0x00000000c2c00000, 0x0000000100000000)
  region size 1024K, 4 young (4096K), 4 survivors (4096K)
}

Metaspace Usage History (4 events):
Event: 83.722 {metaspace Before GC invocations=0 (full 0):
 Metaspace       used 4316K, committed 4544K, reserved 1114112K
  class space    used 487K, committed 576K, reserved 1048576K
}
Event: 84.135 {metaspace After GC invocations=1 (full 0):
 Metaspace       used 4316K, committed 4544K, reserved 1114112K
  class space    used 487K, committed 576K, reserved 1048576K
}
Event: 232.664 {metaspace Before GC invocations=1 (full 0):
 Metaspace       used 7419K, committed 7616K, reserved 1114112K
  class space    used 902K, committed 1024K, reserved 1048576K
}
Event: 232.864 {metaspace After GC invocations=2 (full 0):
 Metaspace       used 7419K, committed 7616K, reserved 1114112K
  class space    used 902K, committed 1024K, reserved 1048576K
}

Dll operation events (7 events):
Event: 0.256 Loaded shared library C:\Program Files\Apache NetBeans\jdk\bin\java.dll
Event: 3.076 Loaded shared library C:\Program Files\Apache NetBeans\jdk\bin\net.dll
Event: 3.154 Loaded shared library C:\Program Files\Apache NetBeans\jdk\bin\nio.dll
Event: 3.557 Loaded shared library C:\Program Files\Apache NetBeans\jdk\bin\zip.dll
Event: 20.011 Loaded shared library C:\Program Files\Apache NetBeans\java\maven\lib\jansi-native\Windows\x86_64\jansi.dll
Event: 20.034 Loaded shared library C:\Program Files\Apache NetBeans\jdk\bin\verify.dll
Event: 24.756 Loaded shared library C:\Program Files\Apache NetBeans\jdk\bin\jimage.dll

Deoptimization events (20 events):
Event: 152.468 Thread 0x0000019fc6ddd9c0 DEOPT PACKING pc=0x0000019fd97bf8f8 sp=0x000000450b7fdeb0
Event: 152.469 Thread 0x0000019fc6ddd9c0 DEOPT UNPACKING pc=0x0000019fd925857c sp=0x000000450b7fde28 mode 2
Event: 153.854 Thread 0x0000019fc6ddd9c0 Uncommon trap: trap_request=0xffffff45 fr.pc=0x0000019fd97bbf48 relative=0x00000000000005c8
Event: 153.854 Thread 0x0000019fc6ddd9c0 Uncommon trap: reason=unstable_if action=reinterpret pc=0x0000019fd97bbf48 method=java.lang.String.<init>([CIILjava/lang/Void;)V @ 5 c2
Event: 153.854 Thread 0x0000019fc6ddd9c0 DEOPT PACKING pc=0x0000019fd97bbf48 sp=0x000000450b7fe180
Event: 153.854 Thread 0x0000019fc6ddd9c0 DEOPT UNPACKING pc=0x0000019fd925857c sp=0x000000450b7fe000 mode 2
Event: 157.726 Thread 0x0000019fc6ddd9c0 Uncommon trap: trap_request=0xffffffde fr.pc=0x0000019fd97872c8 relative=0x0000000000000248
Event: 157.726 Thread 0x0000019fc6ddd9c0 Uncommon trap: reason=class_check action=maybe_recompile pc=0x0000019fd97872c8 method=java.util.HashMap.getNode(Ljava/lang/Object;)Ljava/util/HashMap$Node; @ 128 c2
Event: 157.726 Thread 0x0000019fc6ddd9c0 DEOPT PACKING pc=0x0000019fd97872c8 sp=0x000000450b7fdf80
Event: 157.726 Thread 0x0000019fc6ddd9c0 DEOPT UNPACKING pc=0x0000019fd925857c sp=0x000000450b7fdee8 mode 2
Event: 160.722 Thread 0x0000019fc6ddd9c0 DEOPT PACKING pc=0x0000019fd1e6ba60 sp=0x000000450b7fe350
Event: 160.722 Thread 0x0000019fc6ddd9c0 DEOPT UNPACKING pc=0x0000019fd9221063 sp=0x000000450b7fd7c0 mode 0
Event: 204.347 Thread 0x0000019fc6ddd9c0 Uncommon trap: trap_request=0xffffffc6 fr.pc=0x0000019fd978912c relative=0x00000000000003ac
Event: 204.347 Thread 0x0000019fc6ddd9c0 Uncommon trap: reason=bimorphic_or_optimized_type_check action=maybe_recompile pc=0x0000019fd978912c method=java.util.concurrent.ConcurrentHashMap.get(Ljava/lang/Object;)Ljava/lang/Object; @ 149 c2
Event: 204.347 Thread 0x0000019fc6ddd9c0 DEOPT PACKING pc=0x0000019fd978912c sp=0x000000450b7fdac0
Event: 204.347 Thread 0x0000019fc6ddd9c0 DEOPT UNPACKING pc=0x0000019fd925857c sp=0x000000450b7fda40 mode 2
Event: 216.720 Thread 0x0000019fc6ddd9c0 Uncommon trap: trap_request=0xffffffc6 fr.pc=0x0000019fd978912c relative=0x00000000000003ac
Event: 216.720 Thread 0x0000019fc6ddd9c0 Uncommon trap: reason=bimorphic_or_optimized_type_check action=maybe_recompile pc=0x0000019fd978912c method=java.util.concurrent.ConcurrentHashMap.get(Ljava/lang/Object;)Ljava/lang/Object; @ 149 c2
Event: 216.720 Thread 0x0000019fc6ddd9c0 DEOPT PACKING pc=0x0000019fd978912c sp=0x000000450b7fd9a0
Event: 216.720 Thread 0x0000019fc6ddd9c0 DEOPT UNPACKING pc=0x0000019fd925857c sp=0x000000450b7fd920 mode 2

Classes loaded (20 events):
Event: 117.091 Loading class sun/reflect/generics/reflectiveObjects/TypeVariableImpl
Event: 117.091 Loading class sun/reflect/generics/reflectiveObjects/LazyReflectiveObjectGenerator
Event: 117.092 Loading class sun/reflect/generics/reflectiveObjects/LazyReflectiveObjectGenerator done
Event: 117.092 Loading class sun/reflect/generics/reflectiveObjects/TypeVariableImpl done
Event: 117.092 Loading class sun/reflect/generics/reflectiveObjects/ParameterizedTypeImpl
Event: 117.092 Loading class sun/reflect/generics/reflectiveObjects/ParameterizedTypeImpl done
Event: 198.134 Loading class java/lang/Deprecated
Event: 198.134 Loading class java/lang/Deprecated done
Event: 214.527 Loading class java/lang/invoke/MethodHandle$1
Event: 214.527 Loading class java/lang/invoke/MethodHandle$1 done
Event: 221.760 Loading class sun/reflect/generics/tree/BottomSignature
Event: 221.760 Loading class sun/reflect/generics/tree/BottomSignature done
Event: 221.760 Loading class sun/reflect/generics/tree/Wildcard
Event: 221.761 Loading class sun/reflect/generics/tree/Wildcard done
Event: 221.767 Loading class sun/reflect/generics/reflectiveObjects/WildcardTypeImpl
Event: 221.809 Loading class sun/reflect/generics/reflectiveObjects/WildcardTypeImpl done
Event: 221.809 Loading class sun/reflect/annotation/AnnotatedTypeFactory$AnnotatedParameterizedTypeImpl
Event: 221.861 Loading class java/lang/reflect/AnnotatedParameterizedType
Event: 221.861 Loading class java/lang/reflect/AnnotatedParameterizedType done
Event: 221.861 Loading class sun/reflect/annotation/AnnotatedTypeFactory$AnnotatedParameterizedTypeImpl done

Classes unloaded (0 events):
No events

Classes redefined (0 events):
No events

Internal exceptions (20 events):
Event: 20.021 Thread 0x0000019fc6ddd9c0 Exception <a 'java/lang/NullPointerException'{0x00000000c655aff0}> (0x00000000c655aff0) 
thrown [s\src\hotspot\share\interpreter\linkResolver.cpp, line 1416]
Event: 20.031 Thread 0x0000019fc6ddd9c0 Exception <a 'sun/nio/fs/WindowsException'{0x00000000c657c588}> (0x00000000c657c588) 
thrown [s\src\hotspot\share\prims\jni.cpp, line 516]
Event: 20.031 Thread 0x0000019fc6ddd9c0 Exception <a 'sun/nio/fs/WindowsException'{0x00000000c657cbb8}> (0x00000000c657cbb8) 
thrown [s\src\hotspot\share\prims\jni.cpp, line 516]
Event: 20.031 Thread 0x0000019fc6ddd9c0 Exception <a 'sun/nio/fs/WindowsException'{0x00000000c657d118}> (0x00000000c657d118) 
thrown [s\src\hotspot\share\prims\jni.cpp, line 516]
Event: 20.031 Thread 0x0000019fc6ddd9c0 Exception <a 'sun/nio/fs/WindowsException'{0x00000000c657d658}> (0x00000000c657d658) 
thrown [s\src\hotspot\share\prims\jni.cpp, line 516]
Event: 20.032 Thread 0x0000019fc6ddd9c0 Exception <a 'sun/nio/fs/WindowsException'{0x00000000c657db48}> (0x00000000c657db48) 
thrown [s\src\hotspot\share\prims\jni.cpp, line 516]
Event: 20.032 Thread 0x0000019fc6ddd9c0 Exception <a 'sun/nio/fs/WindowsException'{0x00000000c657dff0}> (0x00000000c657dff0) 
thrown [s\src\hotspot\share\prims\jni.cpp, line 516]
Event: 21.315 Thread 0x0000019fc6ddd9c0 Exception <a 'java/lang/NoSuchMethodError'{0x00000000c65b7628}: 'void java.lang.invoke.DirectMethodHandle$Holder.invokeVirtual(java.lang.Object, java.lang.Object)'> (0x00000000c65b7628) 
thrown [s\src\hotspot\share\interpreter\linkResolver.cpp, line 804]
Event: 21.570 Thread 0x0000019fc6ddd9c0 Exception <a 'java/lang/NoSuchMethodError'{0x00000000c65d8920}: 'void java.lang.invoke.DirectMethodHandle$Holder.invokeStatic(java.lang.Object, java.lang.Object)'> (0x00000000c65d8920) 
thrown [s\src\hotspot\share\interpreter\linkResolver.cpp, line 804]
Event: 22.786 Thread 0x0000019fc6ddd9c0 Exception <a 'java/lang/NoSuchMethodError'{0x00000000c65e09f8}: 'void java.lang.invoke.DirectMethodHandle$Holder.invokeStaticInit(java.lang.Object, java.lang.Object)'> (0x00000000c65e09f8) 
thrown [s\src\hotspot\share\interpreter\linkResolver.cpp, line 804]
Event: 23.579 Thread 0x0000019fc6ddd9c0 Exception <a 'java/lang/NoSuchMethodError'{0x00000000c641bee0}: 'void java.lang.invoke.DirectMethodHandle$Holder.invokeSpecial(java.lang.Object, java.lang.Object, java.lang.Object, java.lang.Object, java.lang.Object)'> (0x00000000c641bee0) 
thrown [s\src\hotspot\share\interpreter\linkResolver.cpp, line 804]
Event: 24.405 Thread 0x0000019fc6ddd9c0 Exception <a 'java/lang/NoSuchMethodError'{0x00000000c6457b58}: 'void java.lang.invoke.DirectMethodHandle$Holder.invokeStatic(java.lang.Object, java.lang.Object, java.lang.Object)'> (0x00000000c6457b58) 
thrown [s\src\hotspot\share\interpreter\linkResolver.cpp, line 804]
Event: 37.764 Thread 0x0000019fc6ddd9c0 Exception <a 'java/lang/NoSuchMethodError'{0x00000000c621b9e0}: 'java.lang.Object java.lang.invoke.DirectMethodHandle$Holder.invokeSpecialIFC(java.lang.Object, java.lang.Object, java.lang.Object, java.lang.Object)'> (0x00000000c621b9e0) 
thrown [s\src\hotspot\share\interpreter\linkResolver.cpp, line 804]
Event: 62.272 Thread 0x0000019fc6ddd9c0 Exception <a 'java/lang/NoSuchMethodError'{0x00000000c5d0c400}: 'void java.lang.invoke.DirectMethodHandle$Holder.invokeSpecial(java.lang.Object, java.lang.Object, java.lang.Object)'> (0x00000000c5d0c400) 
thrown [s\src\hotspot\share\interpreter\linkResolver.cpp, line 804]
Event: 79.732 Thread 0x0000019fc6ddd9c0 Exception <a 'java/lang/NoSuchMethodError'{0x00000000c5c27718}: 'java.lang.Object java.lang.invoke.DirectMethodHandle$Holder.invokeInterface(java.lang.Object, java.lang.Object)'> (0x00000000c5c27718) 
thrown [s\src\hotspot\share\interpreter\linkResolver.cpp, line 804]
Event: 83.410 Thread 0x0000019fc6ddd9c0 Exception <a 'java/lang/NoSuchMethodError'{0x00000000c5cd3178}: 'int java.lang.invoke.DirectMethodHandle$Holder.invokeStatic(java.lang.Object, java.lang.Object, java.lang.Object, java.lang.Object)'> (0x00000000c5cd3178) 
thrown [s\src\hotspot\share\interpreter\linkResolver.cpp, line 804]
Event: 83.714 Thread 0x0000019fc6ddd9c0 Exception <a 'java/lang/NoSuchMethodError'{0x00000000c5cfd508}: 'int java.lang.invoke.DirectMethodHandle$Holder.invokeSpecialIFC(java.lang.Object, java.lang.Object, java.lang.Object, java.lang.Object, java.lang.Object)'> (0x00000000c5cfd508) 
thrown [s\src\hotspot\share\interpreter\linkResolver.cpp, line 804]
Event: 92.093 Thread 0x0000019fc6ddd9c0 Exception <a 'java/lang/NoSuchMethodError'{0x00000000c68cb838}: 'java.lang.Object java.lang.invoke.DirectMethodHandle$Holder.newInvokeSpecial(java.lang.Object, java.lang.Object, java.lang.Object, java.lang.Object, java.lang.Object)'> (0x00000000c68cb838) 
thrown [s\src\hotspot\share\interpreter\linkResolver.cpp, line 804]
Event: 100.845 Thread 0x0000019fc6ddd9c0 Exception <a 'java/lang/NoSuchMethodError'{0x00000000c67e5560}: 'int java.lang.invoke.DirectMethodHandle$Holder.invokeStaticInit(java.lang.Object, java.lang.Object)'> (0x00000000c67e5560) 
thrown [s\src\hotspot\share\interpreter\linkResolver.cpp, line 804]
Event: 104.713 Thread 0x0000019fc6ddd9c0 Exception <a 'java/lang/NoClassDefFoundError'{0x00000000c6620320}: javax/enterprise/inject/Typed> (0x00000000c6620320) 
thrown [s\src\hotspot\share\classfile\systemDictionary.cpp, line 316]

VM Operations (20 events):
Event: 3.646 Executing non-safepoint VM operation: HandshakeAllThreads (Deoptimize)
Event: 3.646 Executing non-safepoint VM operation: HandshakeAllThreads (Deoptimize) done
Event: 19.994 Executing non-safepoint VM operation: HandshakeAllThreads (Deoptimize)
Event: 19.995 Executing non-safepoint VM operation: HandshakeAllThreads (Deoptimize) done
Event: 24.823 Executing non-safepoint VM operation: HandshakeAllThreads (Deoptimize)
Event: 32.088 Executing non-safepoint VM operation: HandshakeAllThreads (Deoptimize) done
Event: 83.721 Executing safepoint VM operation: G1CollectForAllocation (G1 Evacuation Pause)
Event: 84.135 Executing safepoint VM operation: G1CollectForAllocation (G1 Evacuation Pause) done
Event: 120.617 Executing non-safepoint VM operation: HandshakeAllThreads (HandshakeForDeflation)
Event: 120.802 Executing non-safepoint VM operation: HandshakeAllThreads (HandshakeForDeflation) done
Event: 120.802 Executing non-safepoint VM operation: RendezvousGCThreads
Event: 120.802 Executing non-safepoint VM operation: RendezvousGCThreads done
Event: 232.626 Executing non-safepoint VM operation: HandshakeAllThreads (Deoptimize)
Event: 232.628 Executing non-safepoint VM operation: HandshakeAllThreads (Deoptimize) done
Event: 232.662 Executing safepoint VM operation: G1CollectForAllocation (G1 Evacuation Pause)
Event: 232.865 Executing safepoint VM operation: G1CollectForAllocation (G1 Evacuation Pause) done
Event: 240.885 Executing non-safepoint VM operation: HandshakeAllThreads (HandshakeForDeflation)
Event: 241.044 Executing non-safepoint VM operation: HandshakeAllThreads (HandshakeForDeflation) done
Event: 241.044 Executing non-safepoint VM operation: RendezvousGCThreads
Event: 241.044 Executing non-safepoint VM operation: RendezvousGCThreads done

Memory protections (0 events):
No events

Nmethod flushes (0 events):
No events

Events (13 events):
Event: 0.484 Thread 0x0000019fc6ddd9c0 Thread added: 0x0000019fc6ddd9c0
Event: 0.616 Thread 0x0000019fc6ddd9c0 Thread added: 0x0000019fc924def0
Event: 0.617 Thread 0x0000019fc6ddd9c0 Thread added: 0x0000019fc9250630
Event: 0.618 Thread 0x0000019fc6ddd9c0 Thread added: 0x0000019fc92511f0
Event: 0.618 Thread 0x0000019fc6ddd9c0 Thread added: 0x0000019fc9251db0
Event: 0.618 Thread 0x0000019fc6ddd9c0 Thread added: 0x0000019fc92536c0
Event: 0.619 Thread 0x0000019fc6ddd9c0 Thread added: 0x0000019fc9256290
Event: 0.619 Thread 0x0000019fc6ddd9c0 Thread added: 0x0000019fc9257180
Event: 0.672 Thread 0x0000019fc6ddd9c0 Thread added: 0x0000019fc9268110
Event: 2.832 Thread 0x0000019fc6ddd9c0 Thread added: 0x0000019fe408aac0
Event: 2.976 Thread 0x0000019fc6ddd9c0 Thread added: 0x0000019fe4090570
Event: 20.006 Thread 0x0000019fc6ddd9c0 Thread added: 0x0000019fe4186400
Event: 51.068 Thread 0x0000019fe4186400 Thread exited: 0x0000019fe4186400


Dynamic libraries:
0x00007ff62b400000 - 0x00007ff62b40e000 	C:\Program Files\Apache NetBeans\jdk\bin\java.exe
0x00007ffea0ee0000 - 0x00007ffea1147000 	C:\WINDOWS\SYSTEM32\ntdll.dll
0x00007ffe9fee0000 - 0x00007ffe9ffa9000 	C:\WINDOWS\System32\KERNEL32.DLL
0x00007ffe9dbe0000 - 0x00007ffe9dfd4000 	C:\WINDOWS\System32\KERNELBASE.dll
0x00007ffe9e110000 - 0x00007ffe9e25b000 	C:\WINDOWS\System32\ucrtbase.dll
0x00007ffe8a0d0000 - 0x00007ffe8a0e6000 	C:\Program Files\Apache NetBeans\jdk\bin\jli.dll
0x00007ffe9ed70000 - 0x00007ffe9ef35000 	C:\WINDOWS\System32\USER32.dll
0x00007ffe9eb90000 - 0x00007ffe9ebb7000 	C:\WINDOWS\System32\win32u.dll
0x00007ffea09d0000 - 0x00007ffea09fb000 	C:\WINDOWS\System32\GDI32.dll
0x00007ffe9dfe0000 - 0x00007ffe9e10a000 	C:\WINDOWS\System32\gdi32full.dll
0x00007ffe9ebc0000 - 0x00007ffe9ec63000 	C:\WINDOWS\System32\msvcp_win.dll
0x00007ffe8b780000 - 0x00007ffe8b79e000 	C:\Program Files\Apache NetBeans\jdk\bin\VCRUNTIME140.dll
0x00007ffe8ba70000 - 0x00007ffe8bd03000 	C:\WINDOWS\WinSxS\amd64_microsoft.windows.common-controls_6595b64144ccf1df_6.0.26100.8115_none_3e075c82e3354f9c\COMCTL32.dll
0x00007ffea0400000 - 0x00007ffea04a9000 	C:\WINDOWS\System32\msvcrt.dll
0x00007ffe9fd40000 - 0x00007ffe9fd72000 	C:\WINDOWS\System32\IMM32.DLL
0x00007ffe92200000 - 0x00007ffe9220c000 	C:\Program Files\Apache NetBeans\jdk\bin\vcruntime140_1.dll
0x00007ffe76b40000 - 0x00007ffe76bcd000 	C:\Program Files\Apache NetBeans\jdk\bin\msvcp140.dll
0x00007ffe28420000 - 0x00007ffe29346000 	C:\Program Files\Apache NetBeans\jdk\bin\server\jvm.dll
0x00007ffea0660000 - 0x00007ffea0716000 	C:\WINDOWS\System32\ADVAPI32.dll
0x00007ffea04b0000 - 0x00007ffea0557000 	C:\WINDOWS\System32\sechost.dll
0x00007ffe9f250000 - 0x00007ffe9f368000 	C:\WINDOWS\System32\RPCRT4.dll
0x00007ffea0940000 - 0x00007ffea09c0000 	C:\WINDOWS\System32\WS2_32.dll
0x00007ffe9d610000 - 0x00007ffe9d66e000 	C:\WINDOWS\SYSTEM32\POWRPROF.dll
0x00007ffe7a540000 - 0x00007ffe7a576000 	C:\WINDOWS\SYSTEM32\WINMM.dll
0x00007ffe8c650000 - 0x00007ffe8c65b000 	C:\WINDOWS\SYSTEM32\VERSION.dll
0x00007ffe9d5f0000 - 0x00007ffe9d604000 	C:\WINDOWS\SYSTEM32\UMPDC.dll
0x00007ffe9c540000 - 0x00007ffe9c55b000 	C:\WINDOWS\SYSTEM32\kernel.appcore.dll
0x00007ffe904d0000 - 0x00007ffe904da000 	C:\Program Files\Apache NetBeans\jdk\bin\jimage.dll
0x00007ffe9b6f0000 - 0x00007ffe9b932000 	C:\WINDOWS\SYSTEM32\DBGHELP.DLL
0x00007ffe9ffb0000 - 0x00007ffea0332000 	C:\WINDOWS\System32\combase.dll
0x00007ffe9f400000 - 0x00007ffe9f4d7000 	C:\WINDOWS\System32\OLEAUT32.dll
0x00007ffe8c3b0000 - 0x00007ffe8c3eb000 	C:\WINDOWS\SYSTEM32\dbgcore.DLL
0x00007ffe9d9c0000 - 0x00007ffe9da65000 	C:\WINDOWS\System32\bcryptPrimitives.dll
0x00007ffe8a200000 - 0x00007ffe8a21e000 	C:\Program Files\Apache NetBeans\jdk\bin\java.dll
0x00007ffea0790000 - 0x00007ffea0927000 	C:\WINDOWS\System32\ole32.dll
0x00007ffe9f570000 - 0x00007ffe9fcd6000 	C:\WINDOWS\System32\SHELL32.dll
0x00007ffe9da70000 - 0x00007ffe9dbda000 	C:\WINDOWS\System32\wintypes.dll
0x00007ffe9e260000 - 0x00007ffe9eac5000 	C:\WINDOWS\System32\windows.storage.dll
0x00007ffe9ef40000 - 0x00007ffe9f037000 	C:\WINDOWS\System32\SHCORE.dll
0x00007ffea0720000 - 0x00007ffea0786000 	C:\WINDOWS\System32\shlwapi.dll
0x00007ffe9d6d0000 - 0x00007ffe9d6f9000 	C:\WINDOWS\SYSTEM32\profapi.dll
0x00007ffe89600000 - 0x00007ffe89611000 	C:\Program Files\Apache NetBeans\jdk\bin\net.dll
0x00007ffe9cab0000 - 0x00007ffe9cb1c000 	C:\WINDOWS\system32\mswsock.dll
0x00007ffe895e0000 - 0x00007ffe895f6000 	C:\Program Files\Apache NetBeans\jdk\bin\nio.dll
0x00007ffe8a0b0000 - 0x00007ffe8a0c7000 	C:\Program Files\Apache NetBeans\jdk\bin\zip.dll
0x00007ffe77c10000 - 0x00007ffe77c34000 	C:\Program Files\Apache NetBeans\java\maven\lib\jansi-native\Windows\x86_64\jansi.dll
0x00007ffe895d0000 - 0x00007ffe895e0000 	C:\Program Files\Apache NetBeans\jdk\bin\verify.dll

JVMTI agents: none

dbghelp: loaded successfully - version: 4.0.5 - missing functions: none
symbol engine: initialized successfully - sym options: 0x614 - pdb path: .;C:\Program Files\Apache NetBeans\jdk\bin;C:\WINDOWS\SYSTEM32;C:\WINDOWS\WinSxS\amd64_microsoft.windows.common-controls_6595b64144ccf1df_6.0.26100.8115_none_3e075c82e3354f9c;C:\Program Files\Apache NetBeans\jdk\bin\server;C:\Program Files\Apache NetBeans\java\maven\lib\jansi-native\Windows\x86_64

VM Arguments:
jvm_args: --enable-native-access=ALL-UNNAMED -Dclassworlds.conf=C:\Program Files\Apache NetBeans\java\maven\bin\m2.conf -Dmaven.home=C:\Program Files\Apache NetBeans\java\maven -Dlibrary.jansi.path=C:\Program Files\Apache NetBeans\java\maven\lib\jansi-native -Dmaven.multiModuleProjectDirectory=C:\Users\ASUS\Documents\NetBeansProjects\Lubiproject1 
java_command: org.codehaus.plexus.classworlds.launcher.Launcher -Dmaven.ext.class.path=C:\Program Files\Apache NetBeans\java\maven-nblib\netbeans-eventspy.jar --no-transfer-progress install
java_class_path (initial): C:\Program Files\Apache NetBeans\java\maven\boot\plexus-classworlds-2.9.0.jar
Launcher Type: SUN_STANDARD

[Global flags]
     intx CICompilerCount                          = 2                                         {product} {ergonomic}
     uint ConcGCThreads                            = 1                                         {product} {ergonomic}
     uint G1ConcRefinementThreads                  = 2                                         {product} {ergonomic}
   size_t G1HeapRegionSize                         = 1048576                                   {product} {ergonomic}
   size_t InitialHeapSize                          = 65011712                                  {product} {ergonomic}
   size_t MarkStackSize                            = 4194304                                   {product} {ergonomic}
   size_t MarkStackSizeMax                         = 536870912                                 {product} {ergonomic}
   size_t MaxHeapSize                              = 1027604480                                {product} {ergonomic}
   size_t MaxNewSize                               = 616562688                                 {product} {ergonomic}
   size_t MinHeapDeltaBytes                        = 1048576                                   {product} {ergonomic}
   size_t MinHeapSize                              = 8388608                                   {product} {ergonomic}
    uintx NonNMethodCodeHeapSize                   = 5767168                                {pd product} {ergonomic}
    uintx NonProfiledCodeHeapSize                  = 123011072                              {pd product} {ergonomic}
    uintx ProfiledCodeHeapSize                     = 122880000                              {pd product} {ergonomic}
    uintx ReservedCodeCacheSize                    = 251658240                              {pd product} {ergonomic}
     bool SegmentedCodeCache                       = true                                      {product} {ergonomic}
   size_t SoftMaxHeapSize                          = 1027604480                             {manageable} {ergonomic}
     bool UseCompressedOops                        = true                           {product lp64_product} {ergonomic}
     bool UseG1GC                                  = true                                      {product} {ergonomic}
     bool UseLargePagesIndividualAllocation        = false                                  {pd product} {ergonomic}

Logging:
Log output configuration:
 #0: stdout all=warning uptime,level,tags foldmultilines=false
 #1: stderr all=off uptime,level,tags foldmultilines=false

Release file:
IMPLEMENTOR="Eclipse Adoptium" 
IMPLEMENTOR_VERSION="Temurin-25.0.2+10" 
JAVA_RUNTIME_VERSION="25.0.2+10-LTS" 
JAVA_VERSION="25.0.2" 
JAVA_VERSION_DATE="2026-01-20" 
LIBC="default" 
MODULES="java.base java.compiler java.datatransfer java.xml java.prefs java.desktop java.instrument java.logging java.management java.security.sasl java.naming java.rmi java.management.rmi java.net.http java.scripting java.security.jgss java.transaction.xa java.sql java.sql.rowset java.xml.crypto java.se java.smartcardio jdk.accessibility jdk.internal.jvmstat jdk.attach jdk.charsets jdk.internal.opt jdk.zipfs jdk.compiler jdk.crypto.cryptoki jdk.crypto.ec jdk.crypto.mscapi jdk.dynalink jdk.internal.ed jdk.editpad jdk.internal.vm.ci jdk.graal.compiler jdk.graal.compiler.management jdk.hotspot.agent jdk.httpserver jdk.incubator.vector jdk.internal.le jdk.internal.md jdk.jartool jdk.javadoc jdk.jcmd jdk.management jdk.management.agent jdk.jconsole jdk.jdeps jdk.jdwp.agent jdk.jdi jdk.jfr jdk.jlink jdk.jpackage jdk.jshell jdk.jsobject jdk.jstatd jdk.localedata jdk.management.jfr jdk.naming.dns jdk.naming.rmi jdk.net jdk.nio.mapmode jdk.sctp jdk.security.auth jdk.security.jgss jdk.unsupported jdk.unsupported.desktop jdk.xml.dom" 
OS_ARCH="x86_64" 
OS_NAME="Windows" 
SOURCE=".:git:9e3c947043a4" 
BUILD_SOURCE="git:458965074606f027bd5afce2cfd5c1055dea0438"
BUILD_SOURCE_REPO="https://github.com/adoptium/temurin-build.git"
SOURCE_REPO="https://github.com/adoptium/jdk25u.git"
FULL_VERSION="25.0.2+10-LTS"
SEMANTIC_VERSION="25.0.2+10"
BUILD_INFO="OS: Windows Server 2022 Version: 10.0"
JVM_VARIANT="Hotspot"
JVM_VERSION="25.0.2+10-LTS"
IMAGE_TYPE="JDK"

Environment Variables:
JAVA_HOME=C:\Program Files\Apache NetBeans\jdk
PATH=C:\WINDOWS\system32;C:\WINDOWS;C:\WINDOWS\System32\Wbem;C:\WINDOWS\System32\WindowsPowerShell\v1.0\;C:\WINDOWS\System32\OpenSSH\;C:\Program Files\Git\cmd;C:\Users\ASUS\AppData\Local\Microsoft\WindowsApps;;C:\Program Files\Apache NetBeans\bin\
USERNAME=ASUS
OS=Windows_NT
PROCESSOR_IDENTIFIER=Intel64 Family 6 Model 122 Stepping 1, GenuineIntel
TMP=C:\Users\ASUS\AppData\Local\Temp
TEMP=C:\Users\ASUS\AppData\Local\Temp




Compilation memory statistics disabled.

Periodic native trim disabled

---------------  S Y S T E M  ---------------

OS:
 Windows 11 , 64 bit Build 26100 (10.0.26100.8115)
OS uptime: 0 days 0:57 hours

CPU: total 2 (initial active 2) (2 cores per cpu, 1 threads per core) family 6 model 122 stepping 1 microcode 0x34, cx8, cmov, fxsr, mmx, 3dnowpref, sse, sse2, sse3, ssse3, sse4.1, sse4.2, popcnt, tsc, tscinvbit, aes, erms, clmul, sha, clflush, clflushopt, rdtscp, rdpid
Processor Information for the first 2 processors :
  Max Mhz: 1101, Current Mhz: 1101, Mhz Limit: 1101

Memory: 4k page, system-wide physical 3919M (257M free)
TotalPageFile size 15695M (AvailPageFile size 5M)
current process WorkingSet (physical memory assigned to process): 29M, peak: 52M
current process commit charge ("private bytes"): 146M, peak: 152M

vm_info: OpenJDK 64-Bit Server VM (25.0.2+10-LTS) for windows-amd64 JRE (25.0.2+10-LTS), built on 2026-01-20T00:00:00Z with MS VC++ 17.12 (VS2022)

END.
