#
# There is insufficient memory for the Java Runtime Environment to continue.
# Native memory allocation (mmap) failed to map 26214400 bytes. Error detail: G1 virtual space
# Possible reasons:
#   The system is out of physical RAM or swap space
#   This process is running with CompressedOops enabled, and the Java Heap may be blocking the growth of the native heap
# Possible solutions:
#   Reduce memory load on the system
#   Increase physical memory or swap space
#   Check if swap backing store is full
#   Decrease Java heap size (-Xmx/-Xms)
#   Decrease number of Java threads
#   Decrease Java thread stack sizes (-Xss)
#   Set larger code cache with -XX:ReservedCodeCacheSize=
#   JVM is running with Unscaled Compressed Oops mode in which the Java heap is
#     placed in the first 4GB address space. The Java Heap base address is the
#     maximum limit for the native heap growth. Please use -XX:HeapBaseMinAddress
#     to set the Java Heap base and to place the Java Heap above 4GB virtual address.
# This output file may be truncated or incomplete.
#
#  Out of Memory Error (os_windows.cpp:3554), pid=15876, tid=28664
#
# JRE version: OpenJDK Runtime Environment Temurin-25.0.2+10 (25.0.2+10) (build 25.0.2+10-LTS)
# Java VM: OpenJDK 64-Bit Server VM Temurin-25.0.2+10 (25.0.2+10-LTS, mixed mode, sharing, tiered, compressed oops, compressed class ptrs, g1 gc, windows-amd64)
# No core dump will be written. Minidumps are not enabled by default on client versions of Windows
#

---------------  S U M M A R Y ------------

Command Line: --enable-native-access=ALL-UNNAMED -Dclassworlds.conf=C:\Program Files\Apache NetBeans\java\maven\bin\m2.conf -Dmaven.home=C:\Program Files\Apache NetBeans\java\maven -Dlibrary.jansi.path=C:\Program Files\Apache NetBeans\java\maven\lib\jansi-native -Dmaven.multiModuleProjectDirectory=C:\Users\ASUS\Documents\NetBeansProjects\Lubiproject1 org.codehaus.plexus.classworlds.launcher.Launcher -Dmaven.ext.class.path=C:\Program Files\Apache NetBeans\java\maven-nblib\netbeans-eventspy.jar --no-transfer-progress install

Host: Intel(R) Celeron(R) N4000 CPU @ 1.10GHz, 2 cores, 3G,  Windows 11 , 64 bit Build 26100 (10.0.26100.8115)
Time: Fri Apr  3 20:38:47 2026 SE Asia Standard Time elapsed time: 614.760131 seconds (0d 0h 10m 14s)

---------------  T H R E A D  ---------------

Current thread (0x0000023afd8a18c0):  VMThread "VM Thread"          [id=28664, stack(0x0000006197400000,0x0000006197500000) (1024K)]

Stack: [0x0000006197400000,0x0000006197500000]
Native frames: (J=compiled Java code, j=interpreted, Vv=VM code, C=native code)
V  [jvm.dll+0x7a8bc9]  (no source info available)
V  [jvm.dll+0x77310d]  (no source info available)
V  [jvm.dll+0x9f55f3]  (no source info available)
V  [jvm.dll+0x9f7be1]  (no source info available)
V  [jvm.dll+0x9f82f3]  (no source info available)
V  [jvm.dll+0x2fce26]  (no source info available)
V  [jvm.dll+0x7a4df5]  (no source info available)
V  [jvm.dll+0x798257]  (no source info available)
V  [jvm.dll+0x3f5248]  (no source info available)
V  [jvm.dll+0x3fd1b6]  (no source info available)
V  [jvm.dll+0x3e991e]  (no source info available)
V  [jvm.dll+0x3e9bd8]  (no source info available)
V  [jvm.dll+0x3c0c05]  (no source info available)
V  [jvm.dll+0x3c0c9a]  (no source info available)
V  [jvm.dll+0x40df96]  (no source info available)
V  [jvm.dll+0x40c8a8]  (no source info available)
V  [jvm.dll+0x3c0337]  (no source info available)
V  [jvm.dll+0x40bc8f]  (no source info available)
V  [jvm.dll+0x9fe542]  (no source info available)
V  [jvm.dll+0x9ff861]  (no source info available)
V  [jvm.dll+0x9ffdd8]  (no source info available)
V  [jvm.dll+0xa00073]  (no source info available)
V  [jvm.dll+0x996b0d]  (no source info available)
V  [jvm.dll+0x7a71a5]  (no source info available)
C  [ucrtbase.dll+0x37b0]  (no source info available)
C  [KERNEL32.DLL+0x2e8d7]  (no source info available)
C  [ntdll.dll+0x8c3fc]  (no source info available)

VM_Operation (0x0000006196dfe560): G1CollectForAllocation, mode: safepoint, requested by thread 0x0000023aef80ee80


---------------  P R O C E S S  ---------------

Threads class SMR info:
_java_thread_list=0x0000023afdf617d0, length=11, elements={
0x0000023aef80ee80, 0x0000023afd8b3cb0, 0x0000023afd8b4b10, 0x0000023afd8b7980,
0x0000023afd8b96a0, 0x0000023afd8ba260, 0x0000023afd8bae20, 0x0000023afd8bbd10,
0x0000023afd93e4f0, 0x0000023afda00b30, 0x0000023afda0d760
}

Java Threads: ( => current thread )
  0x0000023aef80ee80 JavaThread "main"                              [_thread_blocked, id=11648, stack(0x0000006196d00000,0x0000006196e00000) (1024K)]
  0x0000023afd8b3cb0 JavaThread "Reference Handler"          daemon [_thread_blocked, id=5316, stack(0x0000006197500000,0x0000006197600000) (1024K)]
  0x0000023afd8b4b10 JavaThread "Finalizer"                  daemon [_thread_blocked, id=9272, stack(0x0000006197600000,0x0000006197700000) (1024K)]
  0x0000023afd8b7980 JavaThread "Signal Dispatcher"          daemon [_thread_blocked, id=6132, stack(0x0000006197700000,0x0000006197800000) (1024K)]
  0x0000023afd8b96a0 JavaThread "Attach Listener"            daemon [_thread_blocked, id=6456, stack(0x0000006197800000,0x0000006197900000) (1024K)]
  0x0000023afd8ba260 JavaThread "Service Thread"             daemon [_thread_blocked, id=27528, stack(0x0000006197900000,0x0000006197a00000) (1024K)]
  0x0000023afd8bae20 JavaThread "Monitor Deflation Thread"   daemon [_thread_blocked, id=19536, stack(0x0000006197a00000,0x0000006197b00000) (1024K)]
  0x0000023afd8bbd10 JavaThread "C2 CompilerThread0"         daemon [_thread_blocked, id=27660, stack(0x0000006197b00000,0x0000006197c00000) (1024K)]
  0x0000023afd93e4f0 JavaThread "C1 CompilerThread0"         daemon [_thread_blocked, id=23496, stack(0x0000006197c00000,0x0000006197d00000) (1024K)]
  0x0000023afda00b30 JavaThread "Notification Thread"        daemon [_thread_blocked, id=6368, stack(0x0000006197d00000,0x0000006197e00000) (1024K)]
  0x0000023afda0d760 JavaThread "Common-Cleaner"             daemon [_thread_blocked, id=26188, stack(0x0000006197e00000,0x0000006197f00000) (1024K)]
Total: 11

Other Threads:
=>0x0000023afd8a18c0 VMThread "VM Thread"                           [id=28664, stack(0x0000006197400000,0x0000006197500000) (1024K)]
  0x0000023af1be6710 WatcherThread "VM Periodic Task Thread"        [id=28660, stack(0x0000006197300000,0x0000006197400000) (1024K)]
  0x0000023af1b655c0 WorkerThread "GC Thread#0"                     [id=27620, stack(0x0000006196e00000,0x0000006196f00000) (1024K)]
  0x0000023afe5125d0 WorkerThread "GC Thread#1"                     [id=23116, stack(0x0000006196b00000,0x0000006196c00000) (1024K)]
  0x0000023af1b71e50 ConcurrentGCThread "G1 Main Marker"            [id=27304, stack(0x0000006196f00000,0x0000006197000000) (1024K)]
  0x0000023af1b738e0 WorkerThread "G1 Conc#0"                       [id=20384, stack(0x0000006197000000,0x0000006197100000) (1024K)]
  0x0000023af1b8d1a0 ConcurrentGCThread "G1 Refine#0"               [id=13740, stack(0x0000006197100000,0x0000006197200000) (1024K)]
  0x0000023af1b93c20 ConcurrentGCThread "G1 Service"                [id=8292, stack(0x0000006197200000,0x0000006197300000) (1024K)]
Total: 8

Threads with active compile tasks:
Total: 0

VM state: at safepoint (normal execution)

VM Mutex/Monitor currently owned by a thread:  ([mutex/lock_event])
[0x00007ffe2d8363c8] Threads_lock - owner thread: 0x0000023afd8a18c0
[0x00007ffe2d836548] Heap_lock - owner thread: 0x0000023aef80ee80

Heap address: 0x00000000c2c00000, size: 980 MB, Compressed Oops mode: 32-bit

CDS archive(s) mapped at: [0x0000000036000000-0x0000000036dd0000-0x0000000036dd0000), size 14483456, SharedBaseAddress: 0x0000000036000000, ArchiveRelocationMode: 1.
Compressed class space mapped at: 0x0000000037000000-0x0000000077000000, reserved size: 1073741824
UseCompressedClassPointers 1, UseCompactObjectHeaders 0
Narrow klass pointer bits 32, Max shift 3
Narrow klass base: 0x0000000036000000, Narrow klass shift: 0
Encoding Range: [0x0000000036000000 - 0x0000000136000000), (4294967296 bytes)
Klass Range:    [0x0000000036010000 - 0x0000000077000000), (1090453504 bytes)
Klass ID Range:  [65536 - 1090519033) (1090453497)
Protection zone: [0x0000000036000000 - 0x0000000036010000), (65536 bytes)

GC Precious Log:
 CardTable entry size: 512
 Card Set container configuration: InlinePtr #cards 5 size 8 Array Of Cards #cards 10 size 36 Howl #buckets 4 coarsen threshold 1843 Howl Bitmap #cards 512 size 80 coarsen threshold 460 Card regions per heap region 1 cards per card region 2048
 CPUs: 2 total, 2 available
 Memory: 3919M
 Large Page Support: Disabled
 NUMA Support: Disabled
 Compressed Oops: Enabled (32-bit)
 Heap Region Size: 1M
 Heap Min Capacity: 8M
 Heap Initial Capacity: 62M
 Heap Max Capacity: 980M
 Pre-touch: Disabled
 Parallel Workers: 2
 Concurrent Workers: 1
 Concurrent Refinement Workers: 2
 Periodic GC: Disabled

Heap:
 garbage-first heap   total reserved 1003520K, committed 65536K, used 4381K [0x00000000c2c00000, 0x0000000100000000)
  region size 1024K, 1 young (1024K), 1 survivors (1024K)

Heap Regions: E=young(eden), S=young(survivor), O=old, HS=humongous(starts), HC=humongous(continues), CS=collection set, F=free, TAMS=top-at-mark-start, PB=parsable bottom
|   0|0x00000000c2c00000, 0x00000000c2d00000, 0x00000000c2d00000|100%| O|  |TAMS 0x00000000c2c00000| PB 0x00000000c2c00000| Untracked |  0
|   1|0x00000000c2d00000, 0x00000000c2e00000, 0x00000000c2e00000|100%| O|  |TAMS 0x00000000c2d00000| PB 0x00000000c2d00000| Untracked |  0
|   2|0x00000000c2e00000, 0x00000000c2ea5780, 0x00000000c2f00000| 64%| O|  |TAMS 0x00000000c2e00000| PB 0x00000000c2e00000| Untracked |  0
|   3|0x00000000c2f00000, 0x00000000c2f00000, 0x00000000c3000000|  0%| F|  |TAMS 0x00000000c2f00000| PB 0x00000000c2f00000| Untracked |  0
|   4|0x00000000c3000000, 0x00000000c3000000, 0x00000000c3100000|  0%| F|  |TAMS 0x00000000c3000000| PB 0x00000000c3000000| Untracked |  0
|   5|0x00000000c3100000, 0x00000000c3100000, 0x00000000c3200000|  0%| F|  |TAMS 0x00000000c3100000| PB 0x00000000c3100000| Untracked |  0
|   6|0x00000000c3200000, 0x00000000c3200000, 0x00000000c3300000|  0%| F|  |TAMS 0x00000000c3200000| PB 0x00000000c3200000| Untracked |  0
|   7|0x00000000c3300000, 0x00000000c3300000, 0x00000000c3400000|  0%| F|  |TAMS 0x00000000c3300000| PB 0x00000000c3300000| Untracked |  0
|   8|0x00000000c3400000, 0x00000000c3400000, 0x00000000c3500000|  0%| F|  |TAMS 0x00000000c3400000| PB 0x00000000c3400000| Untracked |  0
|   9|0x00000000c3500000, 0x00000000c3500000, 0x00000000c3600000|  0%| F|  |TAMS 0x00000000c3500000| PB 0x00000000c3500000| Untracked |  0
|  10|0x00000000c3600000, 0x00000000c3600000, 0x00000000c3700000|  0%| F|  |TAMS 0x00000000c3600000| PB 0x00000000c3600000| Untracked |  0
|  11|0x00000000c3700000, 0x00000000c3700000, 0x00000000c3800000|  0%| F|  |TAMS 0x00000000c3700000| PB 0x00000000c3700000| Untracked |  0
|  12|0x00000000c3800000, 0x00000000c3800000, 0x00000000c3900000|  0%| F|  |TAMS 0x00000000c3800000| PB 0x00000000c3800000| Untracked |  0
|  13|0x00000000c3900000, 0x00000000c3900000, 0x00000000c3a00000|  0%| F|  |TAMS 0x00000000c3900000| PB 0x00000000c3900000| Untracked |  0
|  14|0x00000000c3a00000, 0x00000000c3a00000, 0x00000000c3b00000|  0%| F|  |TAMS 0x00000000c3a00000| PB 0x00000000c3a00000| Untracked |  0
|  15|0x00000000c3b00000, 0x00000000c3b00000, 0x00000000c3c00000|  0%| F|  |TAMS 0x00000000c3b00000| PB 0x00000000c3b00000| Untracked |  0
|  16|0x00000000c3c00000, 0x00000000c3c00000, 0x00000000c3d00000|  0%| F|  |TAMS 0x00000000c3c00000| PB 0x00000000c3c00000| Untracked |  0
|  17|0x00000000c3d00000, 0x00000000c3d00000, 0x00000000c3e00000|  0%| F|  |TAMS 0x00000000c3d00000| PB 0x00000000c3d00000| Untracked |  0
|  18|0x00000000c3e00000, 0x00000000c3e00000, 0x00000000c3f00000|  0%| F|  |TAMS 0x00000000c3e00000| PB 0x00000000c3e00000| Untracked |  0
|  19|0x00000000c3f00000, 0x00000000c3f00000, 0x00000000c4000000|  0%| F|  |TAMS 0x00000000c3f00000| PB 0x00000000c3f00000| Untracked |  0
|  20|0x00000000c4000000, 0x00000000c4000000, 0x00000000c4100000|  0%| F|  |TAMS 0x00000000c4000000| PB 0x00000000c4000000| Untracked |  0
|  21|0x00000000c4100000, 0x00000000c4100000, 0x00000000c4200000|  0%| F|  |TAMS 0x00000000c4100000| PB 0x00000000c4100000| Untracked |  0
|  22|0x00000000c4200000, 0x00000000c4200000, 0x00000000c4300000|  0%| F|  |TAMS 0x00000000c4200000| PB 0x00000000c4200000| Untracked |  0
|  23|0x00000000c4300000, 0x00000000c4300000, 0x00000000c4400000|  0%| F|  |TAMS 0x00000000c4300000| PB 0x00000000c4300000| Untracked |  0
|  24|0x00000000c4400000, 0x00000000c4400000, 0x00000000c4500000|  0%| F|  |TAMS 0x00000000c4400000| PB 0x00000000c4400000| Untracked |  0
|  25|0x00000000c4500000, 0x00000000c4500000, 0x00000000c4600000|  0%| F|  |TAMS 0x00000000c4500000| PB 0x00000000c4500000| Untracked |  0
|  26|0x00000000c4600000, 0x00000000c4600000, 0x00000000c4700000|  0%| F|  |TAMS 0x00000000c4600000| PB 0x00000000c4600000| Untracked |  0
|  27|0x00000000c4700000, 0x00000000c4700000, 0x00000000c4800000|  0%| F|  |TAMS 0x00000000c4700000| PB 0x00000000c4700000| Untracked |  0
|  28|0x00000000c4800000, 0x00000000c4800000, 0x00000000c4900000|  0%| F|  |TAMS 0x00000000c4800000| PB 0x00000000c4800000| Untracked |  0
|  29|0x00000000c4900000, 0x00000000c4900000, 0x00000000c4a00000|  0%| F|  |TAMS 0x00000000c4900000| PB 0x00000000c4900000| Untracked |  0
|  30|0x00000000c4a00000, 0x00000000c4a00000, 0x00000000c4b00000|  0%| F|  |TAMS 0x00000000c4a00000| PB 0x00000000c4a00000| Untracked |  0
|  31|0x00000000c4b00000, 0x00000000c4b00000, 0x00000000c4c00000|  0%| F|  |TAMS 0x00000000c4b00000| PB 0x00000000c4b00000| Untracked |  0
|  32|0x00000000c4c00000, 0x00000000c4c00000, 0x00000000c4d00000|  0%| F|  |TAMS 0x00000000c4c00000| PB 0x00000000c4c00000| Untracked |  0
|  33|0x00000000c4d00000, 0x00000000c4d00000, 0x00000000c4e00000|  0%| F|  |TAMS 0x00000000c4d00000| PB 0x00000000c4d00000| Untracked |  0
|  34|0x00000000c4e00000, 0x00000000c4e00000, 0x00000000c4f00000|  0%| F|  |TAMS 0x00000000c4e00000| PB 0x00000000c4e00000| Untracked |  0
|  35|0x00000000c4f00000, 0x00000000c4f00000, 0x00000000c5000000|  0%| F|  |TAMS 0x00000000c4f00000| PB 0x00000000c4f00000| Untracked |  0
|  36|0x00000000c5000000, 0x00000000c5000000, 0x00000000c5100000|  0%| F|  |TAMS 0x00000000c5000000| PB 0x00000000c5000000| Untracked |  0
|  37|0x00000000c5100000, 0x00000000c5100000, 0x00000000c5200000|  0%| F|  |TAMS 0x00000000c5100000| PB 0x00000000c5100000| Untracked |  0
|  38|0x00000000c5200000, 0x00000000c5200000, 0x00000000c5300000|  0%| F|  |TAMS 0x00000000c5200000| PB 0x00000000c5200000| Untracked |  0
|  39|0x00000000c5300000, 0x00000000c5300000, 0x00000000c5400000|  0%| F|  |TAMS 0x00000000c5300000| PB 0x00000000c5300000| Untracked |  0
|  40|0x00000000c5400000, 0x00000000c5400000, 0x00000000c5500000|  0%| F|  |TAMS 0x00000000c5400000| PB 0x00000000c5400000| Untracked |  0
|  41|0x00000000c5500000, 0x00000000c5500000, 0x00000000c5600000|  0%| F|  |TAMS 0x00000000c5500000| PB 0x00000000c5500000| Untracked |  0
|  42|0x00000000c5600000, 0x00000000c5600000, 0x00000000c5700000|  0%| F|  |TAMS 0x00000000c5600000| PB 0x00000000c5600000| Untracked |  0
|  43|0x00000000c5700000, 0x00000000c5700000, 0x00000000c5800000|  0%| F|  |TAMS 0x00000000c5700000| PB 0x00000000c5700000| Untracked |  0
|  44|0x00000000c5800000, 0x00000000c5800000, 0x00000000c5900000|  0%| F|  |TAMS 0x00000000c5800000| PB 0x00000000c5800000| Untracked |  0
|  45|0x00000000c5900000, 0x00000000c5900000, 0x00000000c5a00000|  0%| F|  |TAMS 0x00000000c5900000| PB 0x00000000c5900000| Untracked |  0
|  46|0x00000000c5a00000, 0x00000000c5a00000, 0x00000000c5b00000|  0%| F|  |TAMS 0x00000000c5a00000| PB 0x00000000c5a00000| Untracked |  0
|  47|0x00000000c5b00000, 0x00000000c5b00000, 0x00000000c5c00000|  0%| F|  |TAMS 0x00000000c5b00000| PB 0x00000000c5b00000| Untracked |  0
|  48|0x00000000c5c00000, 0x00000000c5c00000, 0x00000000c5d00000|  0%| F|  |TAMS 0x00000000c5c00000| PB 0x00000000c5c00000| Untracked |  0
|  49|0x00000000c5d00000, 0x00000000c5d00000, 0x00000000c5e00000|  0%| F|  |TAMS 0x00000000c5d00000| PB 0x00000000c5d00000| Untracked |  0
|  50|0x00000000c5e00000, 0x00000000c5e00000, 0x00000000c5f00000|  0%| F|  |TAMS 0x00000000c5e00000| PB 0x00000000c5e00000| Untracked |  0
|  51|0x00000000c5f00000, 0x00000000c5f00000, 0x00000000c6000000|  0%| F|  |TAMS 0x00000000c5f00000| PB 0x00000000c5f00000| Untracked |  0
|  52|0x00000000c6000000, 0x00000000c6000000, 0x00000000c6100000|  0%| F|  |TAMS 0x00000000c6000000| PB 0x00000000c6000000| Untracked |  0
|  53|0x00000000c6100000, 0x00000000c6100000, 0x00000000c6200000|  0%| F|  |TAMS 0x00000000c6100000| PB 0x00000000c6100000| Untracked |  0
|  54|0x00000000c6200000, 0x00000000c6200000, 0x00000000c6300000|  0%| F|  |TAMS 0x00000000c6200000| PB 0x00000000c6200000| Untracked |  0
|  55|0x00000000c6300000, 0x00000000c6300000, 0x00000000c6400000|  0%| F|  |TAMS 0x00000000c6300000| PB 0x00000000c6300000| Untracked |  0
|  56|0x00000000c6400000, 0x00000000c6400000, 0x00000000c6500000|  0%| F|  |TAMS 0x00000000c6400000| PB 0x00000000c6400000| Untracked |  0
|  57|0x00000000c6500000, 0x00000000c6500000, 0x00000000c6600000|  0%| F|  |TAMS 0x00000000c6500000| PB 0x00000000c6500000| Untracked |  0
|  58|0x00000000c6600000, 0x00000000c667cf80, 0x00000000c6700000| 48%| S|CS|TAMS 0x00000000c6600000| PB 0x00000000c6600000| Complete |  0
|  59|0x00000000c6700000, 0x00000000c6700000, 0x00000000c6800000|  0%| F|  |TAMS 0x00000000c6700000| PB 0x00000000c6700000| Untracked |  0
|  60|0x00000000c6800000, 0x00000000c6800000, 0x00000000c6900000|  0%| F|  |TAMS 0x00000000c6800000| PB 0x00000000c6800000| Untracked |  0
|  61|0x00000000c6900000, 0x00000000c6900000, 0x00000000c6a00000|  0%| F|  |TAMS 0x00000000c6900000| PB 0x00000000c6900000| Untracked |  0
| 978|0x00000000ffe00000, 0x00000000fff00000, 0x00000000fff00000|100%| O|  |TAMS 0x00000000ffe00000| PB 0x00000000ffe00000| Untracked |  0
| 979|0x00000000fff00000, 0x00000000fff24ea8, 0x0000000100000000| 14%| O|  |TAMS 0x00000000fff00000| PB 0x00000000fff00000| Untracked |  0

Card table byte_map: [0x0000023af18e0000,0x0000023af1ad0000] _byte_map_base: 0x0000023af12ca000

Marking Bits: (CMBitMap*) 0x0000023af1b65d50
 Bits: [0x0000023afa620000, 0x0000023afb570000)

Polling page: 0x0000023aefaf0000

Metaspace:
Metaspace        used 5670K, committed 5952K, reserved 1114112K
 class space     used 694K, committed 832K, reserved 1048576K

Usage:
  Non-class:      4.86 MB used.
      Class:    694.93 KB used.
       Both:      5.54 MB used.

Virtual space:
  Non-class space:       64.00 MB reserved,       5.00 MB (  8%) committed,  1 nodes.
      Class space:        1.00 GB reserved,     832.00 KB ( <1%) committed,  1 nodes.
             Both:        1.06 GB reserved,       5.81 MB ( <1%) committed. 

Chunk freelists:
   Non-Class:  9.11 MB
       Class:  15.23 MB
        Both:  24.34 MB

MaxMetaspaceSize: unlimited
CompressedClassSpaceSize: 1.00 GB
Initial GC threshold: 21.00 MB
Current GC threshold: 21.00 MB
CDS: on
 - commit_granule_bytes: 65536.
 - commit_granule_words: 8192.
 - virtual_space_node_default_size: 8388608.
 - enlarge_chunks_in_place: 1.
UseCompressedClassPointers 1, UseCompactObjectHeaders 0
Narrow klass pointer bits 32, Max shift 3
Narrow klass base: 0x0000000036000000, Narrow klass shift: 0
Encoding Range: [0x0000000036000000 - 0x0000000136000000), (4294967296 bytes)
Klass Range:    [0x0000000036010000 - 0x0000000077000000), (1090453504 bytes)
Klass ID Range:  [65536 - 1090519033) (1090453497)
Protection zone: [0x0000000036000000 - 0x0000000036010000), (65536 bytes)


Internal statistics:

num_allocs_failed_limit: 0.
num_arena_births: 54.
num_arena_deaths: 0.
num_vsnodes_births: 2.
num_vsnodes_deaths: 0.
num_space_committed: 93.
num_space_uncommitted: 0.
num_chunks_returned_to_freelist: 0.
num_chunks_taken_from_freelist: 231.
num_chunk_merges: 0.
num_chunk_splits: 142.
num_chunks_enlarged: 114.
num_inconsistent_stats: 0.

CodeHeap 'non-profiled nmethods': size=120128Kb used=381Kb max_used=381Kb free=119746Kb
 bounds [0x0000023a87ab0000, 0x0000023a87d20000, 0x0000023a8f000000]
CodeHeap 'profiled nmethods': size=120000Kb used=1922Kb max_used=1922Kb free=118077Kb
 bounds [0x0000023a80000000, 0x0000023a80270000, 0x0000023a87530000]
CodeHeap 'non-nmethods': size=5632Kb used=1332Kb max_used=1362Kb free=4299Kb
 bounds [0x0000023a87530000, 0x0000023a877a0000, 0x0000023a87ab0000]
CodeCache: size=245760Kb, used=3635Kb, max_used=3665Kb, free=242122Kb
 total_blobs=1730, nmethods=1263, adapters=372, full_count=0
Compilation: enabled, stopped_count=0, restarted_count=0

Compilation events (20 events):
Event: 602.518 Thread 0x0000023afd93e4f0 1280       3       org.codehaus.plexus.util.xml.pull.MXParser::nextText (107 bytes)
Event: 602.519 Thread 0x0000023afd93e4f0 nmethod 1280 0x0000023a801d9008 code [0x0000023a801d9100, 0x0000023a801d9e40]
Event: 604.007 Thread 0x0000023afd93e4f0 1281       3       java.util.Collections::emptyMap (4 bytes)
Event: 604.007 Thread 0x0000023afd93e4f0 nmethod 1281 0x0000023a801d9e88 code [0x0000023a801d9f80, 0x0000023a801da070]
Event: 604.013 Thread 0x0000023afd8bbd10 1282       4       org.codehaus.plexus.util.xml.pull.MXParser::parseEndTag (438 bytes)
Event: 604.035 Thread 0x0000023afd8bbd10 nmethod 1282 0x0000023a87b0de88 code [0x0000023a87b0df80, 0x0000023a87b0e828]
Event: 604.623 Thread 0x0000023afd93e4f0 1283 %     3       org.codehaus.plexus.util.InterpolationFilterReader::read @ 3 (48 bytes)
Event: 604.623 Thread 0x0000023afd93e4f0 nmethod 1283% 0x0000023a801da188 code [0x0000023a801da280, 0x0000023a801da658]
Event: 604.624 Thread 0x0000023afd93e4f0 1284       3       org.codehaus.plexus.util.InterpolationFilterReader::read (48 bytes)
Event: 604.624 Thread 0x0000023afd93e4f0 nmethod 1284 0x0000023a801da688 code [0x0000023a801da780, 0x0000023a801daa88]
Event: 608.011 Thread 0x0000023afd93e4f0 1285       3       org.codehaus.plexus.util.xml.pull.MXParser::require (468 bytes)
Event: 608.017 Thread 0x0000023afd93e4f0 nmethod 1285 0x0000023a801dab08 code [0x0000023a801dac00, 0x0000023a801dfc60]
Event: 608.448 Thread 0x0000023afd8bbd10 1286       4       org.codehaus.plexus.util.xml.pull.MXParser::nextImpl (1208 bytes)
Event: 608.479 Thread 0x0000023afd8bbd10 nmethod 1286 0x0000023a87b0e888 code [0x0000023a87b0e980, 0x0000023a87b0f6b0]
Event: 610.044 Thread 0x0000023afd93e4f0 1288       3       org.eclipse.sisu.space.URLClassSpace::deferLoadClass (10 bytes)
Event: 610.045 Thread 0x0000023afd93e4f0 nmethod 1288 0x0000023a801dfd08 code [0x0000023a801dfe00, 0x0000023a801e0138]
Event: 610.045 Thread 0x0000023afd93e4f0 1289       3       org.eclipse.sisu.space.NamedClass::<init> (15 bytes)
Event: 610.045 Thread 0x0000023afd93e4f0 nmethod 1289 0x0000023a801e0188 code [0x0000023a801e0280, 0x0000023a801e04f8]
Event: 612.056 Thread 0x0000023afd93e4f0 1290       3       java.util.jar.JarFile::match (132 bytes)
Event: 612.124 Thread 0x0000023afd93e4f0 nmethod 1290 0x0000023a801e0508 code [0x0000023a801e0600, 0x0000023a801e0b18]

GC Heap Usage History (13 events):
Event: 404.549 {heap Before GC invocations=0 (full 0):
 garbage-first heap   total reserved 1003520K, committed 65536K, used 14483K [0x00000000c2c00000, 0x0000000100000000)
  region size 1024K, 14 young (14336K), 0 survivors (0K)
}
Event: 421.600 {heap After GC invocations=1 (full 0):
 garbage-first heap   total reserved 1003520K, committed 65536K, used 3823K [0x00000000c2c00000, 0x0000000100000000)
  region size 1024K, 2 young (2048K), 2 survivors (2048K)
}
Event: 472.044 {heap Before GC invocations=1 (full 0):
 garbage-first heap   total reserved 1003520K, committed 65536K, used 4847K [0x00000000c2c00000, 0x0000000100000000)
  region size 1024K, 3 young (3072K), 2 survivors (2048K)
}
Event: 472.266 {heap After GC invocations=2 (full 0):
 garbage-first heap   total reserved 1003520K, committed 65536K, used 4213K [0x00000000c2c00000, 0x0000000100000000)
  region size 1024K, 1 young (1024K), 1 survivors (1024K)
}
Event: 535.175 {heap Before GC invocations=2 (full 0):
 garbage-first heap   total reserved 1003520K, committed 65536K, used 6261K [0x00000000c2c00000, 0x0000000100000000)
  region size 1024K, 3 young (3072K), 1 survivors (1024K)
}
Event: 535.390 {heap After GC invocations=3 (full 0):
 garbage-first heap   total reserved 1003520K, committed 65536K, used 4131K [0x00000000c2c00000, 0x0000000100000000)
  region size 1024K, 1 young (1024K), 1 survivors (1024K)
}
Event: 581.854 {heap Before GC invocations=3 (full 0):
 garbage-first heap   total reserved 1003520K, committed 65536K, used 6179K [0x00000000c2c00000, 0x0000000100000000)
  region size 1024K, 3 young (3072K), 1 survivors (1024K)
}
Event: 587.223 {heap After GC invocations=4 (full 0):
 garbage-first heap   total reserved 1003520K, committed 65536K, used 4243K [0x00000000c2c00000, 0x0000000100000000)
  region size 1024K, 1 young (1024K), 1 survivors (1024K)
}
Event: 601.925 {heap Before GC invocations=4 (full 0):
 garbage-first heap   total reserved 1003520K, committed 65536K, used 6291K [0x00000000c2c00000, 0x0000000100000000)
  region size 1024K, 3 young (3072K), 1 survivors (1024K)
}
Event: 602.135 {heap After GC invocations=5 (full 0):
 garbage-first heap   total reserved 1003520K, committed 65536K, used 4348K [0x00000000c2c00000, 0x0000000100000000)
  region size 1024K, 1 young (1024K), 1 survivors (1024K)
}
Event: 608.671 {heap Before GC invocations=5 (full 0):
 garbage-first heap   total reserved 1003520K, committed 65536K, used 6396K [0x00000000c2c00000, 0x0000000100000000)
  region size 1024K, 3 young (3072K), 1 survivors (1024K)
}
Event: 608.762 {heap After GC invocations=6 (full 0):
 garbage-first heap   total reserved 1003520K, committed 65536K, used 4381K [0x00000000c2c00000, 0x0000000100000000)
  region size 1024K, 1 young (1024K), 1 survivors (1024K)
}
Event: 612.412 {heap Before GC invocations=6 (full 0):
 garbage-first heap   total reserved 1003520K, committed 65536K, used 5405K [0x00000000c2c00000, 0x0000000100000000)
  region size 1024K, 3 young (3072K), 1 survivors (1024K)
}

Metaspace Usage History (13 events):
Event: 404.721 {metaspace Before GC invocations=0 (full 0):
 Metaspace       used 4300K, committed 4544K, reserved 1114112K
  class space    used 479K, committed 576K, reserved 1048576K
}
Event: 421.600 {metaspace After GC invocations=1 (full 0):
 Metaspace       used 4300K, committed 4544K, reserved 1114112K
  class space    used 479K, committed 576K, reserved 1048576K
}
Event: 472.044 {metaspace Before GC invocations=1 (full 0):
 Metaspace       used 4615K, committed 4800K, reserved 1114112K
  class space    used 541K, committed 640K, reserved 1048576K
}
Event: 472.266 {metaspace After GC invocations=2 (full 0):
 Metaspace       used 4615K, committed 4800K, reserved 1114112K
  class space    used 541K, committed 640K, reserved 1048576K
}
Event: 535.175 {metaspace Before GC invocations=2 (full 0):
 Metaspace       used 5212K, committed 5312K, reserved 1114112K
  class space    used 622K, committed 640K, reserved 1048576K
}
Event: 535.390 {metaspace After GC invocations=3 (full 0):
 Metaspace       used 5212K, committed 5312K, reserved 1114112K
  class space    used 622K, committed 640K, reserved 1048576K
}
Event: 581.948 {metaspace Before GC invocations=3 (full 0):
 Metaspace       used 5475K, committed 5696K, reserved 1114112K
  class space    used 655K, committed 768K, reserved 1048576K
}
Event: 587.223 {metaspace After GC invocations=4 (full 0):
 Metaspace       used 5475K, committed 5696K, reserved 1114112K
  class space    used 655K, committed 768K, reserved 1048576K
}
Event: 601.942 {metaspace Before GC invocations=4 (full 0):
 Metaspace       used 5512K, committed 5760K, reserved 1114112K
  class space    used 666K, committed 768K, reserved 1048576K
}
Event: 602.135 {metaspace After GC invocations=5 (full 0):
 Metaspace       used 5512K, committed 5760K, reserved 1114112K
  class space    used 666K, committed 768K, reserved 1048576K
}
Event: 608.671 {metaspace Before GC invocations=5 (full 0):
 Metaspace       used 5598K, committed 5824K, reserved 1114112K
  class space    used 679K, committed 768K, reserved 1048576K
}
Event: 608.763 {metaspace After GC invocations=6 (full 0):
 Metaspace       used 5598K, committed 5824K, reserved 1114112K
  class space    used 679K, committed 768K, reserved 1048576K
}
Event: 612.412 {metaspace Before GC invocations=6 (full 0):
 Metaspace       used 5670K, committed 5952K, reserved 1114112K
  class space    used 694K, committed 832K, reserved 1048576K
}

Dll operation events (7 events):
Event: 7.316 Loaded shared library C:\Program Files\Apache NetBeans\jdk\bin\java.dll
Event: 28.897 Loaded shared library C:\Program Files\Apache NetBeans\jdk\bin\net.dll
Event: 29.326 Loaded shared library C:\Program Files\Apache NetBeans\jdk\bin\nio.dll
Event: 33.782 Loaded shared library C:\Program Files\Apache NetBeans\jdk\bin\zip.dll
Event: 99.211 Loaded shared library C:\Program Files\Apache NetBeans\java\maven\lib\jansi-native\Windows\x86_64\jansi.dll
Event: 111.703 Loaded shared library C:\Program Files\Apache NetBeans\jdk\bin\verify.dll
Event: 123.291 Loaded shared library C:\Program Files\Apache NetBeans\jdk\bin\jimage.dll

Deoptimization events (20 events):
Event: 595.299 Thread 0x0000023aef80ee80 Uncommon trap: trap_request=0xffffffde fr.pc=0x0000023a87b0618c relative=0x000000000000010c
Event: 595.299 Thread 0x0000023aef80ee80 Uncommon trap: reason=class_check action=maybe_recompile pc=0x0000023a87b0618c method=java.nio.Buffer.<init>(IIIILjava/lang/foreign/MemorySegment;)V @ 39 c2
Event: 595.299 Thread 0x0000023aef80ee80 DEOPT PACKING pc=0x0000023a87b0618c sp=0x0000006196dfe1e0
Event: 595.299 Thread 0x0000023aef80ee80 DEOPT UNPACKING pc=0x0000023a875b857c sp=0x0000006196dfe198 mode 2
Event: 599.540 Thread 0x0000023aef80ee80 Uncommon trap: trap_request=0xffffffde fr.pc=0x0000023a87b0618c relative=0x000000000000010c
Event: 599.540 Thread 0x0000023aef80ee80 Uncommon trap: reason=class_check action=maybe_recompile pc=0x0000023a87b0618c method=java.nio.Buffer.<init>(IIIILjava/lang/foreign/MemorySegment;)V @ 39 c2
Event: 599.540 Thread 0x0000023aef80ee80 DEOPT PACKING pc=0x0000023a87b0618c sp=0x0000006196dfe0f0
Event: 599.540 Thread 0x0000023aef80ee80 DEOPT UNPACKING pc=0x0000023a875b857c sp=0x0000006196dfe0a8 mode 2
Event: 601.283 Thread 0x0000023aef80ee80 Uncommon trap: trap_request=0xffffff45 fr.pc=0x0000023a87b0c93c relative=0x000000000000093c
Event: 601.283 Thread 0x0000023aef80ee80 Uncommon trap: reason=unstable_if action=reinterpret pc=0x0000023a87b0c93c method=org.codehaus.plexus.util.xml.pull.MXParser.nextImpl()I @ 200 c2
Event: 601.283 Thread 0x0000023aef80ee80 DEOPT PACKING pc=0x0000023a87b0c93c sp=0x0000006196dfe720
Event: 601.284 Thread 0x0000023aef80ee80 DEOPT UNPACKING pc=0x0000023a875b857c sp=0x0000006196dfe680 mode 2
Event: 611.715 Thread 0x0000023aef80ee80 Uncommon trap: trap_request=0xffffff45 fr.pc=0x0000023a87b0f3cc relative=0x0000000000000a4c
Event: 611.715 Thread 0x0000023aef80ee80 Uncommon trap: reason=unstable_if action=reinterpret pc=0x0000023a87b0f3cc method=org.codehaus.plexus.util.xml.pull.MXParser.nextImpl()I @ 241 c2
Event: 611.715 Thread 0x0000023aef80ee80 DEOPT PACKING pc=0x0000023a87b0f3cc sp=0x0000006196dfe710
Event: 611.715 Thread 0x0000023aef80ee80 DEOPT UNPACKING pc=0x0000023a875b857c sp=0x0000006196dfe680 mode 2
Event: 611.715 Thread 0x0000023aef80ee80 Uncommon trap: trap_request=0xffffffde fr.pc=0x0000023a87b0618c relative=0x000000000000010c
Event: 611.715 Thread 0x0000023aef80ee80 Uncommon trap: reason=class_check action=maybe_recompile pc=0x0000023a87b0618c method=java.nio.Buffer.<init>(IIIILjava/lang/foreign/MemorySegment;)V @ 39 c2
Event: 611.715 Thread 0x0000023aef80ee80 DEOPT PACKING pc=0x0000023a87b0618c sp=0x0000006196dfe250
Event: 611.715 Thread 0x0000023aef80ee80 DEOPT UNPACKING pc=0x0000023a875b857c sp=0x0000006196dfe208 mode 2

Classes loaded (20 events):
Event: 522.956 Loading class java/lang/annotation/Documented
Event: 522.956 Loading class java/lang/annotation/Documented done
Event: 527.516 Loading class java/util/concurrent/TimeoutException
Event: 527.629 Loading class java/util/concurrent/TimeoutException done
Event: 527.629 Loading class java/util/concurrent/CancellationException
Event: 527.682 Loading class java/util/concurrent/CancellationException done
Event: 530.574 Loading class java/lang/reflect/ParameterizedType
Event: 530.624 Loading class java/lang/reflect/ParameterizedType done
Event: 533.402 Loading class java/lang/reflect/WildcardType
Event: 533.598 Loading class java/lang/reflect/WildcardType done
Event: 534.995 Loading class sun/reflect/generics/tree/TypeVariableSignature
Event: 535.068 Loading class sun/reflect/generics/tree/TypeVariableSignature done
Event: 543.527 Loading class java/lang/annotation/IncompleteAnnotationException
Event: 543.527 Loading class java/lang/annotation/IncompleteAnnotationException done
Event: 550.237 Loading class jdk/internal/foreign/MemorySessionImpl
Event: 550.239 Loading class java/lang/foreign/MemorySegment$Scope
Event: 550.240 Loading class java/lang/foreign/MemorySegment$Scope done
Event: 550.240 Loading class jdk/internal/foreign/MemorySessionImpl done
Event: 573.974 Loading class java/lang/foreign/MemorySegment
Event: 574.384 Loading class java/lang/foreign/MemorySegment done

Classes unloaded (0 events):
No events

Classes redefined (0 events):
No events

Internal exceptions (20 events):
Event: 100.005 Thread 0x0000023aef80ee80 Exception <a 'java/lang/NullPointerException'{0x00000000c655afb8}> (0x00000000c655afb8) 
thrown [s\src\hotspot\share\interpreter\linkResolver.cpp, line 1416]
Event: 102.353 Thread 0x0000023aef80ee80 Exception <a 'sun/nio/fs/WindowsException'{0x00000000c657c550}> (0x00000000c657c550) 
thrown [s\src\hotspot\share\prims\jni.cpp, line 516]
Event: 102.354 Thread 0x0000023aef80ee80 Exception <a 'sun/nio/fs/WindowsException'{0x00000000c657cb80}> (0x00000000c657cb80) 
thrown [s\src\hotspot\share\prims\jni.cpp, line 516]
Event: 102.354 Thread 0x0000023aef80ee80 Exception <a 'sun/nio/fs/WindowsException'{0x00000000c657d0e0}> (0x00000000c657d0e0) 
thrown [s\src\hotspot\share\prims\jni.cpp, line 516]
Event: 102.354 Thread 0x0000023aef80ee80 Exception <a 'sun/nio/fs/WindowsException'{0x00000000c657d620}> (0x00000000c657d620) 
thrown [s\src\hotspot\share\prims\jni.cpp, line 516]
Event: 102.354 Thread 0x0000023aef80ee80 Exception <a 'sun/nio/fs/WindowsException'{0x00000000c657db10}> (0x00000000c657db10) 
thrown [s\src\hotspot\share\prims\jni.cpp, line 516]
Event: 102.518 Thread 0x0000023aef80ee80 Exception <a 'sun/nio/fs/WindowsException'{0x00000000c657dfb8}> (0x00000000c657dfb8) 
thrown [s\src\hotspot\share\prims\jni.cpp, line 516]
Event: 114.335 Thread 0x0000023aef80ee80 Exception <a 'java/lang/NoSuchMethodError'{0x00000000c65ff110}: 'void java.lang.invoke.DirectMethodHandle$Holder.invokeVirtual(java.lang.Object, java.lang.Object)'> (0x00000000c65ff110) 
thrown [s\src\hotspot\share\interpreter\linkResolver.cpp, line 804]
Event: 116.259 Thread 0x0000023aef80ee80 Exception <a 'java/lang/NoSuchMethodError'{0x00000000c6420fb0}: 'void java.lang.invoke.DirectMethodHandle$Holder.invokeStatic(java.lang.Object, java.lang.Object)'> (0x00000000c6420fb0) 
thrown [s\src\hotspot\share\interpreter\linkResolver.cpp, line 804]
Event: 116.271 Thread 0x0000023aef80ee80 Exception <a 'java/lang/NoSuchMethodError'{0x00000000c6428d58}: 'void java.lang.invoke.DirectMethodHandle$Holder.invokeStaticInit(java.lang.Object, java.lang.Object)'> (0x00000000c6428d58) 
thrown [s\src\hotspot\share\interpreter\linkResolver.cpp, line 804]
Event: 119.157 Thread 0x0000023aef80ee80 Exception <a 'java/lang/NoSuchMethodError'{0x00000000c64637a8}: 'void java.lang.invoke.DirectMethodHandle$Holder.invokeSpecial(java.lang.Object, java.lang.Object, java.lang.Object, java.lang.Object, java.lang.Object)'> (0x00000000c64637a8) 
thrown [s\src\hotspot\share\interpreter\linkResolver.cpp, line 804]
Event: 122.819 Thread 0x0000023aef80ee80 Exception <a 'java/lang/NoSuchMethodError'{0x00000000c649f518}: 'void java.lang.invoke.DirectMethodHandle$Holder.invokeStatic(java.lang.Object, java.lang.Object, java.lang.Object)'> (0x00000000c649f518) 
thrown [s\src\hotspot\share\interpreter\linkResolver.cpp, line 804]
Event: 195.718 Thread 0x0000023aef80ee80 Exception <a 'java/lang/NoSuchMethodError'{0x00000000c621d208}: 'java.lang.Object java.lang.invoke.DirectMethodHandle$Holder.invokeSpecialIFC(java.lang.Object, java.lang.Object, java.lang.Object, java.lang.Object)'> (0x00000000c621d208) 
thrown [s\src\hotspot\share\interpreter\linkResolver.cpp, line 804]
Event: 309.418 Thread 0x0000023aef80ee80 Exception <a 'java/lang/NoSuchMethodError'{0x00000000c5d2fd40}: 'void java.lang.invoke.DirectMethodHandle$Holder.invokeSpecial(java.lang.Object, java.lang.Object, java.lang.Object)'> (0x00000000c5d2fd40) 
thrown [s\src\hotspot\share\interpreter\linkResolver.cpp, line 804]
Event: 379.647 Thread 0x0000023aef80ee80 Exception <a 'java/lang/NoSuchMethodError'{0x00000000c5c49d98}: 'java.lang.Object java.lang.invoke.DirectMethodHandle$Holder.invokeInterface(java.lang.Object, java.lang.Object)'> (0x00000000c5c49d98) 
thrown [s\src\hotspot\share\interpreter\linkResolver.cpp, line 804]
Event: 403.312 Thread 0x0000023aef80ee80 Exception <a 'java/lang/NoSuchMethodError'{0x00000000c5cf4b80}: 'int java.lang.invoke.DirectMethodHandle$Holder.invokeStatic(java.lang.Object, java.lang.Object, java.lang.Object, java.lang.Object)'> (0x00000000c5cf4b80) 
thrown [s\src\hotspot\share\interpreter\linkResolver.cpp, line 804]
Event: 444.544 Thread 0x0000023aef80ee80 Exception <a 'java/lang/NoSuchMethodError'{0x00000000c6920810}: 'int java.lang.invoke.DirectMethodHandle$Holder.invokeSpecialIFC(java.lang.Object, java.lang.Object, java.lang.Object, java.lang.Object, java.lang.Object)'> (0x00000000c6920810) 
thrown [s\src\hotspot\share\interpreter\linkResolver.cpp, line 804]
Event: 523.322 Thread 0x0000023aef80ee80 Exception <a 'java/lang/NoSuchMethodError'{0x00000000c6710e20}: 'java.lang.Object java.lang.invoke.DirectMethodHandle$Holder.newInvokeSpecial(java.lang.Object, java.lang.Object, java.lang.Object, java.lang.Object, java.lang.Object)'> (0x00000000c6710e20) 
thrown [s\src\hotspot\share\interpreter\linkResolver.cpp, line 804]
Event: 536.952 Thread 0x0000023aef80ee80 Exception <a 'java/lang/NoSuchMethodError'{0x00000000c692d790}: 'int java.lang.invoke.DirectMethodHandle$Holder.invokeStaticInit(java.lang.Object, java.lang.Object)'> (0x00000000c692d790) 
thrown [s\src\hotspot\share\interpreter\linkResolver.cpp, line 804]
Event: 543.528 Thread 0x0000023aef80ee80 Exception <a 'java/lang/NoClassDefFoundError'{0x00000000c69681b8}: javax/enterprise/inject/Typed> (0x00000000c69681b8) 
thrown [s\src\hotspot\share\classfile\systemDictionary.cpp, line 316]

VM Operations (20 events):
Event: 187.498 Executing non-safepoint VM operation: HandshakeAllThreads (HandshakeForDeflation) done
Event: 187.498 Executing non-safepoint VM operation: RendezvousGCThreads
Event: 187.498 Executing non-safepoint VM operation: RendezvousGCThreads done
Event: 403.518 Executing safepoint VM operation: G1CollectForAllocation (G1 Evacuation Pause)
Event: 421.600 Executing safepoint VM operation: G1CollectForAllocation (G1 Evacuation Pause) done
Event: 472.044 Executing safepoint VM operation: G1CollectForAllocation (G1 Evacuation Pause)
Event: 472.266 Executing safepoint VM operation: G1CollectForAllocation (G1 Evacuation Pause) done
Event: 535.175 Executing safepoint VM operation: G1CollectForAllocation (G1 Evacuation Pause)
Event: 535.390 Executing safepoint VM operation: G1CollectForAllocation (G1 Evacuation Pause) done
Event: 550.107 Executing non-safepoint VM operation: HandshakeAllThreads (HandshakeForDeflation)
Event: 550.261 Executing non-safepoint VM operation: HandshakeAllThreads (HandshakeForDeflation) done
Event: 550.261 Executing non-safepoint VM operation: RendezvousGCThreads
Event: 550.261 Executing non-safepoint VM operation: RendezvousGCThreads done
Event: 581.854 Executing safepoint VM operation: G1CollectForAllocation (G1 Evacuation Pause)
Event: 587.223 Executing safepoint VM operation: G1CollectForAllocation (G1 Evacuation Pause) done
Event: 601.925 Executing safepoint VM operation: G1CollectForAllocation (G1 Evacuation Pause)
Event: 602.135 Executing safepoint VM operation: G1CollectForAllocation (G1 Evacuation Pause) done
Event: 608.671 Executing safepoint VM operation: G1CollectForAllocation (G1 Evacuation Pause)
Event: 608.763 Executing safepoint VM operation: G1CollectForAllocation (G1 Evacuation Pause) done
Event: 612.412 Executing safepoint VM operation: G1CollectForAllocation (G1 Evacuation Pause)

Memory protections (0 events):
No events

Nmethod flushes (0 events):
No events

Events (13 events):
Event: 15.140 Thread 0x0000023aef80ee80 Thread added: 0x0000023aef80ee80
Event: 18.636 Thread 0x0000023aef80ee80 Thread added: 0x0000023afd8b3cb0
Event: 18.636 Thread 0x0000023aef80ee80 Thread added: 0x0000023afd8b4b10
Event: 18.637 Thread 0x0000023aef80ee80 Thread added: 0x0000023afd8b7980
Event: 18.637 Thread 0x0000023aef80ee80 Thread added: 0x0000023afd8b96a0
Event: 18.637 Thread 0x0000023aef80ee80 Thread added: 0x0000023afd8ba260
Event: 18.637 Thread 0x0000023aef80ee80 Thread added: 0x0000023afd8bae20
Event: 18.637 Thread 0x0000023aef80ee80 Thread added: 0x0000023afd8bbd10
Event: 19.658 Thread 0x0000023aef80ee80 Thread added: 0x0000023afd93e4f0
Event: 25.922 Thread 0x0000023aef80ee80 Thread added: 0x0000023afda00b30
Event: 25.926 Thread 0x0000023aef80ee80 Thread added: 0x0000023afda0d760
Event: 98.248 Thread 0x0000023aef80ee80 Thread added: 0x0000023afdc82f10
Event: 224.503 Thread 0x0000023afdc82f10 Thread exited: 0x0000023afdc82f10


Dynamic libraries:
0x00007ff61ab00000 - 0x00007ff61ab0e000 	C:\Program Files\Apache NetBeans\jdk\bin\java.exe
0x00007ffea0ee0000 - 0x00007ffea1147000 	C:\WINDOWS\SYSTEM32\ntdll.dll
0x00007ffe9fee0000 - 0x00007ffe9ffa9000 	C:\WINDOWS\System32\KERNEL32.DLL
0x00007ffe9dbe0000 - 0x00007ffe9dfd4000 	C:\WINDOWS\System32\KERNELBASE.dll
0x00007ffe9e110000 - 0x00007ffe9e25b000 	C:\WINDOWS\System32\ucrtbase.dll
0x00007ffe806e0000 - 0x00007ffe806f6000 	C:\Program Files\Apache NetBeans\jdk\bin\jli.dll
0x00007ffe9ed70000 - 0x00007ffe9ef35000 	C:\WINDOWS\System32\USER32.dll
0x00007ffe9eb90000 - 0x00007ffe9ebb7000 	C:\WINDOWS\System32\win32u.dll
0x00007ffea09d0000 - 0x00007ffea09fb000 	C:\WINDOWS\System32\GDI32.dll
0x00007ffe9dfe0000 - 0x00007ffe9e10a000 	C:\WINDOWS\System32\gdi32full.dll
0x00007ffe9ebc0000 - 0x00007ffe9ec63000 	C:\WINDOWS\System32\msvcp_win.dll
0x00007ffe91b10000 - 0x00007ffe91b2e000 	C:\Program Files\Apache NetBeans\jdk\bin\VCRUNTIME140.dll
0x00007ffe8ba70000 - 0x00007ffe8bd03000 	C:\WINDOWS\WinSxS\amd64_microsoft.windows.common-controls_6595b64144ccf1df_6.0.26100.8115_none_3e075c82e3354f9c\COMCTL32.dll
0x00007ffea0400000 - 0x00007ffea04a9000 	C:\WINDOWS\System32\msvcrt.dll
0x00007ffe9fd40000 - 0x00007ffe9fd72000 	C:\WINDOWS\System32\IMM32.DLL
0x00007ffe8bdb0000 - 0x00007ffe8bdbc000 	C:\Program Files\Apache NetBeans\jdk\bin\vcruntime140_1.dll
0x00007ffe68510000 - 0x00007ffe6859d000 	C:\Program Files\Apache NetBeans\jdk\bin\msvcp140.dll
0x00007ffe2ca00000 - 0x00007ffe2d926000 	C:\Program Files\Apache NetBeans\jdk\bin\server\jvm.dll
0x00007ffea0660000 - 0x00007ffea0716000 	C:\WINDOWS\System32\ADVAPI32.dll
0x00007ffea04b0000 - 0x00007ffea0557000 	C:\WINDOWS\System32\sechost.dll
0x00007ffe9f250000 - 0x00007ffe9f368000 	C:\WINDOWS\System32\RPCRT4.dll
0x00007ffea0940000 - 0x00007ffea09c0000 	C:\WINDOWS\System32\WS2_32.dll
0x00007ffe9d610000 - 0x00007ffe9d66e000 	C:\WINDOWS\SYSTEM32\POWRPROF.dll
0x00007ffe7a540000 - 0x00007ffe7a576000 	C:\WINDOWS\SYSTEM32\WINMM.dll
0x00007ffe8c650000 - 0x00007ffe8c65b000 	C:\WINDOWS\SYSTEM32\VERSION.dll
0x00007ffe9d5f0000 - 0x00007ffe9d604000 	C:\WINDOWS\SYSTEM32\UMPDC.dll
0x00007ffe9c540000 - 0x00007ffe9c55b000 	C:\WINDOWS\SYSTEM32\kernel.appcore.dll
0x00007ffe8bda0000 - 0x00007ffe8bdaa000 	C:\Program Files\Apache NetBeans\jdk\bin\jimage.dll
0x00007ffe9b6f0000 - 0x00007ffe9b932000 	C:\WINDOWS\SYSTEM32\DBGHELP.DLL
0x00007ffe9ffb0000 - 0x00007ffea0332000 	C:\WINDOWS\System32\combase.dll
0x00007ffe9f400000 - 0x00007ffe9f4d7000 	C:\WINDOWS\System32\OLEAUT32.dll
0x00007ffe8c3b0000 - 0x00007ffe8c3eb000 	C:\WINDOWS\SYSTEM32\dbgcore.DLL
0x00007ffe9d9c0000 - 0x00007ffe9da65000 	C:\WINDOWS\System32\bcryptPrimitives.dll
0x00007ffe80700000 - 0x00007ffe8071e000 	C:\Program Files\Apache NetBeans\jdk\bin\java.dll
0x00007ffea0790000 - 0x00007ffea0927000 	C:\WINDOWS\System32\ole32.dll
0x00007ffe9f570000 - 0x00007ffe9fcd6000 	C:\WINDOWS\System32\SHELL32.dll
0x00007ffe9da70000 - 0x00007ffe9dbda000 	C:\WINDOWS\System32\wintypes.dll
0x00007ffe9e260000 - 0x00007ffe9eac5000 	C:\WINDOWS\System32\windows.storage.dll
0x00007ffe9ef40000 - 0x00007ffe9f037000 	C:\WINDOWS\System32\SHCORE.dll
0x00007ffea0720000 - 0x00007ffea0786000 	C:\WINDOWS\System32\shlwapi.dll
0x00007ffe9d6d0000 - 0x00007ffe9d6f9000 	C:\WINDOWS\SYSTEM32\profapi.dll
0x00007ffe76930000 - 0x00007ffe76941000 	C:\Program Files\Apache NetBeans\jdk\bin\net.dll
0x00007ffe9cab0000 - 0x00007ffe9cb1c000 	C:\WINDOWS\system32\mswsock.dll
0x00007ffe685a0000 - 0x00007ffe685b6000 	C:\Program Files\Apache NetBeans\jdk\bin\nio.dll
0x00007ffe76950000 - 0x00007ffe76967000 	C:\Program Files\Apache NetBeans\jdk\bin\zip.dll
0x00007ffe7bf10000 - 0x00007ffe7bf34000 	C:\Program Files\Apache NetBeans\java\maven\lib\jansi-native\Windows\x86_64\jansi.dll
0x00007ffe87100000 - 0x00007ffe87110000 	C:\Program Files\Apache NetBeans\jdk\bin\verify.dll

JVMTI agents: none

dbghelp: loaded successfully - version: 4.0.5 - missing functions: none
symbol engine: initialized successfully - sym options: 0x614 - pdb path: .;C:\Program Files\Apache NetBeans\jdk\bin;C:\WINDOWS\SYSTEM32;C:\WINDOWS\WinSxS\amd64_microsoft.windows.common-controls_6595b64144ccf1df_6.0.26100.8115_none_3e075c82e3354f9c;C:\Program Files\Apache NetBeans\jdk\bin\server;C:\Program Files\Apache NetBeans\java\maven\lib\jansi-native\Windows\x86_64

VM Arguments:
jvm_args: --enable-native-access=ALL-UNNAMED -Dclassworlds.conf=C:\Program Files\Apache NetBeans\java\maven\bin\m2.conf -Dmaven.home=C:\Program Files\Apache NetBeans\java\maven -Dlibrary.jansi.path=C:\Program Files\Apache NetBeans\java\maven\lib\jansi-native -Dmaven.multiModuleProjectDirectory=C:\Users\ASUS\Documents\NetBeansProjects\Lubiproject1 
java_command: org.codehaus.plexus.classworlds.launcher.Launcher -Dmaven.ext.class.path=C:\Program Files\Apache NetBeans\java\maven-nblib\netbeans-eventspy.jar --no-transfer-progress install
java_class_path (initial): C:\Program Files\Apache NetBeans\java\maven\boot\plexus-classworlds-2.9.0.jar
Launcher Type: SUN_STANDARD

[Global flags]
     intx CICompilerCount                          = 2                                         {product} {ergonomic}
     uint ConcGCThreads                            = 1                                         {product} {ergonomic}
     uint G1ConcRefinementThreads                  = 2                                         {product} {ergonomic}
   size_t G1HeapRegionSize                         = 1048576                                   {product} {ergonomic}
   size_t InitialHeapSize                          = 65011712                                  {product} {ergonomic}
   size_t MarkStackSize                            = 4194304                                   {product} {ergonomic}
   size_t MarkStackSizeMax                         = 536870912                                 {product} {ergonomic}
   size_t MaxHeapSize                              = 1027604480                                {product} {ergonomic}
   size_t MaxNewSize                               = 616562688                                 {product} {ergonomic}
   size_t MinHeapDeltaBytes                        = 1048576                                   {product} {ergonomic}
   size_t MinHeapSize                              = 8388608                                   {product} {ergonomic}
    uintx NonNMethodCodeHeapSize                   = 5767168                                {pd product} {ergonomic}
    uintx NonProfiledCodeHeapSize                  = 123011072                              {pd product} {ergonomic}
    uintx ProfiledCodeHeapSize                     = 122880000                              {pd product} {ergonomic}
    uintx ReservedCodeCacheSize                    = 251658240                              {pd product} {ergonomic}
     bool SegmentedCodeCache                       = true                                      {product} {ergonomic}
   size_t SoftMaxHeapSize                          = 1027604480                             {manageable} {ergonomic}
     bool UseCompressedOops                        = true                           {product lp64_product} {ergonomic}
     bool UseG1GC                                  = true                                      {product} {ergonomic}
     bool UseLargePagesIndividualAllocation        = false                                  {pd product} {ergonomic}

Logging:
Log output configuration:
 #0: stdout all=warning uptime,level,tags foldmultilines=false
 #1: stderr all=off uptime,level,tags foldmultilines=false

Release file:
IMPLEMENTOR="Eclipse Adoptium" 
IMPLEMENTOR_VERSION="Temurin-25.0.2+10" 
JAVA_RUNTIME_VERSION="25.0.2+10-LTS" 
JAVA_VERSION="25.0.2" 
JAVA_VERSION_DATE="2026-01-20" 
LIBC="default" 
MODULES="java.base java.compiler java.datatransfer java.xml java.prefs java.desktop java.instrument java.logging java.management java.security.sasl java.naming java.rmi java.management.rmi java.net.http java.scripting java.security.jgss java.transaction.xa java.sql java.sql.rowset java.xml.crypto java.se java.smartcardio jdk.accessibility jdk.internal.jvmstat jdk.attach jdk.charsets jdk.internal.opt jdk.zipfs jdk.compiler jdk.crypto.cryptoki jdk.crypto.ec jdk.crypto.mscapi jdk.dynalink jdk.internal.ed jdk.editpad jdk.internal.vm.ci jdk.graal.compiler jdk.graal.compiler.management jdk.hotspot.agent jdk.httpserver jdk.incubator.vector jdk.internal.le jdk.internal.md jdk.jartool jdk.javadoc jdk.jcmd jdk.management jdk.management.agent jdk.jconsole jdk.jdeps jdk.jdwp.agent jdk.jdi jdk.jfr jdk.jlink jdk.jpackage jdk.jshell jdk.jsobject jdk.jstatd jdk.localedata jdk.management.jfr jdk.naming.dns jdk.naming.rmi jdk.net jdk.nio.mapmode jdk.sctp jdk.security.auth jdk.security.jgss jdk.unsupported jdk.unsupported.desktop jdk.xml.dom" 
OS_ARCH="x86_64" 
OS_NAME="Windows" 
SOURCE=".:git:9e3c947043a4" 
BUILD_SOURCE="git:458965074606f027bd5afce2cfd5c1055dea0438"
BUILD_SOURCE_REPO="https://github.com/adoptium/temurin-build.git"
SOURCE_REPO="https://github.com/adoptium/jdk25u.git"
FULL_VERSION="25.0.2+10-LTS"
SEMANTIC_VERSION="25.0.2+10"
BUILD_INFO="OS: Windows Server 2022 Version: 10.0"
JVM_VARIANT="Hotspot"
JVM_VERSION="25.0.2+10-LTS"
IMAGE_TYPE="JDK"

Environment Variables:
JAVA_HOME=C:\Program Files\Apache NetBeans\jdk
PATH=C:\WINDOWS\system32;C:\WINDOWS;C:\WINDOWS\System32\Wbem;C:\WINDOWS\System32\WindowsPowerShell\v1.0\;C:\WINDOWS\System32\OpenSSH\;C:\Program Files\Git\cmd;C:\Users\ASUS\AppData\Local\Microsoft\WindowsApps;;C:\Program Files\Apache NetBeans\bin\
USERNAME=ASUS
OS=Windows_NT
PROCESSOR_IDENTIFIER=Intel64 Family 6 Model 122 Stepping 1, GenuineIntel
TMP=C:\Users\ASUS\AppData\Local\Temp
TEMP=C:\Users\ASUS\AppData\Local\Temp




Compilation memory statistics disabled.

Periodic native trim disabled

---------------  S Y S T E M  ---------------

OS:
 Windows 11 , 64 bit Build 26100 (10.0.26100.8115)
OS uptime: 0 days 4:31 hours

CPU: total 2 (initial active 2) (2 cores per cpu, 1 threads per core) family 6 model 122 stepping 1 microcode 0x34, cx8, cmov, fxsr, mmx, 3dnowpref, sse, sse2, sse3, ssse3, sse4.1, sse4.2, popcnt, tsc, tscinvbit, aes, erms, clmul, sha, clflush, clflushopt, rdtscp, rdpid
Processor Information for the first 2 processors :
  Max Mhz: 1101, Current Mhz: 1101, Mhz Limit: 1101

Memory: 4k page, system-wide physical 3919M (212M free)
TotalPageFile size 15695M (AvailPageFile size 9M)
current process WorkingSet (physical memory assigned to process): 29M, peak: 31M
current process commit charge ("private bytes"): 143M, peak: 168M

vm_info: OpenJDK 64-Bit Server VM (25.0.2+10-LTS) for windows-amd64 JRE (25.0.2+10-LTS), built on 2026-01-20T00:00:00Z with MS VC++ 17.12 (VS2022)

END.
