#
# There is insufficient memory for the Java Runtime Environment to continue.
# Native memory allocation (malloc) failed to allocate 32752 bytes. Error detail: Chunk::new
# Possible reasons:
#   The system is out of physical RAM or swap space
#   This process is running with CompressedOops enabled, and the Java Heap may be blocking the growth of the native heap
# Possible solutions:
#   Reduce memory load on the system
#   Increase physical memory or swap space
#   Check if swap backing store is full
#   Decrease Java heap size (-Xmx/-Xms)
#   Decrease number of Java threads
#   Decrease Java thread stack sizes (-Xss)
#   Set larger code cache with -XX:ReservedCodeCacheSize=
#   JVM is running with Unscaled Compressed Oops mode in which the Java heap is
#     placed in the first 4GB address space. The Java Heap base address is the
#     maximum limit for the native heap growth. Please use -XX:HeapBaseMinAddress
#     to set the Java Heap base and to place the Java Heap above 4GB virtual address.
# This output file may be truncated or incomplete.
#
#  Out of Memory Error (arena.cpp:186), pid=9568, tid=20008
#
# JRE version: OpenJDK Runtime Environment Temurin-25.0.2+10 (25.0.2+10) (build 25.0.2+10-LTS)
# Java VM: OpenJDK 64-Bit Server VM Temurin-25.0.2+10 (25.0.2+10-LTS, mixed mode, sharing, tiered, compressed oops, compressed class ptrs, g1 gc, windows-amd64)
# No core dump will be written. Minidumps are not enabled by default on client versions of Windows
#

---------------  S U M M A R Y ------------

Command Line: --enable-native-access=ALL-UNNAMED -Dclassworlds.conf=C:\Program Files\Apache NetBeans\java\maven\bin\m2.conf -Dmaven.home=C:\Program Files\Apache NetBeans\java\maven -Dlibrary.jansi.path=C:\Program Files\Apache NetBeans\java\maven\lib\jansi-native -Dmaven.multiModuleProjectDirectory=C:\Users\ASUS\Documents\NetBeansProjects\Lubiproject1 org.codehaus.plexus.classworlds.launcher.Launcher -Dmaven.ext.class.path=C:\Program Files\Apache NetBeans\java\maven-nblib\netbeans-eventspy.jar --no-transfer-progress install

Host: Intel(R) Celeron(R) N4000 CPU @ 1.10GHz, 2 cores, 3G,  Windows 11 , 64 bit Build 26100 (10.0.26100.8115)
Time: Fri Apr  3 17:07:51 2026 SE Asia Standard Time elapsed time: 171.725651 seconds (0d 0h 2m 51s)

---------------  T H R E A D  ---------------

Current thread (0x000001f8f2ddbe70):  JavaThread "C1 CompilerThread0" daemon [_thread_in_native, id=20008, stack(0x000000df00800000,0x000000df00900000) (1024K)]


Current CompileTask:
C1:171725  831       3       jdk.internal.ref.PhantomCleanable::<init> (90 bytes)

Stack: [0x000000df00800000,0x000000df00900000]
Native frames: (J=compiled Java code, j=interpreted, Vv=VM code, C=native code)
V  [jvm.dll+0x7a8bc9]  (no source info available)
V  [jvm.dll+0x77310d]  (no source info available)
V  [jvm.dll+0x9f55f3]  (no source info available)
V  [jvm.dll+0x9f7be1]  (no source info available)
V  [jvm.dll+0x9f82f3]  (no source info available)
V  [jvm.dll+0x2fce26]  (no source info available)
V  [jvm.dll+0x111076]  (no source info available)
V  [jvm.dll+0x11139e]  (no source info available)
V  [jvm.dll+0x1c18d4]  (no source info available)
V  [jvm.dll+0x1cdc86]  (no source info available)
V  [jvm.dll+0x1d0d19]  (no source info available)
V  [jvm.dll+0x1d0700]  (no source info available)
V  [jvm.dll+0x1c81eb]  (no source info available)
V  [jvm.dll+0x1ca438]  (no source info available)
V  [jvm.dll+0x1c8a7a]  (no source info available)
V  [jvm.dll+0x1c21f7]  (no source info available)
V  [jvm.dll+0x1d2393]  (no source info available)
V  [jvm.dll+0x1bd8f1]  (no source info available)
V  [jvm.dll+0x1bdcf3]  (no source info available)
V  [jvm.dll+0x1be070]  (no source info available)
V  [jvm.dll+0x1bd3b1]  (no source info available)
V  [jvm.dll+0x1bf1fd]  (no source info available)
V  [jvm.dll+0x2cf4c6]  (no source info available)
V  [jvm.dll+0x2cd74a]  (no source info available)
V  [jvm.dll+0x48fbee]  (no source info available)
V  [jvm.dll+0x996b0d]  (no source info available)
V  [jvm.dll+0x7a71a5]  (no source info available)
C  [ucrtbase.dll+0x37b0]  (no source info available)
C  [KERNEL32.DLL+0x2e8d7]  (no source info available)
C  [ntdll.dll+0x8c3fc]  (no source info available)

Lock stack of current Java thread (top to bottom):


---------------  P R O C E S S  ---------------

Threads class SMR info:
_java_thread_list=0x000001f8f7aaa440, length=11, elements={
0x000001f8d801f7d0, 0x000001f8f2da2830, 0x000001f8f2da44e0, 0x000001f8f2da81a0,
0x000001f8f2da9ec0, 0x000001f8f2daaa80, 0x000001f8f2dab640, 0x000001f8f2dac530,
0x000001f8f2ddbe70, 0x000001f8f2e6e870, 0x000001f8f2e794b0
}

Java Threads: ( => current thread )
  0x000001f8d801f7d0 JavaThread "main"                              [_thread_in_native, id=18660, stack(0x000000df7f900000,0x000000df7fa00000) (1024K)]
  0x000001f8f2da2830 JavaThread "Reference Handler"          daemon [_thread_blocked, id=17516, stack(0x000000df00100000,0x000000df00200000) (1024K)]
  0x000001f8f2da44e0 JavaThread "Finalizer"                  daemon [_thread_blocked, id=16812, stack(0x000000df00200000,0x000000df00300000) (1024K)]
  0x000001f8f2da81a0 JavaThread "Signal Dispatcher"          daemon [_thread_blocked, id=17944, stack(0x000000df00300000,0x000000df00400000) (1024K)]
  0x000001f8f2da9ec0 JavaThread "Attach Listener"            daemon [_thread_blocked, id=18992, stack(0x000000df00400000,0x000000df00500000) (1024K)]
  0x000001f8f2daaa80 JavaThread "Service Thread"             daemon [_thread_blocked, id=19632, stack(0x000000df00500000,0x000000df00600000) (1024K)]
  0x000001f8f2dab640 JavaThread "Monitor Deflation Thread"   daemon [_thread_blocked, id=17948, stack(0x000000df00600000,0x000000df00700000) (1024K)]
  0x000001f8f2dac530 JavaThread "C2 CompilerThread0"         daemon [_thread_in_native, id=18860, stack(0x000000df00700000,0x000000df00800000) (1024K)]
=>0x000001f8f2ddbe70 JavaThread "C1 CompilerThread0"         daemon [_thread_in_native, id=20008, stack(0x000000df00800000,0x000000df00900000) (1024K)]
  0x000001f8f2e6e870 JavaThread "Notification Thread"        daemon [_thread_blocked, id=18632, stack(0x000000df00900000,0x000000df00a00000) (1024K)]
  0x000001f8f2e794b0 JavaThread "Common-Cleaner"             daemon [_thread_blocked, id=12792, stack(0x000000df00a00000,0x000000df00b00000) (1024K)]
Total: 11

Other Threads:
  0x000001f8d80de790 VMThread "VM Thread"                           [id=17440, stack(0x000000df00000000,0x000000df00100000) (1024K)]
  0x000001f8f2d8b0c0 WatcherThread "VM Periodic Task Thread"        [id=17784, stack(0x000000df7ff00000,0x000000df80000000) (1024K)]
  0x000001f8d80552d0 WorkerThread "GC Thread#0"                     [id=18776, stack(0x000000df7fa00000,0x000000df7fb00000) (1024K)]
  0x000001f8d8061b60 ConcurrentGCThread "G1 Main Marker"            [id=18708, stack(0x000000df7fb00000,0x000000df7fc00000) (1024K)]
  0x000001f8d8062700 WorkerThread "G1 Conc#0"                       [id=6988, stack(0x000000df7fc00000,0x000000df7fd00000) (1024K)]
  0x000001f8d807b8c0 ConcurrentGCThread "G1 Refine#0"               [id=19652, stack(0x000000df7fd00000,0x000000df7fe00000) (1024K)]
  0x000001f8d807c4d0 ConcurrentGCThread "G1 Service"                [id=18224, stack(0x000000df7fe00000,0x000000df7ff00000) (1024K)]
Total: 7

Threads with active compile tasks:
C2 CompilerThread0  184219  829       4       java.util.jar.JarFile::getEntry (35 bytes)
C1 CompilerThread0  184219  831       3       jdk.internal.ref.PhantomCleanable::<init> (90 bytes)
Total: 2

VM state: not at safepoint (normal execution)

VM Mutex/Monitor currently owned by a thread: None

Heap address: 0x00000000c2c00000, size: 980 MB, Compressed Oops mode: 32-bit

CDS archive(s) mapped at: [0x0000000026000000-0x0000000026dd0000-0x0000000026dd0000), size 14483456, SharedBaseAddress: 0x0000000026000000, ArchiveRelocationMode: 1.
Compressed class space mapped at: 0x0000000027000000-0x0000000067000000, reserved size: 1073741824
UseCompressedClassPointers 1, UseCompactObjectHeaders 0
Narrow klass pointer bits 32, Max shift 3
Narrow klass base: 0x0000000026000000, Narrow klass shift: 0
Encoding Range: [0x0000000026000000 - 0x0000000126000000), (4294967296 bytes)
Klass Range:    [0x0000000026010000 - 0x0000000067000000), (1090453504 bytes)
Klass ID Range:  [65536 - 1090519033) (1090453497)
Protection zone: [0x0000000026000000 - 0x0000000026010000), (65536 bytes)

GC Precious Log:
 CardTable entry size: 512
 Card Set container configuration: InlinePtr #cards 5 size 8 Array Of Cards #cards 10 size 36 Howl #buckets 4 coarsen threshold 1843 Howl Bitmap #cards 512 size 80 coarsen threshold 460 Card regions per heap region 1 cards per card region 2048
 CPUs: 2 total, 2 available
 Memory: 3919M
 Large Page Support: Disabled
 NUMA Support: Disabled
 Compressed Oops: Enabled (32-bit)
 Heap Region Size: 1M
 Heap Min Capacity: 8M
 Heap Initial Capacity: 62M
 Heap Max Capacity: 980M
 Pre-touch: Disabled
 Parallel Workers: 2
 Concurrent Workers: 1
 Concurrent Refinement Workers: 2
 Periodic GC: Disabled

Heap:
 garbage-first heap   total reserved 1003520K, committed 65536K, used 9363K [0x00000000c2c00000, 0x0000000100000000)
  region size 1024K, 10 young (10240K), 0 survivors (0K)

Heap Regions: E=young(eden), S=young(survivor), O=old, HS=humongous(starts), HC=humongous(continues), CS=collection set, F=free, TAMS=top-at-mark-start, PB=parsable bottom
|   0|0x00000000c2c00000, 0x00000000c2c00000, 0x00000000c2d00000|  0%| F|  |TAMS 0x00000000c2c00000| PB 0x00000000c2c00000| Untracked |  0
|   1|0x00000000c2d00000, 0x00000000c2d00000, 0x00000000c2e00000|  0%| F|  |TAMS 0x00000000c2d00000| PB 0x00000000c2d00000| Untracked |  0
|   2|0x00000000c2e00000, 0x00000000c2e00000, 0x00000000c2f00000|  0%| F|  |TAMS 0x00000000c2e00000| PB 0x00000000c2e00000| Untracked |  0
|   3|0x00000000c2f00000, 0x00000000c2f00000, 0x00000000c3000000|  0%| F|  |TAMS 0x00000000c2f00000| PB 0x00000000c2f00000| Untracked |  0
|   4|0x00000000c3000000, 0x00000000c3000000, 0x00000000c3100000|  0%| F|  |TAMS 0x00000000c3000000| PB 0x00000000c3000000| Untracked |  0
|   5|0x00000000c3100000, 0x00000000c3100000, 0x00000000c3200000|  0%| F|  |TAMS 0x00000000c3100000| PB 0x00000000c3100000| Untracked |  0
|   6|0x00000000c3200000, 0x00000000c3200000, 0x00000000c3300000|  0%| F|  |TAMS 0x00000000c3200000| PB 0x00000000c3200000| Untracked |  0
|   7|0x00000000c3300000, 0x00000000c3300000, 0x00000000c3400000|  0%| F|  |TAMS 0x00000000c3300000| PB 0x00000000c3300000| Untracked |  0
|   8|0x00000000c3400000, 0x00000000c3400000, 0x00000000c3500000|  0%| F|  |TAMS 0x00000000c3400000| PB 0x00000000c3400000| Untracked |  0
|   9|0x00000000c3500000, 0x00000000c3500000, 0x00000000c3600000|  0%| F|  |TAMS 0x00000000c3500000| PB 0x00000000c3500000| Untracked |  0
|  10|0x00000000c3600000, 0x00000000c3600000, 0x00000000c3700000|  0%| F|  |TAMS 0x00000000c3600000| PB 0x00000000c3600000| Untracked |  0
|  11|0x00000000c3700000, 0x00000000c3700000, 0x00000000c3800000|  0%| F|  |TAMS 0x00000000c3700000| PB 0x00000000c3700000| Untracked |  0
|  12|0x00000000c3800000, 0x00000000c3800000, 0x00000000c3900000|  0%| F|  |TAMS 0x00000000c3800000| PB 0x00000000c3800000| Untracked |  0
|  13|0x00000000c3900000, 0x00000000c3900000, 0x00000000c3a00000|  0%| F|  |TAMS 0x00000000c3900000| PB 0x00000000c3900000| Untracked |  0
|  14|0x00000000c3a00000, 0x00000000c3a00000, 0x00000000c3b00000|  0%| F|  |TAMS 0x00000000c3a00000| PB 0x00000000c3a00000| Untracked |  0
|  15|0x00000000c3b00000, 0x00000000c3b00000, 0x00000000c3c00000|  0%| F|  |TAMS 0x00000000c3b00000| PB 0x00000000c3b00000| Untracked |  0
|  16|0x00000000c3c00000, 0x00000000c3c00000, 0x00000000c3d00000|  0%| F|  |TAMS 0x00000000c3c00000| PB 0x00000000c3c00000| Untracked |  0
|  17|0x00000000c3d00000, 0x00000000c3d00000, 0x00000000c3e00000|  0%| F|  |TAMS 0x00000000c3d00000| PB 0x00000000c3d00000| Untracked |  0
|  18|0x00000000c3e00000, 0x00000000c3e00000, 0x00000000c3f00000|  0%| F|  |TAMS 0x00000000c3e00000| PB 0x00000000c3e00000| Untracked |  0
|  19|0x00000000c3f00000, 0x00000000c3f00000, 0x00000000c4000000|  0%| F|  |TAMS 0x00000000c3f00000| PB 0x00000000c3f00000| Untracked |  0
|  20|0x00000000c4000000, 0x00000000c4000000, 0x00000000c4100000|  0%| F|  |TAMS 0x00000000c4000000| PB 0x00000000c4000000| Untracked |  0
|  21|0x00000000c4100000, 0x00000000c4100000, 0x00000000c4200000|  0%| F|  |TAMS 0x00000000c4100000| PB 0x00000000c4100000| Untracked |  0
|  22|0x00000000c4200000, 0x00000000c4200000, 0x00000000c4300000|  0%| F|  |TAMS 0x00000000c4200000| PB 0x00000000c4200000| Untracked |  0
|  23|0x00000000c4300000, 0x00000000c4300000, 0x00000000c4400000|  0%| F|  |TAMS 0x00000000c4300000| PB 0x00000000c4300000| Untracked |  0
|  24|0x00000000c4400000, 0x00000000c4400000, 0x00000000c4500000|  0%| F|  |TAMS 0x00000000c4400000| PB 0x00000000c4400000| Untracked |  0
|  25|0x00000000c4500000, 0x00000000c4500000, 0x00000000c4600000|  0%| F|  |TAMS 0x00000000c4500000| PB 0x00000000c4500000| Untracked |  0
|  26|0x00000000c4600000, 0x00000000c4600000, 0x00000000c4700000|  0%| F|  |TAMS 0x00000000c4600000| PB 0x00000000c4600000| Untracked |  0
|  27|0x00000000c4700000, 0x00000000c4700000, 0x00000000c4800000|  0%| F|  |TAMS 0x00000000c4700000| PB 0x00000000c4700000| Untracked |  0
|  28|0x00000000c4800000, 0x00000000c4800000, 0x00000000c4900000|  0%| F|  |TAMS 0x00000000c4800000| PB 0x00000000c4800000| Untracked |  0
|  29|0x00000000c4900000, 0x00000000c4900000, 0x00000000c4a00000|  0%| F|  |TAMS 0x00000000c4900000| PB 0x00000000c4900000| Untracked |  0
|  30|0x00000000c4a00000, 0x00000000c4a00000, 0x00000000c4b00000|  0%| F|  |TAMS 0x00000000c4a00000| PB 0x00000000c4a00000| Untracked |  0
|  31|0x00000000c4b00000, 0x00000000c4b00000, 0x00000000c4c00000|  0%| F|  |TAMS 0x00000000c4b00000| PB 0x00000000c4b00000| Untracked |  0
|  32|0x00000000c4c00000, 0x00000000c4c00000, 0x00000000c4d00000|  0%| F|  |TAMS 0x00000000c4c00000| PB 0x00000000c4c00000| Untracked |  0
|  33|0x00000000c4d00000, 0x00000000c4d00000, 0x00000000c4e00000|  0%| F|  |TAMS 0x00000000c4d00000| PB 0x00000000c4d00000| Untracked |  0
|  34|0x00000000c4e00000, 0x00000000c4e00000, 0x00000000c4f00000|  0%| F|  |TAMS 0x00000000c4e00000| PB 0x00000000c4e00000| Untracked |  0
|  35|0x00000000c4f00000, 0x00000000c4f00000, 0x00000000c5000000|  0%| F|  |TAMS 0x00000000c4f00000| PB 0x00000000c4f00000| Untracked |  0
|  36|0x00000000c5000000, 0x00000000c5000000, 0x00000000c5100000|  0%| F|  |TAMS 0x00000000c5000000| PB 0x00000000c5000000| Untracked |  0
|  37|0x00000000c5100000, 0x00000000c5100000, 0x00000000c5200000|  0%| F|  |TAMS 0x00000000c5100000| PB 0x00000000c5100000| Untracked |  0
|  38|0x00000000c5200000, 0x00000000c5200000, 0x00000000c5300000|  0%| F|  |TAMS 0x00000000c5200000| PB 0x00000000c5200000| Untracked |  0
|  39|0x00000000c5300000, 0x00000000c5300000, 0x00000000c5400000|  0%| F|  |TAMS 0x00000000c5300000| PB 0x00000000c5300000| Untracked |  0
|  40|0x00000000c5400000, 0x00000000c5400000, 0x00000000c5500000|  0%| F|  |TAMS 0x00000000c5400000| PB 0x00000000c5400000| Untracked |  0
|  41|0x00000000c5500000, 0x00000000c5500000, 0x00000000c5600000|  0%| F|  |TAMS 0x00000000c5500000| PB 0x00000000c5500000| Untracked |  0
|  42|0x00000000c5600000, 0x00000000c5600000, 0x00000000c5700000|  0%| F|  |TAMS 0x00000000c5600000| PB 0x00000000c5600000| Untracked |  0
|  43|0x00000000c5700000, 0x00000000c5700000, 0x00000000c5800000|  0%| F|  |TAMS 0x00000000c5700000| PB 0x00000000c5700000| Untracked |  0
|  44|0x00000000c5800000, 0x00000000c5800000, 0x00000000c5900000|  0%| F|  |TAMS 0x00000000c5800000| PB 0x00000000c5800000| Untracked |  0
|  45|0x00000000c5900000, 0x00000000c5900000, 0x00000000c5a00000|  0%| F|  |TAMS 0x00000000c5900000| PB 0x00000000c5900000| Untracked |  0
|  46|0x00000000c5a00000, 0x00000000c5a00000, 0x00000000c5b00000|  0%| F|  |TAMS 0x00000000c5a00000| PB 0x00000000c5a00000| Untracked |  0
|  47|0x00000000c5b00000, 0x00000000c5b00000, 0x00000000c5c00000|  0%| F|  |TAMS 0x00000000c5b00000| PB 0x00000000c5b00000| Untracked |  0
|  48|0x00000000c5c00000, 0x00000000c5c00000, 0x00000000c5d00000|  0%| F|  |TAMS 0x00000000c5c00000| PB 0x00000000c5c00000| Untracked |  0
|  49|0x00000000c5d00000, 0x00000000c5d00000, 0x00000000c5e00000|  0%| F|  |TAMS 0x00000000c5d00000| PB 0x00000000c5d00000| Untracked |  0
|  50|0x00000000c5e00000, 0x00000000c5e00000, 0x00000000c5f00000|  0%| F|  |TAMS 0x00000000c5e00000| PB 0x00000000c5e00000| Untracked |  0
|  51|0x00000000c5f00000, 0x00000000c5f00000, 0x00000000c6000000|  0%| F|  |TAMS 0x00000000c5f00000| PB 0x00000000c5f00000| Untracked |  0
|  52|0x00000000c6000000, 0x00000000c6100000, 0x00000000c6100000|100%| E|  |TAMS 0x00000000c6000000| PB 0x00000000c6000000| Complete |  0
|  53|0x00000000c6100000, 0x00000000c6200000, 0x00000000c6200000|100%| E|CS|TAMS 0x00000000c6100000| PB 0x00000000c6100000| Complete |  0
|  54|0x00000000c6200000, 0x00000000c6300000, 0x00000000c6300000|100%| E|CS|TAMS 0x00000000c6200000| PB 0x00000000c6200000| Complete |  0
|  55|0x00000000c6300000, 0x00000000c6400000, 0x00000000c6400000|100%| E|CS|TAMS 0x00000000c6300000| PB 0x00000000c6300000| Complete |  0
|  56|0x00000000c6400000, 0x00000000c6500000, 0x00000000c6500000|100%| E|CS|TAMS 0x00000000c6400000| PB 0x00000000c6400000| Complete |  0
|  57|0x00000000c6500000, 0x00000000c6600000, 0x00000000c6600000|100%| E|CS|TAMS 0x00000000c6500000| PB 0x00000000c6500000| Complete |  0
|  58|0x00000000c6600000, 0x00000000c6700000, 0x00000000c6700000|100%| E|CS|TAMS 0x00000000c6600000| PB 0x00000000c6600000| Complete |  0
|  59|0x00000000c6700000, 0x00000000c6800000, 0x00000000c6800000|100%| E|CS|TAMS 0x00000000c6700000| PB 0x00000000c6700000| Complete |  0
|  60|0x00000000c6800000, 0x00000000c6900000, 0x00000000c6900000|100%| E|  |TAMS 0x00000000c6800000| PB 0x00000000c6800000| Complete |  0
|  61|0x00000000c6900000, 0x00000000c6a00000, 0x00000000c6a00000|100%| E|CS|TAMS 0x00000000c6900000| PB 0x00000000c6900000| Complete |  0
| 978|0x00000000ffe00000, 0x00000000fff00000, 0x00000000fff00000|100%| O|  |TAMS 0x00000000ffe00000| PB 0x00000000ffe00000| Untracked |  0
| 979|0x00000000fff00000, 0x00000000fff24ea8, 0x0000000100000000| 14%| O|  |TAMS 0x00000000fff00000| PB 0x00000000fff00000| Untracked |  0

Card table byte_map: [0x000001f8d7de0000,0x000001f8d7fd0000] _byte_map_base: 0x000001f8d77ca000

Marking Bits: (CMBitMap*) 0x000001f8d8055a60
 Bits: [0x000001f8efb10000, 0x000001f8f0a60000)

Polling page: 0x000001f8d5ef0000

Metaspace:
Metaspace        used 2842K, committed 3008K, reserved 1114112K
 class space     used 291K, committed 384K, reserved 1048576K

Usage:
  Non-class:      2.49 MB used.
      Class:    291.45 KB used.
       Both:      2.78 MB used.

Virtual space:
  Non-class space:       64.00 MB reserved,       2.56 MB (  4%) committed,  1 nodes.
      Class space:        1.00 GB reserved,     384.00 KB ( <1%) committed,  1 nodes.
             Both:        1.06 GB reserved,       2.94 MB ( <1%) committed. 

Chunk freelists:
   Non-Class:  10.81 MB
       Class:  15.55 MB
        Both:  26.36 MB

MaxMetaspaceSize: unlimited
CompressedClassSpaceSize: 1.00 GB
Initial GC threshold: 21.00 MB
Current GC threshold: 21.00 MB
CDS: on
 - commit_granule_bytes: 65536.
 - commit_granule_words: 8192.
 - virtual_space_node_default_size: 8388608.
 - enlarge_chunks_in_place: 1.
UseCompressedClassPointers 1, UseCompactObjectHeaders 0
Narrow klass pointer bits 32, Max shift 3
Narrow klass base: 0x0000000026000000, Narrow klass shift: 0
Encoding Range: [0x0000000026000000 - 0x0000000126000000), (4294967296 bytes)
Klass Range:    [0x0000000026010000 - 0x0000000067000000), (1090453504 bytes)
Klass ID Range:  [65536 - 1090519033) (1090453497)
Protection zone: [0x0000000026000000 - 0x0000000026010000), (65536 bytes)


Internal statistics:

num_allocs_failed_limit: 0.
num_arena_births: 38.
num_arena_deaths: 0.
num_vsnodes_births: 2.
num_vsnodes_deaths: 0.
num_space_committed: 47.
num_space_uncommitted: 0.
num_chunks_returned_to_freelist: 0.
num_chunks_taken_from_freelist: 115.
num_chunk_merges: 0.
num_chunk_splits: 68.
num_chunks_enlarged: 53.
num_inconsistent_stats: 0.

CodeHeap 'non-profiled nmethods': size=120128Kb used=224Kb max_used=224Kb free=119903Kb
 bounds [0x000001f8e85c0000, 0x000001f8e8830000, 0x000001f8efb10000]
CodeHeap 'profiled nmethods': size=120000Kb used=1104Kb max_used=1104Kb free=118895Kb
 bounds [0x000001f8e0b10000, 0x000001f8e0d80000, 0x000001f8e8040000]
CodeHeap 'non-nmethods': size=5632Kb used=1317Kb max_used=1324Kb free=4314Kb
 bounds [0x000001f8e8040000, 0x000001f8e82b0000, 0x000001f8e85c0000]
CodeCache: size=245760Kb, used=2645Kb, max_used=2652Kb, free=243112Kb
 total_blobs=1276, nmethods=826, adapters=355, full_count=0
Compilation: enabled, stopped_count=0, restarted_count=0

Compilation events (20 events):
Event: 165.511 Thread 0x000001f8f2ddbe70  820       3       java.util.zip.ZipFile$ZipFileInflaterInputStream::fill (80 bytes)
Event: 165.512 Thread 0x000001f8f2ddbe70 nmethod 820 0x000001f8e0c21608 code [0x000001f8e0c21700, 0x000001f8e0c21ad8]
Event: 165.539 Thread 0x000001f8f2ddbe70  821   !   3       java.util.zip.ZipFile$ZipFileInputStream::read (135 bytes)
Event: 165.540 Thread 0x000001f8f2ddbe70 nmethod 821 0x000001f8e0c21b08 code [0x000001f8e0c21c00, 0x000001f8e0c22350]
Event: 165.799 Thread 0x000001f8f2ddbe70  822       3       java.util.zip.ZipUtils::LOCNAM (7 bytes)
Event: 165.799 Thread 0x000001f8f2ddbe70 nmethod 822 0x000001f8e0c22388 code [0x000001f8e0c22480, 0x000001f8e0c22598]
Event: 165.816 Thread 0x000001f8f2ddbe70  823       3       java.util.zip.ZipUtils::LOCEXT (7 bytes)
Event: 165.816 Thread 0x000001f8f2ddbe70 nmethod 823 0x000001f8e0c22688 code [0x000001f8e0c22780, 0x000001f8e0c22898]
Event: 165.827 Thread 0x000001f8f2ddbe70  824   !   3       java.util.zip.ZipFile$ZipFileInflaterInputStream::close (67 bytes)
Event: 165.828 Thread 0x000001f8f2ddbe70 nmethod 824 0x000001f8e0c22988 code [0x000001f8e0c22a80, 0x000001f8e0c23440]
Event: 165.832 Thread 0x000001f8f2ddbe70  825       3       java.util.ArrayDeque::add (7 bytes)
Event: 165.832 Thread 0x000001f8f2ddbe70 nmethod 825 0x000001f8e0c23488 code [0x000001f8e0c23580, 0x000001f8e0c236d8]
Event: 166.066 Thread 0x000001f8f2ddbe70  826       3       java.util.zip.ZipFile$InflaterCleanupAction::run (12 bytes)
Event: 166.067 Thread 0x000001f8f2ddbe70 nmethod 826 0x000001f8e0c23788 code [0x000001f8e0c23880, 0x000001f8e0c239e0]
Event: 166.105 Thread 0x000001f8f2ddbe70  827   !   3       java.util.zip.Inflater::reset (64 bytes)
Event: 166.106 Thread 0x000001f8f2ddbe70 nmethod 827 0x000001f8e0c23a88 code [0x000001f8e0c23b80, 0x000001f8e0c23f88]
Event: 166.275 Thread 0x000001f8f2ddbe70  828       3       sun.net.www.protocol.file.Handler::parseURL (18 bytes)
Event: 166.276 Thread 0x000001f8f2ddbe70 nmethod 828 0x000001f8e0c24008 code [0x000001f8e0c24100, 0x000001f8e0c24338]
Event: 168.034 Thread 0x000001f8f2dac530  829       4       java.util.jar.JarFile::getEntry (35 bytes)
Event: 168.107 Thread 0x000001f8f2ddbe70  831       3       jdk.internal.ref.PhantomCleanable::<init> (90 bytes)

GC Heap Usage History (0 events):
No events

Metaspace Usage History (0 events):
No events

Dll operation events (7 events):
Event: 7.685 Loaded shared library C:\Program Files\Apache NetBeans\jdk\bin\java.dll
Event: 20.649 Loaded shared library C:\Program Files\Apache NetBeans\jdk\bin\net.dll
Event: 20.872 Loaded shared library C:\Program Files\Apache NetBeans\jdk\bin\nio.dll
Event: 20.931 Loaded shared library C:\Program Files\Apache NetBeans\jdk\bin\zip.dll
Event: 85.597 Loaded shared library C:\Program Files\Apache NetBeans\java\maven\lib\jansi-native\Windows\x86_64\jansi.dll
Event: 89.614 Loaded shared library C:\Program Files\Apache NetBeans\jdk\bin\jimage.dll
Event: 91.014 Loaded shared library C:\Program Files\Apache NetBeans\jdk\bin\verify.dll

Deoptimization events (20 events):
Event: 144.880 Thread 0x000001f8d801f7d0 Uncommon trap: trap_request=0xffffff45 fr.pc=0x000001f8e85cf2f4 relative=0x0000000000000074
Event: 144.880 Thread 0x000001f8d801f7d0 Uncommon trap: reason=unstable_if action=reinterpret pc=0x000001f8e85cf2f4 method=jdk.internal.misc.Unsafe.convEndian(ZI)I @ 4 c2
Event: 144.880 Thread 0x000001f8d801f7d0 DEOPT PACKING pc=0x000001f8e85cf2f4 sp=0x000000df7f9fdda0
Event: 144.880 Thread 0x000001f8d801f7d0 DEOPT UNPACKING pc=0x000001f8e80c857c sp=0x000000df7f9fdcd0 mode 2
Event: 159.401 Thread 0x000001f8d801f7d0 Uncommon trap: trap_request=0xffffff45 fr.pc=0x000001f8e85f7b64 relative=0x0000000000000364
Event: 159.401 Thread 0x000001f8d801f7d0 Uncommon trap: reason=unstable_if action=reinterpret pc=0x000001f8e85f7b64 method=sun.util.locale.BaseLocale.hashCode()I @ 159 c2
Event: 159.401 Thread 0x000001f8d801f7d0 DEOPT PACKING pc=0x000001f8e85f7b64 sp=0x000000df7f9fd890
Event: 159.402 Thread 0x000001f8d801f7d0 DEOPT UNPACKING pc=0x000001f8e80c857c sp=0x000000df7f9fd820 mode 2
Event: 162.319 Thread 0x000001f8d801f7d0 Uncommon trap: trap_request=0xffffff45 fr.pc=0x000001f8e85cd928 relative=0x00000000000001a8
Event: 162.319 Thread 0x000001f8d801f7d0 Uncommon trap: reason=unstable_if action=reinterpret pc=0x000001f8e85cd928 method=java.lang.AbstractStringBuilder.needsNewBuffer([BBIB)Z @ 8 c2
Event: 162.319 Thread 0x000001f8d801f7d0 DEOPT PACKING pc=0x000001f8e85cd928 sp=0x000000df7f9fe360
Event: 162.319 Thread 0x000001f8d801f7d0 DEOPT UNPACKING pc=0x000001f8e80c857c sp=0x000000df7f9fe208 mode 2
Event: 162.319 Thread 0x000001f8d801f7d0 Uncommon trap: trap_request=0xffffff45 fr.pc=0x000001f8e85cddd4 relative=0x00000000000001d4
Event: 162.319 Thread 0x000001f8d801f7d0 Uncommon trap: reason=unstable_if action=reinterpret pc=0x000001f8e85cddd4 method=java.lang.AbstractStringBuilder.isLatin1(B)Z @ 7 c2
Event: 162.319 Thread 0x000001f8d801f7d0 DEOPT PACKING pc=0x000001f8e85cddd4 sp=0x000000df7f9fe370
Event: 162.319 Thread 0x000001f8d801f7d0 DEOPT UNPACKING pc=0x000001f8e80c857c sp=0x000000df7f9fe2b0 mode 2
Event: 162.701 Thread 0x000001f8d801f7d0 Uncommon trap: trap_request=0xffffff45 fr.pc=0x000001f8e85cc4e4 relative=0x0000000000000064
Event: 162.701 Thread 0x000001f8d801f7d0 Uncommon trap: reason=unstable_if action=reinterpret pc=0x000001f8e85cc4e4 method=java.lang.AbstractStringBuilder.needsNewBuffer([BBIB)Z @ 8 c2
Event: 162.701 Thread 0x000001f8d801f7d0 DEOPT PACKING pc=0x000001f8e85cc4e4 sp=0x000000df7f9fe280
Event: 162.701 Thread 0x000001f8d801f7d0 DEOPT UNPACKING pc=0x000001f8e80c857c sp=0x000000df7f9fe208 mode 2

Classes loaded (20 events):
Event: 140.124 Loading class java/util/concurrent/locks/ReentrantReadWriteLock$Sync done
Event: 140.124 Loading class java/util/concurrent/locks/ReentrantReadWriteLock$NonfairSync done
Event: 140.124 Loading class java/util/concurrent/locks/ReentrantReadWriteLock$Sync$ThreadLocalHoldCounter
Event: 140.124 Loading class java/util/concurrent/locks/ReentrantReadWriteLock$Sync$ThreadLocalHoldCounter done
Event: 140.124 Loading class java/util/concurrent/locks/ReentrantReadWriteLock$ReadLock
Event: 140.124 Loading class java/util/concurrent/locks/ReentrantReadWriteLock$ReadLock done
Event: 140.124 Loading class java/util/concurrent/locks/ReentrantReadWriteLock$WriteLock
Event: 140.124 Loading class java/util/concurrent/locks/ReentrantReadWriteLock$WriteLock done
Event: 141.434 Loading class java/text/ParseException
Event: 141.434 Loading class java/text/ParseException done
Event: 144.881 Loading class sun/util/calendar/ZoneInfoFile$Checksum
Event: 144.881 Loading class sun/util/calendar/ZoneInfoFile$Checksum done
Event: 145.515 Loading class jdk/internal/module/ModulePatcher$PatchedModuleReader
Event: 145.516 Loading class jdk/internal/module/ModulePatcher$PatchedModuleReader done
Event: 145.517 Loading class sun/net/www/protocol/jrt/Handler
Event: 145.517 Loading class sun/net/www/protocol/jrt/Handler done
Event: 161.371 Loading class sun/text/resources/cldr/FormatData_en
Event: 161.623 Loading class sun/text/resources/cldr/FormatData_en done
Event: 161.623 Loading class sun/text/resources/cldr/FormatData_en_US
Event: 161.623 Loading class sun/text/resources/cldr/FormatData_en_US done

Classes unloaded (0 events):
No events

Classes redefined (0 events):
No events

Internal exceptions (20 events):
Event: 86.395 Thread 0x000001f8d801f7d0 Exception <a 'java/lang/NullPointerException'{0x00000000c6543a80}> (0x00000000c6543a80) 
thrown [s\src\hotspot\share\interpreter\linkResolver.cpp, line 1416]
Event: 86.396 Thread 0x000001f8d801f7d0 Exception <a 'java/lang/NullPointerException'{0x00000000c6543d60}> (0x00000000c6543d60) 
thrown [s\src\hotspot\share\interpreter\linkResolver.cpp, line 1416]
Event: 86.396 Thread 0x000001f8d801f7d0 Exception <a 'java/lang/NullPointerException'{0x00000000c6544040}> (0x00000000c6544040) 
thrown [s\src\hotspot\share\interpreter\linkResolver.cpp, line 1416]
Event: 87.301 Thread 0x000001f8d801f7d0 Exception <a 'java/lang/NullPointerException'{0x00000000c6548e20}> (0x00000000c6548e20) 
thrown [s\src\hotspot\share\interpreter\linkResolver.cpp, line 1416]
Event: 87.424 Thread 0x000001f8d801f7d0 Exception <a 'java/lang/NullPointerException'{0x00000000c655a750}> (0x00000000c655a750) 
thrown [s\src\hotspot\share\interpreter\linkResolver.cpp, line 1416]
Event: 87.424 Thread 0x000001f8d801f7d0 Exception <a 'java/lang/NullPointerException'{0x00000000c655aa30}> (0x00000000c655aa30) 
thrown [s\src\hotspot\share\interpreter\linkResolver.cpp, line 1416]
Event: 87.424 Thread 0x000001f8d801f7d0 Exception <a 'java/lang/NullPointerException'{0x00000000c655ad10}> (0x00000000c655ad10) 
thrown [s\src\hotspot\share\interpreter\linkResolver.cpp, line 1416]
Event: 87.424 Thread 0x000001f8d801f7d0 Exception <a 'java/lang/NullPointerException'{0x00000000c655aff0}> (0x00000000c655aff0) 
thrown [s\src\hotspot\share\interpreter\linkResolver.cpp, line 1416]
Event: 90.243 Thread 0x000001f8d801f7d0 Exception <a 'sun/nio/fs/WindowsException'{0x00000000c657c588}> (0x00000000c657c588) 
thrown [s\src\hotspot\share\prims\jni.cpp, line 516]
Event: 90.244 Thread 0x000001f8d801f7d0 Exception <a 'sun/nio/fs/WindowsException'{0x00000000c657cbb8}> (0x00000000c657cbb8) 
thrown [s\src\hotspot\share\prims\jni.cpp, line 516]
Event: 90.244 Thread 0x000001f8d801f7d0 Exception <a 'sun/nio/fs/WindowsException'{0x00000000c657d118}> (0x00000000c657d118) 
thrown [s\src\hotspot\share\prims\jni.cpp, line 516]
Event: 90.245 Thread 0x000001f8d801f7d0 Exception <a 'sun/nio/fs/WindowsException'{0x00000000c657d658}> (0x00000000c657d658) 
thrown [s\src\hotspot\share\prims\jni.cpp, line 516]
Event: 90.245 Thread 0x000001f8d801f7d0 Exception <a 'sun/nio/fs/WindowsException'{0x00000000c657db48}> (0x00000000c657db48) 
thrown [s\src\hotspot\share\prims\jni.cpp, line 516]
Event: 90.251 Thread 0x000001f8d801f7d0 Exception <a 'sun/nio/fs/WindowsException'{0x00000000c657dff0}> (0x00000000c657dff0) 
thrown [s\src\hotspot\share\prims\jni.cpp, line 516]
Event: 94.792 Thread 0x000001f8d801f7d0 Exception <a 'java/lang/NoSuchMethodError'{0x00000000c65ff0f8}: 'void java.lang.invoke.DirectMethodHandle$Holder.invokeVirtual(java.lang.Object, java.lang.Object)'> (0x00000000c65ff0f8) 
thrown [s\src\hotspot\share\interpreter\linkResolver.cpp, line 804]
Event: 98.132 Thread 0x000001f8d801f7d0 Exception <a 'java/lang/NoSuchMethodError'{0x00000000c6420fb0}: 'void java.lang.invoke.DirectMethodHandle$Holder.invokeStatic(java.lang.Object, java.lang.Object)'> (0x00000000c6420fb0) 
thrown [s\src\hotspot\share\interpreter\linkResolver.cpp, line 804]
Event: 98.255 Thread 0x000001f8d801f7d0 Exception <a 'java/lang/NoSuchMethodError'{0x00000000c6428d58}: 'void java.lang.invoke.DirectMethodHandle$Holder.invokeStaticInit(java.lang.Object, java.lang.Object)'> (0x00000000c6428d58) 
thrown [s\src\hotspot\share\interpreter\linkResolver.cpp, line 804]
Event: 100.888 Thread 0x000001f8d801f7d0 Exception <a 'java/lang/NoSuchMethodError'{0x00000000c645bd38}: 'void java.lang.invoke.DirectMethodHandle$Holder.invokeSpecial(java.lang.Object, java.lang.Object, java.lang.Object, java.lang.Object, java.lang.Object)'> (0x00000000c645bd38) 
thrown [s\src\hotspot\share\interpreter\linkResolver.cpp, line 804]
Event: 103.676 Thread 0x000001f8d801f7d0 Exception <a 'java/lang/NoSuchMethodError'{0x00000000c6497a60}: 'void java.lang.invoke.DirectMethodHandle$Holder.invokeStatic(java.lang.Object, java.lang.Object, java.lang.Object)'> (0x00000000c6497a60) 
thrown [s\src\hotspot\share\interpreter\linkResolver.cpp, line 804]
Event: 134.089 Thread 0x000001f8d801f7d0 Exception <a 'java/lang/NoSuchMethodError'{0x00000000c6211820}: 'java.lang.Object java.lang.invoke.DirectMethodHandle$Holder.invokeSpecialIFC(java.lang.Object, java.lang.Object, java.lang.Object, java.lang.Object)'> (0x00000000c6211820) 
thrown [s\src\hotspot\share\interpreter\linkResolver.cpp, line 804]

VM Operations (4 events):
Event: 79.421 Executing non-safepoint VM operation: HandshakeAllThreads (Deoptimize)
Event: 79.422 Executing non-safepoint VM operation: HandshakeAllThreads (Deoptimize) done
Event: 89.627 Executing non-safepoint VM operation: HandshakeAllThreads (Deoptimize)
Event: 89.729 Executing non-safepoint VM operation: HandshakeAllThreads (Deoptimize) done

Memory protections (0 events):
No events

Nmethod flushes (0 events):
No events

Events (13 events):
Event: 10.870 Thread 0x000001f8d801f7d0 Thread added: 0x000001f8d801f7d0
Event: 14.928 Thread 0x000001f8d801f7d0 Thread added: 0x000001f8f2da2830
Event: 14.929 Thread 0x000001f8d801f7d0 Thread added: 0x000001f8f2da44e0
Event: 14.931 Thread 0x000001f8d801f7d0 Thread added: 0x000001f8f2da81a0
Event: 14.931 Thread 0x000001f8d801f7d0 Thread added: 0x000001f8f2da9ec0
Event: 14.938 Thread 0x000001f8d801f7d0 Thread added: 0x000001f8f2daaa80
Event: 14.938 Thread 0x000001f8d801f7d0 Thread added: 0x000001f8f2dab640
Event: 14.938 Thread 0x000001f8d801f7d0 Thread added: 0x000001f8f2dac530
Event: 15.144 Thread 0x000001f8d801f7d0 Thread added: 0x000001f8f2ddbe70
Event: 17.051 Thread 0x000001f8d801f7d0 Thread added: 0x000001f8f2e6e870
Event: 17.084 Thread 0x000001f8d801f7d0 Thread added: 0x000001f8f2e794b0
Event: 79.528 Thread 0x000001f8d801f7d0 Thread added: 0x000001f8f7217140
Event: 138.096 Thread 0x000001f8f7217140 Thread exited: 0x000001f8f7217140


Dynamic libraries:
0x00007ff62b400000 - 0x00007ff62b40e000 	C:\Program Files\Apache NetBeans\jdk\bin\java.exe
0x00007ffea0ee0000 - 0x00007ffea1147000 	C:\WINDOWS\SYSTEM32\ntdll.dll
0x00007ffe9fee0000 - 0x00007ffe9ffa9000 	C:\WINDOWS\System32\KERNEL32.DLL
0x00007ffe9dbe0000 - 0x00007ffe9dfd4000 	C:\WINDOWS\System32\KERNELBASE.dll
0x00007ffe9e110000 - 0x00007ffe9e25b000 	C:\WINDOWS\System32\ucrtbase.dll
0x00007ffe8a0d0000 - 0x00007ffe8a0e6000 	C:\Program Files\Apache NetBeans\jdk\bin\jli.dll
0x00007ffe9ed70000 - 0x00007ffe9ef35000 	C:\WINDOWS\System32\USER32.dll
0x00007ffe9eb90000 - 0x00007ffe9ebb7000 	C:\WINDOWS\System32\win32u.dll
0x00007ffea09d0000 - 0x00007ffea09fb000 	C:\WINDOWS\System32\GDI32.dll
0x00007ffe9dfe0000 - 0x00007ffe9e10a000 	C:\WINDOWS\System32\gdi32full.dll
0x00007ffe9ebc0000 - 0x00007ffe9ec63000 	C:\WINDOWS\System32\msvcp_win.dll
0x00007ffe8b780000 - 0x00007ffe8b79e000 	C:\Program Files\Apache NetBeans\jdk\bin\VCRUNTIME140.dll
0x00007ffe8ba70000 - 0x00007ffe8bd03000 	C:\WINDOWS\WinSxS\amd64_microsoft.windows.common-controls_6595b64144ccf1df_6.0.26100.8115_none_3e075c82e3354f9c\COMCTL32.dll
0x00007ffea0400000 - 0x00007ffea04a9000 	C:\WINDOWS\System32\msvcrt.dll
0x00007ffe9fd40000 - 0x00007ffe9fd72000 	C:\WINDOWS\System32\IMM32.DLL
0x00007ffe92200000 - 0x00007ffe9220c000 	C:\Program Files\Apache NetBeans\jdk\bin\vcruntime140_1.dll
0x00007ffe76b40000 - 0x00007ffe76bcd000 	C:\Program Files\Apache NetBeans\jdk\bin\msvcp140.dll
0x00007ffe28420000 - 0x00007ffe29346000 	C:\Program Files\Apache NetBeans\jdk\bin\server\jvm.dll
0x00007ffea0660000 - 0x00007ffea0716000 	C:\WINDOWS\System32\ADVAPI32.dll
0x00007ffea04b0000 - 0x00007ffea0557000 	C:\WINDOWS\System32\sechost.dll
0x00007ffe9f250000 - 0x00007ffe9f368000 	C:\WINDOWS\System32\RPCRT4.dll
0x00007ffea0940000 - 0x00007ffea09c0000 	C:\WINDOWS\System32\WS2_32.dll
0x00007ffe9d610000 - 0x00007ffe9d66e000 	C:\WINDOWS\SYSTEM32\POWRPROF.dll
0x00007ffe7a540000 - 0x00007ffe7a576000 	C:\WINDOWS\SYSTEM32\WINMM.dll
0x00007ffe8c650000 - 0x00007ffe8c65b000 	C:\WINDOWS\SYSTEM32\VERSION.dll
0x00007ffe9d5f0000 - 0x00007ffe9d604000 	C:\WINDOWS\SYSTEM32\UMPDC.dll
0x00007ffe9c540000 - 0x00007ffe9c55b000 	C:\WINDOWS\SYSTEM32\kernel.appcore.dll
0x00007ffe904d0000 - 0x00007ffe904da000 	C:\Program Files\Apache NetBeans\jdk\bin\jimage.dll
0x00007ffe9b6f0000 - 0x00007ffe9b932000 	C:\WINDOWS\SYSTEM32\DBGHELP.DLL
0x00007ffe9ffb0000 - 0x00007ffea0332000 	C:\WINDOWS\System32\combase.dll
0x00007ffe9f400000 - 0x00007ffe9f4d7000 	C:\WINDOWS\System32\OLEAUT32.dll
0x00007ffe8c3b0000 - 0x00007ffe8c3eb000 	C:\WINDOWS\SYSTEM32\dbgcore.DLL
0x00007ffe9d9c0000 - 0x00007ffe9da65000 	C:\WINDOWS\System32\bcryptPrimitives.dll
0x00007ffe8a200000 - 0x00007ffe8a21e000 	C:\Program Files\Apache NetBeans\jdk\bin\java.dll
0x00007ffea0790000 - 0x00007ffea0927000 	C:\WINDOWS\System32\ole32.dll
0x00007ffe9f570000 - 0x00007ffe9fcd6000 	C:\WINDOWS\System32\SHELL32.dll
0x00007ffe9da70000 - 0x00007ffe9dbda000 	C:\WINDOWS\System32\wintypes.dll
0x00007ffe9e260000 - 0x00007ffe9eac5000 	C:\WINDOWS\System32\windows.storage.dll
0x00007ffe9ef40000 - 0x00007ffe9f037000 	C:\WINDOWS\System32\SHCORE.dll
0x00007ffea0720000 - 0x00007ffea0786000 	C:\WINDOWS\System32\shlwapi.dll
0x00007ffe9d6d0000 - 0x00007ffe9d6f9000 	C:\WINDOWS\SYSTEM32\profapi.dll
0x00007ffe89600000 - 0x00007ffe89611000 	C:\Program Files\Apache NetBeans\jdk\bin\net.dll
0x00007ffe9cab0000 - 0x00007ffe9cb1c000 	C:\WINDOWS\system32\mswsock.dll
0x00007ffe895e0000 - 0x00007ffe895f6000 	C:\Program Files\Apache NetBeans\jdk\bin\nio.dll
0x00007ffe8a0b0000 - 0x00007ffe8a0c7000 	C:\Program Files\Apache NetBeans\jdk\bin\zip.dll
0x00007ffe77c10000 - 0x00007ffe77c34000 	C:\Program Files\Apache NetBeans\java\maven\lib\jansi-native\Windows\x86_64\jansi.dll
0x00007ffe895d0000 - 0x00007ffe895e0000 	C:\Program Files\Apache NetBeans\jdk\bin\verify.dll

JVMTI agents: none

dbghelp: loaded successfully - version: 4.0.5 - missing functions: none
symbol engine: initialized successfully - sym options: 0x614 - pdb path: .;C:\Program Files\Apache NetBeans\jdk\bin;C:\WINDOWS\SYSTEM32;C:\WINDOWS\WinSxS\amd64_microsoft.windows.common-controls_6595b64144ccf1df_6.0.26100.8115_none_3e075c82e3354f9c;C:\Program Files\Apache NetBeans\jdk\bin\server;C:\Program Files\Apache NetBeans\java\maven\lib\jansi-native\Windows\x86_64

VM Arguments:
jvm_args: --enable-native-access=ALL-UNNAMED -Dclassworlds.conf=C:\Program Files\Apache NetBeans\java\maven\bin\m2.conf -Dmaven.home=C:\Program Files\Apache NetBeans\java\maven -Dlibrary.jansi.path=C:\Program Files\Apache NetBeans\java\maven\lib\jansi-native -Dmaven.multiModuleProjectDirectory=C:\Users\ASUS\Documents\NetBeansProjects\Lubiproject1 
java_command: org.codehaus.plexus.classworlds.launcher.Launcher -Dmaven.ext.class.path=C:\Program Files\Apache NetBeans\java\maven-nblib\netbeans-eventspy.jar --no-transfer-progress install
java_class_path (initial): C:\Program Files\Apache NetBeans\java\maven\boot\plexus-classworlds-2.9.0.jar
Launcher Type: SUN_STANDARD

[Global flags]
     intx CICompilerCount                          = 2                                         {product} {ergonomic}
     uint ConcGCThreads                            = 1                                         {product} {ergonomic}
     uint G1ConcRefinementThreads                  = 2                                         {product} {ergonomic}
   size_t G1HeapRegionSize                         = 1048576                                   {product} {ergonomic}
   size_t InitialHeapSize                          = 65011712                                  {product} {ergonomic}
   size_t MarkStackSize                            = 4194304                                   {product} {ergonomic}
   size_t MarkStackSizeMax                         = 536870912                                 {product} {ergonomic}
   size_t MaxHeapSize                              = 1027604480                                {product} {ergonomic}
   size_t MaxNewSize                               = 616562688                                 {product} {ergonomic}
   size_t MinHeapDeltaBytes                        = 1048576                                   {product} {ergonomic}
   size_t MinHeapSize                              = 8388608                                   {product} {ergonomic}
    uintx NonNMethodCodeHeapSize                   = 5767168                                {pd product} {ergonomic}
    uintx NonProfiledCodeHeapSize                  = 123011072                              {pd product} {ergonomic}
    uintx ProfiledCodeHeapSize                     = 122880000                              {pd product} {ergonomic}
    uintx ReservedCodeCacheSize                    = 251658240                              {pd product} {ergonomic}
     bool SegmentedCodeCache                       = true                                      {product} {ergonomic}
   size_t SoftMaxHeapSize                          = 1027604480                             {manageable} {ergonomic}
     bool UseCompressedOops                        = true                           {product lp64_product} {ergonomic}
     bool UseG1GC                                  = true                                      {product} {ergonomic}
     bool UseLargePagesIndividualAllocation        = false                                  {pd product} {ergonomic}

Logging:
Log output configuration:
 #0: stdout all=warning uptime,level,tags foldmultilines=false
 #1: stderr all=off uptime,level,tags foldmultilines=false

Release file:
IMPLEMENTOR="Eclipse Adoptium" 
IMPLEMENTOR_VERSION="Temurin-25.0.2+10" 
JAVA_RUNTIME_VERSION="25.0.2+10-LTS" 
JAVA_VERSION="25.0.2" 
JAVA_VERSION_DATE="2026-01-20" 
LIBC="default" 
MODULES="java.base java.compiler java.datatransfer java.xml java.prefs java.desktop java.instrument java.logging java.management java.security.sasl java.naming java.rmi java.management.rmi java.net.http java.scripting java.security.jgss java.transaction.xa java.sql java.sql.rowset java.xml.crypto java.se java.smartcardio jdk.accessibility jdk.internal.jvmstat jdk.attach jdk.charsets jdk.internal.opt jdk.zipfs jdk.compiler jdk.crypto.cryptoki jdk.crypto.ec jdk.crypto.mscapi jdk.dynalink jdk.internal.ed jdk.editpad jdk.internal.vm.ci jdk.graal.compiler jdk.graal.compiler.management jdk.hotspot.agent jdk.httpserver jdk.incubator.vector jdk.internal.le jdk.internal.md jdk.jartool jdk.javadoc jdk.jcmd jdk.management jdk.management.agent jdk.jconsole jdk.jdeps jdk.jdwp.agent jdk.jdi jdk.jfr jdk.jlink jdk.jpackage jdk.jshell jdk.jsobject jdk.jstatd jdk.localedata jdk.management.jfr jdk.naming.dns jdk.naming.rmi jdk.net jdk.nio.mapmode jdk.sctp jdk.security.auth jdk.security.jgss jdk.unsupported jdk.unsupported.desktop jdk.xml.dom" 
OS_ARCH="x86_64" 
OS_NAME="Windows" 
SOURCE=".:git:9e3c947043a4" 
BUILD_SOURCE="git:458965074606f027bd5afce2cfd5c1055dea0438"
BUILD_SOURCE_REPO="https://github.com/adoptium/temurin-build.git"
SOURCE_REPO="https://github.com/adoptium/jdk25u.git"
FULL_VERSION="25.0.2+10-LTS"
SEMANTIC_VERSION="25.0.2+10"
BUILD_INFO="OS: Windows Server 2022 Version: 10.0"
JVM_VARIANT="Hotspot"
JVM_VERSION="25.0.2+10-LTS"
IMAGE_TYPE="JDK"

Environment Variables:
JAVA_HOME=C:\Program Files\Apache NetBeans\jdk
PATH=C:\WINDOWS\system32;C:\WINDOWS;C:\WINDOWS\System32\Wbem;C:\WINDOWS\System32\WindowsPowerShell\v1.0\;C:\WINDOWS\System32\OpenSSH\;C:\Program Files\Git\cmd;C:\Users\ASUS\AppData\Local\Microsoft\WindowsApps;;C:\Program Files\Apache NetBeans\bin\
USERNAME=ASUS
OS=Windows_NT
PROCESSOR_IDENTIFIER=Intel64 Family 6 Model 122 Stepping 1, GenuineIntel
TMP=C:\Users\ASUS\AppData\Local\Temp
TEMP=C:\Users\ASUS\AppData\Local\Temp




Compilation memory statistics disabled.

Periodic native trim disabled

---------------  S Y S T E M  ---------------

OS:
 Windows 11 , 64 bit Build 26100 (10.0.26100.8115)
OS uptime: 0 days 1:00 hours

CPU: total 2 (initial active 2) (2 cores per cpu, 1 threads per core) family 6 model 122 stepping 1 microcode 0x34, cx8, cmov, fxsr, mmx, 3dnowpref, sse, sse2, sse3, ssse3, sse4.1, sse4.2, popcnt, tsc, tscinvbit, aes, erms, clmul, sha, clflush, clflushopt, rdtscp, rdpid
Processor Information for the first 2 processors :
  Max Mhz: 1101, Current Mhz: 1101, Mhz Limit: 1101

Memory: 4k page, system-wide physical 3919M (254M free)
TotalPageFile size 15695M (AvailPageFile size 104M)
current process WorkingSet (physical memory assigned to process): 22M, peak: 36M
current process commit charge ("private bytes"): 138M, peak: 141M

vm_info: OpenJDK 64-Bit Server VM (25.0.2+10-LTS) for windows-amd64 JRE (25.0.2+10-LTS), built on 2026-01-20T00:00:00Z with MS VC++ 17.12 (VS2022)

END.
