#
# There is insufficient memory for the Java Runtime Environment to continue.
# Native memory allocation (malloc) failed to allocate 4142552 bytes. Error detail: Chunk::new
# Possible reasons:
#   The system is out of physical RAM or swap space
#   This process is running with CompressedOops enabled, and the Java Heap may be blocking the growth of the native heap
# Possible solutions:
#   Reduce memory load on the system
#   Increase physical memory or swap space
#   Check if swap backing store is full
#   Decrease Java heap size (-Xmx/-Xms)
#   Decrease number of Java threads
#   Decrease Java thread stack sizes (-Xss)
#   Set larger code cache with -XX:ReservedCodeCacheSize=
#   JVM is running with Unscaled Compressed Oops mode in which the Java heap is
#     placed in the first 4GB address space. The Java Heap base address is the
#     maximum limit for the native heap growth. Please use -XX:HeapBaseMinAddress
#     to set the Java Heap base and to place the Java Heap above 4GB virtual address.
# This output file may be truncated or incomplete.
#
#  Out of Memory Error (arena.cpp:186), pid=15344, tid=6268
#
# JRE version: OpenJDK Runtime Environment Temurin-25.0.2+10 (25.0.2+10) (build 25.0.2+10-LTS)
# Java VM: OpenJDK 64-Bit Server VM Temurin-25.0.2+10 (25.0.2+10-LTS, mixed mode, sharing, tiered, compressed oops, compressed class ptrs, g1 gc, windows-amd64)
# No core dump will be written. Minidumps are not enabled by default on client versions of Windows
#

---------------  S U M M A R Y ------------

Command Line: --enable-native-access=ALL-UNNAMED -Dclassworlds.conf=C:\Program Files\Apache NetBeans\java\maven\bin\m2.conf -Dmaven.home=C:\Program Files\Apache NetBeans\java\maven -Dlibrary.jansi.path=C:\Program Files\Apache NetBeans\java\maven\lib\jansi-native -Dmaven.multiModuleProjectDirectory=C:\Users\ASUS\Documents\NetBeansProjects\Lubiproject1 org.codehaus.plexus.classworlds.launcher.Launcher -Dmaven.ext.class.path=C:\Program Files\Apache NetBeans\java\maven-nblib\netbeans-eventspy.jar --no-transfer-progress install

Host: Intel(R) Celeron(R) N4000 CPU @ 1.10GHz, 2 cores, 3G,  Windows 11 , 64 bit Build 26100 (10.0.26100.8115)
Time: Fri Apr  3 17:06:14 2026 SE Asia Standard Time elapsed time: 233.255574 seconds (0d 0h 3m 53s)

---------------  T H R E A D  ---------------

Current thread (0x000001684cf1fff0):  JavaThread "C2 CompilerThread0" daemon [_thread_in_native, id=6268, stack(0x0000004cc7900000,0x0000004cc7a00000) (1024K)]


Current CompileTask:
C2:233255 1212   !   4       sun.nio.cs.StreamDecoder::read (220 bytes)

Stack: [0x0000004cc7900000,0x0000004cc7a00000]
Native frames: (J=compiled Java code, j=interpreted, Vv=VM code, C=native code)
V  [jvm.dll+0x7a8bc9]  (no source info available)
V  [jvm.dll+0x77310d]  (no source info available)
V  [jvm.dll+0x9f55f3]  (no source info available)
V  [jvm.dll+0x9f7be1]  (no source info available)
V  [jvm.dll+0x9f82f3]  (no source info available)
V  [jvm.dll+0x2fce26]  (no source info available)
V  [jvm.dll+0x111076]  (no source info available)
V  [jvm.dll+0x11139e]  (no source info available)
V  [jvm.dll+0x19fff2]  (no source info available)
V  [jvm.dll+0x3b5f62]  (no source info available)
V  [jvm.dll+0x7ae53c]  (no source info available)
V  [jvm.dll+0x2c0407]  (no source info available)
V  [jvm.dll+0x2bf3cf]  (no source info available)
V  [jvm.dll+0x237140]  (no source info available)
V  [jvm.dll+0x2cf4c6]  (no source info available)
V  [jvm.dll+0x2cd74a]  (no source info available)
V  [jvm.dll+0x48fbee]  (no source info available)
V  [jvm.dll+0x996b0d]  (no source info available)
V  [jvm.dll+0x7a71a5]  (no source info available)
C  [ucrtbase.dll+0x37b0]  (no source info available)
C  [KERNEL32.DLL+0x2e8d7]  (no source info available)
C  [ntdll.dll+0x8c3fc]  (no source info available)

Lock stack of current Java thread (top to bottom):


---------------  P R O C E S S  ---------------

Threads class SMR info:
_java_thread_list=0x000001684d2b08e0, length=11, elements={
0x000001682fe3d600, 0x000001684cf13a80, 0x000001684cf16920, 0x000001684cf1a060,
0x000001684cf1ac20, 0x000001684cf1c530, 0x000001684cf1f100, 0x000001684cf1fff0,
0x000001684cf90c50, 0x000001684d055c40, 0x000001684d05eaa0
}

Java Threads: ( => current thread )
  0x000001682fe3d600 JavaThread "main"                              [_thread_in_native, id=11288, stack(0x0000004cc6b00000,0x0000004cc6c00000) (1024K)]
  0x000001684cf13a80 JavaThread "Reference Handler"          daemon [_thread_blocked, id=5824, stack(0x0000004cc7300000,0x0000004cc7400000) (1024K)]
  0x000001684cf16920 JavaThread "Finalizer"                  daemon [_thread_blocked, id=14680, stack(0x0000004cc7400000,0x0000004cc7500000) (1024K)]
  0x000001684cf1a060 JavaThread "Signal Dispatcher"          daemon [_thread_blocked, id=16452, stack(0x0000004cc7500000,0x0000004cc7600000) (1024K)]
  0x000001684cf1ac20 JavaThread "Attach Listener"            daemon [_thread_blocked, id=16440, stack(0x0000004cc7600000,0x0000004cc7700000) (1024K)]
  0x000001684cf1c530 JavaThread "Service Thread"             daemon [_thread_blocked, id=16444, stack(0x0000004cc7700000,0x0000004cc7800000) (1024K)]
  0x000001684cf1f100 JavaThread "Monitor Deflation Thread"   daemon [_thread_blocked, id=4628, stack(0x0000004cc7800000,0x0000004cc7900000) (1024K)]
=>0x000001684cf1fff0 JavaThread "C2 CompilerThread0"         daemon [_thread_in_native, id=6268, stack(0x0000004cc7900000,0x0000004cc7a00000) (1024K)]
  0x000001684cf90c50 JavaThread "C1 CompilerThread0"         daemon [_thread_blocked, id=15276, stack(0x0000004cc7a00000,0x0000004cc7b00000) (1024K)]
  0x000001684d055c40 JavaThread "Notification Thread"        daemon [_thread_blocked, id=268, stack(0x0000004cc7b00000,0x0000004cc7c00000) (1024K)]
  0x000001684d05eaa0 JavaThread "Common-Cleaner"             daemon [_thread_blocked, id=12064, stack(0x0000004cc7c00000,0x0000004cc7d00000) (1024K)]
Total: 11

Other Threads:
  0x000001683227e990 VMThread "VM Thread"                           [id=8896, stack(0x0000004cc7200000,0x0000004cc7300000) (1024K)]
  0x0000016832277230 WatcherThread "VM Periodic Task Thread"        [id=5576, stack(0x0000004cc7100000,0x0000004cc7200000) (1024K)]
  0x00000168321f55a0 WorkerThread "GC Thread#0"                     [id=15236, stack(0x0000004cc6c00000,0x0000004cc6d00000) (1024K)]
  0x000001684dbdc110 WorkerThread "GC Thread#1"                     [id=20364, stack(0x0000004cc6900000,0x0000004cc6a00000) (1024K)]
  0x0000016832201e30 ConcurrentGCThread "G1 Main Marker"            [id=2224, stack(0x0000004cc6d00000,0x0000004cc6e00000) (1024K)]
  0x0000016832204060 WorkerThread "G1 Conc#0"                       [id=10640, stack(0x0000004cc6e00000,0x0000004cc6f00000) (1024K)]
  0x000001683221d180 ConcurrentGCThread "G1 Refine#0"               [id=14548, stack(0x0000004cc6f00000,0x0000004cc7000000) (1024K)]
  0x000001683221dd90 ConcurrentGCThread "G1 Service"                [id=5284, stack(0x0000004cc7000000,0x0000004cc7100000) (1024K)]
Total: 8

Threads with active compile tasks:
C2 CompilerThread0  233463 1212   !   4       sun.nio.cs.StreamDecoder::read (220 bytes)
Total: 1

VM state: not at safepoint (normal execution)

VM Mutex/Monitor currently owned by a thread: None

Heap address: 0x00000000c2c00000, size: 980 MB, Compressed Oops mode: 32-bit

CDS archive(s) mapped at: [0x0000000031000000-0x0000000031dd0000-0x0000000031dd0000), size 14483456, SharedBaseAddress: 0x0000000031000000, ArchiveRelocationMode: 1.
Compressed class space mapped at: 0x0000000032000000-0x0000000072000000, reserved size: 1073741824
UseCompressedClassPointers 1, UseCompactObjectHeaders 0
Narrow klass pointer bits 32, Max shift 3
Narrow klass base: 0x0000000031000000, Narrow klass shift: 0
Encoding Range: [0x0000000031000000 - 0x0000000131000000), (4294967296 bytes)
Klass Range:    [0x0000000031010000 - 0x0000000072000000), (1090453504 bytes)
Klass ID Range:  [65536 - 1090519033) (1090453497)
Protection zone: [0x0000000031000000 - 0x0000000031010000), (65536 bytes)

GC Precious Log:
 CardTable entry size: 512
 Card Set container configuration: InlinePtr #cards 5 size 8 Array Of Cards #cards 10 size 36 Howl #buckets 4 coarsen threshold 1843 Howl Bitmap #cards 512 size 80 coarsen threshold 460 Card regions per heap region 1 cards per card region 2048
 CPUs: 2 total, 2 available
 Memory: 3919M
 Large Page Support: Disabled
 NUMA Support: Disabled
 Compressed Oops: Enabled (32-bit)
 Heap Region Size: 1M
 Heap Min Capacity: 8M
 Heap Initial Capacity: 62M
 Heap Max Capacity: 980M
 Pre-touch: Disabled
 Parallel Workers: 2
 Concurrent Workers: 1
 Concurrent Refinement Workers: 2
 Periodic GC: Disabled

Heap:
 garbage-first heap   total reserved 1003520K, committed 65536K, used 6939K [0x00000000c2c00000, 0x0000000100000000)
  region size 1024K, 7 young (7168K), 2 survivors (2048K)

Heap Regions: E=young(eden), S=young(survivor), O=old, HS=humongous(starts), HC=humongous(continues), CS=collection set, F=free, TAMS=top-at-mark-start, PB=parsable bottom
|   0|0x00000000c2c00000, 0x00000000c2ca2010, 0x00000000c2d00000| 63%| O|  |TAMS 0x00000000c2c00000| PB 0x00000000c2c00000| Untracked |  0
|   1|0x00000000c2d00000, 0x00000000c2d00000, 0x00000000c2e00000|  0%| F|  |TAMS 0x00000000c2d00000| PB 0x00000000c2d00000| Untracked |  0
|   2|0x00000000c2e00000, 0x00000000c2e00000, 0x00000000c2f00000|  0%| F|  |TAMS 0x00000000c2e00000| PB 0x00000000c2e00000| Untracked |  0
|   3|0x00000000c2f00000, 0x00000000c2f00000, 0x00000000c3000000|  0%| F|  |TAMS 0x00000000c2f00000| PB 0x00000000c2f00000| Untracked |  0
|   4|0x00000000c3000000, 0x00000000c3000000, 0x00000000c3100000|  0%| F|  |TAMS 0x00000000c3000000| PB 0x00000000c3000000| Untracked |  0
|   5|0x00000000c3100000, 0x00000000c3100000, 0x00000000c3200000|  0%| F|  |TAMS 0x00000000c3100000| PB 0x00000000c3100000| Untracked |  0
|   6|0x00000000c3200000, 0x00000000c3200000, 0x00000000c3300000|  0%| F|  |TAMS 0x00000000c3200000| PB 0x00000000c3200000| Untracked |  0
|   7|0x00000000c3300000, 0x00000000c3300000, 0x00000000c3400000|  0%| F|  |TAMS 0x00000000c3300000| PB 0x00000000c3300000| Untracked |  0
|   8|0x00000000c3400000, 0x00000000c3400000, 0x00000000c3500000|  0%| F|  |TAMS 0x00000000c3400000| PB 0x00000000c3400000| Untracked |  0
|   9|0x00000000c3500000, 0x00000000c3500000, 0x00000000c3600000|  0%| F|  |TAMS 0x00000000c3500000| PB 0x00000000c3500000| Untracked |  0
|  10|0x00000000c3600000, 0x00000000c3600000, 0x00000000c3700000|  0%| F|  |TAMS 0x00000000c3600000| PB 0x00000000c3600000| Untracked |  0
|  11|0x00000000c3700000, 0x00000000c3700000, 0x00000000c3800000|  0%| F|  |TAMS 0x00000000c3700000| PB 0x00000000c3700000| Untracked |  0
|  12|0x00000000c3800000, 0x00000000c3800000, 0x00000000c3900000|  0%| F|  |TAMS 0x00000000c3800000| PB 0x00000000c3800000| Untracked |  0
|  13|0x00000000c3900000, 0x00000000c3900000, 0x00000000c3a00000|  0%| F|  |TAMS 0x00000000c3900000| PB 0x00000000c3900000| Untracked |  0
|  14|0x00000000c3a00000, 0x00000000c3a00000, 0x00000000c3b00000|  0%| F|  |TAMS 0x00000000c3a00000| PB 0x00000000c3a00000| Untracked |  0
|  15|0x00000000c3b00000, 0x00000000c3b00000, 0x00000000c3c00000|  0%| F|  |TAMS 0x00000000c3b00000| PB 0x00000000c3b00000| Untracked |  0
|  16|0x00000000c3c00000, 0x00000000c3c00000, 0x00000000c3d00000|  0%| F|  |TAMS 0x00000000c3c00000| PB 0x00000000c3c00000| Untracked |  0
|  17|0x00000000c3d00000, 0x00000000c3d00000, 0x00000000c3e00000|  0%| F|  |TAMS 0x00000000c3d00000| PB 0x00000000c3d00000| Untracked |  0
|  18|0x00000000c3e00000, 0x00000000c3e00000, 0x00000000c3f00000|  0%| F|  |TAMS 0x00000000c3e00000| PB 0x00000000c3e00000| Untracked |  0
|  19|0x00000000c3f00000, 0x00000000c3f00000, 0x00000000c4000000|  0%| F|  |TAMS 0x00000000c3f00000| PB 0x00000000c3f00000| Untracked |  0
|  20|0x00000000c4000000, 0x00000000c4000000, 0x00000000c4100000|  0%| F|  |TAMS 0x00000000c4000000| PB 0x00000000c4000000| Untracked |  0
|  21|0x00000000c4100000, 0x00000000c4100000, 0x00000000c4200000|  0%| F|  |TAMS 0x00000000c4100000| PB 0x00000000c4100000| Untracked |  0
|  22|0x00000000c4200000, 0x00000000c4200000, 0x00000000c4300000|  0%| F|  |TAMS 0x00000000c4200000| PB 0x00000000c4200000| Untracked |  0
|  23|0x00000000c4300000, 0x00000000c4300000, 0x00000000c4400000|  0%| F|  |TAMS 0x00000000c4300000| PB 0x00000000c4300000| Untracked |  0
|  24|0x00000000c4400000, 0x00000000c4400000, 0x00000000c4500000|  0%| F|  |TAMS 0x00000000c4400000| PB 0x00000000c4400000| Untracked |  0
|  25|0x00000000c4500000, 0x00000000c4500000, 0x00000000c4600000|  0%| F|  |TAMS 0x00000000c4500000| PB 0x00000000c4500000| Untracked |  0
|  26|0x00000000c4600000, 0x00000000c4600000, 0x00000000c4700000|  0%| F|  |TAMS 0x00000000c4600000| PB 0x00000000c4600000| Untracked |  0
|  27|0x00000000c4700000, 0x00000000c4700000, 0x00000000c4800000|  0%| F|  |TAMS 0x00000000c4700000| PB 0x00000000c4700000| Untracked |  0
|  28|0x00000000c4800000, 0x00000000c4800000, 0x00000000c4900000|  0%| F|  |TAMS 0x00000000c4800000| PB 0x00000000c4800000| Untracked |  0
|  29|0x00000000c4900000, 0x00000000c4900000, 0x00000000c4a00000|  0%| F|  |TAMS 0x00000000c4900000| PB 0x00000000c4900000| Untracked |  0
|  30|0x00000000c4a00000, 0x00000000c4a00000, 0x00000000c4b00000|  0%| F|  |TAMS 0x00000000c4a00000| PB 0x00000000c4a00000| Untracked |  0
|  31|0x00000000c4b00000, 0x00000000c4b00000, 0x00000000c4c00000|  0%| F|  |TAMS 0x00000000c4b00000| PB 0x00000000c4b00000| Untracked |  0
|  32|0x00000000c4c00000, 0x00000000c4c00000, 0x00000000c4d00000|  0%| F|  |TAMS 0x00000000c4c00000| PB 0x00000000c4c00000| Untracked |  0
|  33|0x00000000c4d00000, 0x00000000c4d00000, 0x00000000c4e00000|  0%| F|  |TAMS 0x00000000c4d00000| PB 0x00000000c4d00000| Untracked |  0
|  34|0x00000000c4e00000, 0x00000000c4e00000, 0x00000000c4f00000|  0%| F|  |TAMS 0x00000000c4e00000| PB 0x00000000c4e00000| Untracked |  0
|  35|0x00000000c4f00000, 0x00000000c4f00000, 0x00000000c5000000|  0%| F|  |TAMS 0x00000000c4f00000| PB 0x00000000c4f00000| Untracked |  0
|  36|0x00000000c5000000, 0x00000000c5000000, 0x00000000c5100000|  0%| F|  |TAMS 0x00000000c5000000| PB 0x00000000c5000000| Untracked |  0
|  37|0x00000000c5100000, 0x00000000c5100000, 0x00000000c5200000|  0%| F|  |TAMS 0x00000000c5100000| PB 0x00000000c5100000| Untracked |  0
|  38|0x00000000c5200000, 0x00000000c5200000, 0x00000000c5300000|  0%| F|  |TAMS 0x00000000c5200000| PB 0x00000000c5200000| Untracked |  0
|  39|0x00000000c5300000, 0x00000000c5300000, 0x00000000c5400000|  0%| F|  |TAMS 0x00000000c5300000| PB 0x00000000c5300000| Untracked |  0
|  40|0x00000000c5400000, 0x00000000c5400000, 0x00000000c5500000|  0%| F|  |TAMS 0x00000000c5400000| PB 0x00000000c5400000| Untracked |  0
|  41|0x00000000c5500000, 0x00000000c5500000, 0x00000000c5600000|  0%| F|  |TAMS 0x00000000c5500000| PB 0x00000000c5500000| Untracked |  0
|  42|0x00000000c5600000, 0x00000000c5600000, 0x00000000c5700000|  0%| F|  |TAMS 0x00000000c5600000| PB 0x00000000c5600000| Untracked |  0
|  43|0x00000000c5700000, 0x00000000c5700000, 0x00000000c5800000|  0%| F|  |TAMS 0x00000000c5700000| PB 0x00000000c5700000| Untracked |  0
|  44|0x00000000c5800000, 0x00000000c5800000, 0x00000000c5900000|  0%| F|  |TAMS 0x00000000c5800000| PB 0x00000000c5800000| Untracked |  0
|  45|0x00000000c5900000, 0x00000000c5900000, 0x00000000c5a00000|  0%| F|  |TAMS 0x00000000c5900000| PB 0x00000000c5900000| Untracked |  0
|  46|0x00000000c5a00000, 0x00000000c5b00000, 0x00000000c5b00000|100%| S|CS|TAMS 0x00000000c5a00000| PB 0x00000000c5a00000| Complete |  0
|  47|0x00000000c5b00000, 0x00000000c5c00000, 0x00000000c5c00000|100%| S|CS|TAMS 0x00000000c5b00000| PB 0x00000000c5b00000| Complete |  0
|  48|0x00000000c5c00000, 0x00000000c5c00000, 0x00000000c5d00000|  0%| F|  |TAMS 0x00000000c5c00000| PB 0x00000000c5c00000| Untracked |  0
|  49|0x00000000c5d00000, 0x00000000c5d00000, 0x00000000c5e00000|  0%| F|  |TAMS 0x00000000c5d00000| PB 0x00000000c5d00000| Untracked |  0
|  50|0x00000000c5e00000, 0x00000000c5e00000, 0x00000000c5f00000|  0%| F|  |TAMS 0x00000000c5e00000| PB 0x00000000c5e00000| Untracked |  0
|  51|0x00000000c5f00000, 0x00000000c5f00000, 0x00000000c6000000|  0%| F|  |TAMS 0x00000000c5f00000| PB 0x00000000c5f00000| Untracked |  0
|  52|0x00000000c6000000, 0x00000000c6000000, 0x00000000c6100000|  0%| F|  |TAMS 0x00000000c6000000| PB 0x00000000c6000000| Untracked |  0
|  53|0x00000000c6100000, 0x00000000c6100000, 0x00000000c6200000|  0%| F|  |TAMS 0x00000000c6100000| PB 0x00000000c6100000| Untracked |  0
|  54|0x00000000c6200000, 0x00000000c6200000, 0x00000000c6300000|  0%| F|  |TAMS 0x00000000c6200000| PB 0x00000000c6200000| Untracked |  0
|  55|0x00000000c6300000, 0x00000000c6300000, 0x00000000c6400000|  0%| F|  |TAMS 0x00000000c6300000| PB 0x00000000c6300000| Untracked |  0
|  56|0x00000000c6400000, 0x00000000c6400000, 0x00000000c6500000|  0%| F|  |TAMS 0x00000000c6400000| PB 0x00000000c6400000| Untracked |  0
|  57|0x00000000c6500000, 0x00000000c65b1338, 0x00000000c6600000| 69%| E|  |TAMS 0x00000000c6500000| PB 0x00000000c6500000| Complete |  0
|  58|0x00000000c6600000, 0x00000000c6700000, 0x00000000c6700000|100%| E|CS|TAMS 0x00000000c6600000| PB 0x00000000c6600000| Complete |  0
|  59|0x00000000c6700000, 0x00000000c6800000, 0x00000000c6800000|100%| E|CS|TAMS 0x00000000c6700000| PB 0x00000000c6700000| Complete |  0
|  60|0x00000000c6800000, 0x00000000c6900000, 0x00000000c6900000|100%| E|CS|TAMS 0x00000000c6800000| PB 0x00000000c6800000| Complete |  0
|  61|0x00000000c6900000, 0x00000000c6a00000, 0x00000000c6a00000|100%| E|  |TAMS 0x00000000c6900000| PB 0x00000000c6900000| Complete |  0
| 978|0x00000000ffe00000, 0x00000000fff00000, 0x00000000fff00000|100%| O|  |TAMS 0x00000000ffe00000| PB 0x00000000ffe00000| Untracked |  0
| 979|0x00000000fff00000, 0x00000000fff24ea8, 0x0000000100000000| 14%| O|  |TAMS 0x00000000fff00000| PB 0x00000000fff00000| Untracked |  0

Card table byte_map: [0x0000016831e80000,0x0000016832070000] _byte_map_base: 0x000001683186a000

Marking Bits: (CMBitMap*) 0x00000168321f5d30
 Bits: [0x0000016849cb0000, 0x000001684ac00000)

Polling page: 0x000001682ff70000

Metaspace:
Metaspace        used 5454K, committed 5632K, reserved 1114112K
 class space     used 657K, committed 768K, reserved 1048576K

Usage:
  Non-class:      4.68 MB used.
      Class:    657.96 KB used.
       Both:      5.33 MB used.

Virtual space:
  Non-class space:       64.00 MB reserved,       4.75 MB (  7%) committed,  1 nodes.
      Class space:        1.00 GB reserved,     768.00 KB ( <1%) committed,  1 nodes.
             Both:        1.06 GB reserved,       5.50 MB ( <1%) committed. 

Chunk freelists:
   Non-Class:  9.27 MB
       Class:  15.28 MB
        Both:  24.55 MB

MaxMetaspaceSize: unlimited
CompressedClassSpaceSize: 1.00 GB
Initial GC threshold: 21.00 MB
Current GC threshold: 21.00 MB
CDS: on
 - commit_granule_bytes: 65536.
 - commit_granule_words: 8192.
 - virtual_space_node_default_size: 8388608.
 - enlarge_chunks_in_place: 1.
UseCompressedClassPointers 1, UseCompactObjectHeaders 0
Narrow klass pointer bits 32, Max shift 3
Narrow klass base: 0x0000000031000000, Narrow klass shift: 0
Encoding Range: [0x0000000031000000 - 0x0000000131000000), (4294967296 bytes)
Klass Range:    [0x0000000031010000 - 0x0000000072000000), (1090453504 bytes)
Klass ID Range:  [65536 - 1090519033) (1090453497)
Protection zone: [0x0000000031000000 - 0x0000000031010000), (65536 bytes)


Internal statistics:

num_allocs_failed_limit: 0.
num_arena_births: 54.
num_arena_deaths: 0.
num_vsnodes_births: 2.
num_vsnodes_deaths: 0.
num_space_committed: 88.
num_space_uncommitted: 0.
num_chunks_returned_to_freelist: 0.
num_chunks_taken_from_freelist: 222.
num_chunk_merges: 0.
num_chunk_splits: 135.
num_chunks_enlarged: 108.
num_inconsistent_stats: 0.

CodeHeap 'non-profiled nmethods': size=120128Kb used=324Kb max_used=324Kb free=119803Kb
 bounds [0x0000016842760000, 0x00000168429d0000, 0x0000016849cb0000]
CodeHeap 'profiled nmethods': size=120000Kb used=1793Kb max_used=1793Kb free=118206Kb
 bounds [0x000001683acb0000, 0x000001683af20000, 0x00000168421e0000]
CodeHeap 'non-nmethods': size=5632Kb used=1340Kb max_used=1362Kb free=4291Kb
 bounds [0x00000168421e0000, 0x0000016842450000, 0x0000016842760000]
CodeCache: size=245760Kb, used=3457Kb, max_used=3479Kb, free=242300Kb
 total_blobs=1679, nmethods=1211, adapters=372, full_count=0
Compilation: enabled, stopped_count=0, restarted_count=0

Compilation events (20 events):
Event: 231.639 Thread 0x000001684cf1fff0 nmethod 1203 0x00000168427ae788 code [0x00000168427ae880, 0x00000168427ae930]
Event: 231.692 Thread 0x000001684cf1fff0 1204       4       java.nio.ByteBuffer::position (8 bytes)
Event: 231.693 Thread 0x000001684cf1fff0 nmethod 1204 0x00000168427aea88 code [0x00000168427aeb80, 0x00000168427aec70]
Event: 231.751 Thread 0x000001684cf1fff0 1205       4       java.nio.ByteBuffer::position (6 bytes)
Event: 231.754 Thread 0x000001684cf1fff0 nmethod 1205 0x00000168427aed88 code [0x00000168427aee80, 0x00000168427aef88]
Event: 231.780 Thread 0x000001684cf1fff0 1206       4       java.nio.Buffer::limit (65 bytes)
Event: 231.781 Thread 0x000001684cf1fff0 nmethod 1206 0x00000168427af088 code [0x00000168427af180, 0x00000168427af290]
Event: 231.842 Thread 0x000001684cf1fff0 1207       4       java.nio.Buffer::<init> (105 bytes)
Event: 231.844 Thread 0x000001684cf1fff0 nmethod 1207 0x00000168427af388 code [0x00000168427af480, 0x00000168427af830]
Event: 231.872 Thread 0x000001684cf1fff0 1208       4       sun.nio.cs.UTF_8$Decoder::decodeArrayLoop (688 bytes)
Event: 231.882 Thread 0x000001684cf1fff0 nmethod 1208 0x00000168427af888 code [0x00000168427af980, 0x00000168427b00c8]
Event: 231.977 Thread 0x000001684cf1fff0 1209       4       java.lang.String::decodeASCII (46 bytes)
Event: 231.979 Thread 0x000001684cf1fff0 nmethod 1209 0x00000168427b0108 code [0x00000168427b0200, 0x00000168427b04a0]
Event: 232.038 Thread 0x000001684cf1fff0 1210       4       java.nio.CharBuffer::<init> (24 bytes)
Event: 232.041 Thread 0x000001684cf1fff0 nmethod 1210 0x00000168427b0508 code [0x00000168427b0600, 0x00000168427b0ac0]
Event: 232.115 Thread 0x000001684cf1fff0 1211       4       java.nio.HeapCharBuffer::<init> (23 bytes)
Event: 232.118 Thread 0x000001684cf1fff0 nmethod 1211 0x00000168427b0b08 code [0x00000168427b0c00, 0x00000168427b1048]
Event: 232.155 Thread 0x000001684cf1fff0 1212   !   4       sun.nio.cs.StreamDecoder::read (220 bytes)
Event: 232.624 Thread 0x000001684cf90c50 1214       3       java.util.HashMap::isEmpty (13 bytes)
Event: 232.625 Thread 0x000001684cf90c50 nmethod 1214 0x000001683ae6d608 code [0x000001683ae6d700, 0x000001683ae6d858]

GC Heap Usage History (2 events):
Event: 165.326 {heap Before GC invocations=0 (full 0):
 garbage-first heap   total reserved 1003520K, committed 65536K, used 14483K [0x00000000c2c00000, 0x0000000100000000)
  region size 1024K, 14 young (14336K), 0 survivors (0K)
}
Event: 171.084 {heap After GC invocations=1 (full 0):
 garbage-first heap   total reserved 1003520K, committed 65536K, used 3867K [0x00000000c2c00000, 0x0000000100000000)
  region size 1024K, 2 young (2048K), 2 survivors (2048K)
}

Metaspace Usage History (2 events):
Event: 165.326 {metaspace Before GC invocations=0 (full 0):
 Metaspace       used 4334K, committed 4544K, reserved 1114112K
  class space    used 489K, committed 576K, reserved 1048576K
}
Event: 171.084 {metaspace After GC invocations=1 (full 0):
 Metaspace       used 4334K, committed 4544K, reserved 1114112K
  class space    used 489K, committed 576K, reserved 1048576K
}

Dll operation events (7 events):
Event: 0.109 Loaded shared library C:\Program Files\Apache NetBeans\jdk\bin\java.dll
Event: 6.269 Loaded shared library C:\Program Files\Apache NetBeans\jdk\bin\net.dll
Event: 6.273 Loaded shared library C:\Program Files\Apache NetBeans\jdk\bin\nio.dll
Event: 17.928 Loaded shared library C:\Program Files\Apache NetBeans\jdk\bin\zip.dll
Event: 62.592 Loaded shared library C:\Program Files\Apache NetBeans\java\maven\lib\jansi-native\Windows\x86_64\jansi.dll
Event: 64.863 Loaded shared library C:\Program Files\Apache NetBeans\jdk\bin\verify.dll
Event: 71.469 Loaded shared library C:\Program Files\Apache NetBeans\jdk\bin\jimage.dll

Deoptimization events (20 events):
Event: 222.798 Thread 0x000001682fe3d600 Uncommon trap: trap_request=0xffffffc6 fr.pc=0x0000016842797eac relative=0x00000000000003ac
Event: 222.798 Thread 0x000001682fe3d600 Uncommon trap: reason=bimorphic_or_optimized_type_check action=maybe_recompile pc=0x0000016842797eac method=java.util.concurrent.ConcurrentHashMap.get(Ljava/lang/Object;)Ljava/lang/Object; @ 149 c2
Event: 222.798 Thread 0x000001682fe3d600 DEOPT PACKING pc=0x0000016842797eac sp=0x0000004cc6bfdb60
Event: 222.798 Thread 0x000001682fe3d600 DEOPT UNPACKING pc=0x000001684226857c sp=0x0000004cc6bfdae0 mode 2
Event: 226.710 Thread 0x000001682fe3d600 Uncommon trap: trap_request=0xffffff66 fr.pc=0x00000168427861d4 relative=0x0000000000000454
Event: 226.710 Thread 0x000001682fe3d600 Uncommon trap: reason=loop_limit_check action=maybe_recompile pc=0x00000168427861d4 method=java.lang.StringLatin1.indexOf([BI[BII)I @ 37 c2
Event: 226.711 Thread 0x000001682fe3d600 DEOPT PACKING pc=0x00000168427861d4 sp=0x0000004cc6bfe1b0
Event: 226.711 Thread 0x000001682fe3d600 DEOPT UNPACKING pc=0x000001684226857c sp=0x0000004cc6bfe110 mode 2
Event: 227.915 Thread 0x000001682fe3d600 Uncommon trap: trap_request=0xffffffde fr.pc=0x000001684279a048 relative=0x0000000000000248
Event: 227.915 Thread 0x000001682fe3d600 Uncommon trap: reason=class_check action=maybe_recompile pc=0x000001684279a048 method=java.util.HashMap.getNode(Ljava/lang/Object;)Ljava/util/HashMap$Node; @ 128 c2
Event: 227.915 Thread 0x000001682fe3d600 DEOPT PACKING pc=0x000001684279a048 sp=0x0000004cc6bfe210
Event: 227.915 Thread 0x000001682fe3d600 DEOPT UNPACKING pc=0x000001684226857c sp=0x0000004cc6bfe178 mode 2
Event: 228.601 Thread 0x000001682fe3d600 Uncommon trap: trap_request=0xffffff6e fr.pc=0x000001684278d218 relative=0x0000000000000318
Event: 228.601 Thread 0x000001682fe3d600 Uncommon trap: reason=predicate action=maybe_recompile pc=0x000001684278d218 method=java.util.regex.Pattern$BmpCharPropertyGreedy.match(Ljava/util/regex/Matcher;ILjava/lang/CharSequence;)Z @ 12 c2
Event: 228.601 Thread 0x000001682fe3d600 DEOPT PACKING pc=0x000001684278d218 sp=0x0000004cc6bfe250
Event: 228.662 Thread 0x000001682fe3d600 DEOPT UNPACKING pc=0x000001684226857c sp=0x0000004cc6bfe208 mode 2
Event: 229.222 Thread 0x000001682fe3d600 Uncommon trap: trap_request=0xffffff45 fr.pc=0x00000168427abd40 relative=0x0000000000001840
Event: 229.222 Thread 0x000001682fe3d600 Uncommon trap: reason=unstable_if action=reinterpret pc=0x00000168427abd40 method=java.nio.charset.CoderResult.isOverflow()Z @ 5 c2
Event: 229.222 Thread 0x000001682fe3d600 DEOPT PACKING pc=0x00000168427abd40 sp=0x0000004cc6bfe340
Event: 229.223 Thread 0x000001682fe3d600 DEOPT UNPACKING pc=0x000001684226857c sp=0x0000004cc6bfe068 mode 2

Classes loaded (20 events):
Event: 197.506 Loading class java/lang/annotation/Target
Event: 197.513 Loading class java/lang/annotation/Target done
Event: 197.513 Loading class java/lang/annotation/ElementType
Event: 197.518 Loading class java/lang/annotation/ElementType done
Event: 197.531 Loading class java/lang/annotation/Documented
Event: 197.531 Loading class java/lang/annotation/Documented done
Event: 220.232 Loading class java/util/concurrent/TimeoutException
Event: 220.356 Loading class java/util/concurrent/TimeoutException done
Event: 220.356 Loading class java/util/concurrent/CancellationException
Event: 220.411 Loading class java/util/concurrent/CancellationException done
Event: 222.033 Loading class java/lang/reflect/ParameterizedType
Event: 222.034 Loading class java/lang/reflect/ParameterizedType done
Event: 222.348 Loading class java/lang/reflect/WildcardType
Event: 222.418 Loading class java/lang/reflect/WildcardType done
Event: 222.644 Loading class sun/reflect/generics/tree/TypeVariableSignature
Event: 222.644 Loading class sun/reflect/generics/tree/TypeVariableSignature done
Event: 223.980 Loading class java/lang/annotation/IncompleteAnnotationException
Event: 223.992 Loading class java/lang/annotation/IncompleteAnnotationException done
Event: 231.813 Loading class java/lang/foreign/MemorySegment
Event: 231.841 Loading class java/lang/foreign/MemorySegment done

Classes unloaded (0 events):
No events

Classes redefined (0 events):
No events

Internal exceptions (20 events):
Event: 63.938 Thread 0x000001682fe3d600 Exception <a 'java/lang/NullPointerException'{0x00000000c655aff0}> (0x00000000c655aff0) 
thrown [s\src\hotspot\share\interpreter\linkResolver.cpp, line 1416]
Event: 64.859 Thread 0x000001682fe3d600 Exception <a 'sun/nio/fs/WindowsException'{0x00000000c657c588}> (0x00000000c657c588) 
thrown [s\src\hotspot\share\prims\jni.cpp, line 516]
Event: 64.859 Thread 0x000001682fe3d600 Exception <a 'sun/nio/fs/WindowsException'{0x00000000c657cbb8}> (0x00000000c657cbb8) 
thrown [s\src\hotspot\share\prims\jni.cpp, line 516]
Event: 64.860 Thread 0x000001682fe3d600 Exception <a 'sun/nio/fs/WindowsException'{0x00000000c657d118}> (0x00000000c657d118) 
thrown [s\src\hotspot\share\prims\jni.cpp, line 516]
Event: 64.860 Thread 0x000001682fe3d600 Exception <a 'sun/nio/fs/WindowsException'{0x00000000c657d658}> (0x00000000c657d658) 
thrown [s\src\hotspot\share\prims\jni.cpp, line 516]
Event: 64.860 Thread 0x000001682fe3d600 Exception <a 'sun/nio/fs/WindowsException'{0x00000000c657db48}> (0x00000000c657db48) 
thrown [s\src\hotspot\share\prims\jni.cpp, line 516]
Event: 64.860 Thread 0x000001682fe3d600 Exception <a 'sun/nio/fs/WindowsException'{0x00000000c657dff0}> (0x00000000c657dff0) 
thrown [s\src\hotspot\share\prims\jni.cpp, line 516]
Event: 65.113 Thread 0x000001682fe3d600 Exception <a 'java/lang/NoSuchMethodError'{0x00000000c65b7628}: 'void java.lang.invoke.DirectMethodHandle$Holder.invokeVirtual(java.lang.Object, java.lang.Object)'> (0x00000000c65b7628) 
thrown [s\src\hotspot\share\interpreter\linkResolver.cpp, line 804]
Event: 67.804 Thread 0x000001682fe3d600 Exception <a 'java/lang/NoSuchMethodError'{0x00000000c65d8920}: 'void java.lang.invoke.DirectMethodHandle$Holder.invokeStatic(java.lang.Object, java.lang.Object)'> (0x00000000c65d8920) 
thrown [s\src\hotspot\share\interpreter\linkResolver.cpp, line 804]
Event: 67.806 Thread 0x000001682fe3d600 Exception <a 'java/lang/NoSuchMethodError'{0x00000000c6407a60}: 'void java.lang.invoke.DirectMethodHandle$Holder.invokeStaticInit(java.lang.Object, java.lang.Object)'> (0x00000000c6407a60) 
thrown [s\src\hotspot\share\interpreter\linkResolver.cpp, line 804]
Event: 67.817 Thread 0x000001682fe3d600 Exception <a 'java/lang/NoSuchMethodError'{0x00000000c6439fe0}: 'void java.lang.invoke.DirectMethodHandle$Holder.invokeSpecial(java.lang.Object, java.lang.Object, java.lang.Object, java.lang.Object, java.lang.Object)'> (0x00000000c6439fe0) 
thrown [s\src\hotspot\share\interpreter\linkResolver.cpp, line 804]
Event: 67.833 Thread 0x000001682fe3d600 Exception <a 'java/lang/NoSuchMethodError'{0x00000000c6475d58}: 'void java.lang.invoke.DirectMethodHandle$Holder.invokeStatic(java.lang.Object, java.lang.Object, java.lang.Object)'> (0x00000000c6475d58) 
thrown [s\src\hotspot\share\interpreter\linkResolver.cpp, line 804]
Event: 96.253 Thread 0x000001682fe3d600 Exception <a 'java/lang/NoSuchMethodError'{0x00000000c6214dd8}: 'java.lang.Object java.lang.invoke.DirectMethodHandle$Holder.invokeSpecialIFC(java.lang.Object, java.lang.Object, java.lang.Object, java.lang.Object)'> (0x00000000c6214dd8) 
thrown [s\src\hotspot\share\interpreter\linkResolver.cpp, line 804]
Event: 153.849 Thread 0x000001682fe3d600 Exception <a 'java/lang/NoSuchMethodError'{0x00000000c5d046a8}: 'void java.lang.invoke.DirectMethodHandle$Holder.invokeSpecial(java.lang.Object, java.lang.Object, java.lang.Object)'> (0x00000000c5d046a8) 
thrown [s\src\hotspot\share\interpreter\linkResolver.cpp, line 804]
Event: 161.341 Thread 0x000001682fe3d600 Exception <a 'java/lang/NoSuchMethodError'{0x00000000c5c1ff40}: 'java.lang.Object java.lang.invoke.DirectMethodHandle$Holder.invokeInterface(java.lang.Object, java.lang.Object)'> (0x00000000c5c1ff40) 
thrown [s\src\hotspot\share\interpreter\linkResolver.cpp, line 804]
Event: 163.096 Thread 0x000001682fe3d600 Exception <a 'java/lang/NoSuchMethodError'{0x00000000c5ccb850}: 'int java.lang.invoke.DirectMethodHandle$Holder.invokeStatic(java.lang.Object, java.lang.Object, java.lang.Object, java.lang.Object)'> (0x00000000c5ccb850) 
thrown [s\src\hotspot\share\interpreter\linkResolver.cpp, line 804]
Event: 165.223 Thread 0x000001682fe3d600 Exception <a 'java/lang/NoSuchMethodError'{0x00000000c5cf6630}: 'int java.lang.invoke.DirectMethodHandle$Holder.invokeSpecialIFC(java.lang.Object, java.lang.Object, java.lang.Object, java.lang.Object, java.lang.Object)'> (0x00000000c5cf6630) 
thrown [s\src\hotspot\share\interpreter\linkResolver.cpp, line 804]
Event: 200.506 Thread 0x000001682fe3d600 Exception <a 'java/lang/NoSuchMethodError'{0x00000000c68c2d70}: 'java.lang.Object java.lang.invoke.DirectMethodHandle$Holder.newInvokeSpecial(java.lang.Object, java.lang.Object, java.lang.Object, java.lang.Object, java.lang.Object)'> (0x00000000c68c2d70) 
thrown [s\src\hotspot\share\interpreter\linkResolver.cpp, line 804]
Event: 222.811 Thread 0x000001682fe3d600 Exception <a 'java/lang/NoSuchMethodError'{0x00000000c67dd0f0}: 'int java.lang.invoke.DirectMethodHandle$Holder.invokeStaticInit(java.lang.Object, java.lang.Object)'> (0x00000000c67dd0f0) 
thrown [s\src\hotspot\share\interpreter\linkResolver.cpp, line 804]
Event: 223.993 Thread 0x000001682fe3d600 Exception <a 'java/lang/NoClassDefFoundError'{0x00000000c6618680}: javax/enterprise/inject/Typed> (0x00000000c6618680) 
thrown [s\src\hotspot\share\classfile\systemDictionary.cpp, line 316]

VM Operations (12 events):
Event: 18.104 Executing non-safepoint VM operation: HandshakeAllThreads (Deoptimize)
Event: 18.104 Executing non-safepoint VM operation: HandshakeAllThreads (Deoptimize) done
Event: 50.804 Executing non-safepoint VM operation: HandshakeAllThreads (Deoptimize)
Event: 50.804 Executing non-safepoint VM operation: HandshakeAllThreads (Deoptimize) done
Event: 71.485 Executing non-safepoint VM operation: HandshakeAllThreads (Deoptimize)
Event: 71.487 Executing non-safepoint VM operation: HandshakeAllThreads (Deoptimize) done
Event: 120.519 Executing non-safepoint VM operation: HandshakeAllThreads (HandshakeForDeflation)
Event: 122.629 Executing non-safepoint VM operation: HandshakeAllThreads (HandshakeForDeflation) done
Event: 122.630 Executing non-safepoint VM operation: RendezvousGCThreads
Event: 122.630 Executing non-safepoint VM operation: RendezvousGCThreads done
Event: 165.324 Executing safepoint VM operation: G1CollectForAllocation (G1 Evacuation Pause)
Event: 171.085 Executing safepoint VM operation: G1CollectForAllocation (G1 Evacuation Pause) done

Memory protections (0 events):
No events

Nmethod flushes (0 events):
No events

Events (13 events):
Event: 0.299 Thread 0x000001682fe3d600 Thread added: 0x000001682fe3d600
Event: 0.618 Thread 0x000001682fe3d600 Thread added: 0x000001684cf13a80
Event: 0.619 Thread 0x000001682fe3d600 Thread added: 0x000001684cf16920
Event: 0.619 Thread 0x000001682fe3d600 Thread added: 0x000001684cf1a060
Event: 0.620 Thread 0x000001682fe3d600 Thread added: 0x000001684cf1ac20
Event: 0.620 Thread 0x000001682fe3d600 Thread added: 0x000001684cf1c530
Event: 0.620 Thread 0x000001682fe3d600 Thread added: 0x000001684cf1f100
Event: 0.621 Thread 0x000001682fe3d600 Thread added: 0x000001684cf1fff0
Event: 0.682 Thread 0x000001682fe3d600 Thread added: 0x000001684cf90c50
Event: 6.260 Thread 0x000001682fe3d600 Thread added: 0x000001684d055c40
Event: 6.264 Thread 0x000001682fe3d600 Thread added: 0x000001684d05eaa0
Event: 60.207 Thread 0x000001682fe3d600 Thread added: 0x000001684d3600f0
Event: 76.223 Thread 0x000001684d3600f0 Thread exited: 0x000001684d3600f0


Dynamic libraries:
0x00007ff62b400000 - 0x00007ff62b40e000 	C:\Program Files\Apache NetBeans\jdk\bin\java.exe
0x00007ffea0ee0000 - 0x00007ffea1147000 	C:\WINDOWS\SYSTEM32\ntdll.dll
0x00007ffe9fee0000 - 0x00007ffe9ffa9000 	C:\WINDOWS\System32\KERNEL32.DLL
0x00007ffe9dbe0000 - 0x00007ffe9dfd4000 	C:\WINDOWS\System32\KERNELBASE.dll
0x00007ffe9e110000 - 0x00007ffe9e25b000 	C:\WINDOWS\System32\ucrtbase.dll
0x00007ffe8a0d0000 - 0x00007ffe8a0e6000 	C:\Program Files\Apache NetBeans\jdk\bin\jli.dll
0x00007ffe9ed70000 - 0x00007ffe9ef35000 	C:\WINDOWS\System32\USER32.dll
0x00007ffe9eb90000 - 0x00007ffe9ebb7000 	C:\WINDOWS\System32\win32u.dll
0x00007ffea09d0000 - 0x00007ffea09fb000 	C:\WINDOWS\System32\GDI32.dll
0x00007ffe9dfe0000 - 0x00007ffe9e10a000 	C:\WINDOWS\System32\gdi32full.dll
0x00007ffe9ebc0000 - 0x00007ffe9ec63000 	C:\WINDOWS\System32\msvcp_win.dll
0x00007ffe8b780000 - 0x00007ffe8b79e000 	C:\Program Files\Apache NetBeans\jdk\bin\VCRUNTIME140.dll
0x00007ffe8ba70000 - 0x00007ffe8bd03000 	C:\WINDOWS\WinSxS\amd64_microsoft.windows.common-controls_6595b64144ccf1df_6.0.26100.8115_none_3e075c82e3354f9c\COMCTL32.dll
0x00007ffea0400000 - 0x00007ffea04a9000 	C:\WINDOWS\System32\msvcrt.dll
0x00007ffe9fd40000 - 0x00007ffe9fd72000 	C:\WINDOWS\System32\IMM32.DLL
0x00007ffe92200000 - 0x00007ffe9220c000 	C:\Program Files\Apache NetBeans\jdk\bin\vcruntime140_1.dll
0x00007ffe76b40000 - 0x00007ffe76bcd000 	C:\Program Files\Apache NetBeans\jdk\bin\msvcp140.dll
0x00007ffe28420000 - 0x00007ffe29346000 	C:\Program Files\Apache NetBeans\jdk\bin\server\jvm.dll
0x00007ffea0660000 - 0x00007ffea0716000 	C:\WINDOWS\System32\ADVAPI32.dll
0x00007ffea04b0000 - 0x00007ffea0557000 	C:\WINDOWS\System32\sechost.dll
0x00007ffe9f250000 - 0x00007ffe9f368000 	C:\WINDOWS\System32\RPCRT4.dll
0x00007ffea0940000 - 0x00007ffea09c0000 	C:\WINDOWS\System32\WS2_32.dll
0x00007ffe9d610000 - 0x00007ffe9d66e000 	C:\WINDOWS\SYSTEM32\POWRPROF.dll
0x00007ffe7a540000 - 0x00007ffe7a576000 	C:\WINDOWS\SYSTEM32\WINMM.dll
0x00007ffe8c650000 - 0x00007ffe8c65b000 	C:\WINDOWS\SYSTEM32\VERSION.dll
0x00007ffe9d5f0000 - 0x00007ffe9d604000 	C:\WINDOWS\SYSTEM32\UMPDC.dll
0x00007ffe9c540000 - 0x00007ffe9c55b000 	C:\WINDOWS\SYSTEM32\kernel.appcore.dll
0x00007ffe904d0000 - 0x00007ffe904da000 	C:\Program Files\Apache NetBeans\jdk\bin\jimage.dll
0x00007ffe9b6f0000 - 0x00007ffe9b932000 	C:\WINDOWS\SYSTEM32\DBGHELP.DLL
0x00007ffe9ffb0000 - 0x00007ffea0332000 	C:\WINDOWS\System32\combase.dll
0x00007ffe9f400000 - 0x00007ffe9f4d7000 	C:\WINDOWS\System32\OLEAUT32.dll
0x00007ffe8c3b0000 - 0x00007ffe8c3eb000 	C:\WINDOWS\SYSTEM32\dbgcore.DLL
0x00007ffe9d9c0000 - 0x00007ffe9da65000 	C:\WINDOWS\System32\bcryptPrimitives.dll
0x00007ffe8a200000 - 0x00007ffe8a21e000 	C:\Program Files\Apache NetBeans\jdk\bin\java.dll
0x00007ffea0790000 - 0x00007ffea0927000 	C:\WINDOWS\System32\ole32.dll
0x00007ffe9f570000 - 0x00007ffe9fcd6000 	C:\WINDOWS\System32\SHELL32.dll
0x00007ffe9da70000 - 0x00007ffe9dbda000 	C:\WINDOWS\System32\wintypes.dll
0x00007ffe9e260000 - 0x00007ffe9eac5000 	C:\WINDOWS\System32\windows.storage.dll
0x00007ffe9ef40000 - 0x00007ffe9f037000 	C:\WINDOWS\System32\SHCORE.dll
0x00007ffea0720000 - 0x00007ffea0786000 	C:\WINDOWS\System32\shlwapi.dll
0x00007ffe9d6d0000 - 0x00007ffe9d6f9000 	C:\WINDOWS\SYSTEM32\profapi.dll
0x00007ffe89600000 - 0x00007ffe89611000 	C:\Program Files\Apache NetBeans\jdk\bin\net.dll
0x00007ffe9cab0000 - 0x00007ffe9cb1c000 	C:\WINDOWS\system32\mswsock.dll
0x00007ffe895e0000 - 0x00007ffe895f6000 	C:\Program Files\Apache NetBeans\jdk\bin\nio.dll
0x00007ffe8a0b0000 - 0x00007ffe8a0c7000 	C:\Program Files\Apache NetBeans\jdk\bin\zip.dll
0x00007ffe77c10000 - 0x00007ffe77c34000 	C:\Program Files\Apache NetBeans\java\maven\lib\jansi-native\Windows\x86_64\jansi.dll
0x00007ffe895d0000 - 0x00007ffe895e0000 	C:\Program Files\Apache NetBeans\jdk\bin\verify.dll

JVMTI agents: none

dbghelp: loaded successfully - version: 4.0.5 - missing functions: none
symbol engine: initialized successfully - sym options: 0x614 - pdb path: .;C:\Program Files\Apache NetBeans\jdk\bin;C:\WINDOWS\SYSTEM32;C:\WINDOWS\WinSxS\amd64_microsoft.windows.common-controls_6595b64144ccf1df_6.0.26100.8115_none_3e075c82e3354f9c;C:\Program Files\Apache NetBeans\jdk\bin\server;C:\Program Files\Apache NetBeans\java\maven\lib\jansi-native\Windows\x86_64

VM Arguments:
jvm_args: --enable-native-access=ALL-UNNAMED -Dclassworlds.conf=C:\Program Files\Apache NetBeans\java\maven\bin\m2.conf -Dmaven.home=C:\Program Files\Apache NetBeans\java\maven -Dlibrary.jansi.path=C:\Program Files\Apache NetBeans\java\maven\lib\jansi-native -Dmaven.multiModuleProjectDirectory=C:\Users\ASUS\Documents\NetBeansProjects\Lubiproject1 
java_command: org.codehaus.plexus.classworlds.launcher.Launcher -Dmaven.ext.class.path=C:\Program Files\Apache NetBeans\java\maven-nblib\netbeans-eventspy.jar --no-transfer-progress install
java_class_path (initial): C:\Program Files\Apache NetBeans\java\maven\boot\plexus-classworlds-2.9.0.jar
Launcher Type: SUN_STANDARD

[Global flags]
     intx CICompilerCount                          = 2                                         {product} {ergonomic}
     uint ConcGCThreads                            = 1                                         {product} {ergonomic}
     uint G1ConcRefinementThreads                  = 2                                         {product} {ergonomic}
   size_t G1HeapRegionSize                         = 1048576                                   {product} {ergonomic}
   size_t InitialHeapSize                          = 65011712                                  {product} {ergonomic}
   size_t MarkStackSize                            = 4194304                                   {product} {ergonomic}
   size_t MarkStackSizeMax                         = 536870912                                 {product} {ergonomic}
   size_t MaxHeapSize                              = 1027604480                                {product} {ergonomic}
   size_t MaxNewSize                               = 616562688                                 {product} {ergonomic}
   size_t MinHeapDeltaBytes                        = 1048576                                   {product} {ergonomic}
   size_t MinHeapSize                              = 8388608                                   {product} {ergonomic}
    uintx NonNMethodCodeHeapSize                   = 5767168                                {pd product} {ergonomic}
    uintx NonProfiledCodeHeapSize                  = 123011072                              {pd product} {ergonomic}
    uintx ProfiledCodeHeapSize                     = 122880000                              {pd product} {ergonomic}
    uintx ReservedCodeCacheSize                    = 251658240                              {pd product} {ergonomic}
     bool SegmentedCodeCache                       = true                                      {product} {ergonomic}
   size_t SoftMaxHeapSize                          = 1027604480                             {manageable} {ergonomic}
     bool UseCompressedOops                        = true                           {product lp64_product} {ergonomic}
     bool UseG1GC                                  = true                                      {product} {ergonomic}
     bool UseLargePagesIndividualAllocation        = false                                  {pd product} {ergonomic}

Logging:
Log output configuration:
 #0: stdout all=warning uptime,level,tags foldmultilines=false
 #1: stderr all=off uptime,level,tags foldmultilines=false

Release file:
IMPLEMENTOR="Eclipse Adoptium" 
IMPLEMENTOR_VERSION="Temurin-25.0.2+10" 
JAVA_RUNTIME_VERSION="25.0.2+10-LTS" 
JAVA_VERSION="25.0.2" 
JAVA_VERSION_DATE="2026-01-20" 
LIBC="default" 
MODULES="java.base java.compiler java.datatransfer java.xml java.prefs java.desktop java.instrument java.logging java.management java.security.sasl java.naming java.rmi java.management.rmi java.net.http java.scripting java.security.jgss java.transaction.xa java.sql java.sql.rowset java.xml.crypto java.se java.smartcardio jdk.accessibility jdk.internal.jvmstat jdk.attach jdk.charsets jdk.internal.opt jdk.zipfs jdk.compiler jdk.crypto.cryptoki jdk.crypto.ec jdk.crypto.mscapi jdk.dynalink jdk.internal.ed jdk.editpad jdk.internal.vm.ci jdk.graal.compiler jdk.graal.compiler.management jdk.hotspot.agent jdk.httpserver jdk.incubator.vector jdk.internal.le jdk.internal.md jdk.jartool jdk.javadoc jdk.jcmd jdk.management jdk.management.agent jdk.jconsole jdk.jdeps jdk.jdwp.agent jdk.jdi jdk.jfr jdk.jlink jdk.jpackage jdk.jshell jdk.jsobject jdk.jstatd jdk.localedata jdk.management.jfr jdk.naming.dns jdk.naming.rmi jdk.net jdk.nio.mapmode jdk.sctp jdk.security.auth jdk.security.jgss jdk.unsupported jdk.unsupported.desktop jdk.xml.dom" 
OS_ARCH="x86_64" 
OS_NAME="Windows" 
SOURCE=".:git:9e3c947043a4" 
BUILD_SOURCE="git:458965074606f027bd5afce2cfd5c1055dea0438"
BUILD_SOURCE_REPO="https://github.com/adoptium/temurin-build.git"
SOURCE_REPO="https://github.com/adoptium/jdk25u.git"
FULL_VERSION="25.0.2+10-LTS"
SEMANTIC_VERSION="25.0.2+10"
BUILD_INFO="OS: Windows Server 2022 Version: 10.0"
JVM_VARIANT="Hotspot"
JVM_VERSION="25.0.2+10-LTS"
IMAGE_TYPE="JDK"

Environment Variables:
JAVA_HOME=C:\Program Files\Apache NetBeans\jdk
PATH=C:\WINDOWS\system32;C:\WINDOWS;C:\WINDOWS\System32\Wbem;C:\WINDOWS\System32\WindowsPowerShell\v1.0\;C:\WINDOWS\System32\OpenSSH\;C:\Program Files\Git\cmd;C:\Users\ASUS\AppData\Local\Microsoft\WindowsApps;;C:\Program Files\Apache NetBeans\bin\
USERNAME=ASUS
OS=Windows_NT
PROCESSOR_IDENTIFIER=Intel64 Family 6 Model 122 Stepping 1, GenuineIntel
TMP=C:\Users\ASUS\AppData\Local\Temp
TEMP=C:\Users\ASUS\AppData\Local\Temp




Compilation memory statistics disabled.

Periodic native trim disabled

---------------  S Y S T E M  ---------------

OS:
 Windows 11 , 64 bit Build 26100 (10.0.26100.8115)
OS uptime: 0 days 0:58 hours

CPU: total 2 (initial active 2) (2 cores per cpu, 1 threads per core) family 6 model 122 stepping 1 microcode 0x34, cx8, cmov, fxsr, mmx, 3dnowpref, sse, sse2, sse3, ssse3, sse4.1, sse4.2, popcnt, tsc, tscinvbit, aes, erms, clmul, sha, clflush, clflushopt, rdtscp, rdpid
Processor Information for the first 2 processors :
  Max Mhz: 1101, Current Mhz: 1101, Mhz Limit: 1101

Memory: 4k page, system-wide physical 3919M (290M free)
TotalPageFile size 15695M (AvailPageFile size 12M)
current process WorkingSet (physical memory assigned to process): 39M, peak: 39M
current process commit charge ("private bytes"): 146M, peak: 150M

vm_info: OpenJDK 64-Bit Server VM (25.0.2+10-LTS) for windows-amd64 JRE (25.0.2+10-LTS), built on 2026-01-20T00:00:00Z with MS VC++ 17.12 (VS2022)

END.
