#
# There is insufficient memory for the Java Runtime Environment to continue.
# Native memory allocation (malloc) failed to allocate 32752 bytes. Error detail: Chunk::new
# Possible reasons:
#   The system is out of physical RAM or swap space
#   This process is running with CompressedOops enabled, and the Java Heap may be blocking the growth of the native heap
# Possible solutions:
#   Reduce memory load on the system
#   Increase physical memory or swap space
#   Check if swap backing store is full
#   Decrease Java heap size (-Xmx/-Xms)
#   Decrease number of Java threads
#   Decrease Java thread stack sizes (-Xss)
#   Set larger code cache with -XX:ReservedCodeCacheSize=
#   JVM is running with Unscaled Compressed Oops mode in which the Java heap is
#     placed in the first 4GB address space. The Java Heap base address is the
#     maximum limit for the native heap growth. Please use -XX:HeapBaseMinAddress
#     to set the Java Heap base and to place the Java Heap above 4GB virtual address.
# This output file may be truncated or incomplete.
#
#  Out of Memory Error (arena.cpp:186), pid=21104, tid=25480
#
# JRE version: OpenJDK Runtime Environment Temurin-25.0.2+10 (25.0.2+10) (build 25.0.2+10-LTS)
# Java VM: OpenJDK 64-Bit Server VM Temurin-25.0.2+10 (25.0.2+10-LTS, mixed mode, sharing, tiered, compressed oops, compressed class ptrs, g1 gc, windows-amd64)
# No core dump will be written. Minidumps are not enabled by default on client versions of Windows
#

---------------  S U M M A R Y ------------

Command Line: --enable-native-access=ALL-UNNAMED -Dclassworlds.conf=C:\Program Files\Apache NetBeans\java\maven\bin\m2.conf -Dmaven.home=C:\Program Files\Apache NetBeans\java\maven -Dlibrary.jansi.path=C:\Program Files\Apache NetBeans\java\maven\lib\jansi-native -Dmaven.multiModuleProjectDirectory=C:\Users\ASUS\Documents\NetBeansProjects\Lubiproject1 org.codehaus.plexus.classworlds.launcher.Launcher -Dmaven.ext.class.path=C:\Program Files\Apache NetBeans\java\maven-nblib\netbeans-eventspy.jar --no-transfer-progress install

Host: Intel(R) Celeron(R) N4000 CPU @ 1.10GHz, 2 cores, 3G,  Windows 11 , 64 bit Build 26100 (10.0.26100.8115)
Time: Fri Apr  3 20:19:47 2026 SE Asia Standard Time elapsed time: 79.948134 seconds (0d 0h 1m 19s)

---------------  T H R E A D  ---------------

Current thread (0x00000265c4ccd630):  JavaThread "main"             [_thread_in_vm, id=25480, stack(0x0000007321900000,0x0000007321a00000) (1024K)]

Stack: [0x0000007321900000,0x0000007321a00000]
Native frames: (J=compiled Java code, j=interpreted, Vv=VM code, C=native code)
V  [jvm.dll+0x7a8bc9]  (no source info available)
V  [jvm.dll+0x77310d]  (no source info available)
V  [jvm.dll+0x9f55f3]  (no source info available)
V  [jvm.dll+0x9f7be1]  (no source info available)
V  [jvm.dll+0x9f82f3]  (no source info available)
V  [jvm.dll+0x2fce26]  (no source info available)
V  [jvm.dll+0x111076]  (no source info available)
V  [jvm.dll+0x11139e]  (no source info available)
V  [jvm.dll+0x28785a]  (no source info available)
V  [jvm.dll+0x28a5cf]  (no source info available)
V  [jvm.dll+0x280016]  (no source info available)
V  [jvm.dll+0x6689e1]  (no source info available)
V  [jvm.dll+0x9656d6]  (no source info available)
V  [jvm.dll+0x51a792]  (no source info available)
V  [jvm.dll+0x5204c8]  (no source info available)
C  [java.dll+0x17c2]  (no source info available)
C  0x00000265d754a677  (no source info available)

The last pc belongs to native nmethod (printed below).
Java frames: (J=compiled Java code, j=interpreted, Vv=VM code)
J 593  java.lang.ClassLoader.defineClass1(Ljava/lang/ClassLoader;Ljava/lang/String;[BIILjava/security/ProtectionDomain;Ljava/lang/String;)Ljava/lang/Class; java.base@25.0.2 (0 bytes) @ 0x00000265d754a641 [0x00000265d754a580+0x00000000000000c1]
J 931 c1 java.lang.ClassLoader.defineClass(Ljava/lang/String;[BIILjava/security/ProtectionDomain;)Ljava/lang/Class; java.base@25.0.2 (43 bytes) @ 0x00000265cfbb6aac [0x00000265cfbb6500+0x00000000000005ac]
J 874 c1 java.security.SecureClassLoader.defineClass(Ljava/lang/String;[BIILjava/security/CodeSource;)Ljava/lang/Class; java.base@25.0.2 (16 bytes) @ 0x00000265cfb95f54 [0x00000265cfb95e00+0x0000000000000154]
j  java.net.URLClassLoader.defineClass(Ljava/lang/String;Ljdk/internal/loader/Resource;)Ljava/lang/Class;+220 java.base@25.0.2
j  java.net.URLClassLoader.findClass(Ljava/lang/String;)Ljava/lang/Class;+30 java.base@25.0.2
J 1006 c1 org.codehaus.plexus.classworlds.realm.ClassRealm.findClassInternal(Ljava/lang/String;)Ljava/lang/Class; (6 bytes) @ 0x00000265cfbcccfc [0x00000265cfbccc80+0x000000000000007c]
j  org.codehaus.plexus.classworlds.realm.ClassRealm.loadClassFromSelf(Ljava/lang/String;)Ljava/lang/Class;+20
J 938 c1 org.codehaus.plexus.classworlds.strategy.SelfFirstStrategy.loadClass(Ljava/lang/String;)Ljava/lang/Class; (50 bytes) @ 0x00000265cfbb8dc4 [0x00000265cfbb8a00+0x00000000000003c4]
J 878 c1 org.codehaus.plexus.classworlds.realm.ClassRealm.loadClass(Ljava/lang/String;Z)Ljava/lang/Class; (33 bytes) @ 0x00000265cfb9796c [0x00000265cfb97800+0x000000000000016c]
J 663 c1 org.codehaus.plexus.classworlds.realm.ClassRealm.loadClass(Ljava/lang/String;)Ljava/lang/Class; (7 bytes) @ 0x00000265cfb35784 [0x00000265cfb35680+0x0000000000000104]
v  ~StubRoutines::call_stub 0x00000265d6fa12f5
j  com.google.inject.spi.Elements.getElements(Lcom/google/inject/Stage;Ljava/lang/Iterable;)Ljava/util/List;+95
j  com.google.inject.spi.Elements.getElements([Lcom/google/inject/Module;)Ljava/util/List;+7
j  org.eclipse.sisu.wire.ElementAnalyzer.<clinit>()V+68
v  ~StubRoutines::call_stub 0x00000265d6fa12f5
j  org.eclipse.sisu.wire.WireModule.configure(Lcom/google/inject/Binder;)V+0
j  com.google.inject.spi.Elements$RecordingBinder.install(Lcom/google/inject/Module;)V+209
j  com.google.inject.spi.Elements.getElements(Lcom/google/inject/Stage;Ljava/lang/Iterable;)Ljava/util/List;+40
j  com.google.inject.internal.InjectorShell$Builder.build(Lcom/google/inject/internal/Initializer;Lcom/google/inject/internal/ProcessedBindingData;Lcom/google/inject/internal/util/ContinuousStopwatch;Lcom/google/inject/internal/Errors;)Ljava/util/List;+163
j  com.google.inject.internal.InternalInjectorCreator.build()Lcom/google/inject/Injector;+48
j  com.google.inject.Guice.createInjector(Lcom/google/inject/Stage;Ljava/lang/Iterable;)Lcom/google/inject/Injector;+15
j  com.google.inject.Guice.createInjector(Ljava/lang/Iterable;)Lcom/google/inject/Injector;+4
j  com.google.inject.Guice.createInjector([Lcom/google/inject/Module;)Lcom/google/inject/Injector;+4
j  org.codehaus.plexus.DefaultPlexusContainer.addPlexusInjector(Ljava/util/List;[Lcom/google/inject/Module;)Lcom/google/inject/Injector;+88
j  org.codehaus.plexus.DefaultPlexusContainer.<init>(Lorg/codehaus/plexus/ContainerConfiguration;[Lcom/google/inject/Module;)V+414
j  org.apache.maven.cli.MavenCli.container(Lorg/apache/maven/cli/CliRequest;)Lorg/codehaus/plexus/PlexusContainer;+279
j  org.apache.maven.cli.MavenCli.doMain(Lorg/apache/maven/cli/CliRequest;)I+38
j  org.apache.maven.cli.MavenCli.main([Ljava/lang/String;Lorg/codehaus/plexus/classworlds/ClassWorld;)I+24
j  java.lang.invoke.DirectMethodHandle$Holder.invokeStatic(Ljava/lang/Object;Ljava/lang/Object;Ljava/lang/Object;)I+11 java.base@25.0.2
j  java.lang.invoke.LambdaForm$MH+0x000000000b049000.invoke(Ljava/lang/Object;Ljava/lang/Object;Ljava/lang/Object;Ljava/lang/Object;)Ljava/lang/Object;+54 java.base@25.0.2
j  java.lang.invoke.LambdaForm$MH+0x000000000b049400.invokeExact_MT(Ljava/lang/Object;Ljava/lang/Object;Ljava/lang/Object;Ljava/lang/Object;Ljava/lang/Object;)Ljava/lang/Object;+22 java.base@25.0.2
j  jdk.internal.reflect.DirectMethodHandleAccessor.invokeImpl(Ljava/lang/Object;[Ljava/lang/Object;)Ljava/lang/Object;+72 java.base@25.0.2
j  jdk.internal.reflect.DirectMethodHandleAccessor.invoke(Ljava/lang/Object;[Ljava/lang/Object;)Ljava/lang/Object;+23 java.base@25.0.2
j  java.lang.reflect.Method.invoke(Ljava/lang/Object;[Ljava/lang/Object;)Ljava/lang/Object;+102 java.base@25.0.2
j  org.codehaus.plexus.classworlds.launcher.Launcher.launchEnhanced([Ljava/lang/String;)V+45
j  org.codehaus.plexus.classworlds.launcher.Launcher.launch([Ljava/lang/String;)V+2
j  org.codehaus.plexus.classworlds.launcher.Launcher.mainWithExitCode([Ljava/lang/String;)I+108
j  org.codehaus.plexus.classworlds.launcher.Launcher.main([Ljava/lang/String;)V+1
v  ~StubRoutines::call_stub 0x00000265d6fa12f5
Lock stack of current Java thread (top to bottom):
LockStack[1]: java.lang.Object 
{0x00000000c6828380} - klass: 'java/lang/Object' - flags: 

 - ---- fields (total size 2 words):
LockStack[0]: com.google.inject.internal.InjectorJitBindingData 
{0x00000000c5b000e8} - klass: 'com/google/inject/internal/InjectorJitBindingData' - flags: 

 - ---- fields (total size 4 words):
 - private final 'jitBindings' 'Ljava/util/Map;' @12  a 'java/util/HashMap'{0x00000000c2c679f8} (0xc2c679f8)
 - private final 'failedJitBindings' 'Ljava/util/Set;' @16  a 'java/util/HashSet'{0x00000000c2c67a28} (0xc2c67a28)
 - private final 'bannedKeys' 'Lcom/google/inject/internal/WeakKeySet;' @20  a 'com/google/inject/internal/WeakKeySet'{0x00000000c2c67a68} (0xc2c67a68)
 - private final 'parent' 'Ljava/util/Optional;' @24  a 'java/util/Optional'{0x00000000c5be81a8} (0xc5be81a8)
 - private final 'lock' 'Ljava/lang/Object;' @28  a 'com/google/inject/internal/InjectorJitBindingData'{0x00000000c5b000e8} (0xc5b000e8)


Compiled method (n/a) 86352  593     n 0       java.lang.ClassLoader::defineClass1 (native)
 total in heap  [0x00000265d754a488,0x00000265d754a898] = 1040
 main code      [0x00000265d754a580,0x00000265d754a896] = 790
 stub code      [0x00000265d754a896,0x00000265d754a898] = 2
 mutable data [0x00000265e65d8cd0,0x00000265e65d8cf8] = 40
 relocation     [0x00000265e65d8cd0,0x00000265e65d8cf8] = 40

[Constant Pool (empty)]

[MachCode]
[Entry Point]
  # {method} {0x000000000a4a3450} 'defineClass1' '(Ljava/lang/ClassLoader;Ljava/lang/String;[BIILjava/security/ProtectionDomain;Ljava/lang/String;)Ljava/lang/Class;' in 'java/lang/ClassLoader'
  # parm0:    rdx:rdx   = 'java/lang/ClassLoader'
  # parm1:    r8:r8     = 'java/lang/String'
  # parm2:    r9:r9     = '[B'
  # parm3:    rdi       = int
  # parm4:    rsi       = int
  # parm5:    rcx:rcx   = 'java/security/ProtectionDomain'
  # parm6:    [sp+0xa0]   = 'java/lang/String'  (sp of caller)
  0x00000265d754a580: 6690 448b | 5208 443b 

  0x00000265d754a588: ;   {runtime_call Shared Runtime ic_miss_blob}
  0x00000265d754a588: 5008 0f85 | 5045 aaff 
[Verified Entry Point]
  0x00000265d754a590: 8984 2400 | 80ff ff55 | 488b ec48 | 81ec 9000 | 0000 6690 | 4181 7f20 | 0100 0000 

  0x00000265d754a5ac: ;   {runtime_call Stub::method_entry_barrier}
  0x00000265d754a5ac: 7405 e84d | 9ba8 ff48 | 837d 1000 | 488d 4510 | 480f 4445 | 1048 8944 | 2440 4889 | 4c24 7048 
  0x00000265d754a5cc: 83f9 0048 | 8d44 2470 | 480f 4444 | 2470 4889 | 4424 3848 | 8974 2430 | 4889 7c24 | 284c 894c 
  0x00000265d754a5ec: 2458 4983 | f900 488d | 4424 5848 | 0f44 4424 | 5848 8944 | 2420 4c89 | 4424 5049 | 83f8 004c 
  0x00000265d754a60c: 8d4c 2450 | 4c0f 444c | 2450 4889 | 5424 4848 | 83fa 004c | 8d44 2448 | 4c0f 4444 

  0x00000265d754a628: ;   {oop(a 'java/lang/Class'{0x00000000ffe80170} = 'java/lang/ClassLoader')}
  0x00000265d754a628: 2448 49be | 7001 e8ff | 0000 0000 | 4c89 7424 | 784c 8d74 | 2478 498b 

  0x00000265d754a640: ; ImmutableOopMap {[72]=Oop [80]=Oop [88]=Oop [112]=Oop [120]=Oop [160]=Oop }
                      ;   {section_word}
  0x00000265d754a640: d649 ba41 | a654 d765 | 0200 004d | 8997 3004 | 0000 4989 | a728 0400 | 0049 8d8f | 4804 0000 
  0x00000265d754a660: 41c7 87d4 | 0400 0004 

  0x00000265d754a668: ;   {runtime_call}
  0x00000265d754a668: 0000 0048 | b880 1670 | 80fe 7f00 | 00ff d041 | c787 d404 | 0000 0500 | 0000 f083 | 4424 c000 
  0x00000265d754a688: 493b 6f28 | 0f87 0e00 | 0000 4183 | bfd0 0400 | 0000 0f84 | 2800 0000 | 4889 45f8 | 498b cf4c 
  0x00000265d754a6a8: 8be4 4883 | ec20 4883 

  0x00000265d754a6b0: ;   {runtime_call}
  0x00000265d754a6b0: e4f0 48b8 | b0c1 e82c | fe7f 0000 | ffd0 498b | e44d 33e4 | 488b 45f8 | 41c7 87d4 | 0400 0008 
  0x00000265d754a6d0: 0000 0041 | 83bf 5005 | 0000 020f | 848b 0100 | 0049 c787 | 2804 0000 | 0000 0000 | 49c7 8730 
  0x00000265d754a6f0: 0400 0000 | 0000 0048 | 85c0 0f84 | 2c01 0000 | a803 0f85 | 0800 0000 | 488b 00e9 | 1c01 0000 
  0x00000265d754a710: a801 0f85 | 0900 0000 | 488b 40fe | e90b 0100 | 0048 8b40 | ff41 807f | 4800 0f84 | fc00 0000 
  0x00000265d754a730: 4883 f800 | 0f84 f200 | 0000 498b | 4f38 4885 | c90f 8414 | 0000 0048 | 83e9 0849 | 894f 3849 
  0x00000265d754a750: 034f 4048 | 8901 e9d1 | 0000 0048 | 83ec 7048 | 8904 2448 | 894c 2408 | 4889 5424 | 104c 8944 
  0x00000265d754a770: 2418 4c89 | 4c24 204c | 8954 2428 | 4c89 5c24 | 30f2 0f11 | 4424 40f2 | 0f11 4c24 | 48f2 0f11 
  0x00000265d754a790: 5424 50f2 | 0f11 5c24 | 58f2 0f11 | 6424 60f2 | 0f11 6c24 | 6849 8bd7 | 488b c848 | 83ec 2040 
  0x00000265d754a7b0: ;   {other}
  0x00000265d754a7b0: f6c4 0f0f | 8419 0000 | 0048 83ec 

  0x00000265d754a7bc: ;   {runtime_call}
  0x00000265d754a7bc: 0848 b8d0 | 81db 2cfe | 7f00 00ff | d048 83c4 | 08e9 0c00 

  0x00000265d754a7d0: ;   {runtime_call}
  0x00000265d754a7d0: 0000 48b8 | d081 db2c | fe7f 0000 | ffd0 4883 | c420 f20f | 106c 2468 | f20f 1064 | 2460 f20f 
  0x00000265d754a7f0: 105c 2458 | f20f 1054 | 2450 f20f | 104c 2448 | f20f 1044 | 2440 4c8b | 5c24 304c | 8b54 2428 
  0x00000265d754a810: 4c8b 4c24 | 204c 8b44 | 2418 488b | 5424 1048 | 8b4c 2408 | 488b 0424 | 4883 c470 | 498b 8fb8 
  0x00000265d754a830: 0400 00c7 | 8100 0100 | 0000 0000 

  0x00000265d754a83c: ;   {poll_return}
  0x00000265d754a83c: 00c9 41f6 | 4728 0174 

  0x00000265d754a844: ;   {internal_word}
  0x00000265d754a844: 1649 ba3e | a854 d765 | 0200 004d | 8997 e004 

  0x00000265d754a854: ;   {runtime_call SafepointBlob}
  0x00000265d754a854: 0000 e985 | 62aa ff49 | 837f 0800 | 0f85 0100 

  0x00000265d754a864: ;   {runtime_call Stub::forward_exception}
  0x00000265d754a864: 0000 c3e9 | 7469 a5ff | 4889 45f8 | 4c8b e448 | 83ec 2048 

  0x00000265d754a878: ;   {runtime_call}
  0x00000265d754a878: 83e4 f048 | b8a0 1622 | 2dfe 7f00 | 00ff d049 | 8be4 4d33 | e448 8b45 | f8e9 4bfe | ffff f4f4 
[/MachCode]


Compiled method (c1) 88102  931       3       java.lang.ClassLoader::defineClass (43 bytes)
 total in heap  [0x00000265cfbb6408,0x00000265cfbb6c60] = 2136
 main code      [0x00000265cfbb6500,0x00000265cfbb6be8] = 1768
 stub code      [0x00000265cfbb6be8,0x00000265cfbb6c60] = 120
 mutable data [0x00000265e6a14820,0x00000265e6a148f8] = 216
 relocation     [0x00000265e6a14820,0x00000265e6a148b8] = 152
 metadata       [0x00000265e6a148b8,0x00000265e6a148f8] = 64
 immutable data [0x00000265c4cd95b0,0x00000265c4cd97c0] = 528
 dependencies   [0x00000265c4cd95b0,0x00000265c4cd95c8] = 24
 nul chk table  [0x00000265c4cd95c8,0x00000265c4cd95f0] = 40
 scopes pcs     [0x00000265c4cd95f0,0x00000265c4cd96d0] = 224
 scopes data    [0x00000265c4cd96d0,0x00000265c4cd97c0] = 240

[Constant Pool (empty)]

[MachCode]
[Instructions begin]
  0x00000265cfbb6500: 6666 660f | 1f84 0000 | 0000 0066 | 6666 9066 | 6690 448b | 5208 443b 

  0x00000265cfbb6518: ;   {runtime_call Shared Runtime ic_miss_blob}
  0x00000265cfbb6518: 5008 0f85 | c085 4307 
[Verified Entry Point]
  0x00000265cfbb6520: 8984 2400 | 80ff ff55 | 4881 ecb0 | 0000 0090 | 4181 7f20 | 0100 0000 

  0x00000265cfbb6538: ;   {runtime_call Stub::method_entry_barrier}
  0x00000265cfbb6538: 7405 e8c1 | db41 0748 | 8954 2478 

  0x00000265cfbb6544: ;   {metadata(method data for {method} {0x000000000a4a3778} 'defineClass' '(Ljava/lang/String;[BIILjava/security/ProtectionDomain;)Ljava/lang/Class;' in 'java/lang/ClassLoader')}
  0x00000265cfbb6544: 48bb f0a6 | 15e2 6502 | 0000 8b83 | 9000 0000 | 83c0 0289 | 8390 0000 | 0025 fe07 | 0000 85c0 
  0x00000265cfbb6564: 0f84 a505 | 0000 89b4 | 2494 0000 | 0089 bc24 | 9000 0000 | 4c89 8c24 | 8800 0000 

  0x00000265cfbb6580: ;   {metadata(method data for {method} {0x000000000a4a3778} 'defineClass' '(Ljava/lang/String;[BIILjava/security/ProtectionDomain;)Ljava/lang/Class;' in 'java/lang/ClassLoader')}
  0x00000265cfbb6580: 488b da48 | b8f0 a615 | e265 0200 | 0048 8380 | d800 0000 | 0149 8bd8 | 4c8b c34c | 8bc9 488b 
  0x00000265cfbb65a0: ca48 8bd1 | 4889 9c24 | 8000 0000 

  0x00000265cfbb65ac: ;   {optimized virtual_call}
  0x00000265cfbb65ac: 6666 90e8 

  0x00000265cfbb65b0: ; ImmutableOopMap {[120]=Oop [128]=Oop [136]=Oop }
                      ;*invokevirtual preDefineClass {reexecute=0 rethrow=0 return_oop=0}
                      ; - java.lang.ClassLoader::defineClass@4 (line 960)
  0x00000265cfbb65b0: 6c86 fdff 

  0x00000265cfbb65b4: ;   {post_call_nop}
  0x00000265cfbb65b4: 0f1f 8400 | ac01 0000 | 4889 8424 | 9800 0000 | 488b 5424 

  0x00000265cfbb65c8: ;   {metadata(method data for {method} {0x000000000a4a3778} 'defineClass' '(Ljava/lang/String;[BIILjava/security/ProtectionDomain;)Ljava/lang/Class;' in 'java/lang/ClassLoader')}
  0x00000265cfbb65c8: 7849 b8f0 | a615 e265 | 0200 0049 | 8380 0801 

  0x00000265cfbb65d8: ;   {metadata(method data for {method} {0x000000000a4a34b8} 'defineClassSourceLocation' '(Ljava/security/ProtectionDomain;)Ljava/lang/String;' in 'java/lang/ClassLoader')}
  0x00000265cfbb65d8: 0000 0149 | b820 6f15 | e265 0200 | 0041 8b90 | 9000 0000 | 83c2 0241 | 8990 9000 | 0000 81e2 
  0x00000265cfbb65f8: feff 1f00 | 85d2 0f84 | 2c05 0000 

  0x00000265cfbb6604: ; implicit exception: dispatches to 0x00000265cfbb6b51
  0x00000265cfbb6604: 483b 004c 

  0x00000265cfbb6608: ;   {metadata(method data for {method} {0x000000000a4a34b8} 'defineClassSourceLocation' '(Ljava/security/ProtectionDomain;)Ljava/lang/String;' in 'java/lang/ClassLoader')}
  0x00000265cfbb6608: 8bc0 48ba | 206f 15e2 | 6502 0000 | 458b 4008 | 41ba 0000 | 000a 4d03 | c24c 3b82 | e000 0000 
  0x00000265cfbb6628: 750d 4883 | 82e8 0000 | 0001 e960 | 0000 004c | 3b82 f000 | 0000 750d | 4883 82f8 | 0000 0001 
  0x00000265cfbb6648: e94a 0000 | 0048 83ba | e000 0000 | 0075 174c | 8982 e000 | 0000 48c7 | 82e8 0000 | 0001 0000 
  0x00000265cfbb6668: 00e9 2900 | 0000 4883 | baf0 0000 | 0000 7517 | 4c89 82f0 | 0000 0048 | c782 f800 | 0000 0100 
  0x00000265cfbb6688: 0000 e908 | 0000 0048 | 8382 d800 | 0000 0144 | 8b40 104d 

  0x00000265cfbb669c: ;   {metadata(method data for {method} {0x000000000a4a34b8} 'defineClassSourceLocation' '(Ljava/security/ProtectionDomain;)Ljava/lang/String;' in 'java/lang/ClassLoader')}
  0x00000265cfbb669c: 85c0 48ba | 206f 15e2 | 6502 0000 | be18 0100 | 0075 05be | 0801 0000 | 488b 3c32 | 488d 7f01 
  0x00000265cfbb66bc: 4889 3c32 | 0f85 0f00 

  0x00000265cfbb66c4: ;   {oop(nullptr)}
  0x00000265cfbb66c4: 0000 48bb | 0000 0000 | 0000 0000 | e982 0300 | 0049 3b00 

  0x00000265cfbb66d8: ;   {metadata(method data for {method} {0x000000000a4a34b8} 'defineClassSourceLocation' '(Ljava/security/ProtectionDomain;)Ljava/lang/String;' in 'java/lang/ClassLoader')}
  0x00000265cfbb66d8: 498b d048 | be20 6f15 | e265 0200 | 008b 5208 | 41ba 0000 | 000a 4903 | d248 3b96 | 3001 0000 
  0x00000265cfbb66f8: 750d 4883 | 8638 0100 | 0001 e960 | 0000 0048 | 3b96 4001 | 0000 750d | 4883 8648 | 0100 0001 
  0x00000265cfbb6718: e94a 0000 | 0048 83be | 3001 0000 | 0075 1748 | 8996 3001 | 0000 48c7 | 8638 0100 | 0001 0000 
  0x00000265cfbb6738: 00e9 2900 | 0000 4883 | be40 0100 | 0000 7517 | 4889 9640 | 0100 0048 | c786 4801 | 0000 0100 
  0x00000265cfbb6758: 0000 e908 | 0000 0048 | 8386 2801 | 0000 0141 | 8b50 0c48 

  0x00000265cfbb676c: ;   {metadata(method data for {method} {0x000000000a4a34b8} 'defineClassSourceLocation' '(Ljava/security/ProtectionDomain;)Ljava/lang/String;' in 'java/lang/ClassLoader')}
  0x00000265cfbb676c: 85d2 48be | 206f 15e2 | 6502 0000 | bf68 0100 | 0075 05bf | 5801 0000 | 488b 1c3e | 488d 5b01 
  0x00000265cfbb678c: 4889 1c3e | 0f85 0f00 

  0x00000265cfbb6794: ;   {oop(nullptr)}
  0x00000265cfbb6794: 0000 48bb | 0000 0000 | 0000 0000 | e9b2 0200 

  0x00000265cfbb67a4: ;   {metadata(method data for {method} {0x000000000a4a34b8} 'defineClassSourceLocation' '(Ljava/security/ProtectionDomain;)Ljava/lang/String;' in 'java/lang/ClassLoader')}
  0x00000265cfbb67a4: 0048 be20 | 6f15 e265 | 0200 0045 | 8b40 0841 | ba00 0000 | 0a4d 03c2 | 4c3b 8680 | 0100 0075 
  0x00000265cfbb67c4: 0d48 8386 | 8801 0000 | 01e9 6000 | 0000 4c3b | 8690 0100 | 0075 0d48 | 8386 9801 | 0000 01e9 
  0x00000265cfbb67e4: 4a00 0000 | 4883 be80 | 0100 0000 | 7517 4c89 | 8680 0100 | 0048 c786 | 8801 0000 | 0100 0000 
  0x00000265cfbb6804: e929 0000 | 0048 83be | 9001 0000 | 0075 174c | 8986 9001 | 0000 48c7 | 8698 0100 | 0001 0000 
  0x00000265cfbb6824: 00e9 0800 | 0000 4883 | 8678 0100 | 0001 483b | 024c 8bc2 

  0x00000265cfbb6838: ;   {metadata(method data for {method} {0x000000000a4a34b8} 'defineClassSourceLocation' '(Ljava/security/ProtectionDomain;)Ljava/lang/String;' in 'java/lang/ClassLoader')}
  0x00000265cfbb6838: 48be 206f | 15e2 6502 | 0000 458b | 4008 41ba | 0000 000a | 4d03 c24c | 3b86 b001 | 0000 750d 
  0x00000265cfbb6858: 4883 86b8 | 0100 0001 | e960 0000 | 004c 3b86 | c001 0000 | 750d 4883 | 86c8 0100 | 0001 e94a 
  0x00000265cfbb6878: 0000 0048 | 83be b001 | 0000 0075 | 174c 8986 | b001 0000 | 48c7 86b8 | 0100 0001 | 0000 00e9 
  0x00000265cfbb6898: 2900 0000 | 4883 bec0 | 0100 0000 | 7517 4c89 | 86c0 0100 | 0048 c786 | c801 0000 | 0100 0000 
  0x00000265cfbb68b8: e908 0000 | 0048 8386 | a801 0000 

  0x00000265cfbb68c4: ;   {metadata(method data for {method} {0x000000000a1caf20} 'toString' '()Ljava/lang/String;' in 'java/net/URL')}
  0x00000265cfbb68c4: 0149 b8c8 | 1615 e265 | 0200 0041 | 8bb0 9000 | 0000 83c6 | 0241 89b0 | 9000 0000 | 81e6 feff 
  0x00000265cfbb68e4: 1f00 85f6 | 0f84 7202 | 0000 4c8b 

  0x00000265cfbb68f0: ;   {metadata(method data for {method} {0x000000000a1caf20} 'toString' '()Ljava/lang/String;' in 'java/net/URL')}
  0x00000265cfbb68f0: c248 bec8 | 1615 e265 | 0200 0045 | 8b40 0841 | ba00 0000 | 0a4d 03c2 | 4c3b 86e0 | 0000 0075 
  0x00000265cfbb6910: 0d48 8386 | e800 0000 | 01e9 6000 | 0000 4c3b | 86f0 0000 | 0075 0d48 | 8386 f800 | 0000 01e9 
  0x00000265cfbb6930: 4a00 0000 | 4883 bee0 | 0000 0000 | 7517 4c89 | 86e0 0000 | 0048 c786 | e800 0000 | 0100 0000 
  0x00000265cfbb6950: e929 0000 | 0048 83be | f000 0000 | 0075 174c | 8986 f000 | 0000 48c7 | 86f8 0000 | 0001 0000 
  0x00000265cfbb6970: 00e9 0800 | 0000 4883 | 86d8 0000 

  0x00000265cfbb697c: ;   {metadata(method data for {method} {0x000000000a1cb7b8} 'toExternalForm' '()Ljava/lang/String;' in 'java/net/URL')}
  0x00000265cfbb697c: 0001 49b8 | 501d 11e2 | 6502 0000 | 418b b090 | 0000 0083 | c602 4189 | b090 0000 | 0081 e6fe 
  0x00000265cfbb699c: ff1f 0085 | f60f 84da | 0100 008b | 7238 483b | 064c 8bc6 

  0x00000265cfbb69b0: ;   {metadata(method data for {method} {0x000000000a1cb7b8} 'toExternalForm' '()Ljava/lang/String;' in 'java/net/URL')}
  0x00000265cfbb69b0: 48bf 501d | 11e2 6502 | 0000 458b | 4008 41ba | 0000 000a | 4d03 c24c | 3b87 e000 | 0000 750d 
  0x00000265cfbb69d0: 4883 87e8 | 0000 0001 | e960 0000 | 004c 3b87 | f000 0000 | 750d 4883 | 87f8 0000 | 0001 e94a 
  0x00000265cfbb69f0: 0000 0048 | 83bf e000 | 0000 0075 | 174c 8987 | e000 0000 | 48c7 87e8 | 0000 0001 | 0000 00e9 
  0x00000265cfbb6a10: 2900 0000 | 4883 bff0 | 0000 0000 | 7517 4c89 | 87f0 0000 | 0048 c787 | f800 0000 | 0100 0000 
  0x00000265cfbb6a30: e908 0000 | 0048 8387 | d800 0000 | 014c 8bc2 | 488b d60f 

  0x00000265cfbb6a44: ;   {optimized virtual_call}
  0x00000265cfbb6a44: 1f40 00e8 

  0x00000265cfbb6a48: ; ImmutableOopMap {[120]=Oop [128]=Oop [136]=Oop [152]=Oop }
                      ;*invokevirtual toExternalForm {reexecute=0 rethrow=0 return_oop=0}
                      ; - java.net.URL::toExternalForm@5 (line 1153)
                      ; - java.net.URL::toString@1 (line 1139)
                      ; - java.lang.ClassLoader::defineClassSourceLocation@22 (line 864)
                      ; - java.lang.ClassLoader::defineClass@12 (line 961)
  0x00000265cfbb6a48: d431 0000 

  0x00000265cfbb6a4c: ;   {post_call_nop}
  0x00000265cfbb6a4c: 0f1f 8400 | 4406 0001 | 488b d848 | 8b84 2498 | 0000 008b | b424 9400 | 0000 8bbc | 2490 0000 
  0x00000265cfbb6a6c: 004c 8b8c | 2488 0000 | 004c 8b84 | 2480 0000 | 0048 8b54 

  0x00000265cfbb6a80: ;   {metadata(method data for {method} {0x000000000a4a3778} 'defineClass' '(Ljava/lang/String;[BIILjava/security/ProtectionDomain;)Ljava/lang/Class;' in 'java/lang/ClassLoader')}
  0x00000265cfbb6a80: 2478 48b9 | f0a6 15e2 | 6502 0000 | 4883 8138 | 0100 0001 | 4c8b da49 | 8bd3 488b | c848 891c 
  0x00000265cfbb6aa0: 2466 0f1f 

  0x00000265cfbb6aa4: ;   {static_call}
  0x00000265cfbb6aa4: 4400 00e8 

  0x00000265cfbb6aa8: ; ImmutableOopMap {[120]=Oop [152]=Oop }
                      ;*invokestatic defineClass1 {reexecute=0 rethrow=0 return_oop=0}
                      ; - java.lang.ClassLoader::defineClass@27 (line 962)
  0x00000265cfbb6aa8: e43a 9907 

  0x00000265cfbb6aac: ;   {post_call_nop}
  0x00000265cfbb6aac: 0f1f 8400 | a406 0002 | 488b 5424 

  0x00000265cfbb6ab8: ;   {metadata(method data for {method} {0x000000000a4a3778} 'defineClass' '(Ljava/lang/String;[BIILjava/security/ProtectionDomain;)Ljava/lang/Class;' in 'java/lang/ClassLoader')}
  0x00000265cfbb6ab8: 7849 b8f0 | a615 e265 | 0200 0049 | 8380 4801 | 0000 014c | 8bc0 4c8b | 8c24 9800 | 0000 488b 
  0x00000265cfbb6ad8: 5424 7848 | 8984 24a0 | 0000 000f 

  0x00000265cfbb6ae4: ;   {optimized virtual_call}
  0x00000265cfbb6ae4: 1f40 00e8 

  0x00000265cfbb6ae8: ; ImmutableOopMap {[160]=Oop }
                      ;*invokevirtual postDefineClass {reexecute=0 rethrow=0 return_oop=0}
                      ; - java.lang.ClassLoader::defineClass@37 (line 963)
  0x00000265cfbb6ae8: 34ab fdff 

  0x00000265cfbb6aec: ;   {post_call_nop}
  0x00000265cfbb6aec: 0f1f 8400 | e406 0003 | 488b 8424 | a000 0000 | 4881 c4b0 | 0000 005d 

  0x00000265cfbb6b04: ;   {poll_return}
  0x00000265cfbb6b04: 493b 6728 | 0f87 9900 

  0x00000265cfbb6b0c: ;   {metadata({method} {0x000000000a4a3778} 'defineClass' '(Ljava/lang/String;[BIILjava/security/ProtectionDomain;)Ljava/lang/Class;' in 'java/lang/ClassLoader')}
  0x00000265cfbb6b0c: 0000 c349 | ba70 374a | 0a00 0000 | 004c 8954 | 2408 48c7 | 0424 ffff 

  0x00000265cfbb6b24: ;   {runtime_call C1 Runtime counter_overflow_blob}
  0x00000265cfbb6b24: ffff e835 

  0x00000265cfbb6b28: ; ImmutableOopMap {rdx=Oop r8=Oop r9=Oop rcx=Oop [120]=Oop }
                      ;*synchronization entry
                      ; - java.lang.ClassLoader::defineClass@-1 (line 960)
  0x00000265cfbb6b28: 8050 07e9 | 3afa ffff 

  0x00000265cfbb6b30: ;   {metadata({method} {0x000000000a4a34b8} 'defineClassSourceLocation' '(Ljava/security/ProtectionDomain;)Ljava/lang/String;' in 'java/lang/ClassLoader')}
  0x00000265cfbb6b30: 49ba b034 | 4a0a 0000 | 0000 4c89 | 5424 0848 | c704 24ff 

  0x00000265cfbb6b44: ;   {runtime_call C1 Runtime counter_overflow_blob}
  0x00000265cfbb6b44: ffff ffe8 

  0x00000265cfbb6b48: ; ImmutableOopMap {rax=Oop [120]=Oop [128]=Oop [136]=Oop [152]=Oop }
                      ;*synchronization entry
                      ; - java.lang.ClassLoader::defineClassSourceLocation@-1 (line 861)
                      ; - java.lang.ClassLoader::defineClass@12 (line 961)
  0x00000265cfbb6b48: 1480 5007 | e9b3 faff 

  0x00000265cfbb6b50: ;   {runtime_call C1 Runtime throw_null_pointer_exception_blob}
  0x00000265cfbb6b50: ffe8 8a5b 

  0x00000265cfbb6b54: ; ImmutableOopMap {rax=Oop [120]=Oop [128]=Oop [136]=Oop [152]=Oop }
                      ;*invokevirtual getCodeSource {reexecute=0 rethrow=0 return_oop=0}
                      ; - java.lang.ClassLoader::defineClassSourceLocation@1 (line 861)
                      ; - java.lang.ClassLoader::defineClass@12 (line 961)
                      ;   {runtime_call C1 Runtime throw_null_pointer_exception_blob}
  0x00000265cfbb6b54: 4707 e885 

  0x00000265cfbb6b58: ; ImmutableOopMap {rax=Oop r8=Oop [120]=Oop [128]=Oop [136]=Oop [152]=Oop }
                      ;*invokevirtual getLocation {reexecute=0 rethrow=0 return_oop=0}
                      ; - java.lang.ClassLoader::defineClassSourceLocation@12 (line 863)
                      ; - java.lang.ClassLoader::defineClass@12 (line 961)
                      ;   {runtime_call C1 Runtime throw_null_pointer_exception_blob}
  0x00000265cfbb6b58: 5b47 07e8 

  0x00000265cfbb6b5c: ; ImmutableOopMap {rdx=Oop [120]=Oop [128]=Oop [136]=Oop [152]=Oop }
                      ;*invokevirtual toString {reexecute=0 rethrow=0 return_oop=0}
                      ; - java.lang.ClassLoader::defineClassSourceLocation@22 (line 864)
                      ; - java.lang.ClassLoader::defineClass@12 (line 961)
  0x00000265cfbb6b5c: 805b 4707 

  0x00000265cfbb6b60: ;   {metadata({method} {0x000000000a1caf20} 'toString' '()Ljava/lang/String;' in 'java/net/URL')}
  0x00000265cfbb6b60: 49ba 18af | 1c0a 0000 | 0000 4c89 | 5424 0848 | c704 24ff 

  0x00000265cfbb6b74: ;   {runtime_call C1 Runtime counter_overflow_blob}
  0x00000265cfbb6b74: ffff ffe8 

  0x00000265cfbb6b78: ; ImmutableOopMap {rdx=Oop [120]=Oop [128]=Oop [136]=Oop [152]=Oop }
                      ;*synchronization entry
                      ; - java.net.URL::toString@-1 (line 1139)
                      ; - java.lang.ClassLoader::defineClassSourceLocation@22 (line 864)
                      ; - java.lang.ClassLoader::defineClass@12 (line 961)
  0x00000265cfbb6b78: e47f 5007 | e96d fdff 

  0x00000265cfbb6b80: ;   {metadata({method} {0x000000000a1cb7b8} 'toExternalForm' '()Ljava/lang/String;' in 'java/net/URL')}
  0x00000265cfbb6b80: ff49 bab0 | b71c 0a00 | 0000 004c | 8954 2408 | 48c7 0424 | ffff ffff 

  0x00000265cfbb6b98: ;   {runtime_call C1 Runtime counter_overflow_blob}
  0x00000265cfbb6b98: e8c3 7f50 

  0x00000265cfbb6b9c: ; ImmutableOopMap {rdx=Oop [120]=Oop [128]=Oop [136]=Oop [152]=Oop }
                      ;*synchronization entry
                      ; - java.net.URL::toExternalForm@-1 (line 1153)
                      ; - java.net.URL::toString@1 (line 1139)
                      ; - java.lang.ClassLoader::defineClassSourceLocation@22 (line 864)
                      ; - java.lang.ClassLoader::defineClass@12 (line 961)
  0x00000265cfbb6b9c: 07e9 05fe 

  0x00000265cfbb6ba0: ;   {runtime_call C1 Runtime throw_null_pointer_exception_blob}
  0x00000265cfbb6ba0: ffff e839 

  0x00000265cfbb6ba4: ; ImmutableOopMap {rdx=Oop rsi=Oop [120]=Oop [128]=Oop [136]=Oop [152]=Oop }
                      ;*invokevirtual toExternalForm {reexecute=0 rethrow=0 return_oop=0}
                      ; - java.net.URL::toExternalForm@5 (line 1153)
                      ; - java.net.URL::toString@1 (line 1139)
                      ; - java.lang.ClassLoader::defineClassSourceLocation@22 (line 864)
                      ; - java.lang.ClassLoader::defineClass@12 (line 961)
                      ;   {internal_word}
  0x00000265cfbb6ba4: 5b47 0749 | ba04 6bbb | cf65 0200 | 004d 8997 | e004 0000 

  0x00000265cfbb6bb8: ;   {runtime_call SafepointBlob}
  0x00000265cfbb6bb8: e923 9f43 | 0749 8b87 | 8805 0000 | 49c7 8788 | 0500 0000 | 0000 0049 | c787 9005 | 0000 0000 
  0x00000265cfbb6bd8: 0000 4881 | c4b0 0000 

  0x00000265cfbb6be0: ;   {runtime_call C1 Runtime unwind_exception_blob}
  0x00000265cfbb6be0: 005d e9f9 | 6947 07f4 
[Stub Code]
  0x00000265cfbb6be8: ;   {other}
  0x00000265cfbb6be8: 0f1f 4400 

  0x00000265cfbb6bec: ;   {static_stub}
  0x00000265cfbb6bec: 0048 bb00 | 0000 0000 

  0x00000265cfbb6bf4: ;   {runtime_call nmethod}
  0x00000265cfbb6bf4: 0000 00e9 | fbff ffff 

  0x00000265cfbb6bfc: ;   {static_stub}
  0x00000265cfbb6bfc: 48bb 0000 | 0000 0000 

  0x00000265cfbb6c04: ;   {runtime_call nmethod}
  0x00000265cfbb6c04: 0000 e9fb 

  0x00000265cfbb6c08: ;   {static_stub}
  0x00000265cfbb6c08: ffff ff48 | bb00 0000 | 0000 0000 

  0x00000265cfbb6c14: ;   {runtime_call nmethod}
  0x00000265cfbb6c14: 00e9 fbff 

  0x00000265cfbb6c18: ;   {static_stub}
  0x00000265cfbb6c18: ffff 48bb | 0000 0000 | 0000 0000 

  0x00000265cfbb6c24: ;   {runtime_call nmethod}
  0x00000265cfbb6c24: e9fb ffff 

  0x00000265cfbb6c28: ;   {runtime_call C1 Runtime handle_exception_from_callee_blob}
  0x00000265cfbb6c28: ffe8 b23c 

  0x00000265cfbb6c2c: ;   {external_word}
  0x00000265cfbb6c2c: 4707 48b9 | 7000 542d | fe7f 0000 | 4883 e4f0 

  0x00000265cfbb6c3c: ;   {runtime_call}
  0x00000265cfbb6c3c: 48b8 7090 | 0e2d fe7f | 0000 ffd0 

  0x00000265cfbb6c48: ;   {section_word}
  0x00000265cfbb6c48: f449 ba49 | 6cbb cf65 | 0200 0041 

  0x00000265cfbb6c54: ;   {runtime_call DeoptimizationBlob}
  0x00000265cfbb6c54: 52e9 86a1 | 4307 f4f4 | f4f4 f4f4 
[/MachCode]


Compiled method (c1) 89890  874       3       java.security.SecureClassLoader::defineClass (16 bytes)
 total in heap  [0x00000265cfb95d08,0x00000265cfb96020] = 792
 main code      [0x00000265cfb95e00,0x00000265cfb95fd0] = 464
 stub code      [0x00000265cfb95fd0,0x00000265cfb96020] = 80
 mutable data [0x00000265e685fe20,0x00000265e685fe78] = 88
 relocation     [0x00000265e685fe20,0x00000265e685fe70] = 80
 metadata       [0x00000265e685fe70,0x00000265e685fe78] = 8
 immutable data [0x00000265e638f3f0,0x00000265e638f490] = 160
 dependencies   [0x00000265e638f3f0,0x00000265e638f3f8] = 8
 scopes pcs     [0x00000265e638f3f8,0x00000265e638f448] = 80
 scopes data    [0x00000265e638f448,0x00000265e638f490] = 72

[Constant Pool (empty)]

[MachCode]
[Instructions begin]
  0x00000265cfb95e00: 6666 660f | 1f84 0000 | 0000 0066 | 6666 9066 | 6690 448b | 5208 443b 

  0x00000265cfb95e18: ;   {runtime_call Shared Runtime ic_miss_blob}
  0x00000265cfb95e18: 5008 0f85 | c08c 4507 
[Verified Entry Point]
  0x00000265cfb95e20: 8984 2400 | 80ff ff55 | 4883 ec70 | 4181 7f20 | 0100 0000 

  0x00000265cfb95e34: ;   {runtime_call Stub::method_entry_barrier}
  0x00000265cfb95e34: 7405 e8c5 

  0x00000265cfb95e38: ;   {metadata(method data for {method} {0x000000000a1caa80} 'defineClass' '(Ljava/lang/String;[BIILjava/security/CodeSource;)Ljava/lang/Class;' in 'java/security/SecureClassLoader')}
  0x00000265cfb95e38: e243 0748 | bb50 a515 | e265 0200 | 008b 8390 | 0000 0083 | c002 8983 | 9000 0000 | 25fe 0700 
  0x00000265cfb95e58: 0085 c00f | 840b 0100 | 0089 7424 | 5c89 7c24 | 584c 894c | 2450 4c89 | 4424 4848 

  0x00000265cfb95e74: ;   {metadata(method data for {method} {0x000000000a1caa80} 'defineClass' '(Ljava/lang/String;[BIILjava/security/CodeSource;)Ljava/lang/Class;' in 'java/security/SecureClassLoader')}
  0x00000265cfb95e74: 8bda 48b8 | 50a5 15e2 | 6502 0000 | 4883 80d8 | 0000 0001 | 4c8b c148 | 8bc2 488b | d048 8944 
  0x00000265cfb95e94: ;   {optimized virtual_call}
  0x00000265cfb95e94: 2440 90e8 

  0x00000265cfb95e98: ; ImmutableOopMap {[64]=Oop [72]=Oop [80]=Oop }
                      ;*invokevirtual getProtectionDomain {reexecute=0 rethrow=0 return_oop=0}
                      ; - java.security.SecureClassLoader::defineClass@9 (line 144)
  0x00000265cfb95e98: 0482 ffff 

  0x00000265cfb95e9c: ;   {post_call_nop}
  0x00000265cfb95e9c: 0f1f 8400 | 9401 0000 | 488b 5424 

  0x00000265cfb95ea8: ;   {metadata(method data for {method} {0x000000000a1caa80} 'defineClass' '(Ljava/lang/String;[BIILjava/security/CodeSource;)Ljava/lang/Class;' in 'java/security/SecureClassLoader')}
  0x00000265cfb95ea8: 4049 b850 | a515 e265 | 0200 008b | 5208 41ba | 0000 000a | 4903 d249 | 3b90 1001 | 0000 750d 
  0x00000265cfb95ec8: 4983 8018 | 0100 0001 | e960 0000 | 0049 3b90 | 2001 0000 | 750d 4983 | 8028 0100 | 0001 e94a 
  0x00000265cfb95ee8: 0000 0049 | 83b8 1001 | 0000 0075 | 1749 8990 | 1001 0000 | 49c7 8018 | 0100 0001 | 0000 00e9 
  0x00000265cfb95f08: 2900 0000 | 4983 b820 | 0100 0000 | 7517 4989 | 9020 0100 | 0049 c780 | 2801 0000 | 0100 0000 
  0x00000265cfb95f28: e908 0000 | 0049 8380 | 0801 0000 | 014c 8b44 | 2448 4c8b | 4c24 508b | 7c24 588b | 7424 5c48 
  0x00000265cfb95f48: 8bc8 488b 

  0x00000265cfb95f4c: ;   {optimized virtual_call}
  0x00000265cfb95f4c: 5424 40e8 

  0x00000265cfb95f50: ; ImmutableOopMap {}
                      ;*invokevirtual defineClass {reexecute=0 rethrow=0 return_oop=0}
                      ; - java.security.SecureClassLoader::defineClass@12 (line 144)
  0x00000265cfb95f50: cc05 0200 

  0x00000265cfb95f54: ;   {post_call_nop}
  0x00000265cfb95f54: 0f1f 8400 | 4c02 0001 | 4883 c470 

  0x00000265cfb95f60: ;   {poll_return}
  0x00000265cfb95f60: 5d49 3b67 | 280f 8722 | 0000 00c3 

  0x00000265cfb95f6c: ;   {metadata({method} {0x000000000a1caa80} 'defineClass' '(Ljava/lang/String;[BIILjava/security/CodeSource;)Ljava/lang/Class;' in 'java/security/SecureClassLoader')}
  0x00000265cfb95f6c: 49ba 78aa | 1c0a 0000 | 0000 4c89 | 5424 0848 | c704 24ff 

  0x00000265cfb95f80: ;   {runtime_call C1 Runtime counter_overflow_blob}
  0x00000265cfb95f80: ffff ffe8 

  0x00000265cfb95f84: ; ImmutableOopMap {rdx=Oop r8=Oop r9=Oop rcx=Oop }
                      ;*synchronization entry
                      ; - java.security.SecureClassLoader::defineClass@-1 (line 144)
  0x00000265cfb95f84: d88b 5207 | e9d4 feff 

  0x00000265cfb95f8c: ;   {internal_word}
  0x00000265cfb95f8c: ff49 ba61 | 5fb9 cf65 | 0200 004d | 8997 e004 

  0x00000265cfb95f9c: ;   {runtime_call SafepointBlob}
  0x00000265cfb95f9c: 0000 e93d | ab45 0749 | 8b87 8805 | 0000 49c7 | 8788 0500 | 0000 0000 | 0049 c787 | 9005 0000 
  0x00000265cfb95fbc: 0000 0000 | 4883 c470 

  0x00000265cfb95fc4: ;   {runtime_call C1 Runtime unwind_exception_blob}
  0x00000265cfb95fc4: 5de9 1676 | 4907 f4f4 | f4f4 f4f4 
[Stub Code]
  0x00000265cfb95fd0: ;   {static_stub}
  0x00000265cfb95fd0: 48bb 0000 | 0000 0000 

  0x00000265cfb95fd8: ;   {runtime_call nmethod}
  0x00000265cfb95fd8: 0000 e9fb 

  0x00000265cfb95fdc: ;   {static_stub}
  0x00000265cfb95fdc: ffff ff48 | bb70 374a | 0a00 0000 

  0x00000265cfb95fe8: ;   {runtime_call I2C/C2I adapters}
  0x00000265cfb95fe8: 00e9 56f9 

  0x00000265cfb95fec: ;   {runtime_call C1 Runtime handle_exception_from_callee_blob}
  0x00000265cfb95fec: 4407 e8ed 

  0x00000265cfb95ff0: ;   {external_word}
  0x00000265cfb95ff0: 4849 0748 | b970 0054 | 2dfe 7f00 | 0048 83e4 

  0x00000265cfb96000: ;   {runtime_call}
  0x00000265cfb96000: f048 b870 | 900e 2dfe | 7f00 00ff 

  0x00000265cfb9600c: ;   {section_word}
  0x00000265cfb9600c: d0f4 49ba | 0e60 b9cf | 6502 0000 

  0x00000265cfb96018: ;   {runtime_call DeoptimizationBlob}
  0x00000265cfb96018: 4152 e9c1 | ad45 07f4 
[/MachCode]


---------------  P R O C E S S  ---------------

Threads class SMR info:
_java_thread_list=0x00000265e63469f0, length=11, elements={
0x00000265c4ccd630, 0x00000265e1cd7940, 0x00000265e1cdbf20, 0x00000265e1cdfae0,
0x00000265e1ce1800, 0x00000265e1ce23c0, 0x00000265e1ce2f80, 0x00000265e1ce3e70,
0x00000265e1d6f610, 0x00000265e6041780, 0x00000265e604aa30
}

Java Threads: ( => current thread )
=>0x00000265c4ccd630 JavaThread "main"                              [_thread_in_vm, id=25480, stack(0x0000007321900000,0x0000007321a00000) (1024K)]
  0x00000265e1cd7940 JavaThread "Reference Handler"          daemon [_thread_blocked, id=25688, stack(0x0000007322200000,0x0000007322300000) (1024K)]
  0x00000265e1cdbf20 JavaThread "Finalizer"                  daemon [_thread_blocked, id=25692, stack(0x0000007322300000,0x0000007322400000) (1024K)]
  0x00000265e1cdfae0 JavaThread "Signal Dispatcher"          daemon [_thread_blocked, id=25712, stack(0x0000007322400000,0x0000007322500000) (1024K)]
  0x00000265e1ce1800 JavaThread "Attach Listener"            daemon [_thread_blocked, id=25716, stack(0x0000007322500000,0x0000007322600000) (1024K)]
  0x00000265e1ce23c0 JavaThread "Service Thread"             daemon [_thread_blocked, id=25728, stack(0x0000007322600000,0x0000007322700000) (1024K)]
  0x00000265e1ce2f80 JavaThread "Monitor Deflation Thread"   daemon [_thread_blocked, id=25732, stack(0x0000007322700000,0x0000007322800000) (1024K)]
  0x00000265e1ce3e70 JavaThread "C2 CompilerThread0"         daemon [_thread_blocked, id=25736, stack(0x0000007322800000,0x0000007322900000) (1024K)]
  0x00000265e1d6f610 JavaThread "C1 CompilerThread0"         daemon [_thread_blocked, id=25768, stack(0x0000007322900000,0x0000007322a00000) (1024K)]
  0x00000265e6041780 JavaThread "Notification Thread"        daemon [_thread_blocked, id=23832, stack(0x0000007322a00000,0x0000007322b00000) (1024K)]
  0x00000265e604aa30 JavaThread "Common-Cleaner"             daemon [_thread_blocked, id=23860, stack(0x0000007322b00000,0x0000007322c00000) (1024K)]
Total: 11

Other Threads:
  0x00000265e1cc5b60 VMThread "VM Thread"                           [id=24148, stack(0x0000007322100000,0x0000007322200000) (1024K)]
  0x00000265e1cbbcd0 WatcherThread "VM Periodic Task Thread"        [id=24140, stack(0x0000007322000000,0x0000007322100000) (1024K)]
  0x00000265c6fb55a0 WorkerThread "GC Thread#0"                     [id=25460, stack(0x0000007321b00000,0x0000007321c00000) (1024K)]
  0x00000265e63801a0 WorkerThread "GC Thread#1"                     [id=28524, stack(0x0000007321800000,0x0000007321900000) (1024K)]
  0x00000265c6fc1e30 ConcurrentGCThread "G1 Main Marker"            [id=25464, stack(0x0000007321c00000,0x0000007321d00000) (1024K)]
  0x00000265c6fc29d0 WorkerThread "G1 Conc#0"                       [id=25544, stack(0x0000007321d00000,0x0000007321e00000) (1024K)]
  0x00000265c6fdfda0 ConcurrentGCThread "G1 Refine#0"               [id=24836, stack(0x0000007321e00000,0x0000007321f00000) (1024K)]
  0x00000265c6fe07b0 ConcurrentGCThread "G1 Service"                [id=16356, stack(0x0000007321f00000,0x0000007322000000) (1024K)]
Total: 8

Threads with active compile tasks:
Total: 0

VM state: not at safepoint (normal execution)

VM Mutex/Monitor currently owned by a thread: None

Heap address: 0x00000000c2c00000, size: 980 MB, Compressed Oops mode: 32-bit

CDS archive(s) mapped at: [0x000000000a000000-0x000000000add0000-0x000000000add0000), size 14483456, SharedBaseAddress: 0x000000000a000000, ArchiveRelocationMode: 1.
Compressed class space mapped at: 0x000000000b000000-0x000000004b000000, reserved size: 1073741824
UseCompressedClassPointers 1, UseCompactObjectHeaders 0
Narrow klass pointer bits 32, Max shift 3
Narrow klass base: 0x000000000a000000, Narrow klass shift: 0
Encoding Range: [0x000000000a000000 - 0x000000010a000000), (4294967296 bytes)
Klass Range:    [0x000000000a010000 - 0x000000004b000000), (1090453504 bytes)
Klass ID Range:  [65536 - 1090519033) (1090453497)
Protection zone: [0x000000000a000000 - 0x000000000a010000), (65536 bytes)

GC Precious Log:
 CardTable entry size: 512
 Card Set container configuration: InlinePtr #cards 5 size 8 Array Of Cards #cards 10 size 36 Howl #buckets 4 coarsen threshold 1843 Howl Bitmap #cards 512 size 80 coarsen threshold 460 Card regions per heap region 1 cards per card region 2048
 CPUs: 2 total, 2 available
 Memory: 3919M
 Large Page Support: Disabled
 NUMA Support: Disabled
 Compressed Oops: Enabled (32-bit)
 Heap Region Size: 1M
 Heap Min Capacity: 8M
 Heap Initial Capacity: 62M
 Heap Max Capacity: 980M
 Pre-touch: Disabled
 Parallel Workers: 2
 Concurrent Workers: 1
 Concurrent Refinement Workers: 2
 Periodic GC: Disabled

Heap:
 garbage-first heap   total reserved 1003520K, committed 65536K, used 4841K [0x00000000c2c00000, 0x0000000100000000)
  region size 1024K, 4 young (4096K), 2 survivors (2048K)

Heap Regions: E=young(eden), S=young(survivor), O=old, HS=humongous(starts), HC=humongous(continues), CS=collection set, F=free, TAMS=top-at-mark-start, PB=parsable bottom
|   0|0x00000000c2c00000, 0x00000000c2c95830, 0x00000000c2d00000| 58%| O|  |TAMS 0x00000000c2c00000| PB 0x00000000c2c00000| Untracked |  0
|   1|0x00000000c2d00000, 0x00000000c2d00000, 0x00000000c2e00000|  0%| F|  |TAMS 0x00000000c2d00000| PB 0x00000000c2d00000| Untracked |  0
|   2|0x00000000c2e00000, 0x00000000c2e00000, 0x00000000c2f00000|  0%| F|  |TAMS 0x00000000c2e00000| PB 0x00000000c2e00000| Untracked |  0
|   3|0x00000000c2f00000, 0x00000000c2f00000, 0x00000000c3000000|  0%| F|  |TAMS 0x00000000c2f00000| PB 0x00000000c2f00000| Untracked |  0
|   4|0x00000000c3000000, 0x00000000c3000000, 0x00000000c3100000|  0%| F|  |TAMS 0x00000000c3000000| PB 0x00000000c3000000| Untracked |  0
|   5|0x00000000c3100000, 0x00000000c3100000, 0x00000000c3200000|  0%| F|  |TAMS 0x00000000c3100000| PB 0x00000000c3100000| Untracked |  0
|   6|0x00000000c3200000, 0x00000000c3200000, 0x00000000c3300000|  0%| F|  |TAMS 0x00000000c3200000| PB 0x00000000c3200000| Untracked |  0
|   7|0x00000000c3300000, 0x00000000c3300000, 0x00000000c3400000|  0%| F|  |TAMS 0x00000000c3300000| PB 0x00000000c3300000| Untracked |  0
|   8|0x00000000c3400000, 0x00000000c3400000, 0x00000000c3500000|  0%| F|  |TAMS 0x00000000c3400000| PB 0x00000000c3400000| Untracked |  0
|   9|0x00000000c3500000, 0x00000000c3500000, 0x00000000c3600000|  0%| F|  |TAMS 0x00000000c3500000| PB 0x00000000c3500000| Untracked |  0
|  10|0x00000000c3600000, 0x00000000c3600000, 0x00000000c3700000|  0%| F|  |TAMS 0x00000000c3600000| PB 0x00000000c3600000| Untracked |  0
|  11|0x00000000c3700000, 0x00000000c3700000, 0x00000000c3800000|  0%| F|  |TAMS 0x00000000c3700000| PB 0x00000000c3700000| Untracked |  0
|  12|0x00000000c3800000, 0x00000000c3800000, 0x00000000c3900000|  0%| F|  |TAMS 0x00000000c3800000| PB 0x00000000c3800000| Untracked |  0
|  13|0x00000000c3900000, 0x00000000c3900000, 0x00000000c3a00000|  0%| F|  |TAMS 0x00000000c3900000| PB 0x00000000c3900000| Untracked |  0
|  14|0x00000000c3a00000, 0x00000000c3a00000, 0x00000000c3b00000|  0%| F|  |TAMS 0x00000000c3a00000| PB 0x00000000c3a00000| Untracked |  0
|  15|0x00000000c3b00000, 0x00000000c3b00000, 0x00000000c3c00000|  0%| F|  |TAMS 0x00000000c3b00000| PB 0x00000000c3b00000| Untracked |  0
|  16|0x00000000c3c00000, 0x00000000c3c00000, 0x00000000c3d00000|  0%| F|  |TAMS 0x00000000c3c00000| PB 0x00000000c3c00000| Untracked |  0
|  17|0x00000000c3d00000, 0x00000000c3d00000, 0x00000000c3e00000|  0%| F|  |TAMS 0x00000000c3d00000| PB 0x00000000c3d00000| Untracked |  0
|  18|0x00000000c3e00000, 0x00000000c3e00000, 0x00000000c3f00000|  0%| F|  |TAMS 0x00000000c3e00000| PB 0x00000000c3e00000| Untracked |  0
|  19|0x00000000c3f00000, 0x00000000c3f00000, 0x00000000c4000000|  0%| F|  |TAMS 0x00000000c3f00000| PB 0x00000000c3f00000| Untracked |  0
|  20|0x00000000c4000000, 0x00000000c4000000, 0x00000000c4100000|  0%| F|  |TAMS 0x00000000c4000000| PB 0x00000000c4000000| Untracked |  0
|  21|0x00000000c4100000, 0x00000000c4100000, 0x00000000c4200000|  0%| F|  |TAMS 0x00000000c4100000| PB 0x00000000c4100000| Untracked |  0
|  22|0x00000000c4200000, 0x00000000c4200000, 0x00000000c4300000|  0%| F|  |TAMS 0x00000000c4200000| PB 0x00000000c4200000| Untracked |  0
|  23|0x00000000c4300000, 0x00000000c4300000, 0x00000000c4400000|  0%| F|  |TAMS 0x00000000c4300000| PB 0x00000000c4300000| Untracked |  0
|  24|0x00000000c4400000, 0x00000000c4400000, 0x00000000c4500000|  0%| F|  |TAMS 0x00000000c4400000| PB 0x00000000c4400000| Untracked |  0
|  25|0x00000000c4500000, 0x00000000c4500000, 0x00000000c4600000|  0%| F|  |TAMS 0x00000000c4500000| PB 0x00000000c4500000| Untracked |  0
|  26|0x00000000c4600000, 0x00000000c4600000, 0x00000000c4700000|  0%| F|  |TAMS 0x00000000c4600000| PB 0x00000000c4600000| Untracked |  0
|  27|0x00000000c4700000, 0x00000000c4700000, 0x00000000c4800000|  0%| F|  |TAMS 0x00000000c4700000| PB 0x00000000c4700000| Untracked |  0
|  28|0x00000000c4800000, 0x00000000c4800000, 0x00000000c4900000|  0%| F|  |TAMS 0x00000000c4800000| PB 0x00000000c4800000| Untracked |  0
|  29|0x00000000c4900000, 0x00000000c4900000, 0x00000000c4a00000|  0%| F|  |TAMS 0x00000000c4900000| PB 0x00000000c4900000| Untracked |  0
|  30|0x00000000c4a00000, 0x00000000c4a00000, 0x00000000c4b00000|  0%| F|  |TAMS 0x00000000c4a00000| PB 0x00000000c4a00000| Untracked |  0
|  31|0x00000000c4b00000, 0x00000000c4b00000, 0x00000000c4c00000|  0%| F|  |TAMS 0x00000000c4b00000| PB 0x00000000c4b00000| Untracked |  0
|  32|0x00000000c4c00000, 0x00000000c4c00000, 0x00000000c4d00000|  0%| F|  |TAMS 0x00000000c4c00000| PB 0x00000000c4c00000| Untracked |  0
|  33|0x00000000c4d00000, 0x00000000c4d00000, 0x00000000c4e00000|  0%| F|  |TAMS 0x00000000c4d00000| PB 0x00000000c4d00000| Untracked |  0
|  34|0x00000000c4e00000, 0x00000000c4e00000, 0x00000000c4f00000|  0%| F|  |TAMS 0x00000000c4e00000| PB 0x00000000c4e00000| Untracked |  0
|  35|0x00000000c4f00000, 0x00000000c4f00000, 0x00000000c5000000|  0%| F|  |TAMS 0x00000000c4f00000| PB 0x00000000c4f00000| Untracked |  0
|  36|0x00000000c5000000, 0x00000000c5000000, 0x00000000c5100000|  0%| F|  |TAMS 0x00000000c5000000| PB 0x00000000c5000000| Untracked |  0
|  37|0x00000000c5100000, 0x00000000c5100000, 0x00000000c5200000|  0%| F|  |TAMS 0x00000000c5100000| PB 0x00000000c5100000| Untracked |  0
|  38|0x00000000c5200000, 0x00000000c5200000, 0x00000000c5300000|  0%| F|  |TAMS 0x00000000c5200000| PB 0x00000000c5200000| Untracked |  0
|  39|0x00000000c5300000, 0x00000000c5300000, 0x00000000c5400000|  0%| F|  |TAMS 0x00000000c5300000| PB 0x00000000c5300000| Untracked |  0
|  40|0x00000000c5400000, 0x00000000c5400000, 0x00000000c5500000|  0%| F|  |TAMS 0x00000000c5400000| PB 0x00000000c5400000| Untracked |  0
|  41|0x00000000c5500000, 0x00000000c5500000, 0x00000000c5600000|  0%| F|  |TAMS 0x00000000c5500000| PB 0x00000000c5500000| Untracked |  0
|  42|0x00000000c5600000, 0x00000000c5600000, 0x00000000c5700000|  0%| F|  |TAMS 0x00000000c5600000| PB 0x00000000c5600000| Untracked |  0
|  43|0x00000000c5700000, 0x00000000c5700000, 0x00000000c5800000|  0%| F|  |TAMS 0x00000000c5700000| PB 0x00000000c5700000| Untracked |  0
|  44|0x00000000c5800000, 0x00000000c5800000, 0x00000000c5900000|  0%| F|  |TAMS 0x00000000c5800000| PB 0x00000000c5800000| Untracked |  0
|  45|0x00000000c5900000, 0x00000000c5900000, 0x00000000c5a00000|  0%| F|  |TAMS 0x00000000c5900000| PB 0x00000000c5900000| Untracked |  0
|  46|0x00000000c5a00000, 0x00000000c5b00000, 0x00000000c5b00000|100%| S|CS|TAMS 0x00000000c5a00000| PB 0x00000000c5a00000| Complete |  0
|  47|0x00000000c5b00000, 0x00000000c5c00000, 0x00000000c5c00000|100%| S|CS|TAMS 0x00000000c5b00000| PB 0x00000000c5b00000| Complete |  0
|  48|0x00000000c5c00000, 0x00000000c5c00000, 0x00000000c5d00000|  0%| F|  |TAMS 0x00000000c5c00000| PB 0x00000000c5c00000| Untracked |  0
|  49|0x00000000c5d00000, 0x00000000c5d00000, 0x00000000c5e00000|  0%| F|  |TAMS 0x00000000c5d00000| PB 0x00000000c5d00000| Untracked |  0
|  50|0x00000000c5e00000, 0x00000000c5e00000, 0x00000000c5f00000|  0%| F|  |TAMS 0x00000000c5e00000| PB 0x00000000c5e00000| Untracked |  0
|  51|0x00000000c5f00000, 0x00000000c5f00000, 0x00000000c6000000|  0%| F|  |TAMS 0x00000000c5f00000| PB 0x00000000c5f00000| Untracked |  0
|  52|0x00000000c6000000, 0x00000000c6000000, 0x00000000c6100000|  0%| F|  |TAMS 0x00000000c6000000| PB 0x00000000c6000000| Untracked |  0
|  53|0x00000000c6100000, 0x00000000c6100000, 0x00000000c6200000|  0%| F|  |TAMS 0x00000000c6100000| PB 0x00000000c6100000| Untracked |  0
|  54|0x00000000c6200000, 0x00000000c6200000, 0x00000000c6300000|  0%| F|  |TAMS 0x00000000c6200000| PB 0x00000000c6200000| Untracked |  0
|  55|0x00000000c6300000, 0x00000000c6300000, 0x00000000c6400000|  0%| F|  |TAMS 0x00000000c6300000| PB 0x00000000c6300000| Untracked |  0
|  56|0x00000000c6400000, 0x00000000c6400000, 0x00000000c6500000|  0%| F|  |TAMS 0x00000000c6400000| PB 0x00000000c6400000| Untracked |  0
|  57|0x00000000c6500000, 0x00000000c6500000, 0x00000000c6600000|  0%| F|  |TAMS 0x00000000c6500000| PB 0x00000000c6500000| Untracked |  0
|  58|0x00000000c6600000, 0x00000000c6600000, 0x00000000c6700000|  0%| F|  |TAMS 0x00000000c6600000| PB 0x00000000c6600000| Untracked |  0
|  59|0x00000000c6700000, 0x00000000c6700000, 0x00000000c6800000|  0%| F|  |TAMS 0x00000000c6700000| PB 0x00000000c6700000| Untracked |  0
|  60|0x00000000c6800000, 0x00000000c6859650, 0x00000000c6900000| 34%| E|  |TAMS 0x00000000c6800000| PB 0x00000000c6800000| Complete |  0
|  61|0x00000000c6900000, 0x00000000c6a00000, 0x00000000c6a00000|100%| E|CS|TAMS 0x00000000c6900000| PB 0x00000000c6900000| Complete |  0
| 978|0x00000000ffe00000, 0x00000000fff00000, 0x00000000fff00000|100%| O|  |TAMS 0x00000000ffe00000| PB 0x00000000ffe00000| Untracked |  0
| 979|0x00000000fff00000, 0x00000000fff24ea8, 0x0000000100000000| 14%| O|  |TAMS 0x00000000fff00000| PB 0x00000000fff00000| Untracked |  0

Card table byte_map: [0x00000265c6d30000,0x00000265c6f20000] _byte_map_base: 0x00000265c671a000

Marking Bits: (CMBitMap*) 0x00000265c6fb5d30
 Bits: [0x00000265dea70000, 0x00000265df9c0000)

Polling page: 0x00000265c4c90000

Metaspace:
Metaspace        used 4596K, committed 4736K, reserved 1114112K
 class space     used 544K, committed 640K, reserved 1048576K

Usage:
  Non-class:      3.96 MB used.
      Class:    544.14 KB used.
       Both:      4.49 MB used.

Virtual space:
  Non-class space:       64.00 MB reserved,       4.00 MB (  6%) committed,  1 nodes.
      Class space:        1.00 GB reserved,     640.00 KB ( <1%) committed,  1 nodes.
             Both:        1.06 GB reserved,       4.62 MB ( <1%) committed. 

Chunk freelists:
   Non-Class:  9.62 MB
       Class:  15.34 MB
        Both:  24.97 MB

MaxMetaspaceSize: unlimited
CompressedClassSpaceSize: 1.00 GB
Initial GC threshold: 21.00 MB
Current GC threshold: 21.00 MB
CDS: on
 - commit_granule_bytes: 65536.
 - commit_granule_words: 8192.
 - virtual_space_node_default_size: 8388608.
 - enlarge_chunks_in_place: 1.
UseCompressedClassPointers 1, UseCompactObjectHeaders 0
Narrow klass pointer bits 32, Max shift 3
Narrow klass base: 0x000000000a000000, Narrow klass shift: 0
Encoding Range: [0x000000000a000000 - 0x000000010a000000), (4294967296 bytes)
Klass Range:    [0x000000000a010000 - 0x000000004b000000), (1090453504 bytes)
Klass ID Range:  [65536 - 1090519033) (1090453497)
Protection zone: [0x000000000a000000 - 0x000000000a010000), (65536 bytes)


Internal statistics:

num_allocs_failed_limit: 0.
num_arena_births: 48.
num_arena_deaths: 0.
num_vsnodes_births: 2.
num_vsnodes_deaths: 0.
num_space_committed: 74.
num_space_uncommitted: 0.
num_chunks_returned_to_freelist: 0.
num_chunks_taken_from_freelist: 192.
num_chunk_merges: 0.
num_chunk_splits: 119.
num_chunks_enlarged: 96.
num_inconsistent_stats: 0.

CodeHeap 'non-profiled nmethods': size=120128Kb used=261Kb max_used=261Kb free=119866Kb
 bounds [0x00000265d7520000, 0x00000265d7790000, 0x00000265dea70000]
CodeHeap 'profiled nmethods': size=120000Kb used=1404Kb max_used=1404Kb free=118595Kb
 bounds [0x00000265cfa70000, 0x00000265cfce0000, 0x00000265d6fa0000]
CodeHeap 'non-nmethods': size=5632Kb used=1332Kb max_used=1355Kb free=4299Kb
 bounds [0x00000265d6fa0000, 0x00000265d7210000, 0x00000265d7520000]
CodeCache: size=245760Kb, used=2997Kb, max_used=3020Kb, free=242760Kb
 total_blobs=1474, nmethods=1008, adapters=371, full_count=0
Compilation: enabled, stopped_count=0, restarted_count=0

Compilation events (20 events):
Event: 70.856 Thread 0x00000265e1d6f610  996       1       jdk.internal.constant.MethodTypeDescImpl::returnType (5 bytes)
Event: 70.856 Thread 0x00000265e1d6f610 nmethod 996 0x00000265d7560788 code [0x00000265d7560880, 0x00000265d7560948]
Event: 70.856 Thread 0x00000265e1d6f610  999       1       jdk.internal.classfile.impl.AbstractPoolEntry$MethodRefEntryImpl::tag (3 bytes)
Event: 70.856 Thread 0x00000265e1d6f610 nmethod 999 0x00000265d7560a88 code [0x00000265d7560b80, 0x00000265d7560c48]
Event: 72.596 Thread 0x00000265e1d6f610 1000       3       java.lang.invoke.MethodHandles$Lookup::lookupClassOrNull (17 bytes)
Event: 72.596 Thread 0x00000265e1d6f610 nmethod 1000 0x00000265cfbcb408 code [0x00000265cfbcb500, 0x00000265cfbcb680]
Event: 72.599 Thread 0x00000265e1d6f610 1001       3       java.util.Arrays::fill (21 bytes)
Event: 72.599 Thread 0x00000265e1d6f610 nmethod 1001 0x00000265cfbcb708 code [0x00000265cfbcb800, 0x00000265cfbcbae8]
Event: 72.624 Thread 0x00000265e1d6f610 1002       3       java.util.zip.CRC32::updateBytesCheck (35 bytes)
Event: 72.624 Thread 0x00000265e1d6f610 nmethod 1002 0x00000265cfbcbb08 code [0x00000265cfbcbc00, 0x00000265cfbcbf30]
Event: 73.294 Thread 0x00000265e1ce3e70 1003       4       java.util.concurrent.ConcurrentHashMap::putIfAbsent (8 bytes)
Event: 73.295 Thread 0x00000265e1ce3e70 nmethod 1003 0x00000265d7560d88 code [0x00000265d7560e80, 0x00000265d7560f28]
Event: 73.976 Thread 0x00000265e1d6f610 1004       3       java.lang.ClassLoader::compareCerts (197 bytes)
Event: 73.977 Thread 0x00000265e1d6f610 nmethod 1004 0x00000265cfbcbf88 code [0x00000265cfbcc080, 0x00000265cfbcc870]
Event: 74.469 Thread 0x00000265e1d6f610 1005       3       org.codehaus.plexus.classworlds.realm.ClassRealm::getClassRealmLoadingLock (14 bytes)
Event: 74.469 Thread 0x00000265e1d6f610 nmethod 1005 0x00000265cfbcc888 code [0x00000265cfbcc980, 0x00000265cfbccb50]
Event: 74.935 Thread 0x00000265e1d6f610 1006       3       org.codehaus.plexus.classworlds.realm.ClassRealm::findClassInternal (6 bytes)
Event: 74.936 Thread 0x00000265e1d6f610 nmethod 1006 0x00000265cfbccb88 code [0x00000265cfbccc80, 0x00000265cfbccdb8]
Event: 75.181 Thread 0x00000265e1d6f610 1008   !   3       java.net.URLClassLoader::defineClass (224 bytes)
Event: 77.185 Thread 0x00000265e1d6f610 nmethod 1008 0x00000265cfbcce88 code [0x00000265cfbccf80, 0x00000265cfbcf170]

GC Heap Usage History (2 events):
Event: 68.575 {heap Before GC invocations=0 (full 0):
 garbage-first heap   total reserved 1003520K, committed 65536K, used 14483K [0x00000000c2c00000, 0x0000000100000000)
  region size 1024K, 14 young (14336K), 0 survivors (0K)
}
Event: 68.648 {heap After GC invocations=1 (full 0):
 garbage-first heap   total reserved 1003520K, committed 65536K, used 3817K [0x00000000c2c00000, 0x0000000100000000)
  region size 1024K, 2 young (2048K), 2 survivors (2048K)
}

Metaspace Usage History (2 events):
Event: 68.576 {metaspace Before GC invocations=0 (full 0):
 Metaspace       used 4239K, committed 4416K, reserved 1114112K
  class space    used 467K, committed 576K, reserved 1048576K
}
Event: 68.648 {metaspace After GC invocations=1 (full 0):
 Metaspace       used 4239K, committed 4416K, reserved 1114112K
  class space    used 467K, committed 576K, reserved 1048576K
}

Dll operation events (7 events):
Event: 0.406 Loaded shared library C:\Program Files\Apache NetBeans\jdk\bin\java.dll
Event: 11.380 Loaded shared library C:\Program Files\Apache NetBeans\jdk\bin\net.dll
Event: 11.399 Loaded shared library C:\Program Files\Apache NetBeans\jdk\bin\nio.dll
Event: 11.919 Loaded shared library C:\Program Files\Apache NetBeans\jdk\bin\zip.dll
Event: 19.349 Loaded shared library C:\Program Files\Apache NetBeans\java\maven\lib\jansi-native\Windows\x86_64\jansi.dll
Event: 19.595 Loaded shared library C:\Program Files\Apache NetBeans\jdk\bin\verify.dll
Event: 20.298 Loaded shared library C:\Program Files\Apache NetBeans\jdk\bin\jimage.dll

Deoptimization events (20 events):
Event: 35.502 Thread 0x00000265c4ccd630 Uncommon trap: trap_request=0xffffff45 fr.pc=0x00000265d752e874 relative=0x0000000000000074
Event: 35.502 Thread 0x00000265c4ccd630 Uncommon trap: reason=unstable_if action=reinterpret pc=0x00000265d752e874 method=jdk.internal.misc.Unsafe.convEndian(ZI)I @ 4 c2
Event: 35.502 Thread 0x00000265c4ccd630 DEOPT PACKING pc=0x00000265d752e874 sp=0x00000073219fdd40
Event: 35.502 Thread 0x00000265c4ccd630 DEOPT UNPACKING pc=0x00000265d702857c sp=0x00000073219fdc70 mode 2
Event: 47.634 Thread 0x00000265c4ccd630 Uncommon trap: trap_request=0xffffff45 fr.pc=0x00000265d752fca8 relative=0x00000000000001a8
Event: 47.634 Thread 0x00000265c4ccd630 Uncommon trap: reason=unstable_if action=reinterpret pc=0x00000265d752fca8 method=java.lang.AbstractStringBuilder.needsNewBuffer([BBIB)Z @ 8 c2
Event: 47.634 Thread 0x00000265c4ccd630 DEOPT PACKING pc=0x00000265d752fca8 sp=0x00000073219fe300
Event: 47.634 Thread 0x00000265c4ccd630 DEOPT UNPACKING pc=0x00000265d702857c sp=0x00000073219fe1a8 mode 2
Event: 47.634 Thread 0x00000265c4ccd630 Uncommon trap: trap_request=0xffffff45 fr.pc=0x00000265d752d654 relative=0x00000000000001d4
Event: 47.634 Thread 0x00000265c4ccd630 Uncommon trap: reason=unstable_if action=reinterpret pc=0x00000265d752d654 method=java.lang.AbstractStringBuilder.isLatin1(B)Z @ 7 c2
Event: 47.634 Thread 0x00000265c4ccd630 DEOPT PACKING pc=0x00000265d752d654 sp=0x00000073219fe310
Event: 47.634 Thread 0x00000265c4ccd630 DEOPT UNPACKING pc=0x00000265d702857c sp=0x00000073219fe250 mode 2
Event: 47.638 Thread 0x00000265c4ccd630 Uncommon trap: trap_request=0xffffff45 fr.pc=0x00000265d752b8e4 relative=0x0000000000000064
Event: 47.638 Thread 0x00000265c4ccd630 Uncommon trap: reason=unstable_if action=reinterpret pc=0x00000265d752b8e4 method=java.lang.AbstractStringBuilder.needsNewBuffer([BBIB)Z @ 8 c2
Event: 47.638 Thread 0x00000265c4ccd630 DEOPT PACKING pc=0x00000265d752b8e4 sp=0x00000073219fe220
Event: 47.639 Thread 0x00000265c4ccd630 DEOPT UNPACKING pc=0x00000265d702857c sp=0x00000073219fe1a8 mode 2
Event: 69.682 Thread 0x00000265c4ccd630 Uncommon trap: trap_request=0xffffff45 fr.pc=0x00000265d7554ed8 relative=0x0000000000000058
Event: 69.682 Thread 0x00000265c4ccd630 Uncommon trap: reason=unstable_if action=reinterpret pc=0x00000265d7554ed8 method=java.lang.ref.ReferenceQueue.poll()Ljava/lang/ref/Reference; @ 4 c2
Event: 69.682 Thread 0x00000265c4ccd630 DEOPT PACKING pc=0x00000265d7554ed8 sp=0x00000073219fda30
Event: 69.682 Thread 0x00000265c4ccd630 DEOPT UNPACKING pc=0x00000265d702857c sp=0x00000073219fd9a8 mode 2

Classes loaded (20 events):
Event: 69.702 Loading class jdk/internal/classfile/impl/AbstractPoolEntry$IntegerEntryImpl
Event: 69.702 Loading class java/lang/classfile/constantpool/IntegerEntry
Event: 69.702 Loading class java/lang/classfile/constantpool/IntegerEntry done
Event: 69.702 Loading class jdk/internal/classfile/impl/AbstractPoolEntry$IntegerEntryImpl done
Event: 69.702 Loading class java/lang/invoke/TypeConvertingMethodAdapter$1
Event: 69.702 Loading class java/lang/invoke/TypeConvertingMethodAdapter$1 done
Event: 72.595 Loading class java/util/stream/SortedOps
Event: 72.595 Loading class java/util/stream/SortedOps done
Event: 72.595 Loading class java/util/stream/SortedOps$OfRef
Event: 72.595 Loading class java/util/stream/SortedOps$OfRef done
Event: 72.605 Loading class java/util/stream/Nodes$FixedNodeBuilder
Event: 72.605 Loading class java/util/stream/Nodes$ArrayNode
Event: 72.605 Loading class java/util/stream/Nodes$ArrayNode done
Event: 72.605 Loading class java/util/stream/Nodes$FixedNodeBuilder done
Event: 72.605 Loading class java/util/stream/SortedOps$SizedRefSortingSink
Event: 72.606 Loading class java/util/stream/SortedOps$AbstractRefSortingSink
Event: 72.606 Loading class java/util/stream/SortedOps$AbstractRefSortingSink done
Event: 72.606 Loading class java/util/stream/SortedOps$SizedRefSortingSink done
Event: 73.985 Loading class java/lang/StackTraceElement$HashedModules
Event: 73.985 Loading class java/lang/StackTraceElement$HashedModules done

Classes unloaded (0 events):
No events

Classes redefined (0 events):
No events

Internal exceptions (20 events):
Event: 19.435 Thread 0x00000265c4ccd630 Exception <a 'java/lang/NullPointerException'{0x00000000c655a738}> (0x00000000c655a738) 
thrown [s\src\hotspot\share\interpreter\linkResolver.cpp, line 1416]
Event: 19.435 Thread 0x00000265c4ccd630 Exception <a 'java/lang/NullPointerException'{0x00000000c655aa18}> (0x00000000c655aa18) 
thrown [s\src\hotspot\share\interpreter\linkResolver.cpp, line 1416]
Event: 19.435 Thread 0x00000265c4ccd630 Exception <a 'java/lang/NullPointerException'{0x00000000c655acf8}> (0x00000000c655acf8) 
thrown [s\src\hotspot\share\interpreter\linkResolver.cpp, line 1416]
Event: 19.447 Thread 0x00000265c4ccd630 Exception <a 'java/lang/NullPointerException'{0x00000000c655afd8}> (0x00000000c655afd8) 
thrown [s\src\hotspot\share\interpreter\linkResolver.cpp, line 1416]
Event: 19.592 Thread 0x00000265c4ccd630 Exception <a 'sun/nio/fs/WindowsException'{0x00000000c657c570}> (0x00000000c657c570) 
thrown [s\src\hotspot\share\prims\jni.cpp, line 516]
Event: 19.592 Thread 0x00000265c4ccd630 Exception <a 'sun/nio/fs/WindowsException'{0x00000000c657cba0}> (0x00000000c657cba0) 
thrown [s\src\hotspot\share\prims\jni.cpp, line 516]
Event: 19.592 Thread 0x00000265c4ccd630 Exception <a 'sun/nio/fs/WindowsException'{0x00000000c657d100}> (0x00000000c657d100) 
thrown [s\src\hotspot\share\prims\jni.cpp, line 516]
Event: 19.592 Thread 0x00000265c4ccd630 Exception <a 'sun/nio/fs/WindowsException'{0x00000000c657d640}> (0x00000000c657d640) 
thrown [s\src\hotspot\share\prims\jni.cpp, line 516]
Event: 19.592 Thread 0x00000265c4ccd630 Exception <a 'sun/nio/fs/WindowsException'{0x00000000c657db30}> (0x00000000c657db30) 
thrown [s\src\hotspot\share\prims\jni.cpp, line 516]
Event: 19.592 Thread 0x00000265c4ccd630 Exception <a 'sun/nio/fs/WindowsException'{0x00000000c657dfd8}> (0x00000000c657dfd8) 
thrown [s\src\hotspot\share\prims\jni.cpp, line 516]
Event: 19.841 Thread 0x00000265c4ccd630 Exception <a 'java/lang/NoSuchMethodError'{0x00000000c65b7610}: 'void java.lang.invoke.DirectMethodHandle$Holder.invokeVirtual(java.lang.Object, java.lang.Object)'> (0x00000000c65b7610) 
thrown [s\src\hotspot\share\interpreter\linkResolver.cpp, line 804]
Event: 19.920 Thread 0x00000265c4ccd630 Exception <a 'java/lang/NoSuchMethodError'{0x00000000c65d8908}: 'void java.lang.invoke.DirectMethodHandle$Holder.invokeStatic(java.lang.Object, java.lang.Object)'> (0x00000000c65d8908) 
thrown [s\src\hotspot\share\interpreter\linkResolver.cpp, line 804]
Event: 19.971 Thread 0x00000265c4ccd630 Exception <a 'java/lang/NoSuchMethodError'{0x00000000c65e09e0}: 'void java.lang.invoke.DirectMethodHandle$Holder.invokeStaticInit(java.lang.Object, java.lang.Object)'> (0x00000000c65e09e0) 
thrown [s\src\hotspot\share\interpreter\linkResolver.cpp, line 804]
Event: 20.084 Thread 0x00000265c4ccd630 Exception <a 'java/lang/NoSuchMethodError'{0x00000000c641bee0}: 'void java.lang.invoke.DirectMethodHandle$Holder.invokeSpecial(java.lang.Object, java.lang.Object, java.lang.Object, java.lang.Object, java.lang.Object)'> (0x00000000c641bee0) 
thrown [s\src\hotspot\share\interpreter\linkResolver.cpp, line 804]
Event: 20.254 Thread 0x00000265c4ccd630 Exception <a 'java/lang/NoSuchMethodError'{0x00000000c6457bf0}: 'void java.lang.invoke.DirectMethodHandle$Holder.invokeStatic(java.lang.Object, java.lang.Object, java.lang.Object)'> (0x00000000c6457bf0) 
thrown [s\src\hotspot\share\interpreter\linkResolver.cpp, line 804]
Event: 33.788 Thread 0x00000265c4ccd630 Exception <a 'java/lang/NoSuchMethodError'{0x00000000c621dea0}: 'java.lang.Object java.lang.invoke.DirectMethodHandle$Holder.invokeSpecialIFC(java.lang.Object, java.lang.Object, java.lang.Object, java.lang.Object)'> (0x00000000c621dea0) 
thrown [s\src\hotspot\share\interpreter\linkResolver.cpp, line 804]
Event: 59.085 Thread 0x00000265c4ccd630 Exception <a 'java/lang/NoSuchMethodError'{0x00000000c5d580e8}: 'void java.lang.invoke.DirectMethodHandle$Holder.invokeSpecial(java.lang.Object, java.lang.Object, java.lang.Object)'> (0x00000000c5d580e8) 
thrown [s\src\hotspot\share\interpreter\linkResolver.cpp, line 804]
Event: 65.767 Thread 0x00000265c4ccd630 Exception <a 'java/lang/NoSuchMethodError'{0x00000000c5c72010}: 'java.lang.Object java.lang.invoke.DirectMethodHandle$Holder.invokeInterface(java.lang.Object, java.lang.Object)'> (0x00000000c5c72010) 
thrown [s\src\hotspot\share\interpreter\linkResolver.cpp, line 804]
Event: 69.686 Thread 0x00000265c4ccd630 Exception <a 'java/lang/NoSuchMethodError'{0x00000000c691d440}: 'int java.lang.invoke.DirectMethodHandle$Holder.invokeStatic(java.lang.Object, java.lang.Object, java.lang.Object, java.lang.Object)'> (0x00000000c691d440) 
thrown [s\src\hotspot\share\interpreter\linkResolver.cpp, line 804]
Event: 70.842 Thread 0x00000265c4ccd630 Exception <a 'java/lang/NoSuchMethodError'{0x00000000c6947018}: 'int java.lang.invoke.DirectMethodHandle$Holder.invokeSpecialIFC(java.lang.Object, java.lang.Object, java.lang.Object, java.lang.Object, java.lang.Object)'> (0x00000000c6947018) 
thrown [s\src\hotspot\share\interpreter\linkResolver.cpp, line 804]

VM Operations (8 events):
Event: 11.921 Executing non-safepoint VM operation: HandshakeAllThreads (Deoptimize)
Event: 11.921 Executing non-safepoint VM operation: HandshakeAllThreads (Deoptimize) done
Event: 19.298 Executing non-safepoint VM operation: HandshakeAllThreads (Deoptimize)
Event: 19.298 Executing non-safepoint VM operation: HandshakeAllThreads (Deoptimize) done
Event: 20.314 Executing non-safepoint VM operation: HandshakeAllThreads (Deoptimize)
Event: 30.196 Executing non-safepoint VM operation: HandshakeAllThreads (Deoptimize) done
Event: 68.575 Executing safepoint VM operation: G1CollectForAllocation (G1 Evacuation Pause)
Event: 68.648 Executing safepoint VM operation: G1CollectForAllocation (G1 Evacuation Pause) done

Memory protections (0 events):
No events

Nmethod flushes (0 events):
No events

Events (13 events):
Event: 1.028 Thread 0x00000265c4ccd630 Thread added: 0x00000265c4ccd630
Event: 2.737 Thread 0x00000265c4ccd630 Thread added: 0x00000265e1cd7940
Event: 2.738 Thread 0x00000265c4ccd630 Thread added: 0x00000265e1cdbf20
Event: 2.894 Thread 0x00000265c4ccd630 Thread added: 0x00000265e1cdfae0
Event: 2.894 Thread 0x00000265c4ccd630 Thread added: 0x00000265e1ce1800
Event: 2.975 Thread 0x00000265c4ccd630 Thread added: 0x00000265e1ce23c0
Event: 2.975 Thread 0x00000265c4ccd630 Thread added: 0x00000265e1ce2f80
Event: 2.975 Thread 0x00000265c4ccd630 Thread added: 0x00000265e1ce3e70
Event: 3.054 Thread 0x00000265c4ccd630 Thread added: 0x00000265e1d6f610
Event: 11.068 Thread 0x00000265c4ccd630 Thread added: 0x00000265e6041780
Event: 11.215 Thread 0x00000265c4ccd630 Thread added: 0x00000265e604aa30
Event: 19.318 Thread 0x00000265c4ccd630 Thread added: 0x00000265e63e5e40
Event: 38.516 Thread 0x00000265e63e5e40 Thread exited: 0x00000265e63e5e40


Dynamic libraries:
0x00007ff61ab00000 - 0x00007ff61ab0e000 	C:\Program Files\Apache NetBeans\jdk\bin\java.exe
0x00007ffea0ee0000 - 0x00007ffea1147000 	C:\WINDOWS\SYSTEM32\ntdll.dll
0x00007ffe9fee0000 - 0x00007ffe9ffa9000 	C:\WINDOWS\System32\KERNEL32.DLL
0x00007ffe9dbe0000 - 0x00007ffe9dfd4000 	C:\WINDOWS\System32\KERNELBASE.dll
0x00007ffe9e110000 - 0x00007ffe9e25b000 	C:\WINDOWS\System32\ucrtbase.dll
0x00007ffe806e0000 - 0x00007ffe806f6000 	C:\Program Files\Apache NetBeans\jdk\bin\jli.dll
0x00007ffe9ed70000 - 0x00007ffe9ef35000 	C:\WINDOWS\System32\USER32.dll
0x00007ffe9eb90000 - 0x00007ffe9ebb7000 	C:\WINDOWS\System32\win32u.dll
0x00007ffea09d0000 - 0x00007ffea09fb000 	C:\WINDOWS\System32\GDI32.dll
0x00007ffe9dfe0000 - 0x00007ffe9e10a000 	C:\WINDOWS\System32\gdi32full.dll
0x00007ffe9ebc0000 - 0x00007ffe9ec63000 	C:\WINDOWS\System32\msvcp_win.dll
0x00007ffe91b10000 - 0x00007ffe91b2e000 	C:\Program Files\Apache NetBeans\jdk\bin\VCRUNTIME140.dll
0x00007ffe8ba70000 - 0x00007ffe8bd03000 	C:\WINDOWS\WinSxS\amd64_microsoft.windows.common-controls_6595b64144ccf1df_6.0.26100.8115_none_3e075c82e3354f9c\COMCTL32.dll
0x00007ffea0400000 - 0x00007ffea04a9000 	C:\WINDOWS\System32\msvcrt.dll
0x00007ffe9fd40000 - 0x00007ffe9fd72000 	C:\WINDOWS\System32\IMM32.DLL
0x00007ffe8bdb0000 - 0x00007ffe8bdbc000 	C:\Program Files\Apache NetBeans\jdk\bin\vcruntime140_1.dll
0x00007ffe68510000 - 0x00007ffe6859d000 	C:\Program Files\Apache NetBeans\jdk\bin\msvcp140.dll
0x00007ffe2ca00000 - 0x00007ffe2d926000 	C:\Program Files\Apache NetBeans\jdk\bin\server\jvm.dll
0x00007ffea0660000 - 0x00007ffea0716000 	C:\WINDOWS\System32\ADVAPI32.dll
0x00007ffea04b0000 - 0x00007ffea0557000 	C:\WINDOWS\System32\sechost.dll
0x00007ffe9f250000 - 0x00007ffe9f368000 	C:\WINDOWS\System32\RPCRT4.dll
0x00007ffea0940000 - 0x00007ffea09c0000 	C:\WINDOWS\System32\WS2_32.dll
0x00007ffe9d610000 - 0x00007ffe9d66e000 	C:\WINDOWS\SYSTEM32\POWRPROF.dll
0x00007ffe7a540000 - 0x00007ffe7a576000 	C:\WINDOWS\SYSTEM32\WINMM.dll
0x00007ffe8c650000 - 0x00007ffe8c65b000 	C:\WINDOWS\SYSTEM32\VERSION.dll
0x00007ffe9d5f0000 - 0x00007ffe9d604000 	C:\WINDOWS\SYSTEM32\UMPDC.dll
0x00007ffe9c540000 - 0x00007ffe9c55b000 	C:\WINDOWS\SYSTEM32\kernel.appcore.dll
0x00007ffe8bda0000 - 0x00007ffe8bdaa000 	C:\Program Files\Apache NetBeans\jdk\bin\jimage.dll
0x00007ffe9b6f0000 - 0x00007ffe9b932000 	C:\WINDOWS\SYSTEM32\DBGHELP.DLL
0x00007ffe9ffb0000 - 0x00007ffea0332000 	C:\WINDOWS\System32\combase.dll
0x00007ffe9f400000 - 0x00007ffe9f4d7000 	C:\WINDOWS\System32\OLEAUT32.dll
0x00007ffe8c3b0000 - 0x00007ffe8c3eb000 	C:\WINDOWS\SYSTEM32\dbgcore.DLL
0x00007ffe9d9c0000 - 0x00007ffe9da65000 	C:\WINDOWS\System32\bcryptPrimitives.dll
0x00007ffe80700000 - 0x00007ffe8071e000 	C:\Program Files\Apache NetBeans\jdk\bin\java.dll
0x00007ffea0790000 - 0x00007ffea0927000 	C:\WINDOWS\System32\ole32.dll
0x00007ffe9f570000 - 0x00007ffe9fcd6000 	C:\WINDOWS\System32\SHELL32.dll
0x00007ffe9da70000 - 0x00007ffe9dbda000 	C:\WINDOWS\System32\wintypes.dll
0x00007ffe9e260000 - 0x00007ffe9eac5000 	C:\WINDOWS\System32\windows.storage.dll
0x00007ffe9ef40000 - 0x00007ffe9f037000 	C:\WINDOWS\System32\SHCORE.dll
0x00007ffea0720000 - 0x00007ffea0786000 	C:\WINDOWS\System32\shlwapi.dll
0x00007ffe9d6d0000 - 0x00007ffe9d6f9000 	C:\WINDOWS\SYSTEM32\profapi.dll
0x00007ffe76930000 - 0x00007ffe76941000 	C:\Program Files\Apache NetBeans\jdk\bin\net.dll
0x00007ffe9cab0000 - 0x00007ffe9cb1c000 	C:\WINDOWS\system32\mswsock.dll
0x00007ffe685a0000 - 0x00007ffe685b6000 	C:\Program Files\Apache NetBeans\jdk\bin\nio.dll
0x00007ffe76950000 - 0x00007ffe76967000 	C:\Program Files\Apache NetBeans\jdk\bin\zip.dll
0x00007ffe7bf10000 - 0x00007ffe7bf34000 	C:\Program Files\Apache NetBeans\java\maven\lib\jansi-native\Windows\x86_64\jansi.dll
0x00007ffe87100000 - 0x00007ffe87110000 	C:\Program Files\Apache NetBeans\jdk\bin\verify.dll

JVMTI agents: none

dbghelp: loaded successfully - version: 4.0.5 - missing functions: none
symbol engine: initialized successfully - sym options: 0x614 - pdb path: .;C:\Program Files\Apache NetBeans\jdk\bin;C:\WINDOWS\SYSTEM32;C:\WINDOWS\WinSxS\amd64_microsoft.windows.common-controls_6595b64144ccf1df_6.0.26100.8115_none_3e075c82e3354f9c;C:\Program Files\Apache NetBeans\jdk\bin\server;C:\Program Files\Apache NetBeans\java\maven\lib\jansi-native\Windows\x86_64

VM Arguments:
jvm_args: --enable-native-access=ALL-UNNAMED -Dclassworlds.conf=C:\Program Files\Apache NetBeans\java\maven\bin\m2.conf -Dmaven.home=C:\Program Files\Apache NetBeans\java\maven -Dlibrary.jansi.path=C:\Program Files\Apache NetBeans\java\maven\lib\jansi-native -Dmaven.multiModuleProjectDirectory=C:\Users\ASUS\Documents\NetBeansProjects\Lubiproject1 
java_command: org.codehaus.plexus.classworlds.launcher.Launcher -Dmaven.ext.class.path=C:\Program Files\Apache NetBeans\java\maven-nblib\netbeans-eventspy.jar --no-transfer-progress install
java_class_path (initial): C:\Program Files\Apache NetBeans\java\maven\boot\plexus-classworlds-2.9.0.jar
Launcher Type: SUN_STANDARD

[Global flags]
     intx CICompilerCount                          = 2                                         {product} {ergonomic}
     uint ConcGCThreads                            = 1                                         {product} {ergonomic}
     uint G1ConcRefinementThreads                  = 2                                         {product} {ergonomic}
   size_t G1HeapRegionSize                         = 1048576                                   {product} {ergonomic}
   size_t InitialHeapSize                          = 65011712                                  {product} {ergonomic}
   size_t MarkStackSize                            = 4194304                                   {product} {ergonomic}
   size_t MarkStackSizeMax                         = 536870912                                 {product} {ergonomic}
   size_t MaxHeapSize                              = 1027604480                                {product} {ergonomic}
   size_t MaxNewSize                               = 616562688                                 {product} {ergonomic}
   size_t MinHeapDeltaBytes                        = 1048576                                   {product} {ergonomic}
   size_t MinHeapSize                              = 8388608                                   {product} {ergonomic}
    uintx NonNMethodCodeHeapSize                   = 5767168                                {pd product} {ergonomic}
    uintx NonProfiledCodeHeapSize                  = 123011072                              {pd product} {ergonomic}
    uintx ProfiledCodeHeapSize                     = 122880000                              {pd product} {ergonomic}
    uintx ReservedCodeCacheSize                    = 251658240                              {pd product} {ergonomic}
     bool SegmentedCodeCache                       = true                                      {product} {ergonomic}
   size_t SoftMaxHeapSize                          = 1027604480                             {manageable} {ergonomic}
     bool UseCompressedOops                        = true                           {product lp64_product} {ergonomic}
     bool UseG1GC                                  = true                                      {product} {ergonomic}
     bool UseLargePagesIndividualAllocation        = false                                  {pd product} {ergonomic}

Logging:
Log output configuration:
 #0: stdout all=warning uptime,level,tags foldmultilines=false
 #1: stderr all=off uptime,level,tags foldmultilines=false

Release file:
IMPLEMENTOR="Eclipse Adoptium" 
IMPLEMENTOR_VERSION="Temurin-25.0.2+10" 
JAVA_RUNTIME_VERSION="25.0.2+10-LTS" 
JAVA_VERSION="25.0.2" 
JAVA_VERSION_DATE="2026-01-20" 
LIBC="default" 
MODULES="java.base java.compiler java.datatransfer java.xml java.prefs java.desktop java.instrument java.logging java.management java.security.sasl java.naming java.rmi java.management.rmi java.net.http java.scripting java.security.jgss java.transaction.xa java.sql java.sql.rowset java.xml.crypto java.se java.smartcardio jdk.accessibility jdk.internal.jvmstat jdk.attach jdk.charsets jdk.internal.opt jdk.zipfs jdk.compiler jdk.crypto.cryptoki jdk.crypto.ec jdk.crypto.mscapi jdk.dynalink jdk.internal.ed jdk.editpad jdk.internal.vm.ci jdk.graal.compiler jdk.graal.compiler.management jdk.hotspot.agent jdk.httpserver jdk.incubator.vector jdk.internal.le jdk.internal.md jdk.jartool jdk.javadoc jdk.jcmd jdk.management jdk.management.agent jdk.jconsole jdk.jdeps jdk.jdwp.agent jdk.jdi jdk.jfr jdk.jlink jdk.jpackage jdk.jshell jdk.jsobject jdk.jstatd jdk.localedata jdk.management.jfr jdk.naming.dns jdk.naming.rmi jdk.net jdk.nio.mapmode jdk.sctp jdk.security.auth jdk.security.jgss jdk.unsupported jdk.unsupported.desktop jdk.xml.dom" 
OS_ARCH="x86_64" 
OS_NAME="Windows" 
SOURCE=".:git:9e3c947043a4" 
BUILD_SOURCE="git:458965074606f027bd5afce2cfd5c1055dea0438"
BUILD_SOURCE_REPO="https://github.com/adoptium/temurin-build.git"
SOURCE_REPO="https://github.com/adoptium/jdk25u.git"
FULL_VERSION="25.0.2+10-LTS"
SEMANTIC_VERSION="25.0.2+10"
BUILD_INFO="OS: Windows Server 2022 Version: 10.0"
JVM_VARIANT="Hotspot"
JVM_VERSION="25.0.2+10-LTS"
IMAGE_TYPE="JDK"

Environment Variables:
JAVA_HOME=C:\Program Files\Apache NetBeans\jdk
PATH=C:\WINDOWS\system32;C:\WINDOWS;C:\WINDOWS\System32\Wbem;C:\WINDOWS\System32\WindowsPowerShell\v1.0\;C:\WINDOWS\System32\OpenSSH\;C:\Program Files\Git\cmd;C:\Users\ASUS\AppData\Local\Microsoft\WindowsApps;;C:\Program Files\Apache NetBeans\bin\
USERNAME=ASUS
OS=Windows_NT
PROCESSOR_IDENTIFIER=Intel64 Family 6 Model 122 Stepping 1, GenuineIntel
TMP=C:\Users\ASUS\AppData\Local\Temp
TEMP=C:\Users\ASUS\AppData\Local\Temp




Compilation memory statistics disabled.

Periodic native trim disabled

---------------  S Y S T E M  ---------------

OS:
 Windows 11 , 64 bit Build 26100 (10.0.26100.8115)
OS uptime: 0 days 4:12 hours

CPU: total 2 (initial active 2) (2 cores per cpu, 1 threads per core) family 6 model 122 stepping 1 microcode 0x34, cx8, cmov, fxsr, mmx, 3dnowpref, sse, sse2, sse3, ssse3, sse4.1, sse4.2, popcnt, tsc, tscinvbit, aes, erms, clmul, sha, clflush, clflushopt, rdtscp, rdpid
Processor Information for the first 2 processors :
  Max Mhz: 1101, Current Mhz: 1101, Mhz Limit: 1101

Memory: 4k page, system-wide physical 3919M (377M free)
TotalPageFile size 15695M (AvailPageFile size 119M)
current process WorkingSet (physical memory assigned to process): 40M, peak: 54M
current process commit charge ("private bytes"): 140M, peak: 142M

vm_info: OpenJDK 64-Bit Server VM (25.0.2+10-LTS) for windows-amd64 JRE (25.0.2+10-LTS), built on 2026-01-20T00:00:00Z with MS VC++ 17.12 (VS2022)

END.
