#
# There is insufficient memory for the Java Runtime Environment to continue.
# Native memory allocation (malloc) failed to allocate 32752 bytes. Error detail: Chunk::new
# Possible reasons:
#   The system is out of physical RAM or swap space
#   This process is running with CompressedOops enabled, and the Java Heap may be blocking the growth of the native heap
# Possible solutions:
#   Reduce memory load on the system
#   Increase physical memory or swap space
#   Check if swap backing store is full
#   Decrease Java heap size (-Xmx/-Xms)
#   Decrease number of Java threads
#   Decrease Java thread stack sizes (-Xss)
#   Set larger code cache with -XX:ReservedCodeCacheSize=
#   JVM is running with Unscaled Compressed Oops mode in which the Java heap is
#     placed in the first 4GB address space. The Java Heap base address is the
#     maximum limit for the native heap growth. Please use -XX:HeapBaseMinAddress
#     to set the Java Heap base and to place the Java Heap above 4GB virtual address.
# This output file may be truncated or incomplete.
#
#  Out of Memory Error (arena.cpp:186), pid=20188, tid=21968
#
# JRE version: OpenJDK Runtime Environment Temurin-25.0.2+10 (25.0.2+10) (build 25.0.2+10-LTS)
# Java VM: OpenJDK 64-Bit Server VM Temurin-25.0.2+10 (25.0.2+10-LTS, mixed mode, sharing, tiered, compressed oops, compressed class ptrs, g1 gc, windows-amd64)
# No core dump will be written. Minidumps are not enabled by default on client versions of Windows
#

---------------  S U M M A R Y ------------

Command Line: --enable-native-access=ALL-UNNAMED -Dclassworlds.conf=C:\Program Files\Apache NetBeans\java\maven\bin\m2.conf -Dmaven.home=C:\Program Files\Apache NetBeans\java\maven -Dlibrary.jansi.path=C:\Program Files\Apache NetBeans\java\maven\lib\jansi-native -Dmaven.multiModuleProjectDirectory=C:\Users\ASUS\Documents\NetBeansProjects\Lubiproject1 org.codehaus.plexus.classworlds.launcher.Launcher -Dmaven.ext.class.path=C:\Program Files\Apache NetBeans\java\maven-nblib\netbeans-eventspy.jar --no-transfer-progress install

Host: Intel(R) Celeron(R) N4000 CPU @ 1.10GHz, 2 cores, 3G,  Windows 11 , 64 bit Build 26100 (10.0.26100.8115)
Time: Fri Apr  3 20:20:16 2026 SE Asia Standard Time elapsed time: 73.158749 seconds (0d 0h 1m 13s)

---------------  T H R E A D  ---------------

Current thread (0x0000026751196a40):  JavaThread "C1 CompilerThread0" daemon [_thread_in_native, id=21968, stack(0x000000f503d00000,0x000000f503e00000) (1024K)]


Current CompileTask:
C1:73159  615       3       org.codehaus.plexus.util.xml.pull.MXParser::nextImpl (1208 bytes)

Stack: [0x000000f503d00000,0x000000f503e00000]
Native frames: (J=compiled Java code, j=interpreted, Vv=VM code, C=native code)
V  [jvm.dll+0x7a8bc9]  (no source info available)
V  [jvm.dll+0x77310d]  (no source info available)
V  [jvm.dll+0x9f55f3]  (no source info available)
V  [jvm.dll+0x9f7be1]  (no source info available)
V  [jvm.dll+0x9f82f3]  (no source info available)
V  [jvm.dll+0x2fce26]  (no source info available)
V  [jvm.dll+0x111076]  (no source info available)
V  [jvm.dll+0x11139e]  (no source info available)
V  [jvm.dll+0xf2dad]  (no source info available)
V  [jvm.dll+0x1e8741]  (no source info available)
V  [jvm.dll+0x1f194a]  (no source info available)
V  [jvm.dll+0x1f1412]  (no source info available)
V  [jvm.dll+0x1f8fc7]  (no source info available)
V  [jvm.dll+0x1e798e]  (no source info available)
V  [jvm.dll+0x1d5b50]  (no source info available)
V  [jvm.dll+0x1be50f]  (no source info available)
V  [jvm.dll+0x1bddaf]  (no source info available)
V  [jvm.dll+0x1be070]  (no source info available)
V  [jvm.dll+0x1bd3b1]  (no source info available)
V  [jvm.dll+0x1bf1fd]  (no source info available)
V  [jvm.dll+0x2cf4c6]  (no source info available)
V  [jvm.dll+0x2cd74a]  (no source info available)
V  [jvm.dll+0x48fbee]  (no source info available)
V  [jvm.dll+0x996b0d]  (no source info available)
V  [jvm.dll+0x7a71a5]  (no source info available)
C  [ucrtbase.dll+0x37b0]  (no source info available)
C  [KERNEL32.DLL+0x2e8d7]  (no source info available)
C  [ntdll.dll+0x8c3fc]  (no source info available)

Lock stack of current Java thread (top to bottom):


---------------  P R O C E S S  ---------------

Threads class SMR info:
_java_thread_list=0x000002675146e2f0, length=12, elements={
0x000002673411d9d0, 0x0000026751112170, 0x00000267511145c0, 0x0000026751119250,
0x000002675111af70, 0x000002675111c400, 0x000002675111d370, 0x000002675111e260,
0x0000026751196a40, 0x00000267511e6b60, 0x00000267511ed5c0, 0x00000267515ab150
}

Java Threads: ( => current thread )
  0x000002673411d9d0 JavaThread "main"                              [_thread_in_native, id=26744, stack(0x000000f502e00000,0x000000f502f00000) (1024K)]
  0x0000026751112170 JavaThread "Reference Handler"          daemon [_thread_blocked, id=10816, stack(0x000000f503600000,0x000000f503700000) (1024K)]
  0x00000267511145c0 JavaThread "Finalizer"                  daemon [_thread_blocked, id=26736, stack(0x000000f503700000,0x000000f503800000) (1024K)]
  0x0000026751119250 JavaThread "Signal Dispatcher"          daemon [_thread_blocked, id=23968, stack(0x000000f503800000,0x000000f503900000) (1024K)]
  0x000002675111af70 JavaThread "Attach Listener"            daemon [_thread_blocked, id=24092, stack(0x000000f503900000,0x000000f503a00000) (1024K)]
  0x000002675111c400 JavaThread "Service Thread"             daemon [_thread_blocked, id=26696, stack(0x000000f503a00000,0x000000f503b00000) (1024K)]
  0x000002675111d370 JavaThread "Monitor Deflation Thread"   daemon [_thread_blocked, id=26792, stack(0x000000f503b00000,0x000000f503c00000) (1024K)]
  0x000002675111e260 JavaThread "C2 CompilerThread0"         daemon [_thread_blocked, id=26800, stack(0x000000f503c00000,0x000000f503d00000) (1024K)]
=>0x0000026751196a40 JavaThread "C1 CompilerThread0"         daemon [_thread_in_native, id=21968, stack(0x000000f503d00000,0x000000f503e00000) (1024K)]
  0x00000267511e6b60 JavaThread "Notification Thread"        daemon [_thread_blocked, id=24500, stack(0x000000f503e00000,0x000000f503f00000) (1024K)]
  0x00000267511ed5c0 JavaThread "Common-Cleaner"             daemon [_thread_blocked, id=9240, stack(0x000000f503f00000,0x000000f504000000) (1024K)]
  0x00000267515ab150 JavaThread "cleanup"                    daemon [_thread_in_native, id=584, stack(0x000000f504000000,0x000000f504100000) (1024K)]
Total: 12

Other Threads:
  0x000002673647eae0 VMThread "VM Thread"                           [id=16268, stack(0x000000f503500000,0x000000f503600000) (1024K)]
  0x0000026736474ef0 WatcherThread "VM Periodic Task Thread"        [id=16244, stack(0x000000f503400000,0x000000f503500000) (1024K)]
  0x00000267363f55a0 WorkerThread "GC Thread#0"                     [id=252, stack(0x000000f502f00000,0x000000f503000000) (1024K)]
  0x0000026736401e30 ConcurrentGCThread "G1 Main Marker"            [id=22688, stack(0x000000f503000000,0x000000f503100000) (1024K)]
  0x0000026736404060 WorkerThread "G1 Conc#0"                       [id=15004, stack(0x000000f503100000,0x000000f503200000) (1024K)]
  0x000002673641d180 ConcurrentGCThread "G1 Refine#0"               [id=26888, stack(0x000000f503200000,0x000000f503300000) (1024K)]
  0x0000026736420390 ConcurrentGCThread "G1 Service"                [id=3016, stack(0x000000f503300000,0x000000f503400000) (1024K)]
Total: 7

Threads with active compile tasks:
C1 CompilerThread0  74844  615       3       org.codehaus.plexus.util.xml.pull.MXParser::nextImpl (1208 bytes)
Total: 1

VM state: not at safepoint (normal execution)

VM Mutex/Monitor currently owned by a thread: None

Heap address: 0x00000000c2c00000, size: 980 MB, Compressed Oops mode: 32-bit

CDS archive(s) mapped at: [0x000000000e000000-0x000000000edd0000-0x000000000edd0000), size 14483456, SharedBaseAddress: 0x000000000e000000, ArchiveRelocationMode: 1.
Compressed class space mapped at: 0x000000000f000000-0x000000004f000000, reserved size: 1073741824
UseCompressedClassPointers 1, UseCompactObjectHeaders 0
Narrow klass pointer bits 32, Max shift 3
Narrow klass base: 0x000000000e000000, Narrow klass shift: 0
Encoding Range: [0x000000000e000000 - 0x000000010e000000), (4294967296 bytes)
Klass Range:    [0x000000000e010000 - 0x000000004f000000), (1090453504 bytes)
Klass ID Range:  [65536 - 1090519033) (1090453497)
Protection zone: [0x000000000e000000 - 0x000000000e010000), (65536 bytes)

GC Precious Log:
 CardTable entry size: 512
 Card Set container configuration: InlinePtr #cards 5 size 8 Array Of Cards #cards 10 size 36 Howl #buckets 4 coarsen threshold 1843 Howl Bitmap #cards 512 size 80 coarsen threshold 460 Card regions per heap region 1 cards per card region 2048
 CPUs: 2 total, 2 available
 Memory: 3919M
 Large Page Support: Disabled
 NUMA Support: Disabled
 Compressed Oops: Enabled (32-bit)
 Heap Region Size: 1M
 Heap Min Capacity: 8M
 Heap Initial Capacity: 62M
 Heap Max Capacity: 980M
 Pre-touch: Disabled
 Parallel Workers: 2
 Concurrent Workers: 1
 Concurrent Refinement Workers: 2
 Periodic GC: Disabled

Heap:
 garbage-first heap   total reserved 1003520K, committed 65536K, used 6291K [0x00000000c2c00000, 0x0000000100000000)
  region size 1024K, 7 young (7168K), 0 survivors (0K)

Heap Regions: E=young(eden), S=young(survivor), O=old, HS=humongous(starts), HC=humongous(continues), CS=collection set, F=free, TAMS=top-at-mark-start, PB=parsable bottom
|   0|0x00000000c2c00000, 0x00000000c2c00000, 0x00000000c2d00000|  0%| F|  |TAMS 0x00000000c2c00000| PB 0x00000000c2c00000| Untracked |  0
|   1|0x00000000c2d00000, 0x00000000c2d00000, 0x00000000c2e00000|  0%| F|  |TAMS 0x00000000c2d00000| PB 0x00000000c2d00000| Untracked |  0
|   2|0x00000000c2e00000, 0x00000000c2e00000, 0x00000000c2f00000|  0%| F|  |TAMS 0x00000000c2e00000| PB 0x00000000c2e00000| Untracked |  0
|   3|0x00000000c2f00000, 0x00000000c2f00000, 0x00000000c3000000|  0%| F|  |TAMS 0x00000000c2f00000| PB 0x00000000c2f00000| Untracked |  0
|   4|0x00000000c3000000, 0x00000000c3000000, 0x00000000c3100000|  0%| F|  |TAMS 0x00000000c3000000| PB 0x00000000c3000000| Untracked |  0
|   5|0x00000000c3100000, 0x00000000c3100000, 0x00000000c3200000|  0%| F|  |TAMS 0x00000000c3100000| PB 0x00000000c3100000| Untracked |  0
|   6|0x00000000c3200000, 0x00000000c3200000, 0x00000000c3300000|  0%| F|  |TAMS 0x00000000c3200000| PB 0x00000000c3200000| Untracked |  0
|   7|0x00000000c3300000, 0x00000000c3300000, 0x00000000c3400000|  0%| F|  |TAMS 0x00000000c3300000| PB 0x00000000c3300000| Untracked |  0
|   8|0x00000000c3400000, 0x00000000c3400000, 0x00000000c3500000|  0%| F|  |TAMS 0x00000000c3400000| PB 0x00000000c3400000| Untracked |  0
|   9|0x00000000c3500000, 0x00000000c3500000, 0x00000000c3600000|  0%| F|  |TAMS 0x00000000c3500000| PB 0x00000000c3500000| Untracked |  0
|  10|0x00000000c3600000, 0x00000000c3600000, 0x00000000c3700000|  0%| F|  |TAMS 0x00000000c3600000| PB 0x00000000c3600000| Untracked |  0
|  11|0x00000000c3700000, 0x00000000c3700000, 0x00000000c3800000|  0%| F|  |TAMS 0x00000000c3700000| PB 0x00000000c3700000| Untracked |  0
|  12|0x00000000c3800000, 0x00000000c3800000, 0x00000000c3900000|  0%| F|  |TAMS 0x00000000c3800000| PB 0x00000000c3800000| Untracked |  0
|  13|0x00000000c3900000, 0x00000000c3900000, 0x00000000c3a00000|  0%| F|  |TAMS 0x00000000c3900000| PB 0x00000000c3900000| Untracked |  0
|  14|0x00000000c3a00000, 0x00000000c3a00000, 0x00000000c3b00000|  0%| F|  |TAMS 0x00000000c3a00000| PB 0x00000000c3a00000| Untracked |  0
|  15|0x00000000c3b00000, 0x00000000c3b00000, 0x00000000c3c00000|  0%| F|  |TAMS 0x00000000c3b00000| PB 0x00000000c3b00000| Untracked |  0
|  16|0x00000000c3c00000, 0x00000000c3c00000, 0x00000000c3d00000|  0%| F|  |TAMS 0x00000000c3c00000| PB 0x00000000c3c00000| Untracked |  0
|  17|0x00000000c3d00000, 0x00000000c3d00000, 0x00000000c3e00000|  0%| F|  |TAMS 0x00000000c3d00000| PB 0x00000000c3d00000| Untracked |  0
|  18|0x00000000c3e00000, 0x00000000c3e00000, 0x00000000c3f00000|  0%| F|  |TAMS 0x00000000c3e00000| PB 0x00000000c3e00000| Untracked |  0
|  19|0x00000000c3f00000, 0x00000000c3f00000, 0x00000000c4000000|  0%| F|  |TAMS 0x00000000c3f00000| PB 0x00000000c3f00000| Untracked |  0
|  20|0x00000000c4000000, 0x00000000c4000000, 0x00000000c4100000|  0%| F|  |TAMS 0x00000000c4000000| PB 0x00000000c4000000| Untracked |  0
|  21|0x00000000c4100000, 0x00000000c4100000, 0x00000000c4200000|  0%| F|  |TAMS 0x00000000c4100000| PB 0x00000000c4100000| Untracked |  0
|  22|0x00000000c4200000, 0x00000000c4200000, 0x00000000c4300000|  0%| F|  |TAMS 0x00000000c4200000| PB 0x00000000c4200000| Untracked |  0
|  23|0x00000000c4300000, 0x00000000c4300000, 0x00000000c4400000|  0%| F|  |TAMS 0x00000000c4300000| PB 0x00000000c4300000| Untracked |  0
|  24|0x00000000c4400000, 0x00000000c4400000, 0x00000000c4500000|  0%| F|  |TAMS 0x00000000c4400000| PB 0x00000000c4400000| Untracked |  0
|  25|0x00000000c4500000, 0x00000000c4500000, 0x00000000c4600000|  0%| F|  |TAMS 0x00000000c4500000| PB 0x00000000c4500000| Untracked |  0
|  26|0x00000000c4600000, 0x00000000c4600000, 0x00000000c4700000|  0%| F|  |TAMS 0x00000000c4600000| PB 0x00000000c4600000| Untracked |  0
|  27|0x00000000c4700000, 0x00000000c4700000, 0x00000000c4800000|  0%| F|  |TAMS 0x00000000c4700000| PB 0x00000000c4700000| Untracked |  0
|  28|0x00000000c4800000, 0x00000000c4800000, 0x00000000c4900000|  0%| F|  |TAMS 0x00000000c4800000| PB 0x00000000c4800000| Untracked |  0
|  29|0x00000000c4900000, 0x00000000c4900000, 0x00000000c4a00000|  0%| F|  |TAMS 0x00000000c4900000| PB 0x00000000c4900000| Untracked |  0
|  30|0x00000000c4a00000, 0x00000000c4a00000, 0x00000000c4b00000|  0%| F|  |TAMS 0x00000000c4a00000| PB 0x00000000c4a00000| Untracked |  0
|  31|0x00000000c4b00000, 0x00000000c4b00000, 0x00000000c4c00000|  0%| F|  |TAMS 0x00000000c4b00000| PB 0x00000000c4b00000| Untracked |  0
|  32|0x00000000c4c00000, 0x00000000c4c00000, 0x00000000c4d00000|  0%| F|  |TAMS 0x00000000c4c00000| PB 0x00000000c4c00000| Untracked |  0
|  33|0x00000000c4d00000, 0x00000000c4d00000, 0x00000000c4e00000|  0%| F|  |TAMS 0x00000000c4d00000| PB 0x00000000c4d00000| Untracked |  0
|  34|0x00000000c4e00000, 0x00000000c4e00000, 0x00000000c4f00000|  0%| F|  |TAMS 0x00000000c4e00000| PB 0x00000000c4e00000| Untracked |  0
|  35|0x00000000c4f00000, 0x00000000c4f00000, 0x00000000c5000000|  0%| F|  |TAMS 0x00000000c4f00000| PB 0x00000000c4f00000| Untracked |  0
|  36|0x00000000c5000000, 0x00000000c5000000, 0x00000000c5100000|  0%| F|  |TAMS 0x00000000c5000000| PB 0x00000000c5000000| Untracked |  0
|  37|0x00000000c5100000, 0x00000000c5100000, 0x00000000c5200000|  0%| F|  |TAMS 0x00000000c5100000| PB 0x00000000c5100000| Untracked |  0
|  38|0x00000000c5200000, 0x00000000c5200000, 0x00000000c5300000|  0%| F|  |TAMS 0x00000000c5200000| PB 0x00000000c5200000| Untracked |  0
|  39|0x00000000c5300000, 0x00000000c5300000, 0x00000000c5400000|  0%| F|  |TAMS 0x00000000c5300000| PB 0x00000000c5300000| Untracked |  0
|  40|0x00000000c5400000, 0x00000000c5400000, 0x00000000c5500000|  0%| F|  |TAMS 0x00000000c5400000| PB 0x00000000c5400000| Untracked |  0
|  41|0x00000000c5500000, 0x00000000c5500000, 0x00000000c5600000|  0%| F|  |TAMS 0x00000000c5500000| PB 0x00000000c5500000| Untracked |  0
|  42|0x00000000c5600000, 0x00000000c5600000, 0x00000000c5700000|  0%| F|  |TAMS 0x00000000c5600000| PB 0x00000000c5600000| Untracked |  0
|  43|0x00000000c5700000, 0x00000000c5700000, 0x00000000c5800000|  0%| F|  |TAMS 0x00000000c5700000| PB 0x00000000c5700000| Untracked |  0
|  44|0x00000000c5800000, 0x00000000c5800000, 0x00000000c5900000|  0%| F|  |TAMS 0x00000000c5800000| PB 0x00000000c5800000| Untracked |  0
|  45|0x00000000c5900000, 0x00000000c5900000, 0x00000000c5a00000|  0%| F|  |TAMS 0x00000000c5900000| PB 0x00000000c5900000| Untracked |  0
|  46|0x00000000c5a00000, 0x00000000c5a00000, 0x00000000c5b00000|  0%| F|  |TAMS 0x00000000c5a00000| PB 0x00000000c5a00000| Untracked |  0
|  47|0x00000000c5b00000, 0x00000000c5b00000, 0x00000000c5c00000|  0%| F|  |TAMS 0x00000000c5b00000| PB 0x00000000c5b00000| Untracked |  0
|  48|0x00000000c5c00000, 0x00000000c5c00000, 0x00000000c5d00000|  0%| F|  |TAMS 0x00000000c5c00000| PB 0x00000000c5c00000| Untracked |  0
|  49|0x00000000c5d00000, 0x00000000c5d00000, 0x00000000c5e00000|  0%| F|  |TAMS 0x00000000c5d00000| PB 0x00000000c5d00000| Untracked |  0
|  50|0x00000000c5e00000, 0x00000000c5e00000, 0x00000000c5f00000|  0%| F|  |TAMS 0x00000000c5e00000| PB 0x00000000c5e00000| Untracked |  0
|  51|0x00000000c5f00000, 0x00000000c5f00000, 0x00000000c6000000|  0%| F|  |TAMS 0x00000000c5f00000| PB 0x00000000c5f00000| Untracked |  0
|  52|0x00000000c6000000, 0x00000000c6000000, 0x00000000c6100000|  0%| F|  |TAMS 0x00000000c6000000| PB 0x00000000c6000000| Untracked |  0
|  53|0x00000000c6100000, 0x00000000c6100000, 0x00000000c6200000|  0%| F|  |TAMS 0x00000000c6100000| PB 0x00000000c6100000| Untracked |  0
|  54|0x00000000c6200000, 0x00000000c6200000, 0x00000000c6300000|  0%| F|  |TAMS 0x00000000c6200000| PB 0x00000000c6200000| Untracked |  0
|  55|0x00000000c6300000, 0x00000000c63d9108, 0x00000000c6400000| 84%| E|  |TAMS 0x00000000c6300000| PB 0x00000000c6300000| Complete |  0
|  56|0x00000000c6400000, 0x00000000c6500000, 0x00000000c6500000|100%| E|CS|TAMS 0x00000000c6400000| PB 0x00000000c6400000| Complete |  0
|  57|0x00000000c6500000, 0x00000000c6600000, 0x00000000c6600000|100%| E|CS|TAMS 0x00000000c6500000| PB 0x00000000c6500000| Complete |  0
|  58|0x00000000c6600000, 0x00000000c6700000, 0x00000000c6700000|100%| E|CS|TAMS 0x00000000c6600000| PB 0x00000000c6600000| Complete |  0
|  59|0x00000000c6700000, 0x00000000c6800000, 0x00000000c6800000|100%| E|CS|TAMS 0x00000000c6700000| PB 0x00000000c6700000| Complete |  0
|  60|0x00000000c6800000, 0x00000000c6900000, 0x00000000c6900000|100%| E|  |TAMS 0x00000000c6800000| PB 0x00000000c6800000| Complete |  0
|  61|0x00000000c6900000, 0x00000000c6a00000, 0x00000000c6a00000|100%| E|CS|TAMS 0x00000000c6900000| PB 0x00000000c6900000| Complete |  0
| 978|0x00000000ffe00000, 0x00000000fff00000, 0x00000000fff00000|100%| O|  |TAMS 0x00000000ffe00000| PB 0x00000000ffe00000| Untracked |  0
| 979|0x00000000fff00000, 0x00000000fff24ea8, 0x0000000100000000| 14%| O|  |TAMS 0x00000000fff00000| PB 0x00000000fff00000| Untracked |  0

Card table byte_map: [0x0000026736170000,0x0000026736360000] _byte_map_base: 0x0000026735b5a000

Marking Bits: (CMBitMap*) 0x00000267363f5d30
 Bits: [0x000002674deb0000, 0x000002674ee00000)

Polling page: 0x00000267340d0000

Metaspace:
Metaspace        used 2104K, committed 2240K, reserved 1114112K
 class space     used 188K, committed 256K, reserved 1048576K

Usage:
  Non-class:      1.87 MB used.
      Class:    188.34 KB used.
       Both:      2.06 MB used.

Virtual space:
  Non-class space:       64.00 MB reserved,       1.94 MB (  3%) committed,  1 nodes.
      Class space:        1.00 GB reserved,     256.00 KB ( <1%) committed,  1 nodes.
             Both:        1.06 GB reserved,       2.19 MB ( <1%) committed. 

Chunk freelists:
   Non-Class:  11.14 MB
       Class:  15.62 MB
        Both:  26.77 MB

MaxMetaspaceSize: unlimited
CompressedClassSpaceSize: 1.00 GB
Initial GC threshold: 21.00 MB
Current GC threshold: 21.00 MB
CDS: on
 - commit_granule_bytes: 65536.
 - commit_granule_words: 8192.
 - virtual_space_node_default_size: 8388608.
 - enlarge_chunks_in_place: 1.
UseCompressedClassPointers 1, UseCompactObjectHeaders 0
Narrow klass pointer bits 32, Max shift 3
Narrow klass base: 0x000000000e000000, Narrow klass shift: 0
Encoding Range: [0x000000000e000000 - 0x000000010e000000), (4294967296 bytes)
Klass Range:    [0x000000000e010000 - 0x000000004f000000), (1090453504 bytes)
Klass ID Range:  [65536 - 1090519033) (1090453497)
Protection zone: [0x000000000e000000 - 0x000000000e010000), (65536 bytes)


Internal statistics:

num_allocs_failed_limit: 0.
num_arena_births: 34.
num_arena_deaths: 0.
num_vsnodes_births: 2.
num_vsnodes_deaths: 0.
num_space_committed: 35.
num_space_uncommitted: 0.
num_chunks_returned_to_freelist: 0.
num_chunks_taken_from_freelist: 87.
num_chunk_merges: 0.
num_chunk_splits: 55.
num_chunks_enlarged: 43.
num_inconsistent_stats: 0.

CodeHeap 'non-profiled nmethods': size=120128Kb used=175Kb max_used=175Kb free=119952Kb
 bounds [0x0000026746960000, 0x0000026746bd0000, 0x000002674deb0000]
CodeHeap 'profiled nmethods': size=120000Kb used=735Kb max_used=735Kb free=119264Kb
 bounds [0x000002673eeb0000, 0x000002673f120000, 0x00000267463e0000]
CodeHeap 'non-nmethods': size=5632Kb used=1278Kb max_used=1292Kb free=4353Kb
 bounds [0x00000267463e0000, 0x0000026746650000, 0x0000026746960000]
CodeCache: size=245760Kb, used=2188Kb, max_used=2202Kb, free=243569Kb
 total_blobs=1021, nmethods=613, adapters=313, full_count=0
Compilation: enabled, stopped_count=0, restarted_count=0

Compilation events (20 events):
Event: 66.562 Thread 0x0000026751196a40  606       3       java.lang.Character::isHighSurrogate (18 bytes)
Event: 66.562 Thread 0x0000026751196a40 nmethod 606 0x000002673ef65a08 code [0x000002673ef65b00, 0x000002673ef65c68]
Event: 66.799 Thread 0x0000026751196a40  607       3       org.codehaus.plexus.util.xml.pull.MXParser::more (106 bytes)
Event: 66.800 Thread 0x0000026751196a40 nmethod 607 0x000002673ef65d08 code [0x000002673ef65e00, 0x000002673ef667c0]
Event: 67.243 Thread 0x0000026751196a40  608       3       org.codehaus.plexus.util.xml.pull.MXParser::isValidCodePoint (65 bytes)
Event: 67.244 Thread 0x0000026751196a40 nmethod 608 0x000002673ef66808 code [0x000002673ef66900, 0x000002673ef66ba0]
Event: 67.781 Thread 0x0000026751196a40  609       3       java.util.zip.ZipUtils::LOCSIG (6 bytes)
Event: 67.781 Thread 0x0000026751196a40 nmethod 609 0x000002673ef66c08 code [0x000002673ef66d00, 0x000002673ef66e18]
Event: 67.783 Thread 0x0000026751196a40  610       3       jdk.internal.loader.ClassLoaders$BootClassLoader::loadClassOrNull (10 bytes)
Event: 67.783 Thread 0x0000026751196a40 nmethod 610 0x000002673ef66f08 code [0x000002673ef67000, 0x000002673ef67288]
Event: 67.784 Thread 0x0000026751196a40  611       3       java.util.ArrayDeque::addLast (51 bytes)
Event: 67.784 Thread 0x0000026751196a40 nmethod 611 0x000002673ef67308 code [0x000002673ef67400, 0x000002673ef67878]
Event: 67.785 Thread 0x0000026751196a40  612       3       org.codehaus.plexus.util.xml.pull.MXParser::isNameChar (56 bytes)
Event: 67.785 Thread 0x0000026751196a40 nmethod 612 0x000002673ef67888 code [0x000002673ef67980, 0x000002673ef67be0]
Event: 67.786 Thread 0x0000026751196a40  613       3       java.util.Objects::checkIndex (7 bytes)
Event: 67.786 Thread 0x0000026751196a40 nmethod 613 0x000002673ef67c08 code [0x000002673ef67d00, 0x000002673ef67e38]
Event: 67.787 Thread 0x000002675111e260  614       4       org.codehaus.plexus.util.xml.pull.MXParser::more (106 bytes)
Event: 67.788 Thread 0x0000026751196a40  615       3       org.codehaus.plexus.util.xml.pull.MXParser::nextImpl (1208 bytes)
Event: 68.788 Thread 0x000002675111e260 nmethod 614 0x000002674698b688 code [0x000002674698b780, 0x000002674698b888]
Event: 68.788 Thread 0x000002675111e260  617       4       java.lang.StringUTF16::compress (47 bytes)

GC Heap Usage History (0 events):
No events

Metaspace Usage History (0 events):
No events

Dll operation events (7 events):
Event: 0.202 Loaded shared library C:\Program Files\Apache NetBeans\jdk\bin\java.dll
Event: 1.173 Loaded shared library C:\Program Files\Apache NetBeans\jdk\bin\net.dll
Event: 1.177 Loaded shared library C:\Program Files\Apache NetBeans\jdk\bin\nio.dll
Event: 5.541 Loaded shared library C:\Program Files\Apache NetBeans\jdk\bin\zip.dll
Event: 49.158 Loaded shared library C:\Program Files\Apache NetBeans\java\maven\lib\jansi-native\Windows\x86_64\jansi.dll
Event: 52.791 Loaded shared library C:\Program Files\Apache NetBeans\jdk\bin\verify.dll
Event: 56.949 Loaded shared library C:\Program Files\Apache NetBeans\jdk\bin\jimage.dll

Deoptimization events (20 events):
Event: 29.703 Thread 0x000002673411d9d0 DEOPT PACKING pc=0x000002673eed50d8 sp=0x000000f502efaa90
Event: 29.703 Thread 0x000002673411d9d0 DEOPT UNPACKING pc=0x0000026746431063 sp=0x000000f502ef9f20 mode 0
Event: 29.703 Thread 0x000002673411d9d0 Uncommon trap: trap_request=0xffffff45 fr.pc=0x000002674696deb4 relative=0x0000000000000134
Event: 29.703 Thread 0x000002673411d9d0 Uncommon trap: reason=unstable_if action=reinterpret pc=0x000002674696deb4 method=java.lang.StringCoding.countPositives([BII)I @ 17 c2
Event: 29.703 Thread 0x000002673411d9d0 DEOPT PACKING pc=0x000002674696deb4 sp=0x000000f502efa890
Event: 29.703 Thread 0x000002673411d9d0 DEOPT UNPACKING pc=0x000002674646857c sp=0x000000f502efa818 mode 2
Event: 41.005 Thread 0x000002673411d9d0 DEOPT PACKING pc=0x000002673eed50d8 sp=0x000000f502efd470
Event: 41.005 Thread 0x000002673411d9d0 DEOPT UNPACKING pc=0x0000026746431063 sp=0x000000f502efc900 mode 0
Event: 52.789 Thread 0x000002673411d9d0 DEOPT PACKING pc=0x000002673eee86f8 sp=0x000000f502efdf00
Event: 52.789 Thread 0x000002673411d9d0 DEOPT UNPACKING pc=0x0000026746431063 sp=0x000000f502efd388 mode 0
Event: 64.331 Thread 0x000002673411d9d0 DEOPT PACKING pc=0x000002673eec9319 sp=0x000000f502efdaf0
Event: 64.331 Thread 0x000002673411d9d0 DEOPT UNPACKING pc=0x0000026746431063 sp=0x000000f502efcf68 mode 0
Event: 64.706 Thread 0x000002673411d9d0 Uncommon trap: trap_request=0xffffff66 fr.pc=0x00000267469891b4 relative=0x0000000000000434
Event: 64.706 Thread 0x000002673411d9d0 Uncommon trap: reason=loop_limit_check action=maybe_recompile pc=0x00000267469891b4 method=java.lang.StringLatin1.indexOf([BI[BII)I @ 37 c2
Event: 64.706 Thread 0x000002673411d9d0 DEOPT PACKING pc=0x00000267469891b4 sp=0x000000f502efe9d0
Event: 64.706 Thread 0x000002673411d9d0 DEOPT UNPACKING pc=0x000002674646857c sp=0x000000f502efe930 mode 2
Event: 65.512 Thread 0x000002673411d9d0 DEOPT PACKING pc=0x000002673eee86f8 sp=0x000000f502efe9a0
Event: 65.512 Thread 0x000002673411d9d0 DEOPT UNPACKING pc=0x0000026746431063 sp=0x000000f502efde10 mode 0
Event: 66.078 Thread 0x000002673411d9d0 DEOPT PACKING pc=0x000002673eee86f8 sp=0x000000f502efe490
Event: 66.078 Thread 0x000002673411d9d0 DEOPT UNPACKING pc=0x0000026746431063 sp=0x000000f502efd918 mode 0

Classes loaded (20 events):
Event: 64.320 Loading class jdk/internal/loader/URLClassPath$FileLoader$1
Event: 64.320 Loading class jdk/internal/loader/URLClassPath$FileLoader$1 done
Event: 64.325 Loading class java/lang/InstantiationException
Event: 64.325 Loading class java/lang/InstantiationException done
Event: 64.695 Loading class java/util/StringTokenizer
Event: 64.695 Loading class java/util/StringTokenizer done
Event: 65.506 Loading class java/io/StringReader
Event: 65.506 Loading class java/io/StringReader done
Event: 65.507 Loading class java/util/regex/Pattern$BnM
Event: 65.508 Loading class java/util/regex/Pattern$BnM done
Event: 65.508 Loading class java/util/regex/Pattern$SliceS
Event: 65.508 Loading class java/util/regex/Pattern$SliceS done
Event: 65.509 Loading class java/text/MessageFormat
Event: 65.510 Loading class java/text/MessageFormat done
Event: 65.512 Loading class java/io/Reader$2
Event: 65.512 Loading class java/io/Reader$2 done
Event: 65.521 Loading class java/io/EOFException
Event: 65.521 Loading class java/io/EOFException done
Event: 67.783 Loading class java/io/StringWriter
Event: 67.783 Loading class java/io/StringWriter done

Classes unloaded (0 events):
No events

Classes redefined (0 events):
No events

Internal exceptions (20 events):
Event: 48.096 Thread 0x000002673411d9d0 Exception <a 'java/lang/NullPointerException'{0x00000000c6524ef8}> (0x00000000c6524ef8) 
thrown [s\src\hotspot\share\interpreter\linkResolver.cpp, line 1416]
Event: 50.802 Thread 0x000002673411d9d0 Exception <a 'java/lang/NullPointerException'{0x00000000c6543a28}> (0x00000000c6543a28) 
thrown [s\src\hotspot\share\interpreter\linkResolver.cpp, line 1416]
Event: 50.802 Thread 0x000002673411d9d0 Exception <a 'java/lang/NullPointerException'{0x00000000c6543d08}> (0x00000000c6543d08) 
thrown [s\src\hotspot\share\interpreter\linkResolver.cpp, line 1416]
Event: 50.802 Thread 0x000002673411d9d0 Exception <a 'java/lang/NullPointerException'{0x00000000c6543fe8}> (0x00000000c6543fe8) 
thrown [s\src\hotspot\share\interpreter\linkResolver.cpp, line 1416]
Event: 51.900 Thread 0x000002673411d9d0 Exception <a 'java/lang/NullPointerException'{0x00000000c6548e08}> (0x00000000c6548e08) 
thrown [s\src\hotspot\share\interpreter\linkResolver.cpp, line 1416]
Event: 52.478 Thread 0x000002673411d9d0 Exception <a 'java/lang/NullPointerException'{0x00000000c655a738}> (0x00000000c655a738) 
thrown [s\src\hotspot\share\interpreter\linkResolver.cpp, line 1416]
Event: 52.479 Thread 0x000002673411d9d0 Exception <a 'java/lang/NullPointerException'{0x00000000c655aa18}> (0x00000000c655aa18) 
thrown [s\src\hotspot\share\interpreter\linkResolver.cpp, line 1416]
Event: 52.479 Thread 0x000002673411d9d0 Exception <a 'java/lang/NullPointerException'{0x00000000c655acf8}> (0x00000000c655acf8) 
thrown [s\src\hotspot\share\interpreter\linkResolver.cpp, line 1416]
Event: 52.479 Thread 0x000002673411d9d0 Exception <a 'java/lang/NullPointerException'{0x00000000c655afd8}> (0x00000000c655afd8) 
thrown [s\src\hotspot\share\interpreter\linkResolver.cpp, line 1416]
Event: 52.786 Thread 0x000002673411d9d0 Exception <a 'sun/nio/fs/WindowsException'{0x00000000c657c570}> (0x00000000c657c570) 
thrown [s\src\hotspot\share\prims\jni.cpp, line 516]
Event: 52.787 Thread 0x000002673411d9d0 Exception <a 'sun/nio/fs/WindowsException'{0x00000000c657cba0}> (0x00000000c657cba0) 
thrown [s\src\hotspot\share\prims\jni.cpp, line 516]
Event: 52.788 Thread 0x000002673411d9d0 Exception <a 'sun/nio/fs/WindowsException'{0x00000000c657d100}> (0x00000000c657d100) 
thrown [s\src\hotspot\share\prims\jni.cpp, line 516]
Event: 52.788 Thread 0x000002673411d9d0 Exception <a 'sun/nio/fs/WindowsException'{0x00000000c657d640}> (0x00000000c657d640) 
thrown [s\src\hotspot\share\prims\jni.cpp, line 516]
Event: 52.788 Thread 0x000002673411d9d0 Exception <a 'sun/nio/fs/WindowsException'{0x00000000c657db30}> (0x00000000c657db30) 
thrown [s\src\hotspot\share\prims\jni.cpp, line 516]
Event: 52.788 Thread 0x000002673411d9d0 Exception <a 'sun/nio/fs/WindowsException'{0x00000000c657dfd8}> (0x00000000c657dfd8) 
thrown [s\src\hotspot\share\prims\jni.cpp, line 516]
Event: 53.120 Thread 0x000002673411d9d0 Exception <a 'java/lang/NoSuchMethodError'{0x00000000c65b7610}: 'void java.lang.invoke.DirectMethodHandle$Holder.invokeVirtual(java.lang.Object, java.lang.Object)'> (0x00000000c65b7610) 
thrown [s\src\hotspot\share\interpreter\linkResolver.cpp, line 804]
Event: 53.162 Thread 0x000002673411d9d0 Exception <a 'java/lang/NoSuchMethodError'{0x00000000c65d8908}: 'void java.lang.invoke.DirectMethodHandle$Holder.invokeStatic(java.lang.Object, java.lang.Object)'> (0x00000000c65d8908) 
thrown [s\src\hotspot\share\interpreter\linkResolver.cpp, line 804]
Event: 53.215 Thread 0x000002673411d9d0 Exception <a 'java/lang/NoSuchMethodError'{0x00000000c65e09e0}: 'void java.lang.invoke.DirectMethodHandle$Holder.invokeStaticInit(java.lang.Object, java.lang.Object)'> (0x00000000c65e09e0) 
thrown [s\src\hotspot\share\interpreter\linkResolver.cpp, line 804]
Event: 54.986 Thread 0x000002673411d9d0 Exception <a 'java/lang/NoSuchMethodError'{0x00000000c641bee0}: 'void java.lang.invoke.DirectMethodHandle$Holder.invokeSpecial(java.lang.Object, java.lang.Object, java.lang.Object, java.lang.Object, java.lang.Object)'> (0x00000000c641bee0) 
thrown [s\src\hotspot\share\interpreter\linkResolver.cpp, line 804]
Event: 57.074 Thread 0x000002673411d9d0 Exception <a 'java/lang/NoSuchMethodError'{0x00000000c6457bf0}: 'void java.lang.invoke.DirectMethodHandle$Holder.invokeStatic(java.lang.Object, java.lang.Object, java.lang.Object)'> (0x00000000c6457bf0) 
thrown [s\src\hotspot\share\interpreter\linkResolver.cpp, line 804]

VM Operations (6 events):
Event: 48.092 Executing non-safepoint VM operation: HandshakeAllThreads (Deoptimize)
Event: 48.092 Executing non-safepoint VM operation: HandshakeAllThreads (Deoptimize) done
Event: 56.958 Executing non-safepoint VM operation: HandshakeAllThreads (Deoptimize)
Event: 57.059 Executing non-safepoint VM operation: HandshakeAllThreads (Deoptimize) done
Event: 62.884 Executing non-safepoint VM operation: HandshakeAllThreads (Deoptimize)
Event: 62.884 Executing non-safepoint VM operation: HandshakeAllThreads (Deoptimize) done

Memory protections (0 events):
No events

Nmethod flushes (0 events):
No events

Events (12 events):
Event: 0.417 Thread 0x000002673411d9d0 Thread added: 0x000002673411d9d0
Event: 0.597 Thread 0x000002673411d9d0 Thread added: 0x0000026751112170
Event: 0.597 Thread 0x000002673411d9d0 Thread added: 0x00000267511145c0
Event: 0.598 Thread 0x000002673411d9d0 Thread added: 0x0000026751119250
Event: 0.598 Thread 0x000002673411d9d0 Thread added: 0x000002675111af70
Event: 0.598 Thread 0x000002673411d9d0 Thread added: 0x000002675111c400
Event: 0.598 Thread 0x000002673411d9d0 Thread added: 0x000002675111d370
Event: 0.598 Thread 0x000002673411d9d0 Thread added: 0x000002675111e260
Event: 0.749 Thread 0x000002673411d9d0 Thread added: 0x0000026751196a40
Event: 1.164 Thread 0x000002673411d9d0 Thread added: 0x00000267511e6b60
Event: 1.168 Thread 0x000002673411d9d0 Thread added: 0x00000267511ed5c0
Event: 48.101 Thread 0x000002673411d9d0 Thread added: 0x00000267515ab150


Dynamic libraries:
0x00007ff61ab00000 - 0x00007ff61ab0e000 	C:\Program Files\Apache NetBeans\jdk\bin\java.exe
0x00007ffea0ee0000 - 0x00007ffea1147000 	C:\WINDOWS\SYSTEM32\ntdll.dll
0x00007ffe9fee0000 - 0x00007ffe9ffa9000 	C:\WINDOWS\System32\KERNEL32.DLL
0x00007ffe9dbe0000 - 0x00007ffe9dfd4000 	C:\WINDOWS\System32\KERNELBASE.dll
0x00007ffe9e110000 - 0x00007ffe9e25b000 	C:\WINDOWS\System32\ucrtbase.dll
0x00007ffe806e0000 - 0x00007ffe806f6000 	C:\Program Files\Apache NetBeans\jdk\bin\jli.dll
0x00007ffe9ed70000 - 0x00007ffe9ef35000 	C:\WINDOWS\System32\USER32.dll
0x00007ffe9eb90000 - 0x00007ffe9ebb7000 	C:\WINDOWS\System32\win32u.dll
0x00007ffea09d0000 - 0x00007ffea09fb000 	C:\WINDOWS\System32\GDI32.dll
0x00007ffe9dfe0000 - 0x00007ffe9e10a000 	C:\WINDOWS\System32\gdi32full.dll
0x00007ffe9ebc0000 - 0x00007ffe9ec63000 	C:\WINDOWS\System32\msvcp_win.dll
0x00007ffe91b10000 - 0x00007ffe91b2e000 	C:\Program Files\Apache NetBeans\jdk\bin\VCRUNTIME140.dll
0x00007ffe8ba70000 - 0x00007ffe8bd03000 	C:\WINDOWS\WinSxS\amd64_microsoft.windows.common-controls_6595b64144ccf1df_6.0.26100.8115_none_3e075c82e3354f9c\COMCTL32.dll
0x00007ffea0400000 - 0x00007ffea04a9000 	C:\WINDOWS\System32\msvcrt.dll
0x00007ffe9fd40000 - 0x00007ffe9fd72000 	C:\WINDOWS\System32\IMM32.DLL
0x00007ffe8bdb0000 - 0x00007ffe8bdbc000 	C:\Program Files\Apache NetBeans\jdk\bin\vcruntime140_1.dll
0x00007ffe68510000 - 0x00007ffe6859d000 	C:\Program Files\Apache NetBeans\jdk\bin\msvcp140.dll
0x00007ffe2ca00000 - 0x00007ffe2d926000 	C:\Program Files\Apache NetBeans\jdk\bin\server\jvm.dll
0x00007ffea0660000 - 0x00007ffea0716000 	C:\WINDOWS\System32\ADVAPI32.dll
0x00007ffea04b0000 - 0x00007ffea0557000 	C:\WINDOWS\System32\sechost.dll
0x00007ffe9f250000 - 0x00007ffe9f368000 	C:\WINDOWS\System32\RPCRT4.dll
0x00007ffea0940000 - 0x00007ffea09c0000 	C:\WINDOWS\System32\WS2_32.dll
0x00007ffe9d610000 - 0x00007ffe9d66e000 	C:\WINDOWS\SYSTEM32\POWRPROF.dll
0x00007ffe7a540000 - 0x00007ffe7a576000 	C:\WINDOWS\SYSTEM32\WINMM.dll
0x00007ffe8c650000 - 0x00007ffe8c65b000 	C:\WINDOWS\SYSTEM32\VERSION.dll
0x00007ffe9d5f0000 - 0x00007ffe9d604000 	C:\WINDOWS\SYSTEM32\UMPDC.dll
0x00007ffe9c540000 - 0x00007ffe9c55b000 	C:\WINDOWS\SYSTEM32\kernel.appcore.dll
0x00007ffe8bda0000 - 0x00007ffe8bdaa000 	C:\Program Files\Apache NetBeans\jdk\bin\jimage.dll
0x00007ffe9b6f0000 - 0x00007ffe9b932000 	C:\WINDOWS\SYSTEM32\DBGHELP.DLL
0x00007ffe9ffb0000 - 0x00007ffea0332000 	C:\WINDOWS\System32\combase.dll
0x00007ffe9f400000 - 0x00007ffe9f4d7000 	C:\WINDOWS\System32\OLEAUT32.dll
0x00007ffe8c3b0000 - 0x00007ffe8c3eb000 	C:\WINDOWS\SYSTEM32\dbgcore.DLL
0x00007ffe9d9c0000 - 0x00007ffe9da65000 	C:\WINDOWS\System32\bcryptPrimitives.dll
0x00007ffe80700000 - 0x00007ffe8071e000 	C:\Program Files\Apache NetBeans\jdk\bin\java.dll
0x00007ffea0790000 - 0x00007ffea0927000 	C:\WINDOWS\System32\ole32.dll
0x00007ffe9f570000 - 0x00007ffe9fcd6000 	C:\WINDOWS\System32\SHELL32.dll
0x00007ffe9da70000 - 0x00007ffe9dbda000 	C:\WINDOWS\System32\wintypes.dll
0x00007ffe9e260000 - 0x00007ffe9eac5000 	C:\WINDOWS\System32\windows.storage.dll
0x00007ffe9ef40000 - 0x00007ffe9f037000 	C:\WINDOWS\System32\SHCORE.dll
0x00007ffea0720000 - 0x00007ffea0786000 	C:\WINDOWS\System32\shlwapi.dll
0x00007ffe9d6d0000 - 0x00007ffe9d6f9000 	C:\WINDOWS\SYSTEM32\profapi.dll
0x00007ffe76930000 - 0x00007ffe76941000 	C:\Program Files\Apache NetBeans\jdk\bin\net.dll
0x00007ffe9cab0000 - 0x00007ffe9cb1c000 	C:\WINDOWS\system32\mswsock.dll
0x00007ffe685a0000 - 0x00007ffe685b6000 	C:\Program Files\Apache NetBeans\jdk\bin\nio.dll
0x00007ffe76950000 - 0x00007ffe76967000 	C:\Program Files\Apache NetBeans\jdk\bin\zip.dll
0x00007ffe7bf10000 - 0x00007ffe7bf34000 	C:\Program Files\Apache NetBeans\java\maven\lib\jansi-native\Windows\x86_64\jansi.dll
0x00007ffe87100000 - 0x00007ffe87110000 	C:\Program Files\Apache NetBeans\jdk\bin\verify.dll

JVMTI agents: none

dbghelp: loaded successfully - version: 4.0.5 - missing functions: none
symbol engine: initialized successfully - sym options: 0x614 - pdb path: .;C:\Program Files\Apache NetBeans\jdk\bin;C:\WINDOWS\SYSTEM32;C:\WINDOWS\WinSxS\amd64_microsoft.windows.common-controls_6595b64144ccf1df_6.0.26100.8115_none_3e075c82e3354f9c;C:\Program Files\Apache NetBeans\jdk\bin\server;C:\Program Files\Apache NetBeans\java\maven\lib\jansi-native\Windows\x86_64

VM Arguments:
jvm_args: --enable-native-access=ALL-UNNAMED -Dclassworlds.conf=C:\Program Files\Apache NetBeans\java\maven\bin\m2.conf -Dmaven.home=C:\Program Files\Apache NetBeans\java\maven -Dlibrary.jansi.path=C:\Program Files\Apache NetBeans\java\maven\lib\jansi-native -Dmaven.multiModuleProjectDirectory=C:\Users\ASUS\Documents\NetBeansProjects\Lubiproject1 
java_command: org.codehaus.plexus.classworlds.launcher.Launcher -Dmaven.ext.class.path=C:\Program Files\Apache NetBeans\java\maven-nblib\netbeans-eventspy.jar --no-transfer-progress install
java_class_path (initial): C:\Program Files\Apache NetBeans\java\maven\boot\plexus-classworlds-2.9.0.jar
Launcher Type: SUN_STANDARD

[Global flags]
     intx CICompilerCount                          = 2                                         {product} {ergonomic}
     uint ConcGCThreads                            = 1                                         {product} {ergonomic}
     uint G1ConcRefinementThreads                  = 2                                         {product} {ergonomic}
   size_t G1HeapRegionSize                         = 1048576                                   {product} {ergonomic}
   size_t InitialHeapSize                          = 65011712                                  {product} {ergonomic}
   size_t MarkStackSize                            = 4194304                                   {product} {ergonomic}
   size_t MarkStackSizeMax                         = 536870912                                 {product} {ergonomic}
   size_t MaxHeapSize                              = 1027604480                                {product} {ergonomic}
   size_t MaxNewSize                               = 616562688                                 {product} {ergonomic}
   size_t MinHeapDeltaBytes                        = 1048576                                   {product} {ergonomic}
   size_t MinHeapSize                              = 8388608                                   {product} {ergonomic}
    uintx NonNMethodCodeHeapSize                   = 5767168                                {pd product} {ergonomic}
    uintx NonProfiledCodeHeapSize                  = 123011072                              {pd product} {ergonomic}
    uintx ProfiledCodeHeapSize                     = 122880000                              {pd product} {ergonomic}
    uintx ReservedCodeCacheSize                    = 251658240                              {pd product} {ergonomic}
     bool SegmentedCodeCache                       = true                                      {product} {ergonomic}
   size_t SoftMaxHeapSize                          = 1027604480                             {manageable} {ergonomic}
     bool UseCompressedOops                        = true                           {product lp64_product} {ergonomic}
     bool UseG1GC                                  = true                                      {product} {ergonomic}
     bool UseLargePagesIndividualAllocation        = false                                  {pd product} {ergonomic}

Logging:
Log output configuration:
 #0: stdout all=warning uptime,level,tags foldmultilines=false
 #1: stderr all=off uptime,level,tags foldmultilines=false

Release file:
IMPLEMENTOR="Eclipse Adoptium" 
IMPLEMENTOR_VERSION="Temurin-25.0.2+10" 
JAVA_RUNTIME_VERSION="25.0.2+10-LTS" 
JAVA_VERSION="25.0.2" 
JAVA_VERSION_DATE="2026-01-20" 
LIBC="default" 
MODULES="java.base java.compiler java.datatransfer java.xml java.prefs java.desktop java.instrument java.logging java.management java.security.sasl java.naming java.rmi java.management.rmi java.net.http java.scripting java.security.jgss java.transaction.xa java.sql java.sql.rowset java.xml.crypto java.se java.smartcardio jdk.accessibility jdk.internal.jvmstat jdk.attach jdk.charsets jdk.internal.opt jdk.zipfs jdk.compiler jdk.crypto.cryptoki jdk.crypto.ec jdk.crypto.mscapi jdk.dynalink jdk.internal.ed jdk.editpad jdk.internal.vm.ci jdk.graal.compiler jdk.graal.compiler.management jdk.hotspot.agent jdk.httpserver jdk.incubator.vector jdk.internal.le jdk.internal.md jdk.jartool jdk.javadoc jdk.jcmd jdk.management jdk.management.agent jdk.jconsole jdk.jdeps jdk.jdwp.agent jdk.jdi jdk.jfr jdk.jlink jdk.jpackage jdk.jshell jdk.jsobject jdk.jstatd jdk.localedata jdk.management.jfr jdk.naming.dns jdk.naming.rmi jdk.net jdk.nio.mapmode jdk.sctp jdk.security.auth jdk.security.jgss jdk.unsupported jdk.unsupported.desktop jdk.xml.dom" 
OS_ARCH="x86_64" 
OS_NAME="Windows" 
SOURCE=".:git:9e3c947043a4" 
BUILD_SOURCE="git:458965074606f027bd5afce2cfd5c1055dea0438"
BUILD_SOURCE_REPO="https://github.com/adoptium/temurin-build.git"
SOURCE_REPO="https://github.com/adoptium/jdk25u.git"
FULL_VERSION="25.0.2+10-LTS"
SEMANTIC_VERSION="25.0.2+10"
BUILD_INFO="OS: Windows Server 2022 Version: 10.0"
JVM_VARIANT="Hotspot"
JVM_VERSION="25.0.2+10-LTS"
IMAGE_TYPE="JDK"

Environment Variables:
JAVA_HOME=C:\Program Files\Apache NetBeans\jdk
PATH=C:\WINDOWS\system32;C:\WINDOWS;C:\WINDOWS\System32\Wbem;C:\WINDOWS\System32\WindowsPowerShell\v1.0\;C:\WINDOWS\System32\OpenSSH\;C:\Program Files\Git\cmd;C:\Users\ASUS\AppData\Local\Microsoft\WindowsApps;;C:\Program Files\Apache NetBeans\bin\
USERNAME=ASUS
OS=Windows_NT
PROCESSOR_IDENTIFIER=Intel64 Family 6 Model 122 Stepping 1, GenuineIntel
TMP=C:\Users\ASUS\AppData\Local\Temp
TEMP=C:\Users\ASUS\AppData\Local\Temp




Compilation memory statistics disabled.

Periodic native trim disabled

---------------  S Y S T E M  ---------------

OS:
 Windows 11 , 64 bit Build 26100 (10.0.26100.8115)
OS uptime: 0 days 4:12 hours

CPU: total 2 (initial active 2) (2 cores per cpu, 1 threads per core) family 6 model 122 stepping 1 microcode 0x34, cx8, cmov, fxsr, mmx, 3dnowpref, sse, sse2, sse3, ssse3, sse4.1, sse4.2, popcnt, tsc, tscinvbit, aes, erms, clmul, sha, clflush, clflushopt, rdtscp, rdpid
Processor Information for the first 2 processors :
  Max Mhz: 1101, Current Mhz: 1101, Mhz Limit: 1101

Memory: 4k page, system-wide physical 3919M (464M free)
TotalPageFile size 15695M (AvailPageFile size 243M)
current process WorkingSet (physical memory assigned to process): 32M, peak: 40M
current process commit charge ("private bytes"): 138M, peak: 142M

vm_info: OpenJDK 64-Bit Server VM (25.0.2+10-LTS) for windows-amd64 JRE (25.0.2+10-LTS), built on 2026-01-20T00:00:00Z with MS VC++ 17.12 (VS2022)

END.
