#
# There is insufficient memory for the Java Runtime Environment to continue.
# Native memory allocation (malloc) failed to allocate 32752 bytes. Error detail: Chunk::new
# Possible reasons:
#   The system is out of physical RAM or swap space
#   This process is running with CompressedOops enabled, and the Java Heap may be blocking the growth of the native heap
# Possible solutions:
#   Reduce memory load on the system
#   Increase physical memory or swap space
#   Check if swap backing store is full
#   Decrease Java heap size (-Xmx/-Xms)
#   Decrease number of Java threads
#   Decrease Java thread stack sizes (-Xss)
#   Set larger code cache with -XX:ReservedCodeCacheSize=
#   JVM is running with Unscaled Compressed Oops mode in which the Java heap is
#     placed in the first 4GB address space. The Java Heap base address is the
#     maximum limit for the native heap growth. Please use -XX:HeapBaseMinAddress
#     to set the Java Heap base and to place the Java Heap above 4GB virtual address.
# This output file may be truncated or incomplete.
#
#  Out of Memory Error (arena.cpp:186), pid=19320, tid=24296
#
# JRE version: OpenJDK Runtime Environment Temurin-25.0.2+10 (25.0.2+10) (build 25.0.2+10-LTS)
# Java VM: OpenJDK 64-Bit Server VM Temurin-25.0.2+10 (25.0.2+10-LTS, mixed mode, tiered, compressed oops, compressed class ptrs, g1 gc, windows-amd64)
# No core dump will be written. Minidumps are not enabled by default on client versions of Windows
#

---------------  S U M M A R Y ------------

Command Line: --enable-native-access=ALL-UNNAMED -Dclassworlds.conf=C:\Program Files\Apache NetBeans\java\maven\bin\m2.conf -Dmaven.home=C:\Program Files\Apache NetBeans\java\maven -Dlibrary.jansi.path=C:\Program Files\Apache NetBeans\java\maven\lib\jansi-native -Dmaven.multiModuleProjectDirectory=C:\Users\ASUS\Documents\NetBeansProjects\Lubiproject1 org.codehaus.plexus.classworlds.launcher.Launcher -Dmaven.ext.class.path=C:\Program Files\Apache NetBeans\java\maven-nblib\netbeans-eventspy.jar --no-transfer-progress install

Host: Intel(R) Celeron(R) N4000 CPU @ 1.10GHz, 2 cores, 3G,  Windows 11 , 64 bit Build 26100 (10.0.26100.8115)
Time: Fri Apr  3 20:27:25 2026 SE Asia Standard Time elapsed time: 448.678540 seconds (0d 0h 7m 28s)

---------------  T H R E A D  ---------------

Current thread (0x000001e5fff59b40):  JavaThread "C1 CompilerThread0" daemon [_thread_in_native, id=24296, stack(0x000000be4d700000,0x000000be4d800000) (1024K)]


Current CompileTask:
C1:448678 1550       3       org.objectweb.asm.ClassReader::readMethod (1070 bytes)

Stack: [0x000000be4d700000,0x000000be4d800000]
Native frames: (J=compiled Java code, j=interpreted, Vv=VM code, C=native code)
V  [jvm.dll+0x7a8bc9]  (no source info available)
V  [jvm.dll+0x77310d]  (no source info available)
V  [jvm.dll+0x9f55f3]  (no source info available)
V  [jvm.dll+0x9f7be1]  (no source info available)
V  [jvm.dll+0x9f82f3]  (no source info available)
V  [jvm.dll+0x2fce26]  (no source info available)
V  [jvm.dll+0x111076]  (no source info available)
V  [jvm.dll+0x11139e]  (no source info available)
V  [jvm.dll+0x1fe914]  (no source info available)
V  [jvm.dll+0x1feb8d]  (no source info available)
V  [jvm.dll+0x1fec0d]  (no source info available)
V  [jvm.dll+0x200eed]  (no source info available)
V  [jvm.dll+0x2026d4]  (no source info available)
V  [jvm.dll+0x1be5b7]  (no source info available)
V  [jvm.dll+0x1bddaf]  (no source info available)
V  [jvm.dll+0x1be070]  (no source info available)
V  [jvm.dll+0x1bd3b1]  (no source info available)
V  [jvm.dll+0x1bf1fd]  (no source info available)
V  [jvm.dll+0x2cf4c6]  (no source info available)
V  [jvm.dll+0x2cd74a]  (no source info available)
V  [jvm.dll+0x48fbee]  (no source info available)
V  [jvm.dll+0x996b0d]  (no source info available)
V  [jvm.dll+0x7a71a5]  (no source info available)
C  [ucrtbase.dll+0x37b0]  (no source info available)
C  [KERNEL32.DLL+0x2e8d7]  (no source info available)
C  [ntdll.dll+0x8c3fc]  (no source info available)

Lock stack of current Java thread (top to bottom):


---------------  P R O C E S S  ---------------

Threads class SMR info:
_java_thread_list=0x000001e5951f2eb0, length=11, elements={
0x000001e5f3ebd630, 0x000001e5ffed5450, 0x000001e5ffed7f70, 0x000001e5ffee26d0,
0x000001e5ffee3290, 0x000001e5ffee3e50, 0x000001e5ffedb2e0, 0x000001e5ffede1e0,
0x000001e5fff59b40, 0x000001e5950ec680, 0x000001e5950ff6e0
}

Java Threads: ( => current thread )
  0x000001e5f3ebd630 JavaThread "main"                              [_thread_in_Java, id=12360, stack(0x000000be4c800000,0x000000be4c900000) (1024K)]
  0x000001e5ffed5450 JavaThread "Reference Handler"          daemon [_thread_blocked, id=16368, stack(0x000000be4d000000,0x000000be4d100000) (1024K)]
  0x000001e5ffed7f70 JavaThread "Finalizer"                  daemon [_thread_blocked, id=6324, stack(0x000000be4d100000,0x000000be4d200000) (1024K)]
  0x000001e5ffee26d0 JavaThread "Signal Dispatcher"          daemon [_thread_blocked, id=23448, stack(0x000000be4d200000,0x000000be4d300000) (1024K)]
  0x000001e5ffee3290 JavaThread "Attach Listener"            daemon [_thread_blocked, id=23488, stack(0x000000be4d300000,0x000000be4d400000) (1024K)]
  0x000001e5ffee3e50 JavaThread "Service Thread"             daemon [_thread_blocked, id=9256, stack(0x000000be4d400000,0x000000be4d500000) (1024K)]
  0x000001e5ffedb2e0 JavaThread "Monitor Deflation Thread"   daemon [_thread_blocked, id=7928, stack(0x000000be4d500000,0x000000be4d600000) (1024K)]
  0x000001e5ffede1e0 JavaThread "C2 CompilerThread0"         daemon [_thread_blocked, id=14188, stack(0x000000be4d600000,0x000000be4d700000) (1024K)]
=>0x000001e5fff59b40 JavaThread "C1 CompilerThread0"         daemon [_thread_in_native, id=24296, stack(0x000000be4d700000,0x000000be4d800000) (1024K)]
  0x000001e5950ec680 JavaThread "Notification Thread"        daemon [_thread_blocked, id=7352, stack(0x000000be4d800000,0x000000be4d900000) (1024K)]
  0x000001e5950ff6e0 JavaThread "Common-Cleaner"             daemon [_thread_blocked, id=18376, stack(0x000000be4d900000,0x000000be4da00000) (1024K)]
Total: 11

Other Threads:
  0x000001e5ffe7e670 VMThread "VM Thread"                           [id=26180, stack(0x000000be4cf00000,0x000000be4d000000) (1024K)]
  0x000001e5ffe5c840 WatcherThread "VM Periodic Task Thread"        [id=25060, stack(0x000000be4ce00000,0x000000be4cf00000) (1024K)]
  0x000001e5f61255a0 WorkerThread "GC Thread#0"                     [id=20336, stack(0x000000be4c900000,0x000000be4ca00000) (1024K)]
  0x000001e595567b80 WorkerThread "GC Thread#1"                     [id=9532, stack(0x000000be4c600000,0x000000be4c700000) (1024K)]
  0x000001e5f6131e30 ConcurrentGCThread "G1 Main Marker"            [id=19220, stack(0x000000be4ca00000,0x000000be4cb00000) (1024K)]
  0x000001e5f61329d0 WorkerThread "G1 Conc#0"                       [id=17508, stack(0x000000be4cb00000,0x000000be4cc00000) (1024K)]
  0x000001e5f614ce60 ConcurrentGCThread "G1 Refine#0"               [id=23440, stack(0x000000be4cc00000,0x000000be4cd00000) (1024K)]
  0x000001e5f614da70 ConcurrentGCThread "G1 Service"                [id=24684, stack(0x000000be4cd00000,0x000000be4ce00000) (1024K)]
Total: 8

Threads with active compile tasks:
C1 CompilerThread0  457562 1550       3       org.objectweb.asm.ClassReader::readMethod (1070 bytes)
Total: 1

VM state: not at safepoint (normal execution)

VM Mutex/Monitor currently owned by a thread: None

Heap address: 0x00000000c2c00000, size: 980 MB, Compressed Oops mode: 32-bit

CDS archive(s) not mapped
Compressed class space mapped at: 0x000000002e000000-0x000000006e000000, reserved size: 1073741824
UseCompressedClassPointers 1, UseCompactObjectHeaders 0
Narrow klass pointer bits 32, Max shift 3
Narrow klass base: 0x0000000000000000, Narrow klass shift: 0
Encoding Range: [0x0000000000000000 - 0x0000000100000000), (4294967296 bytes)
Klass Range:    [0x000000002e000000 - 0x000000006e000000), (1073741824 bytes)
Klass ID Range:  [771751936 - 1845493753) (1073741817)
No protection zone.

GC Precious Log:
 CardTable entry size: 512
 Card Set container configuration: InlinePtr #cards 5 size 8 Array Of Cards #cards 10 size 36 Howl #buckets 4 coarsen threshold 1843 Howl Bitmap #cards 512 size 80 coarsen threshold 460 Card regions per heap region 1 cards per card region 2048
 CPUs: 2 total, 2 available
 Memory: 3919M
 Large Page Support: Disabled
 NUMA Support: Disabled
 Compressed Oops: Enabled (32-bit)
 Heap Region Size: 1M
 Heap Min Capacity: 8M
 Heap Initial Capacity: 62M
 Heap Max Capacity: 980M
 Pre-touch: Disabled
 Parallel Workers: 2
 Concurrent Workers: 1
 Concurrent Refinement Workers: 2
 Periodic GC: Disabled

Heap:
 garbage-first heap   total reserved 1003520K, committed 63488K, used 10074K [0x00000000c2c00000, 0x0000000100000000)
  region size 1024K, 8 young (8192K), 1 survivors (1024K)

Heap Regions: E=young(eden), S=young(survivor), O=old, HS=humongous(starts), HC=humongous(continues), CS=collection set, F=free, TAMS=top-at-mark-start, PB=parsable bottom
|   0|0x00000000c2c00000, 0x00000000c2d00000, 0x00000000c2d00000|100%| O|  |TAMS 0x00000000c2c00000| PB 0x00000000c2c00000| Untracked |  0
|   1|0x00000000c2d00000, 0x00000000c2e00000, 0x00000000c2e00000|100%| O|  |TAMS 0x00000000c2d00000| PB 0x00000000c2d00000| Untracked |  0
|   2|0x00000000c2e00000, 0x00000000c2f00000, 0x00000000c2f00000|100%| O|  |TAMS 0x00000000c2e00000| PB 0x00000000c2e00000| Untracked |  0
|   3|0x00000000c2f00000, 0x00000000c2f47ed0, 0x00000000c3000000| 28%| O|  |TAMS 0x00000000c2f00000| PB 0x00000000c2f00000| Untracked |  0
|   4|0x00000000c3000000, 0x00000000c3000000, 0x00000000c3100000|  0%| F|  |TAMS 0x00000000c3000000| PB 0x00000000c3000000| Untracked |  0
|   5|0x00000000c3100000, 0x00000000c3100000, 0x00000000c3200000|  0%| F|  |TAMS 0x00000000c3100000| PB 0x00000000c3100000| Untracked |  0
|   6|0x00000000c3200000, 0x00000000c3200000, 0x00000000c3300000|  0%| F|  |TAMS 0x00000000c3200000| PB 0x00000000c3200000| Untracked |  0
|   7|0x00000000c3300000, 0x00000000c3300000, 0x00000000c3400000|  0%| F|  |TAMS 0x00000000c3300000| PB 0x00000000c3300000| Untracked |  0
|   8|0x00000000c3400000, 0x00000000c3400000, 0x00000000c3500000|  0%| F|  |TAMS 0x00000000c3400000| PB 0x00000000c3400000| Untracked |  0
|   9|0x00000000c3500000, 0x00000000c3500000, 0x00000000c3600000|  0%| F|  |TAMS 0x00000000c3500000| PB 0x00000000c3500000| Untracked |  0
|  10|0x00000000c3600000, 0x00000000c3600000, 0x00000000c3700000|  0%| F|  |TAMS 0x00000000c3600000| PB 0x00000000c3600000| Untracked |  0
|  11|0x00000000c3700000, 0x00000000c3700000, 0x00000000c3800000|  0%| F|  |TAMS 0x00000000c3700000| PB 0x00000000c3700000| Untracked |  0
|  12|0x00000000c3800000, 0x00000000c3800000, 0x00000000c3900000|  0%| F|  |TAMS 0x00000000c3800000| PB 0x00000000c3800000| Untracked |  0
|  13|0x00000000c3900000, 0x00000000c3900000, 0x00000000c3a00000|  0%| F|  |TAMS 0x00000000c3900000| PB 0x00000000c3900000| Untracked |  0
|  14|0x00000000c3a00000, 0x00000000c3a00000, 0x00000000c3b00000|  0%| F|  |TAMS 0x00000000c3a00000| PB 0x00000000c3a00000| Untracked |  0
|  15|0x00000000c3b00000, 0x00000000c3b00000, 0x00000000c3c00000|  0%| F|  |TAMS 0x00000000c3b00000| PB 0x00000000c3b00000| Untracked |  0
|  16|0x00000000c3c00000, 0x00000000c3c00000, 0x00000000c3d00000|  0%| F|  |TAMS 0x00000000c3c00000| PB 0x00000000c3c00000| Untracked |  0
|  17|0x00000000c3d00000, 0x00000000c3d00000, 0x00000000c3e00000|  0%| F|  |TAMS 0x00000000c3d00000| PB 0x00000000c3d00000| Untracked |  0
|  18|0x00000000c3e00000, 0x00000000c3e00000, 0x00000000c3f00000|  0%| F|  |TAMS 0x00000000c3e00000| PB 0x00000000c3e00000| Untracked |  0
|  19|0x00000000c3f00000, 0x00000000c3f00000, 0x00000000c4000000|  0%| F|  |TAMS 0x00000000c3f00000| PB 0x00000000c3f00000| Untracked |  0
|  20|0x00000000c4000000, 0x00000000c4000000, 0x00000000c4100000|  0%| F|  |TAMS 0x00000000c4000000| PB 0x00000000c4000000| Untracked |  0
|  21|0x00000000c4100000, 0x00000000c4100000, 0x00000000c4200000|  0%| F|  |TAMS 0x00000000c4100000| PB 0x00000000c4100000| Untracked |  0
|  22|0x00000000c4200000, 0x00000000c4200000, 0x00000000c4300000|  0%| F|  |TAMS 0x00000000c4200000| PB 0x00000000c4200000| Untracked |  0
|  23|0x00000000c4300000, 0x00000000c4300000, 0x00000000c4400000|  0%| F|  |TAMS 0x00000000c4300000| PB 0x00000000c4300000| Untracked |  0
|  24|0x00000000c4400000, 0x00000000c4400000, 0x00000000c4500000|  0%| F|  |TAMS 0x00000000c4400000| PB 0x00000000c4400000| Untracked |  0
|  25|0x00000000c4500000, 0x00000000c4500000, 0x00000000c4600000|  0%| F|  |TAMS 0x00000000c4500000| PB 0x00000000c4500000| Untracked |  0
|  26|0x00000000c4600000, 0x00000000c4600000, 0x00000000c4700000|  0%| F|  |TAMS 0x00000000c4600000| PB 0x00000000c4600000| Untracked |  0
|  27|0x00000000c4700000, 0x00000000c4700000, 0x00000000c4800000|  0%| F|  |TAMS 0x00000000c4700000| PB 0x00000000c4700000| Untracked |  0
|  28|0x00000000c4800000, 0x00000000c4800000, 0x00000000c4900000|  0%| F|  |TAMS 0x00000000c4800000| PB 0x00000000c4800000| Untracked |  0
|  29|0x00000000c4900000, 0x00000000c4900000, 0x00000000c4a00000|  0%| F|  |TAMS 0x00000000c4900000| PB 0x00000000c4900000| Untracked |  0
|  30|0x00000000c4a00000, 0x00000000c4a00000, 0x00000000c4b00000|  0%| F|  |TAMS 0x00000000c4a00000| PB 0x00000000c4a00000| Untracked |  0
|  31|0x00000000c4b00000, 0x00000000c4b00000, 0x00000000c4c00000|  0%| F|  |TAMS 0x00000000c4b00000| PB 0x00000000c4b00000| Untracked |  0
|  32|0x00000000c4c00000, 0x00000000c4c00000, 0x00000000c4d00000|  0%| F|  |TAMS 0x00000000c4c00000| PB 0x00000000c4c00000| Untracked |  0
|  33|0x00000000c4d00000, 0x00000000c4d00000, 0x00000000c4e00000|  0%| F|  |TAMS 0x00000000c4d00000| PB 0x00000000c4d00000| Untracked |  0
|  34|0x00000000c4e00000, 0x00000000c4e00000, 0x00000000c4f00000|  0%| F|  |TAMS 0x00000000c4e00000| PB 0x00000000c4e00000| Untracked |  0
|  35|0x00000000c4f00000, 0x00000000c4f00000, 0x00000000c5000000|  0%| F|  |TAMS 0x00000000c4f00000| PB 0x00000000c4f00000| Untracked |  0
|  36|0x00000000c5000000, 0x00000000c5000000, 0x00000000c5100000|  0%| F|  |TAMS 0x00000000c5000000| PB 0x00000000c5000000| Untracked |  0
|  37|0x00000000c5100000, 0x00000000c5100000, 0x00000000c5200000|  0%| F|  |TAMS 0x00000000c5100000| PB 0x00000000c5100000| Untracked |  0
|  38|0x00000000c5200000, 0x00000000c5200000, 0x00000000c5300000|  0%| F|  |TAMS 0x00000000c5200000| PB 0x00000000c5200000| Untracked |  0
|  39|0x00000000c5300000, 0x00000000c5300000, 0x00000000c5400000|  0%| F|  |TAMS 0x00000000c5300000| PB 0x00000000c5300000| Untracked |  0
|  40|0x00000000c5400000, 0x00000000c5400000, 0x00000000c5500000|  0%| F|  |TAMS 0x00000000c5400000| PB 0x00000000c5400000| Untracked |  0
|  41|0x00000000c5500000, 0x00000000c5500000, 0x00000000c5600000|  0%| F|  |TAMS 0x00000000c5500000| PB 0x00000000c5500000| Untracked |  0
|  42|0x00000000c5600000, 0x00000000c5600000, 0x00000000c5700000|  0%| F|  |TAMS 0x00000000c5600000| PB 0x00000000c5600000| Untracked |  0
|  43|0x00000000c5700000, 0x00000000c5700000, 0x00000000c5800000|  0%| F|  |TAMS 0x00000000c5700000| PB 0x00000000c5700000| Untracked |  0
|  44|0x00000000c5800000, 0x00000000c5800000, 0x00000000c5900000|  0%| F|  |TAMS 0x00000000c5800000| PB 0x00000000c5800000| Untracked |  0
|  45|0x00000000c5900000, 0x00000000c5900000, 0x00000000c5a00000|  0%| F|  |TAMS 0x00000000c5900000| PB 0x00000000c5900000| Untracked |  0
|  46|0x00000000c5a00000, 0x00000000c5a00000, 0x00000000c5b00000|  0%| F|  |TAMS 0x00000000c5a00000| PB 0x00000000c5a00000| Untracked |  0
|  47|0x00000000c5b00000, 0x00000000c5b00000, 0x00000000c5c00000|  0%| F|  |TAMS 0x00000000c5b00000| PB 0x00000000c5b00000| Untracked |  0
|  48|0x00000000c5c00000, 0x00000000c5c00000, 0x00000000c5d00000|  0%| F|  |TAMS 0x00000000c5c00000| PB 0x00000000c5c00000| Untracked |  0
|  49|0x00000000c5d00000, 0x00000000c5d00000, 0x00000000c5e00000|  0%| F|  |TAMS 0x00000000c5d00000| PB 0x00000000c5d00000| Untracked |  0
|  50|0x00000000c5e00000, 0x00000000c5e8e9e0, 0x00000000c5f00000| 55%| S|CS|TAMS 0x00000000c5e00000| PB 0x00000000c5e00000| Complete |  0
|  51|0x00000000c5f00000, 0x00000000c5f00000, 0x00000000c6000000|  0%| F|  |TAMS 0x00000000c5f00000| PB 0x00000000c5f00000| Untracked |  0
|  52|0x00000000c6000000, 0x00000000c6000000, 0x00000000c6100000|  0%| F|  |TAMS 0x00000000c6000000| PB 0x00000000c6000000| Untracked |  0
|  53|0x00000000c6100000, 0x00000000c6100000, 0x00000000c6200000|  0%| F|  |TAMS 0x00000000c6100000| PB 0x00000000c6100000| Untracked |  0
|  54|0x00000000c6200000, 0x00000000c6200000, 0x00000000c6300000|  0%| F|  |TAMS 0x00000000c6200000| PB 0x00000000c6200000| Untracked |  0
|  55|0x00000000c6300000, 0x00000000c6400000, 0x00000000c6400000|100%| E|  |TAMS 0x00000000c6300000| PB 0x00000000c6300000| Complete |  0
|  56|0x00000000c6400000, 0x00000000c6500000, 0x00000000c6500000|100%| E|CS|TAMS 0x00000000c6400000| PB 0x00000000c6400000| Complete |  0
|  57|0x00000000c6500000, 0x00000000c6600000, 0x00000000c6600000|100%| E|CS|TAMS 0x00000000c6500000| PB 0x00000000c6500000| Complete |  0
|  58|0x00000000c6600000, 0x00000000c6700000, 0x00000000c6700000|100%| E|CS|TAMS 0x00000000c6600000| PB 0x00000000c6600000| Complete |  0
|  59|0x00000000c6700000, 0x00000000c6800000, 0x00000000c6800000|100%| E|CS|TAMS 0x00000000c6700000| PB 0x00000000c6700000| Complete |  0
|  60|0x00000000c6800000, 0x00000000c6900000, 0x00000000c6900000|100%| E|CS|TAMS 0x00000000c6800000| PB 0x00000000c6800000| Complete |  0
|  61|0x00000000c6900000, 0x00000000c6a00000, 0x00000000c6a00000|100%| E|CS|TAMS 0x00000000c6900000| PB 0x00000000c6900000| Complete |  0

Card table byte_map: [0x000001e5f5ea0000,0x000001e5f6090000] _byte_map_base: 0x000001e5f588a000

Marking Bits: (CMBitMap*) 0x000001e5f6125d30
 Bits: [0x000001e5febe0000, 0x000001e5ffb30000)

Polling page: 0x000001e5f4140000

Metaspace:
Metaspace        used 15916K, committed 16064K, reserved 1114112K
 class space     used 1634K, committed 1728K, reserved 1048576K

Usage:
  Non-class:     13.95 MB used.
      Class:      1.60 MB used.
       Both:     15.54 MB used.

Virtual space:
  Non-class space:       64.00 MB reserved,      14.00 MB ( 22%) committed,  1 nodes.
      Class space:        1.00 GB reserved,       1.69 MB ( <1%) committed,  1 nodes.
             Both:        1.06 GB reserved,      15.69 MB (  1%) committed. 

Chunk freelists:
   Non-Class:  1.50 MB
       Class:  14.27 MB
        Both:  15.77 MB

MaxMetaspaceSize: unlimited
CompressedClassSpaceSize: 1.00 GB
Initial GC threshold: 21.00 MB
Current GC threshold: 21.00 MB
CDS: off
 - commit_granule_bytes: 65536.
 - commit_granule_words: 8192.
 - virtual_space_node_default_size: 8388608.
 - enlarge_chunks_in_place: 1.
UseCompressedClassPointers 1, UseCompactObjectHeaders 0
Narrow klass pointer bits 32, Max shift 3
Narrow klass base: 0x0000000000000000, Narrow klass shift: 0
Encoding Range: [0x0000000000000000 - 0x0000000100000000), (4294967296 bytes)
Klass Range:    [0x000000002e000000 - 0x000000006e000000), (1073741824 bytes)
Klass ID Range:  [771751936 - 1845493753) (1073741817)
No protection zone.


Internal statistics:

num_allocs_failed_limit: 0.
num_arena_births: 56.
num_arena_deaths: 0.
num_vsnodes_births: 2.
num_vsnodes_deaths: 0.
num_space_committed: 251.
num_space_uncommitted: 0.
num_chunks_returned_to_freelist: 0.
num_chunks_taken_from_freelist: 275.
num_chunk_merges: 0.
num_chunk_splits: 170.
num_chunks_enlarged: 137.
num_inconsistent_stats: 0.

CodeHeap 'non-profiled nmethods': size=120128Kb used=468Kb max_used=468Kb free=119659Kb
 bounds [0x000001e587ab0000, 0x000001e587d20000, 0x000001e58f000000]
CodeHeap 'profiled nmethods': size=120000Kb used=2251Kb max_used=2251Kb free=117748Kb
 bounds [0x000001e580000000, 0x000001e580270000, 0x000001e587530000]
CodeHeap 'non-nmethods': size=5632Kb used=1334Kb max_used=1361Kb free=4297Kb
 bounds [0x000001e587530000, 0x000001e5877a0000, 0x000001e587ab0000]
CodeCache: size=245760Kb, used=4053Kb, max_used=4080Kb, free=241704Kb
 total_blobs=2023, nmethods=1554, adapters=374, full_count=0
Compilation: enabled, stopped_count=0, restarted_count=0

Compilation events (20 events):
Event: 444.715 Thread 0x000001e5fff59b40 1541       1       java.lang.invoke.InfoFromMemberName::getReferenceKind (5 bytes)
Event: 444.715 Thread 0x000001e5fff59b40 nmethod 1541 0x000001e587b22908 code [0x000001e587b22a00, 0x000001e587b22ac8]
Event: 444.778 Thread 0x000001e5ffede1e0 1542       4       jdk.internal.classfile.impl.EntryMap::firstToken (50 bytes)
Event: 444.779 Thread 0x000001e5ffede1e0 nmethod 1542 0x000001e587b22c08 code [0x000001e587b22d00, 0x000001e587b22e20]
Event: 444.810 Thread 0x000001e5fff59b40 1543       3       sun.invoke.util.VerifyType::isNullConversion (157 bytes)
Event: 444.813 Thread 0x000001e5fff59b40 nmethod 1543 0x000001e58022f088 code [0x000001e58022f180, 0x000001e580231008]
Event: 444.881 Thread 0x000001e5fff59b40 1544       1       java.util.HashMap::size (5 bytes)
Event: 444.881 Thread 0x000001e5fff59b40 nmethod 1544 0x000001e587b22f08 code [0x000001e587b23000, 0x000001e587b230c8]
Event: 445.235 Thread 0x000001e5fff59b40 1548       3       jdk.internal.classfile.impl.StackCounter::next (68 bytes)
Event: 445.239 Thread 0x000001e5fff59b40 nmethod 1548 0x000001e580231088 code [0x000001e580231180, 0x000001e580231a68]
Event: 445.239 Thread 0x000001e5fff59b40 1547       3       jdk.internal.classfile.impl.StackCounter$Target::<init> (15 bytes)
Event: 445.239 Thread 0x000001e5fff59b40 nmethod 1547 0x000001e580231a88 code [0x000001e580231b80, 0x000001e580231d48]
Event: 445.239 Thread 0x000001e5fff59b40 1549       3       jdk.internal.classfile.impl.RawBytecodeHelper::reset (20 bytes)
Event: 445.239 Thread 0x000001e5fff59b40 nmethod 1549 0x000001e580231d88 code [0x000001e580231e80, 0x000001e5802320b8]
Event: 445.239 Thread 0x000001e5fff59b40 1546       3       jdk.internal.classfile.impl.DirectCodeBuilder::with (9 bytes)
Event: 445.243 Thread 0x000001e5fff59b40 nmethod 1546 0x000001e580232108 code [0x000001e580232200, 0x000001e580232ac8]
Event: 445.243 Thread 0x000001e5fff59b40 1545       3       java.lang.classfile.constantpool.ConstantPoolBuilder::methodRefEntry (22 bytes)
Event: 445.243 Thread 0x000001e5fff59b40 nmethod 1545 0x000001e580232b08 code [0x000001e580232c00, 0x000001e580232f58]
Event: 445.243 Thread 0x000001e5fff59b40 1550       3       org.objectweb.asm.ClassReader::readMethod (1070 bytes)
Event: 445.247 Thread 0x000001e5ffede1e0 1552       4       jdk.internal.misc.Unsafe::allocateUninitializedArray (55 bytes)

GC Heap Usage History (6 events):
Event: 238.777 {heap Before GC invocations=0 (full 0):
 garbage-first heap   total reserved 1003520K, committed 63488K, used 14336K [0x00000000c2c00000, 0x0000000100000000)
  region size 1024K, 14 young (14336K), 0 survivors (0K)
}
Event: 241.361 {heap After GC invocations=1 (full 0):
 garbage-first heap   total reserved 1003520K, committed 63488K, used 3328K [0x00000000c2c00000, 0x0000000100000000)
  region size 1024K, 2 young (2048K), 2 survivors (2048K)
}
Event: 285.531 {heap Before GC invocations=1 (full 0):
 garbage-first heap   total reserved 1003520K, committed 63488K, used 4352K [0x00000000c2c00000, 0x0000000100000000)
  region size 1024K, 3 young (3072K), 2 survivors (2048K)
}
Event: 285.551 {heap After GC invocations=2 (full 0):
 garbage-first heap   total reserved 1003520K, committed 63488K, used 3698K [0x00000000c2c00000, 0x0000000100000000)
  region size 1024K, 1 young (1024K), 1 survivors (1024K)
}
Event: 365.534 {heap Before GC invocations=2 (full 0):
 garbage-first heap   total reserved 1003520K, committed 63488K, used 13938K [0x00000000c2c00000, 0x0000000100000000)
  region size 1024K, 11 young (11264K), 1 survivors (1024K)
}
Event: 365.741 {heap After GC invocations=3 (full 0):
 garbage-first heap   total reserved 1003520K, committed 63488K, used 3930K [0x00000000c2c00000, 0x0000000100000000)
  region size 1024K, 1 young (1024K), 1 survivors (1024K)
}

Metaspace Usage History (6 events):
Event: 238.852 {metaspace Before GC invocations=0 (full 0):
 Metaspace       used 13264K, committed 13440K, reserved 1114112K
  class space    used 1248K, committed 1344K, reserved 1048576K
}
Event: 241.361 {metaspace After GC invocations=1 (full 0):
 Metaspace       used 13264K, committed 13440K, reserved 1114112K
  class space    used 1248K, committed 1344K, reserved 1048576K
}
Event: 285.531 {metaspace Before GC invocations=1 (full 0):
 Metaspace       used 13631K, committed 13824K, reserved 1114112K
  class space    used 1313K, committed 1408K, reserved 1048576K
}
Event: 285.551 {metaspace After GC invocations=2 (full 0):
 Metaspace       used 13631K, committed 13824K, reserved 1114112K
  class space    used 1313K, committed 1408K, reserved 1048576K
}
Event: 365.535 {metaspace Before GC invocations=2 (full 0):
 Metaspace       used 15033K, committed 15168K, reserved 1114112K
  class space    used 1530K, committed 1600K, reserved 1048576K
}
Event: 365.741 {metaspace After GC invocations=3 (full 0):
 Metaspace       used 15033K, committed 15168K, reserved 1114112K
  class space    used 1530K, committed 1600K, reserved 1048576K
}

Dll operation events (7 events):
Event: 1.499 Loaded shared library C:\Program Files\Apache NetBeans\jdk\bin\java.dll
Event: 23.056 Loaded shared library C:\Program Files\Apache NetBeans\jdk\bin\net.dll
Event: 24.321 Loaded shared library C:\Program Files\Apache NetBeans\jdk\bin\nio.dll
Event: 26.095 Loaded shared library C:\Program Files\Apache NetBeans\jdk\bin\zip.dll
Event: 62.475 Loaded shared library C:\Program Files\Apache NetBeans\java\maven\lib\jansi-native\Windows\x86_64\jansi.dll
Event: 64.871 Loaded shared library C:\Program Files\Apache NetBeans\jdk\bin\verify.dll
Event: 70.548 Loaded shared library C:\Program Files\Apache NetBeans\jdk\bin\jimage.dll

Deoptimization events (20 events):
Event: 353.161 Thread 0x000001e5f3ebd630 Uncommon trap: trap_request=0xffffff45 fr.pc=0x000001e587b0e23c relative=0x000000000000093c
Event: 353.161 Thread 0x000001e5f3ebd630 Uncommon trap: reason=unstable_if action=reinterpret pc=0x000001e587b0e23c method=org.codehaus.plexus.util.xml.pull.MXParser.nextImpl()I @ 200 c2
Event: 353.161 Thread 0x000001e5f3ebd630 DEOPT PACKING pc=0x000001e587b0e23c sp=0x000000be4c8fe490
Event: 353.161 Thread 0x000001e5f3ebd630 DEOPT UNPACKING pc=0x000001e5875b7efc sp=0x000000be4c8fe3f0 mode 2
Event: 369.548 Thread 0x000001e5f3ebd630 Uncommon trap: trap_request=0xffffff45 fr.pc=0x000001e587b1034c relative=0x0000000000000a4c
Event: 369.549 Thread 0x000001e5f3ebd630 Uncommon trap: reason=unstable_if action=reinterpret pc=0x000001e587b1034c method=org.codehaus.plexus.util.xml.pull.MXParser.nextImpl()I @ 241 c2
Event: 369.549 Thread 0x000001e5f3ebd630 DEOPT PACKING pc=0x000001e587b1034c sp=0x000000be4c8fe480
Event: 369.549 Thread 0x000001e5f3ebd630 DEOPT UNPACKING pc=0x000001e5875b7efc sp=0x000000be4c8fe3f0 mode 2
Event: 369.549 Thread 0x000001e5f3ebd630 Uncommon trap: trap_request=0xffffffde fr.pc=0x000001e587b07c0c relative=0x000000000000010c
Event: 369.549 Thread 0x000001e5f3ebd630 Uncommon trap: reason=class_check action=maybe_recompile pc=0x000001e587b07c0c method=java.nio.Buffer.<init>(IIIILjava/lang/foreign/MemorySegment;)V @ 39 c2
Event: 369.549 Thread 0x000001e5f3ebd630 DEOPT PACKING pc=0x000001e587b07c0c sp=0x000000be4c8fdfc0
Event: 369.549 Thread 0x000001e5f3ebd630 DEOPT UNPACKING pc=0x000001e5875b7efc sp=0x000000be4c8fdf78 mode 2
Event: 382.408 Thread 0x000001e5f3ebd630 Uncommon trap: trap_request=0xffffffde fr.pc=0x000001e587aece48 relative=0x0000000000000248
Event: 382.408 Thread 0x000001e5f3ebd630 Uncommon trap: reason=class_check action=maybe_recompile pc=0x000001e587aece48 method=java.util.HashMap.getNode(Ljava/lang/Object;)Ljava/util/HashMap$Node; @ 128 c2
Event: 382.408 Thread 0x000001e5f3ebd630 DEOPT PACKING pc=0x000001e587aece48 sp=0x000000be4c8fdd80
Event: 382.408 Thread 0x000001e5f3ebd630 DEOPT UNPACKING pc=0x000001e5875b7efc sp=0x000000be4c8fdce8 mode 2
Event: 382.434 Thread 0x000001e5f3ebd630 Uncommon trap: trap_request=0xffffffde fr.pc=0x000001e587aece48 relative=0x0000000000000248
Event: 382.434 Thread 0x000001e5f3ebd630 Uncommon trap: reason=class_check action=maybe_recompile pc=0x000001e587aece48 method=java.util.HashMap.getNode(Ljava/lang/Object;)Ljava/util/HashMap$Node; @ 128 c2
Event: 382.434 Thread 0x000001e5f3ebd630 DEOPT PACKING pc=0x000001e587aece48 sp=0x000000be4c8fdd80
Event: 382.434 Thread 0x000001e5f3ebd630 DEOPT UNPACKING pc=0x000001e5875b7efc sp=0x000000be4c8fdce8 mode 2

Classes loaded (20 events):
Event: 326.643 Loading class java/lang/reflect/ParameterizedType
Event: 326.643 Loading class java/lang/reflect/ParameterizedType done
Event: 326.684 Loading class java/lang/reflect/WildcardType
Event: 326.684 Loading class java/lang/reflect/WildcardType done
Event: 327.332 Loading class sun/reflect/generics/tree/TypeVariableSignature
Event: 327.332 Loading class sun/reflect/generics/tree/TypeVariableSignature done
Event: 329.514 Loading class java/lang/annotation/IncompleteAnnotationException
Event: 329.514 Loading class java/lang/annotation/IncompleteAnnotationException done
Event: 330.575 Loading class jdk/internal/foreign/MemorySessionImpl
Event: 330.576 Loading class java/lang/foreign/MemorySegment$Scope
Event: 330.576 Loading class java/lang/foreign/MemorySegment$Scope done
Event: 330.576 Loading class jdk/internal/foreign/MemorySessionImpl done
Event: 343.379 Loading class java/lang/foreign/MemorySegment
Event: 343.477 Loading class java/lang/foreign/MemorySegment done
Event: 374.621 Loading class sun/reflect/generics/reflectiveObjects/TypeVariableImpl
Event: 375.109 Loading class sun/reflect/generics/reflectiveObjects/LazyReflectiveObjectGenerator
Event: 375.110 Loading class sun/reflect/generics/reflectiveObjects/LazyReflectiveObjectGenerator done
Event: 375.110 Loading class sun/reflect/generics/reflectiveObjects/TypeVariableImpl done
Event: 375.111 Loading class sun/reflect/generics/reflectiveObjects/ParameterizedTypeImpl
Event: 375.112 Loading class sun/reflect/generics/reflectiveObjects/ParameterizedTypeImpl done

Classes unloaded (0 events):
No events

Classes redefined (0 events):
No events

Internal exceptions (20 events):
Event: 64.439 Thread 0x000001e5f3ebd630 Exception <a 'java/lang/NullPointerException'{0x00000000c65dabc8}> (0x00000000c65dabc8) 
thrown [s\src\hotspot\share\interpreter\linkResolver.cpp, line 1416]
Event: 64.754 Thread 0x000001e5f3ebd630 Exception <a 'sun/nio/fs/WindowsException'{0x00000000c65fc850}> (0x00000000c65fc850) 
thrown [s\src\hotspot\share\prims\jni.cpp, line 516]
Event: 64.754 Thread 0x000001e5f3ebd630 Exception <a 'sun/nio/fs/WindowsException'{0x00000000c65fcf98}> (0x00000000c65fcf98) 
thrown [s\src\hotspot\share\prims\jni.cpp, line 516]
Event: 64.800 Thread 0x000001e5f3ebd630 Exception <a 'sun/nio/fs/WindowsException'{0x00000000c65fd4f8}> (0x00000000c65fd4f8) 
thrown [s\src\hotspot\share\prims\jni.cpp, line 516]
Event: 64.800 Thread 0x000001e5f3ebd630 Exception <a 'sun/nio/fs/WindowsException'{0x00000000c65fda38}> (0x00000000c65fda38) 
thrown [s\src\hotspot\share\prims\jni.cpp, line 516]
Event: 64.800 Thread 0x000001e5f3ebd630 Exception <a 'sun/nio/fs/WindowsException'{0x00000000c65fdf28}> (0x00000000c65fdf28) 
thrown [s\src\hotspot\share\prims\jni.cpp, line 516]
Event: 64.864 Thread 0x000001e5f3ebd630 Exception <a 'sun/nio/fs/WindowsException'{0x00000000c65fe3d0}> (0x00000000c65fe3d0) 
thrown [s\src\hotspot\share\prims\jni.cpp, line 516]
Event: 66.007 Thread 0x000001e5f3ebd630 Exception <a 'java/lang/NoSuchMethodError'{0x00000000c6436a20}: 'void java.lang.invoke.DirectMethodHandle$Holder.invokeVirtual(java.lang.Object, java.lang.Object)'> (0x00000000c6436a20) 
thrown [s\src\hotspot\share\interpreter\linkResolver.cpp, line 804]
Event: 66.013 Thread 0x000001e5f3ebd630 Exception <a 'java/lang/NoSuchMethodError'{0x00000000c6458438}: 'void java.lang.invoke.DirectMethodHandle$Holder.invokeStatic(java.lang.Object, java.lang.Object)'> (0x00000000c6458438) 
thrown [s\src\hotspot\share\interpreter\linkResolver.cpp, line 804]
Event: 66.014 Thread 0x000001e5f3ebd630 Exception <a 'java/lang/NoSuchMethodError'{0x00000000c64601e0}: 'void java.lang.invoke.DirectMethodHandle$Holder.invokeStaticInit(java.lang.Object, java.lang.Object)'> (0x00000000c64601e0) 
thrown [s\src\hotspot\share\interpreter\linkResolver.cpp, line 804]
Event: 66.605 Thread 0x000001e5f3ebd630 Exception <a 'java/lang/NoSuchMethodError'{0x00000000c649ede0}: 'void java.lang.invoke.DirectMethodHandle$Holder.invokeSpecial(java.lang.Object, java.lang.Object, java.lang.Object, java.lang.Object, java.lang.Object)'> (0x00000000c649ede0) 
thrown [s\src\hotspot\share\interpreter\linkResolver.cpp, line 804]
Event: 70.252 Thread 0x000001e5f3ebd630 Exception <a 'java/lang/NoSuchMethodError'{0x00000000c64dac90}: 'void java.lang.invoke.DirectMethodHandle$Holder.invokeStatic(java.lang.Object, java.lang.Object, java.lang.Object)'> (0x00000000c64dac90) 
thrown [s\src\hotspot\share\interpreter\linkResolver.cpp, line 804]
Event: 159.742 Thread 0x000001e5f3ebd630 Exception <a 'java/lang/NoSuchMethodError'{0x00000000c62a6808}: 'java.lang.Object java.lang.invoke.DirectMethodHandle$Holder.invokeSpecialIFC(java.lang.Object, java.lang.Object, java.lang.Object, java.lang.Object)'> (0x00000000c62a6808) 
thrown [s\src\hotspot\share\interpreter\linkResolver.cpp, line 804]
Event: 232.750 Thread 0x000001e5f3ebd630 Exception <a 'java/lang/NoSuchMethodError'{0x00000000c5df9480}: 'void java.lang.invoke.DirectMethodHandle$Holder.invokeSpecial(java.lang.Object, java.lang.Object, java.lang.Object)'> (0x00000000c5df9480) 
thrown [s\src\hotspot\share\interpreter\linkResolver.cpp, line 804]
Event: 242.944 Thread 0x000001e5f3ebd630 Exception <a 'java/lang/NoSuchMethodError'{0x00000000c6914ca0}: 'java.lang.Object java.lang.invoke.DirectMethodHandle$Holder.invokeInterface(java.lang.Object, java.lang.Object)'> (0x00000000c6914ca0) 
thrown [s\src\hotspot\share\interpreter\linkResolver.cpp, line 804]
Event: 275.471 Thread 0x000001e5f3ebd630 Exception <a 'java/lang/NoSuchMethodError'{0x00000000c69bb4f0}: 'int java.lang.invoke.DirectMethodHandle$Holder.invokeStatic(java.lang.Object, java.lang.Object, java.lang.Object, java.lang.Object)'> (0x00000000c69bb4f0) 
thrown [s\src\hotspot\share\interpreter\linkResolver.cpp, line 804]
Event: 285.528 Thread 0x000001e5f3ebd630 Exception <a 'java/lang/NoSuchMethodError'{0x00000000c69e9570}: 'int java.lang.invoke.DirectMethodHandle$Holder.invokeSpecialIFC(java.lang.Object, java.lang.Object, java.lang.Object, java.lang.Object, java.lang.Object)'> (0x00000000c69e9570) 
thrown [s\src\hotspot\share\interpreter\linkResolver.cpp, line 804]
Event: 314.274 Thread 0x000001e5f3ebd630 Exception <a 'java/lang/NoSuchMethodError'{0x00000000c67bcc10}: 'java.lang.Object java.lang.invoke.DirectMethodHandle$Holder.newInvokeSpecial(java.lang.Object, java.lang.Object, java.lang.Object, java.lang.Object, java.lang.Object)'> (0x00000000c67bcc10) 
thrown [s\src\hotspot\share\interpreter\linkResolver.cpp, line 804]
Event: 328.434 Thread 0x000001e5f3ebd630 Exception <a 'java/lang/NoSuchMethodError'{0x00000000c66dd320}: 'int java.lang.invoke.DirectMethodHandle$Holder.invokeStaticInit(java.lang.Object, java.lang.Object)'> (0x00000000c66dd320) 
thrown [s\src\hotspot\share\interpreter\linkResolver.cpp, line 804]
Event: 329.599 Thread 0x000001e5f3ebd630 Exception <a 'java/lang/NoClassDefFoundError'{0x00000000c65150b0}: javax/enterprise/inject/Typed> (0x00000000c65150b0) 
thrown [s\src\hotspot\share\classfile\systemDictionary.cpp, line 316]

VM Operations (20 events):
Event: 27.051 Executing non-safepoint VM operation: HandshakeAllThreads (Deoptimize)
Event: 27.051 Executing non-safepoint VM operation: HandshakeAllThreads (Deoptimize) done
Event: 61.123 Executing non-safepoint VM operation: HandshakeAllThreads (Deoptimize)
Event: 61.123 Executing non-safepoint VM operation: HandshakeAllThreads (Deoptimize) done
Event: 70.573 Executing non-safepoint VM operation: HandshakeAllThreads (Deoptimize)
Event: 120.407 Executing non-safepoint VM operation: HandshakeAllThreads (Deoptimize) done
Event: 121.622 Executing non-safepoint VM operation: HandshakeAllThreads (HandshakeForDeflation)
Event: 145.425 Executing non-safepoint VM operation: HandshakeAllThreads (HandshakeForDeflation) done
Event: 145.427 Executing non-safepoint VM operation: RendezvousGCThreads
Event: 145.427 Executing non-safepoint VM operation: RendezvousGCThreads done
Event: 238.670 Executing safepoint VM operation: G1CollectForAllocation (G1 Evacuation Pause)
Event: 241.362 Executing safepoint VM operation: G1CollectForAllocation (G1 Evacuation Pause) done
Event: 285.531 Executing safepoint VM operation: G1CollectForAllocation (G1 Evacuation Pause)
Event: 285.551 Executing safepoint VM operation: G1CollectForAllocation (G1 Evacuation Pause) done
Event: 362.258 Executing non-safepoint VM operation: HandshakeAllThreads (HandshakeForDeflation)
Event: 362.258 Executing non-safepoint VM operation: HandshakeAllThreads (HandshakeForDeflation) done
Event: 362.258 Executing non-safepoint VM operation: RendezvousGCThreads
Event: 362.258 Executing non-safepoint VM operation: RendezvousGCThreads done
Event: 365.534 Executing safepoint VM operation: G1CollectForAllocation (G1 Evacuation Pause)
Event: 365.742 Executing safepoint VM operation: G1CollectForAllocation (G1 Evacuation Pause) done

Memory protections (0 events):
No events

Nmethod flushes (0 events):
No events

Events (13 events):
Event: 4.734 Thread 0x000001e5f3ebd630 Thread added: 0x000001e5f3ebd630
Event: 9.107 Thread 0x000001e5f3ebd630 Thread added: 0x000001e5ffed5450
Event: 9.340 Thread 0x000001e5f3ebd630 Thread added: 0x000001e5ffed7f70
Event: 9.555 Thread 0x000001e5f3ebd630 Thread added: 0x000001e5ffee26d0
Event: 9.555 Thread 0x000001e5f3ebd630 Thread added: 0x000001e5ffee3290
Event: 9.693 Thread 0x000001e5f3ebd630 Thread added: 0x000001e5ffee3e50
Event: 9.693 Thread 0x000001e5f3ebd630 Thread added: 0x000001e5ffedb2e0
Event: 9.694 Thread 0x000001e5f3ebd630 Thread added: 0x000001e5ffede1e0
Event: 9.934 Thread 0x000001e5f3ebd630 Thread added: 0x000001e5fff59b40
Event: 18.757 Thread 0x000001e5f3ebd630 Thread added: 0x000001e5950ec680
Event: 23.020 Thread 0x000001e5f3ebd630 Thread added: 0x000001e5950ff6e0
Event: 61.303 Thread 0x000001e5f3ebd630 Thread added: 0x000001e5951651a0
Event: 196.316 Thread 0x000001e5951651a0 Thread exited: 0x000001e5951651a0


Dynamic libraries:
0x00007ff61ab00000 - 0x00007ff61ab0e000 	C:\Program Files\Apache NetBeans\jdk\bin\java.exe
0x00007ffea0ee0000 - 0x00007ffea1147000 	C:\WINDOWS\SYSTEM32\ntdll.dll
0x00007ffe9fee0000 - 0x00007ffe9ffa9000 	C:\WINDOWS\System32\KERNEL32.DLL
0x00007ffe9dbe0000 - 0x00007ffe9dfd4000 	C:\WINDOWS\System32\KERNELBASE.dll
0x00007ffe9e110000 - 0x00007ffe9e25b000 	C:\WINDOWS\System32\ucrtbase.dll
0x00007ffe806e0000 - 0x00007ffe806f6000 	C:\Program Files\Apache NetBeans\jdk\bin\jli.dll
0x00007ffe9ed70000 - 0x00007ffe9ef35000 	C:\WINDOWS\System32\USER32.dll
0x00007ffe9eb90000 - 0x00007ffe9ebb7000 	C:\WINDOWS\System32\win32u.dll
0x00007ffea09d0000 - 0x00007ffea09fb000 	C:\WINDOWS\System32\GDI32.dll
0x00007ffe9dfe0000 - 0x00007ffe9e10a000 	C:\WINDOWS\System32\gdi32full.dll
0x00007ffe9ebc0000 - 0x00007ffe9ec63000 	C:\WINDOWS\System32\msvcp_win.dll
0x00007ffe91b10000 - 0x00007ffe91b2e000 	C:\Program Files\Apache NetBeans\jdk\bin\VCRUNTIME140.dll
0x00007ffe8ba70000 - 0x00007ffe8bd03000 	C:\WINDOWS\WinSxS\amd64_microsoft.windows.common-controls_6595b64144ccf1df_6.0.26100.8115_none_3e075c82e3354f9c\COMCTL32.dll
0x00007ffea0400000 - 0x00007ffea04a9000 	C:\WINDOWS\System32\msvcrt.dll
0x00007ffe9fd40000 - 0x00007ffe9fd72000 	C:\WINDOWS\System32\IMM32.DLL
0x00007ffe8bdb0000 - 0x00007ffe8bdbc000 	C:\Program Files\Apache NetBeans\jdk\bin\vcruntime140_1.dll
0x00007ffe68510000 - 0x00007ffe6859d000 	C:\Program Files\Apache NetBeans\jdk\bin\msvcp140.dll
0x00007ffe2ca00000 - 0x00007ffe2d926000 	C:\Program Files\Apache NetBeans\jdk\bin\server\jvm.dll
0x00007ffea0660000 - 0x00007ffea0716000 	C:\WINDOWS\System32\ADVAPI32.dll
0x00007ffea04b0000 - 0x00007ffea0557000 	C:\WINDOWS\System32\sechost.dll
0x00007ffe9f250000 - 0x00007ffe9f368000 	C:\WINDOWS\System32\RPCRT4.dll
0x00007ffea0940000 - 0x00007ffea09c0000 	C:\WINDOWS\System32\WS2_32.dll
0x00007ffe9d610000 - 0x00007ffe9d66e000 	C:\WINDOWS\SYSTEM32\POWRPROF.dll
0x00007ffe7a540000 - 0x00007ffe7a576000 	C:\WINDOWS\SYSTEM32\WINMM.dll
0x00007ffe8c650000 - 0x00007ffe8c65b000 	C:\WINDOWS\SYSTEM32\VERSION.dll
0x00007ffe9d5f0000 - 0x00007ffe9d604000 	C:\WINDOWS\SYSTEM32\UMPDC.dll
0x00007ffe9c540000 - 0x00007ffe9c55b000 	C:\WINDOWS\SYSTEM32\kernel.appcore.dll
0x00007ffe8bda0000 - 0x00007ffe8bdaa000 	C:\Program Files\Apache NetBeans\jdk\bin\jimage.dll
0x00007ffe9b6f0000 - 0x00007ffe9b932000 	C:\WINDOWS\SYSTEM32\DBGHELP.DLL
0x00007ffe9ffb0000 - 0x00007ffea0332000 	C:\WINDOWS\System32\combase.dll
0x00007ffe9f400000 - 0x00007ffe9f4d7000 	C:\WINDOWS\System32\OLEAUT32.dll
0x00007ffe8c3b0000 - 0x00007ffe8c3eb000 	C:\WINDOWS\SYSTEM32\dbgcore.DLL
0x00007ffe9d9c0000 - 0x00007ffe9da65000 	C:\WINDOWS\System32\bcryptPrimitives.dll
0x00007ffe80700000 - 0x00007ffe8071e000 	C:\Program Files\Apache NetBeans\jdk\bin\java.dll
0x00007ffea0790000 - 0x00007ffea0927000 	C:\WINDOWS\System32\ole32.dll
0x00007ffe9f570000 - 0x00007ffe9fcd6000 	C:\WINDOWS\System32\SHELL32.dll
0x00007ffe9da70000 - 0x00007ffe9dbda000 	C:\WINDOWS\System32\wintypes.dll
0x00007ffe9e260000 - 0x00007ffe9eac5000 	C:\WINDOWS\System32\windows.storage.dll
0x00007ffe9ef40000 - 0x00007ffe9f037000 	C:\WINDOWS\System32\SHCORE.dll
0x00007ffea0720000 - 0x00007ffea0786000 	C:\WINDOWS\System32\shlwapi.dll
0x00007ffe9d6d0000 - 0x00007ffe9d6f9000 	C:\WINDOWS\SYSTEM32\profapi.dll
0x00007ffe76930000 - 0x00007ffe76941000 	C:\Program Files\Apache NetBeans\jdk\bin\net.dll
0x00007ffe9cab0000 - 0x00007ffe9cb1c000 	C:\WINDOWS\system32\mswsock.dll
0x00007ffe685a0000 - 0x00007ffe685b6000 	C:\Program Files\Apache NetBeans\jdk\bin\nio.dll
0x00007ffe76950000 - 0x00007ffe76967000 	C:\Program Files\Apache NetBeans\jdk\bin\zip.dll
0x00007ffe7bf10000 - 0x00007ffe7bf34000 	C:\Program Files\Apache NetBeans\java\maven\lib\jansi-native\Windows\x86_64\jansi.dll
0x00007ffe87100000 - 0x00007ffe87110000 	C:\Program Files\Apache NetBeans\jdk\bin\verify.dll

JVMTI agents: none

dbghelp: loaded successfully - version: 4.0.5 - missing functions: none
symbol engine: initialized successfully - sym options: 0x614 - pdb path: .;C:\Program Files\Apache NetBeans\jdk\bin;C:\WINDOWS\SYSTEM32;C:\WINDOWS\WinSxS\amd64_microsoft.windows.common-controls_6595b64144ccf1df_6.0.26100.8115_none_3e075c82e3354f9c;C:\Program Files\Apache NetBeans\jdk\bin\server;C:\Program Files\Apache NetBeans\java\maven\lib\jansi-native\Windows\x86_64

VM Arguments:
jvm_args: --enable-native-access=ALL-UNNAMED -Dclassworlds.conf=C:\Program Files\Apache NetBeans\java\maven\bin\m2.conf -Dmaven.home=C:\Program Files\Apache NetBeans\java\maven -Dlibrary.jansi.path=C:\Program Files\Apache NetBeans\java\maven\lib\jansi-native -Dmaven.multiModuleProjectDirectory=C:\Users\ASUS\Documents\NetBeansProjects\Lubiproject1 
java_command: org.codehaus.plexus.classworlds.launcher.Launcher -Dmaven.ext.class.path=C:\Program Files\Apache NetBeans\java\maven-nblib\netbeans-eventspy.jar --no-transfer-progress install
java_class_path (initial): C:\Program Files\Apache NetBeans\java\maven\boot\plexus-classworlds-2.9.0.jar
Launcher Type: SUN_STANDARD

[Global flags]
     intx CICompilerCount                          = 2                                         {product} {ergonomic}
     uint ConcGCThreads                            = 1                                         {product} {ergonomic}
     uint G1ConcRefinementThreads                  = 2                                         {product} {ergonomic}
   size_t G1HeapRegionSize                         = 1048576                                   {product} {ergonomic}
   size_t InitialHeapSize                          = 65011712                                  {product} {ergonomic}
   size_t MarkStackSize                            = 4194304                                   {product} {ergonomic}
   size_t MarkStackSizeMax                         = 536870912                                 {product} {ergonomic}
   size_t MaxHeapSize                              = 1027604480                                {product} {ergonomic}
   size_t MaxNewSize                               = 616562688                                 {product} {ergonomic}
   size_t MinHeapDeltaBytes                        = 1048576                                   {product} {ergonomic}
   size_t MinHeapSize                              = 8388608                                   {product} {ergonomic}
    uintx NonNMethodCodeHeapSize                   = 5767168                                {pd product} {ergonomic}
    uintx NonProfiledCodeHeapSize                  = 123011072                              {pd product} {ergonomic}
    uintx ProfiledCodeHeapSize                     = 122880000                              {pd product} {ergonomic}
    uintx ReservedCodeCacheSize                    = 251658240                              {pd product} {ergonomic}
     bool SegmentedCodeCache                       = true                                      {product} {ergonomic}
   size_t SoftMaxHeapSize                          = 1027604480                             {manageable} {ergonomic}
     bool UseCompressedOops                        = true                           {product lp64_product} {ergonomic}
     bool UseG1GC                                  = true                                      {product} {ergonomic}
     bool UseLargePagesIndividualAllocation        = false                                  {pd product} {ergonomic}

Logging:
Log output configuration:
 #0: stdout all=warning uptime,level,tags foldmultilines=false
 #1: stderr all=off uptime,level,tags foldmultilines=false

Release file:
IMPLEMENTOR="Eclipse Adoptium" 
IMPLEMENTOR_VERSION="Temurin-25.0.2+10" 
JAVA_RUNTIME_VERSION="25.0.2+10-LTS" 
JAVA_VERSION="25.0.2" 
JAVA_VERSION_DATE="2026-01-20" 
LIBC="default" 
MODULES="java.base java.compiler java.datatransfer java.xml java.prefs java.desktop java.instrument java.logging java.management java.security.sasl java.naming java.rmi java.management.rmi java.net.http java.scripting java.security.jgss java.transaction.xa java.sql java.sql.rowset java.xml.crypto java.se java.smartcardio jdk.accessibility jdk.internal.jvmstat jdk.attach jdk.charsets jdk.internal.opt jdk.zipfs jdk.compiler jdk.crypto.cryptoki jdk.crypto.ec jdk.crypto.mscapi jdk.dynalink jdk.internal.ed jdk.editpad jdk.internal.vm.ci jdk.graal.compiler jdk.graal.compiler.management jdk.hotspot.agent jdk.httpserver jdk.incubator.vector jdk.internal.le jdk.internal.md jdk.jartool jdk.javadoc jdk.jcmd jdk.management jdk.management.agent jdk.jconsole jdk.jdeps jdk.jdwp.agent jdk.jdi jdk.jfr jdk.jlink jdk.jpackage jdk.jshell jdk.jsobject jdk.jstatd jdk.localedata jdk.management.jfr jdk.naming.dns jdk.naming.rmi jdk.net jdk.nio.mapmode jdk.sctp jdk.security.auth jdk.security.jgss jdk.unsupported jdk.unsupported.desktop jdk.xml.dom" 
OS_ARCH="x86_64" 
OS_NAME="Windows" 
SOURCE=".:git:9e3c947043a4" 
BUILD_SOURCE="git:458965074606f027bd5afce2cfd5c1055dea0438"
BUILD_SOURCE_REPO="https://github.com/adoptium/temurin-build.git"
SOURCE_REPO="https://github.com/adoptium/jdk25u.git"
FULL_VERSION="25.0.2+10-LTS"
SEMANTIC_VERSION="25.0.2+10"
BUILD_INFO="OS: Windows Server 2022 Version: 10.0"
JVM_VARIANT="Hotspot"
JVM_VERSION="25.0.2+10-LTS"
IMAGE_TYPE="JDK"

Environment Variables:
JAVA_HOME=C:\Program Files\Apache NetBeans\jdk
PATH=C:\WINDOWS\system32;C:\WINDOWS;C:\WINDOWS\System32\Wbem;C:\WINDOWS\System32\WindowsPowerShell\v1.0\;C:\WINDOWS\System32\OpenSSH\;C:\Program Files\Git\cmd;C:\Users\ASUS\AppData\Local\Microsoft\WindowsApps;;C:\Program Files\Apache NetBeans\bin\
USERNAME=ASUS
OS=Windows_NT
PROCESSOR_IDENTIFIER=Intel64 Family 6 Model 122 Stepping 1, GenuineIntel
TMP=C:\Users\ASUS\AppData\Local\Temp
TEMP=C:\Users\ASUS\AppData\Local\Temp




Compilation memory statistics disabled.

Periodic native trim disabled

---------------  S Y S T E M  ---------------

OS:
 Windows 11 , 64 bit Build 26100 (10.0.26100.8115)
OS uptime: 0 days 4:19 hours

CPU: total 2 (initial active 2) (2 cores per cpu, 1 threads per core) family 6 model 122 stepping 1 microcode 0x34, cx8, cmov, fxsr, mmx, 3dnowpref, sse, sse2, sse3, ssse3, sse4.1, sse4.2, popcnt, tsc, tscinvbit, aes, erms, clmul, sha, clflush, clflushopt, rdtscp, rdpid
Processor Information for the first 2 processors :
  Max Mhz: 1101, Current Mhz: 1101, Mhz Limit: 1101

Memory: 4k page, system-wide physical 3919M (128M free)
TotalPageFile size 15695M (AvailPageFile size 387M)
current process WorkingSet (physical memory assigned to process): 31M, peak: 36M
current process commit charge ("private bytes"): 140M, peak: 147M

vm_info: OpenJDK 64-Bit Server VM (25.0.2+10-LTS) for windows-amd64 JRE (25.0.2+10-LTS), built on 2026-01-20T00:00:00Z with MS VC++ 17.12 (VS2022)

END.
