#
# There is insufficient memory for the Java Runtime Environment to continue.
# Native memory allocation (malloc) failed to allocate 32752 bytes. Error detail: Chunk::new
# Possible reasons:
#   The system is out of physical RAM or swap space
#   This process is running with CompressedOops enabled, and the Java Heap may be blocking the growth of the native heap
# Possible solutions:
#   Reduce memory load on the system
#   Increase physical memory or swap space
#   Check if swap backing store is full
#   Decrease Java heap size (-Xmx/-Xms)
#   Decrease number of Java threads
#   Decrease Java thread stack sizes (-Xss)
#   Set larger code cache with -XX:ReservedCodeCacheSize=
#   JVM is running with Unscaled Compressed Oops mode in which the Java heap is
#     placed in the first 4GB address space. The Java Heap base address is the
#     maximum limit for the native heap growth. Please use -XX:HeapBaseMinAddress
#     to set the Java Heap base and to place the Java Heap above 4GB virtual address.
# This output file may be truncated or incomplete.
#
#  Out of Memory Error (arena.cpp:186), pid=9356, tid=11012
#
# JRE version: OpenJDK Runtime Environment Temurin-25.0.2+10 (25.0.2+10) (build 25.0.2+10-LTS)
# Java VM: OpenJDK 64-Bit Server VM Temurin-25.0.2+10 (25.0.2+10-LTS, mixed mode, sharing, tiered, compressed oops, compressed class ptrs, g1 gc, windows-amd64)
# No core dump will be written. Minidumps are not enabled by default on client versions of Windows
#

---------------  S U M M A R Y ------------

Command Line: --enable-native-access=ALL-UNNAMED -Dclassworlds.conf=C:\Program Files\Apache NetBeans\java\maven\bin\m2.conf -Dmaven.home=C:\Program Files\Apache NetBeans\java\maven -Dlibrary.jansi.path=C:\Program Files\Apache NetBeans\java\maven\lib\jansi-native -Dmaven.multiModuleProjectDirectory=C:\Users\ASUS\Documents\NetBeansProjects\Lubiproject1 org.codehaus.plexus.classworlds.launcher.Launcher -Dmaven.ext.class.path=C:\Program Files\Apache NetBeans\java\maven-nblib\netbeans-eventspy.jar --no-transfer-progress install

Host: Intel(R) Celeron(R) N4000 CPU @ 1.10GHz, 2 cores, 3G,  Windows 11 , 64 bit Build 26100 (10.0.26100.8115)
Time: Fri Apr  3 17:07:51 2026 SE Asia Standard Time elapsed time: 371.470714 seconds (0d 0h 6m 11s)

---------------  T H R E A D  ---------------

Current thread (0x0000023e6bf16960):  JavaThread "C1 CompilerThread0" daemon [_thread_in_native, id=11012, stack(0x000000f74e200000,0x000000f74e300000) (1024K)]


Current CompileTask:
C1:371578 2355       3       java.lang.invoke.MethodHandles$Lookup::in (283 bytes)

Stack: [0x000000f74e200000,0x000000f74e300000]
Native frames: (J=compiled Java code, j=interpreted, Vv=VM code, C=native code)
V  [jvm.dll+0x7a8bc9]  (no source info available)
V  [jvm.dll+0x77310d]  (no source info available)
V  [jvm.dll+0x9f55f3]  (no source info available)
V  [jvm.dll+0x9f7be1]  (no source info available)
V  [jvm.dll+0x9f82f3]  (no source info available)
V  [jvm.dll+0x2fce26]  (no source info available)
V  [jvm.dll+0x111076]  (no source info available)
V  [jvm.dll+0x11139e]  (no source info available)
V  [jvm.dll+0x792de5]  (no source info available)
V  [jvm.dll+0x1d42cc]  (no source info available)
V  [jvm.dll+0x1da247]  (no source info available)
V  [jvm.dll+0x1bc392]  (no source info available)
V  [jvm.dll+0x1db332]  (no source info available)
V  [jvm.dll+0x1be3a5]  (no source info available)
V  [jvm.dll+0x1bde49]  (no source info available)
V  [jvm.dll+0x1be070]  (no source info available)
V  [jvm.dll+0x1bd3b1]  (no source info available)
V  [jvm.dll+0x1bf1fd]  (no source info available)
V  [jvm.dll+0x2cf4c6]  (no source info available)
V  [jvm.dll+0x2cd74a]  (no source info available)
V  [jvm.dll+0x48fbee]  (no source info available)
V  [jvm.dll+0x996b0d]  (no source info available)
V  [jvm.dll+0x7a71a5]  (no source info available)
C  [ucrtbase.dll+0x37b0]  (no source info available)
C  [KERNEL32.DLL+0x2e8d7]  (no source info available)
C  [ntdll.dll+0x8c3fc]  (no source info available)

Lock stack of current Java thread (top to bottom):


---------------  P R O C E S S  ---------------

Threads class SMR info:
_java_thread_list=0x0000023e701ea100, length=11, elements={
0x0000023e4ecad600, 0x0000023e6be92090, 0x0000023e6be93d40, 0x0000023e6be97a00,
0x0000023e6be99720, 0x0000023e6be9a2e0, 0x0000023e6be9aea0, 0x0000023e6be9bd90,
0x0000023e6bf16960, 0x0000023e6bf5f310, 0x0000023e6bf69f50
}

Java Threads: ( => current thread )
  0x0000023e4ecad600 JavaThread "main"                              [_thread_in_Java, id=14488, stack(0x000000f74d200000,0x000000f74d300000) (1024K)]
  0x0000023e6be92090 JavaThread "Reference Handler"          daemon [_thread_blocked, id=13612, stack(0x000000f74db00000,0x000000f74dc00000) (1024K)]
  0x0000023e6be93d40 JavaThread "Finalizer"                  daemon [_thread_blocked, id=13764, stack(0x000000f74dc00000,0x000000f74dd00000) (1024K)]
  0x0000023e6be97a00 JavaThread "Signal Dispatcher"          daemon [_thread_blocked, id=14976, stack(0x000000f74dd00000,0x000000f74de00000) (1024K)]
  0x0000023e6be99720 JavaThread "Attach Listener"            daemon [_thread_blocked, id=15968, stack(0x000000f74de00000,0x000000f74df00000) (1024K)]
  0x0000023e6be9a2e0 JavaThread "Service Thread"             daemon [_thread_blocked, id=2212, stack(0x000000f74df00000,0x000000f74e000000) (1024K)]
  0x0000023e6be9aea0 JavaThread "Monitor Deflation Thread"   daemon [_thread_blocked, id=15892, stack(0x000000f74e000000,0x000000f74e100000) (1024K)]
  0x0000023e6be9bd90 JavaThread "C2 CompilerThread0"         daemon [_thread_blocked, id=12780, stack(0x000000f74e100000,0x000000f74e200000) (1024K)]
=>0x0000023e6bf16960 JavaThread "C1 CompilerThread0"         daemon [_thread_in_native, id=11012, stack(0x000000f74e200000,0x000000f74e300000) (1024K)]
  0x0000023e6bf5f310 JavaThread "Notification Thread"        daemon [_thread_blocked, id=9704, stack(0x000000f74e300000,0x000000f74e400000) (1024K)]
  0x0000023e6bf69f50 JavaThread "Common-Cleaner"             daemon [_thread_blocked, id=8052, stack(0x000000f74e400000,0x000000f74e500000) (1024K)]
Total: 11

Other Threads:
  0x0000023e6be7f800 VMThread "VM Thread"                           [id=15864, stack(0x000000f74da00000,0x000000f74db00000) (1024K)]
  0x0000023e511f4ef0 WatcherThread "VM Periodic Task Thread"        [id=10440, stack(0x000000f74d900000,0x000000f74da00000) (1024K)]
  0x0000023e511755a0 WorkerThread "GC Thread#0"                     [id=8560, stack(0x000000f74d400000,0x000000f74d500000) (1024K)]
  0x0000023e70d56010 WorkerThread "GC Thread#1"                     [id=16928, stack(0x000000f74d100000,0x000000f74d200000) (1024K)]
  0x0000023e51181e30 ConcurrentGCThread "G1 Main Marker"            [id=15940, stack(0x000000f74d500000,0x000000f74d600000) (1024K)]
  0x0000023e511838c0 WorkerThread "G1 Conc#0"                       [id=8332, stack(0x000000f74d600000,0x000000f74d700000) (1024K)]
  0x0000023e5119c9e0 ConcurrentGCThread "G1 Refine#0"               [id=9000, stack(0x000000f74d700000,0x000000f74d800000) (1024K)]
  0x0000023e511a3040 ConcurrentGCThread "G1 Service"                [id=15640, stack(0x000000f74d800000,0x000000f74d900000) (1024K)]
Total: 8

Threads with active compile tasks:
C1 CompilerThread0  382778 2355       3       java.lang.invoke.MethodHandles$Lookup::in (283 bytes)
Total: 1

VM state: not at safepoint (normal execution)

VM Mutex/Monitor currently owned by a thread: None

Heap address: 0x00000000c2c00000, size: 980 MB, Compressed Oops mode: 32-bit

CDS archive(s) mapped at: [0x000000000d000000-0x000000000ddd0000-0x000000000ddd0000), size 14483456, SharedBaseAddress: 0x000000000d000000, ArchiveRelocationMode: 1.
Compressed class space mapped at: 0x000000000e000000-0x000000004e000000, reserved size: 1073741824
UseCompressedClassPointers 1, UseCompactObjectHeaders 0
Narrow klass pointer bits 32, Max shift 3
Narrow klass base: 0x000000000d000000, Narrow klass shift: 0
Encoding Range: [0x000000000d000000 - 0x000000010d000000), (4294967296 bytes)
Klass Range:    [0x000000000d010000 - 0x000000004e000000), (1090453504 bytes)
Klass ID Range:  [65536 - 1090519033) (1090453497)
Protection zone: [0x000000000d000000 - 0x000000000d010000), (65536 bytes)

GC Precious Log:
 CardTable entry size: 512
 Card Set container configuration: InlinePtr #cards 5 size 8 Array Of Cards #cards 10 size 36 Howl #buckets 4 coarsen threshold 1843 Howl Bitmap #cards 512 size 80 coarsen threshold 460 Card regions per heap region 1 cards per card region 2048
 CPUs: 2 total, 2 available
 Memory: 3919M
 Large Page Support: Disabled
 NUMA Support: Disabled
 Compressed Oops: Enabled (32-bit)
 Heap Region Size: 1M
 Heap Min Capacity: 8M
 Heap Initial Capacity: 62M
 Heap Max Capacity: 980M
 Pre-touch: Disabled
 Parallel Workers: 2
 Concurrent Workers: 1
 Concurrent Refinement Workers: 2
 Periodic GC: Disabled

Heap:
 garbage-first heap   total reserved 1003520K, committed 65536K, used 22743K [0x00000000c2c00000, 0x0000000100000000)
  region size 1024K, 23 young (23552K), 4 survivors (4096K)

Heap Regions: E=young(eden), S=young(survivor), O=old, HS=humongous(starts), HC=humongous(continues), CS=collection set, F=free, TAMS=top-at-mark-start, PB=parsable bottom
|   0|0x00000000c2c00000, 0x00000000c2c92010, 0x00000000c2d00000| 57%| O|  |TAMS 0x00000000c2c00000| PB 0x00000000c2c00000| Untracked |  0
|   1|0x00000000c2d00000, 0x00000000c2d00000, 0x00000000c2e00000|  0%| F|  |TAMS 0x00000000c2d00000| PB 0x00000000c2d00000| Untracked |  0
|   2|0x00000000c2e00000, 0x00000000c2e00000, 0x00000000c2f00000|  0%| F|  |TAMS 0x00000000c2e00000| PB 0x00000000c2e00000| Untracked |  0
|   3|0x00000000c2f00000, 0x00000000c2f00000, 0x00000000c3000000|  0%| F|  |TAMS 0x00000000c2f00000| PB 0x00000000c2f00000| Untracked |  0
|   4|0x00000000c3000000, 0x00000000c3000000, 0x00000000c3100000|  0%| F|  |TAMS 0x00000000c3000000| PB 0x00000000c3000000| Untracked |  0
|   5|0x00000000c3100000, 0x00000000c3100000, 0x00000000c3200000|  0%| F|  |TAMS 0x00000000c3100000| PB 0x00000000c3100000| Untracked |  0
|   6|0x00000000c3200000, 0x00000000c3200000, 0x00000000c3300000|  0%| F|  |TAMS 0x00000000c3200000| PB 0x00000000c3200000| Untracked |  0
|   7|0x00000000c3300000, 0x00000000c3300000, 0x00000000c3400000|  0%| F|  |TAMS 0x00000000c3300000| PB 0x00000000c3300000| Untracked |  0
|   8|0x00000000c3400000, 0x00000000c3400000, 0x00000000c3500000|  0%| F|  |TAMS 0x00000000c3400000| PB 0x00000000c3400000| Untracked |  0
|   9|0x00000000c3500000, 0x00000000c3500000, 0x00000000c3600000|  0%| F|  |TAMS 0x00000000c3500000| PB 0x00000000c3500000| Untracked |  0
|  10|0x00000000c3600000, 0x00000000c3600000, 0x00000000c3700000|  0%| F|  |TAMS 0x00000000c3600000| PB 0x00000000c3600000| Untracked |  0
|  11|0x00000000c3700000, 0x00000000c3700000, 0x00000000c3800000|  0%| F|  |TAMS 0x00000000c3700000| PB 0x00000000c3700000| Untracked |  0
|  12|0x00000000c3800000, 0x00000000c3800000, 0x00000000c3900000|  0%| F|  |TAMS 0x00000000c3800000| PB 0x00000000c3800000| Untracked |  0
|  13|0x00000000c3900000, 0x00000000c3900000, 0x00000000c3a00000|  0%| F|  |TAMS 0x00000000c3900000| PB 0x00000000c3900000| Untracked |  0
|  14|0x00000000c3a00000, 0x00000000c3a00000, 0x00000000c3b00000|  0%| F|  |TAMS 0x00000000c3a00000| PB 0x00000000c3a00000| Untracked |  0
|  15|0x00000000c3b00000, 0x00000000c3b00000, 0x00000000c3c00000|  0%| F|  |TAMS 0x00000000c3b00000| PB 0x00000000c3b00000| Untracked |  0
|  16|0x00000000c3c00000, 0x00000000c3c00000, 0x00000000c3d00000|  0%| F|  |TAMS 0x00000000c3c00000| PB 0x00000000c3c00000| Untracked |  0
|  17|0x00000000c3d00000, 0x00000000c3d00000, 0x00000000c3e00000|  0%| F|  |TAMS 0x00000000c3d00000| PB 0x00000000c3d00000| Untracked |  0
|  18|0x00000000c3e00000, 0x00000000c3e00000, 0x00000000c3f00000|  0%| F|  |TAMS 0x00000000c3e00000| PB 0x00000000c3e00000| Untracked |  0
|  19|0x00000000c3f00000, 0x00000000c3f00000, 0x00000000c4000000|  0%| F|  |TAMS 0x00000000c3f00000| PB 0x00000000c3f00000| Untracked |  0
|  20|0x00000000c4000000, 0x00000000c4000000, 0x00000000c4100000|  0%| F|  |TAMS 0x00000000c4000000| PB 0x00000000c4000000| Untracked |  0
|  21|0x00000000c4100000, 0x00000000c4100000, 0x00000000c4200000|  0%| F|  |TAMS 0x00000000c4100000| PB 0x00000000c4100000| Untracked |  0
|  22|0x00000000c4200000, 0x00000000c4200000, 0x00000000c4300000|  0%| F|  |TAMS 0x00000000c4200000| PB 0x00000000c4200000| Untracked |  0
|  23|0x00000000c4300000, 0x00000000c4300000, 0x00000000c4400000|  0%| F|  |TAMS 0x00000000c4300000| PB 0x00000000c4300000| Untracked |  0
|  24|0x00000000c4400000, 0x00000000c4400000, 0x00000000c4500000|  0%| F|  |TAMS 0x00000000c4400000| PB 0x00000000c4400000| Untracked |  0
|  25|0x00000000c4500000, 0x00000000c4500000, 0x00000000c4600000|  0%| F|  |TAMS 0x00000000c4500000| PB 0x00000000c4500000| Untracked |  0
|  26|0x00000000c4600000, 0x00000000c4600000, 0x00000000c4700000|  0%| F|  |TAMS 0x00000000c4600000| PB 0x00000000c4600000| Untracked |  0
|  27|0x00000000c4700000, 0x00000000c4700000, 0x00000000c4800000|  0%| F|  |TAMS 0x00000000c4700000| PB 0x00000000c4700000| Untracked |  0
|  28|0x00000000c4800000, 0x00000000c4800000, 0x00000000c4900000|  0%| F|  |TAMS 0x00000000c4800000| PB 0x00000000c4800000| Untracked |  0
|  29|0x00000000c4900000, 0x00000000c4900000, 0x00000000c4a00000|  0%| F|  |TAMS 0x00000000c4900000| PB 0x00000000c4900000| Untracked |  0
|  30|0x00000000c4a00000, 0x00000000c4a00000, 0x00000000c4b00000|  0%| F|  |TAMS 0x00000000c4a00000| PB 0x00000000c4a00000| Untracked |  0
|  31|0x00000000c4b00000, 0x00000000c4b7ef30, 0x00000000c4c00000| 49%| S|CS|TAMS 0x00000000c4b00000| PB 0x00000000c4b00000| Complete |  0
|  32|0x00000000c4c00000, 0x00000000c4d00000, 0x00000000c4d00000|100%| S|CS|TAMS 0x00000000c4c00000| PB 0x00000000c4c00000| Complete |  0
|  33|0x00000000c4d00000, 0x00000000c4e00000, 0x00000000c4e00000|100%| S|CS|TAMS 0x00000000c4d00000| PB 0x00000000c4d00000| Complete |  0
|  34|0x00000000c4e00000, 0x00000000c4f00000, 0x00000000c4f00000|100%| S|CS|TAMS 0x00000000c4e00000| PB 0x00000000c4e00000| Complete |  0
|  35|0x00000000c4f00000, 0x00000000c4f00000, 0x00000000c5000000|  0%| F|  |TAMS 0x00000000c4f00000| PB 0x00000000c4f00000| Untracked |  0
|  36|0x00000000c5000000, 0x00000000c5000000, 0x00000000c5100000|  0%| F|  |TAMS 0x00000000c5000000| PB 0x00000000c5000000| Untracked |  0
|  37|0x00000000c5100000, 0x00000000c5100000, 0x00000000c5200000|  0%| F|  |TAMS 0x00000000c5100000| PB 0x00000000c5100000| Untracked |  0
|  38|0x00000000c5200000, 0x00000000c5200000, 0x00000000c5300000|  0%| F|  |TAMS 0x00000000c5200000| PB 0x00000000c5200000| Untracked |  0
|  39|0x00000000c5300000, 0x00000000c5300000, 0x00000000c5400000|  0%| F|  |TAMS 0x00000000c5300000| PB 0x00000000c5300000| Untracked |  0
|  40|0x00000000c5400000, 0x00000000c5400000, 0x00000000c5500000|  0%| F|  |TAMS 0x00000000c5400000| PB 0x00000000c5400000| Untracked |  0
|  41|0x00000000c5500000, 0x00000000c5500000, 0x00000000c5600000|  0%| F|  |TAMS 0x00000000c5500000| PB 0x00000000c5500000| Untracked |  0
|  42|0x00000000c5600000, 0x00000000c5600000, 0x00000000c5700000|  0%| F|  |TAMS 0x00000000c5600000| PB 0x00000000c5600000| Untracked |  0
|  43|0x00000000c5700000, 0x00000000c57e53e0, 0x00000000c5800000| 89%| E|  |TAMS 0x00000000c5700000| PB 0x00000000c5700000| Complete |  0
|  44|0x00000000c5800000, 0x00000000c5900000, 0x00000000c5900000|100%| E|CS|TAMS 0x00000000c5800000| PB 0x00000000c5800000| Complete |  0
|  45|0x00000000c5900000, 0x00000000c5a00000, 0x00000000c5a00000|100%| E|CS|TAMS 0x00000000c5900000| PB 0x00000000c5900000| Complete |  0
|  46|0x00000000c5a00000, 0x00000000c5b00000, 0x00000000c5b00000|100%| E|CS|TAMS 0x00000000c5a00000| PB 0x00000000c5a00000| Complete |  0
|  47|0x00000000c5b00000, 0x00000000c5c00000, 0x00000000c5c00000|100%| E|CS|TAMS 0x00000000c5b00000| PB 0x00000000c5b00000| Complete |  0
|  48|0x00000000c5c00000, 0x00000000c5d00000, 0x00000000c5d00000|100%| E|CS|TAMS 0x00000000c5c00000| PB 0x00000000c5c00000| Complete |  0
|  49|0x00000000c5d00000, 0x00000000c5e00000, 0x00000000c5e00000|100%| E|CS|TAMS 0x00000000c5d00000| PB 0x00000000c5d00000| Complete |  0
|  50|0x00000000c5e00000, 0x00000000c5f00000, 0x00000000c5f00000|100%| E|CS|TAMS 0x00000000c5e00000| PB 0x00000000c5e00000| Complete |  0
|  51|0x00000000c5f00000, 0x00000000c6000000, 0x00000000c6000000|100%| E|CS|TAMS 0x00000000c5f00000| PB 0x00000000c5f00000| Complete |  0
|  52|0x00000000c6000000, 0x00000000c6100000, 0x00000000c6100000|100%| E|CS|TAMS 0x00000000c6000000| PB 0x00000000c6000000| Complete |  0
|  53|0x00000000c6100000, 0x00000000c6200000, 0x00000000c6200000|100%| E|CS|TAMS 0x00000000c6100000| PB 0x00000000c6100000| Complete |  0
|  54|0x00000000c6200000, 0x00000000c6300000, 0x00000000c6300000|100%| E|CS|TAMS 0x00000000c6200000| PB 0x00000000c6200000| Complete |  0
|  55|0x00000000c6300000, 0x00000000c6400000, 0x00000000c6400000|100%| E|CS|TAMS 0x00000000c6300000| PB 0x00000000c6300000| Complete |  0
|  56|0x00000000c6400000, 0x00000000c6500000, 0x00000000c6500000|100%| E|CS|TAMS 0x00000000c6400000| PB 0x00000000c6400000| Complete |  0
|  57|0x00000000c6500000, 0x00000000c6600000, 0x00000000c6600000|100%| E|CS|TAMS 0x00000000c6500000| PB 0x00000000c6500000| Complete |  0
|  58|0x00000000c6600000, 0x00000000c6700000, 0x00000000c6700000|100%| E|CS|TAMS 0x00000000c6600000| PB 0x00000000c6600000| Complete |  0
|  59|0x00000000c6700000, 0x00000000c6800000, 0x00000000c6800000|100%| E|CS|TAMS 0x00000000c6700000| PB 0x00000000c6700000| Complete |  0
|  60|0x00000000c6800000, 0x00000000c6900000, 0x00000000c6900000|100%| E|  |TAMS 0x00000000c6800000| PB 0x00000000c6800000| Complete |  0
|  61|0x00000000c6900000, 0x00000000c6a00000, 0x00000000c6a00000|100%| E|CS|TAMS 0x00000000c6900000| PB 0x00000000c6900000| Complete |  0
| 978|0x00000000ffe00000, 0x00000000fff00000, 0x00000000fff00000|100%| O|  |TAMS 0x00000000ffe00000| PB 0x00000000ffe00000| Untracked |  0
| 979|0x00000000fff00000, 0x00000000fff24ea8, 0x0000000100000000| 14%| O|  |TAMS 0x00000000fff00000| PB 0x00000000fff00000| Untracked |  0

Card table byte_map: [0x0000023e50ef0000,0x0000023e510e0000] _byte_map_base: 0x0000023e508da000

Marking Bits: (CMBitMap*) 0x0000023e51175d30
 Bits: [0x0000023e68c30000, 0x0000023e69b80000)

Polling page: 0x0000023e4ef10000

Metaspace:
Metaspace        used 11431K, committed 11584K, reserved 1114112K
 class space     used 1455K, committed 1536K, reserved 1048576K

Usage:
  Non-class:      9.74 MB used.
      Class:      1.42 MB used.
       Both:     11.16 MB used.

Virtual space:
  Non-class space:       64.00 MB reserved,       9.81 MB ( 15%) committed,  1 nodes.
      Class space:        1.00 GB reserved,       1.50 MB ( <1%) committed,  1 nodes.
             Both:        1.06 GB reserved,      11.31 MB (  1%) committed. 

Chunk freelists:
   Non-Class:  4.69 MB
       Class:  14.50 MB
        Both:  19.19 MB

MaxMetaspaceSize: unlimited
CompressedClassSpaceSize: 1.00 GB
Initial GC threshold: 21.00 MB
Current GC threshold: 21.00 MB
CDS: on
 - commit_granule_bytes: 65536.
 - commit_granule_words: 8192.
 - virtual_space_node_default_size: 8388608.
 - enlarge_chunks_in_place: 1.
UseCompressedClassPointers 1, UseCompactObjectHeaders 0
Narrow klass pointer bits 32, Max shift 3
Narrow klass base: 0x000000000d000000, Narrow klass shift: 0
Encoding Range: [0x000000000d000000 - 0x000000010d000000), (4294967296 bytes)
Klass Range:    [0x000000000d010000 - 0x000000004e000000), (1090453504 bytes)
Klass ID Range:  [65536 - 1090519033) (1090453497)
Protection zone: [0x000000000d000000 - 0x000000000d010000), (65536 bytes)


Internal statistics:

num_allocs_failed_limit: 0.
num_arena_births: 70.
num_arena_deaths: 0.
num_vsnodes_births: 2.
num_vsnodes_deaths: 0.
num_space_committed: 181.
num_space_uncommitted: 0.
num_chunks_returned_to_freelist: 0.
num_chunks_taken_from_freelist: 462.
num_chunk_merges: 0.
num_chunk_splits: 316.
num_chunks_enlarged: 268.
num_inconsistent_stats: 0.

CodeHeap 'non-profiled nmethods': size=120128Kb used=719Kb max_used=719Kb free=119408Kb
 bounds [0x0000023e616e0000, 0x0000023e61950000, 0x0000023e68c30000]
CodeHeap 'profiled nmethods': size=120000Kb used=3544Kb max_used=3544Kb free=116455Kb
 bounds [0x0000023e59c30000, 0x0000023e59fb0000, 0x0000023e61160000]
CodeHeap 'non-nmethods': size=5632Kb used=1361Kb max_used=1388Kb free=4270Kb
 bounds [0x0000023e61160000, 0x0000023e613d0000, 0x0000023e616e0000]
CodeCache: size=245760Kb, used=5624Kb, max_used=5651Kb, free=240133Kb
 total_blobs=2849, nmethods=2359, adapters=394, full_count=0
Compilation: enabled, stopped_count=0, restarted_count=0

Compilation events (20 events):
Event: 365.207 Thread 0x0000023e6bf16960 nmethod 2345 0x0000023e59fa3f08 code [0x0000023e59fa4000, 0x0000023e59fa40f0]
Event: 365.483 Thread 0x0000023e6bf16960 2346       3       java.lang.String::checkOffset (11 bytes)
Event: 365.483 Thread 0x0000023e6bf16960 nmethod 2346 0x0000023e59fa4208 code [0x0000023e59fa4300, 0x0000023e59fa4500]
Event: 365.557 Thread 0x0000023e6bf16960 2347       3       java.lang.StringBuilder::insert (9 bytes)
Event: 365.557 Thread 0x0000023e6bf16960 nmethod 2347 0x0000023e59fa4588 code [0x0000023e59fa4680, 0x0000023e59fa47d0]
Event: 365.578 Thread 0x0000023e6bf16960 2348       3       java.util.HashSet::size (8 bytes)
Event: 365.578 Thread 0x0000023e6bf16960 nmethod 2348 0x0000023e59fa4888 code [0x0000023e59fa4980, 0x0000023e59fa4b28]
Event: 365.600 Thread 0x0000023e6bf16960 2349       3       com.google.common.collect.ImmutableCollection$Builder::<init> (5 bytes)
Event: 365.600 Thread 0x0000023e6bf16960 nmethod 2349 0x0000023e59fa4b88 code [0x0000023e59fa4c80, 0x0000023e59fa4de0]
Event: 365.614 Thread 0x0000023e6bf16960 2350       3       org.objectweb.asm.MethodWriter::visitVarInsn (302 bytes)
Event: 365.638 Thread 0x0000023e6be9bd90 2352       4       java.lang.StringBuilder::length (5 bytes)
Event: 365.639 Thread 0x0000023e6be9bd90 nmethod 2352 0x0000023e6178e908 code [0x0000023e6178ea00, 0x0000023e6178ea78]
Event: 365.724 Thread 0x0000023e6bf16960 nmethod 2350 0x0000023e59fa4e88 code [0x0000023e59fa4f80, 0x0000023e59fa5a48]
Event: 365.724 Thread 0x0000023e6bf16960 2353       3       org.objectweb.asm.ByteVector::putInt (74 bytes)
Event: 365.725 Thread 0x0000023e6bf16960 nmethod 2353 0x0000023e59fa5a88 code [0x0000023e59fa5b80, 0x0000023e59fa5dd0]
Event: 365.725 Thread 0x0000023e6bf16960 2351       3       java.lang.StringUTF16::checkIndex (9 bytes)
Event: 365.726 Thread 0x0000023e6bf16960 nmethod 2351 0x0000023e59fa5e08 code [0x0000023e59fa5f00, 0x0000023e59fa60f8]
Event: 366.094 Thread 0x0000023e6be9bd90 2354       4       org.objectweb.asm.SymbolTable::get (13 bytes)
Event: 366.095 Thread 0x0000023e6be9bd90 nmethod 2354 0x0000023e6178ec08 code [0x0000023e6178ed00, 0x0000023e6178ede8]
Event: 366.096 Thread 0x0000023e6bf16960 2355       3       java.lang.invoke.MethodHandles$Lookup::in (283 bytes)

GC Heap Usage History (4 events):
Event: 75.347 {heap Before GC invocations=0 (full 0):
 garbage-first heap   total reserved 1003520K, committed 65536K, used 14483K [0x00000000c2c00000, 0x0000000100000000)
  region size 1024K, 14 young (14336K), 0 survivors (0K)
}
Event: 77.037 {heap After GC invocations=1 (full 0):
 garbage-first heap   total reserved 1003520K, committed 65536K, used 3803K [0x00000000c2c00000, 0x0000000100000000)
  region size 1024K, 2 young (2048K), 2 survivors (2048K)
}
Event: 207.159 {heap Before GC invocations=1 (full 0):
 garbage-first heap   total reserved 1003520K, committed 65536K, used 28379K [0x00000000c2c00000, 0x0000000100000000)
  region size 1024K, 27 young (27648K), 2 survivors (2048K)
}
Event: 207.238 {heap After GC invocations=2 (full 0):
 garbage-first heap   total reserved 1003520K, committed 65536K, used 5335K [0x00000000c2c00000, 0x0000000100000000)
  region size 1024K, 4 young (4096K), 4 survivors (4096K)
}

Metaspace Usage History (4 events):
Event: 75.357 {metaspace Before GC invocations=0 (full 0):
 Metaspace       used 4262K, committed 4480K, reserved 1114112K
  class space    used 485K, committed 576K, reserved 1048576K
}
Event: 77.037 {metaspace After GC invocations=1 (full 0):
 Metaspace       used 4262K, committed 4480K, reserved 1114112K
  class space    used 485K, committed 576K, reserved 1048576K
}
Event: 207.160 {metaspace Before GC invocations=1 (full 0):
 Metaspace       used 7416K, committed 7680K, reserved 1114112K
  class space    used 900K, committed 1024K, reserved 1048576K
}
Event: 207.238 {metaspace After GC invocations=2 (full 0):
 Metaspace       used 7416K, committed 7680K, reserved 1114112K
  class space    used 900K, committed 1024K, reserved 1048576K
}

Dll operation events (7 events):
Event: 0.500 Loaded shared library C:\Program Files\Apache NetBeans\jdk\bin\java.dll
Event: 2.789 Loaded shared library C:\Program Files\Apache NetBeans\jdk\bin\net.dll
Event: 2.794 Loaded shared library C:\Program Files\Apache NetBeans\jdk\bin\nio.dll
Event: 2.807 Loaded shared library C:\Program Files\Apache NetBeans\jdk\bin\zip.dll
Event: 18.195 Loaded shared library C:\Program Files\Apache NetBeans\java\maven\lib\jansi-native\Windows\x86_64\jansi.dll
Event: 19.131 Loaded shared library C:\Program Files\Apache NetBeans\jdk\bin\verify.dll
Event: 22.000 Loaded shared library C:\Program Files\Apache NetBeans\jdk\bin\jimage.dll

Deoptimization events (20 events):
Event: 303.258 Thread 0x0000023e4ecad600 Uncommon trap: trap_request=0xffffffd6 fr.pc=0x0000023e61781b4c relative=0x00000000000005ac
Event: 303.258 Thread 0x0000023e4ecad600 Uncommon trap: reason=array_check action=maybe_recompile pc=0x0000023e61781b4c method=jdk.internal.classfile.impl.SplitConstantPool.internalAdd(Ljava/lang/classfile/constantpool/PoolEntry;I)Ljava/lang/classfile/constantpool/PoolEntry; @ 46 c2
Event: 303.258 Thread 0x0000023e4ecad600 DEOPT PACKING pc=0x0000023e61781b4c sp=0x000000f74d2fd4e0
Event: 303.258 Thread 0x0000023e4ecad600 DEOPT UNPACKING pc=0x0000023e611e857c sp=0x000000f74d2fd470 mode 2
Event: 303.258 Thread 0x0000023e4ecad600 Uncommon trap: trap_request=0xffffffd6 fr.pc=0x0000023e61781b4c relative=0x00000000000005ac
Event: 303.258 Thread 0x0000023e4ecad600 Uncommon trap: reason=array_check action=maybe_recompile pc=0x0000023e61781b4c method=jdk.internal.classfile.impl.SplitConstantPool.internalAdd(Ljava/lang/classfile/constantpool/PoolEntry;I)Ljava/lang/classfile/constantpool/PoolEntry; @ 46 c2
Event: 303.258 Thread 0x0000023e4ecad600 DEOPT PACKING pc=0x0000023e61781b4c sp=0x000000f74d2fd4e0
Event: 303.258 Thread 0x0000023e4ecad600 DEOPT UNPACKING pc=0x0000023e611e857c sp=0x000000f74d2fd470 mode 2
Event: 303.258 Thread 0x0000023e4ecad600 Uncommon trap: trap_request=0xffffffd6 fr.pc=0x0000023e61781b4c relative=0x00000000000005ac
Event: 303.258 Thread 0x0000023e4ecad600 Uncommon trap: reason=array_check action=maybe_recompile pc=0x0000023e61781b4c method=jdk.internal.classfile.impl.SplitConstantPool.internalAdd(Ljava/lang/classfile/constantpool/PoolEntry;I)Ljava/lang/classfile/constantpool/PoolEntry; @ 46 c2
Event: 303.258 Thread 0x0000023e4ecad600 DEOPT PACKING pc=0x0000023e61781b4c sp=0x000000f74d2fd3f0
Event: 303.258 Thread 0x0000023e4ecad600 DEOPT UNPACKING pc=0x0000023e611e857c sp=0x000000f74d2fd380 mode 2
Event: 303.258 Thread 0x0000023e4ecad600 Uncommon trap: trap_request=0xffffffd6 fr.pc=0x0000023e61781b4c relative=0x00000000000005ac
Event: 303.258 Thread 0x0000023e4ecad600 Uncommon trap: reason=array_check action=maybe_recompile pc=0x0000023e61781b4c method=jdk.internal.classfile.impl.SplitConstantPool.internalAdd(Ljava/lang/classfile/constantpool/PoolEntry;I)Ljava/lang/classfile/constantpool/PoolEntry; @ 46 c2
Event: 303.258 Thread 0x0000023e4ecad600 DEOPT PACKING pc=0x0000023e61781b4c sp=0x000000f74d2fd3f0
Event: 303.258 Thread 0x0000023e4ecad600 DEOPT UNPACKING pc=0x0000023e611e857c sp=0x000000f74d2fd380 mode 2
Event: 328.897 Thread 0x0000023e4ecad600 DEOPT PACKING pc=0x0000023e59f17734 sp=0x000000f74d2fe2d0
Event: 328.897 Thread 0x0000023e4ecad600 DEOPT UNPACKING pc=0x0000023e611b1063 sp=0x000000f74d2fd830 mode 0
Event: 359.112 Thread 0x0000023e4ecad600 DEOPT PACKING pc=0x0000023e59f13b64 sp=0x000000f74d2fd730
Event: 359.112 Thread 0x0000023e4ecad600 DEOPT UNPACKING pc=0x0000023e611b1063 sp=0x000000f74d2fcbe8 mode 0

Classes loaded (20 events):
Event: 270.506 Loading class java/nio/channels/OverlappingFileLockException
Event: 270.507 Loading class java/nio/channels/OverlappingFileLockException done
Event: 270.519 Loading class java/nio/channels/FileLock
Event: 270.520 Loading class java/nio/channels/FileLock done
Event: 278.622 Loading class java/nio/file/AccessDeniedException
Event: 278.622 Loading class java/nio/file/AccessDeniedException done
Event: 299.403 Loading class java/lang/ClassValue$ClassValueMap
Event: 299.511 Loading class java/lang/ClassValue$ClassValueMap done
Event: 300.933 Loading class java/util/TreeMap$Values
Event: 300.934 Loading class java/util/TreeMap$Values done
Event: 301.871 Loading class java/util/TreeMap$ValueIterator
Event: 301.875 Loading class java/util/TreeMap$ValueIterator done
Event: 302.842 Loading class java/lang/invoke/DirectMethodHandle$StaticAccessor
Event: 302.981 Loading class java/lang/invoke/DirectMethodHandle$StaticAccessor done
Event: 303.090 Loading class java/lang/ClassValue$RemovalToken
Event: 303.090 Loading class java/lang/ClassValue$RemovalToken done
Event: 358.992 Loading class sun/reflect/generics/scope/MethodScope
Event: 358.993 Loading class sun/reflect/generics/scope/MethodScope done
Event: 358.993 Loading class sun/reflect/generics/repository/MethodRepository
Event: 358.993 Loading class sun/reflect/generics/repository/MethodRepository done

Classes unloaded (0 events):
No events

Classes redefined (0 events):
No events

Internal exceptions (20 events):
Event: 19.112 Thread 0x0000023e4ecad600 Exception <a 'sun/nio/fs/WindowsException'{0x00000000c657d0e0}> (0x00000000c657d0e0) 
thrown [s\src\hotspot\share\prims\jni.cpp, line 516]
Event: 19.113 Thread 0x0000023e4ecad600 Exception <a 'sun/nio/fs/WindowsException'{0x00000000c657d620}> (0x00000000c657d620) 
thrown [s\src\hotspot\share\prims\jni.cpp, line 516]
Event: 19.113 Thread 0x0000023e4ecad600 Exception <a 'sun/nio/fs/WindowsException'{0x00000000c657db10}> (0x00000000c657db10) 
thrown [s\src\hotspot\share\prims\jni.cpp, line 516]
Event: 19.113 Thread 0x0000023e4ecad600 Exception <a 'sun/nio/fs/WindowsException'{0x00000000c657dfb8}> (0x00000000c657dfb8) 
thrown [s\src\hotspot\share\prims\jni.cpp, line 516]
Event: 20.471 Thread 0x0000023e4ecad600 Exception <a 'java/lang/NoSuchMethodError'{0x00000000c65b7610}: 'void java.lang.invoke.DirectMethodHandle$Holder.invokeVirtual(java.lang.Object, java.lang.Object)'> (0x00000000c65b7610) 
thrown [s\src\hotspot\share\interpreter\linkResolver.cpp, line 804]
Event: 20.599 Thread 0x0000023e4ecad600 Exception <a 'java/lang/NoSuchMethodError'{0x00000000c65d8908}: 'void java.lang.invoke.DirectMethodHandle$Holder.invokeStatic(java.lang.Object, java.lang.Object)'> (0x00000000c65d8908) 
thrown [s\src\hotspot\share\interpreter\linkResolver.cpp, line 804]
Event: 21.085 Thread 0x0000023e4ecad600 Exception <a 'java/lang/NoSuchMethodError'{0x00000000c65e09e0}: 'void java.lang.invoke.DirectMethodHandle$Holder.invokeStaticInit(java.lang.Object, java.lang.Object)'> (0x00000000c65e09e0) 
thrown [s\src\hotspot\share\interpreter\linkResolver.cpp, line 804]
Event: 21.980 Thread 0x0000023e4ecad600 Exception <a 'java/lang/NoSuchMethodError'{0x00000000c641bee0}: 'void java.lang.invoke.DirectMethodHandle$Holder.invokeSpecial(java.lang.Object, java.lang.Object, java.lang.Object, java.lang.Object, java.lang.Object)'> (0x00000000c641bee0) 
thrown [s\src\hotspot\share\interpreter\linkResolver.cpp, line 804]
Event: 21.995 Thread 0x0000023e4ecad600 Exception <a 'java/lang/NoSuchMethodError'{0x00000000c6457b50}: 'void java.lang.invoke.DirectMethodHandle$Holder.invokeStatic(java.lang.Object, java.lang.Object, java.lang.Object)'> (0x00000000c6457b50) 
thrown [s\src\hotspot\share\interpreter\linkResolver.cpp, line 804]
Event: 31.920 Thread 0x0000023e4ecad600 Exception <a 'java/lang/NoSuchMethodError'{0x00000000c621dea0}: 'java.lang.Object java.lang.invoke.DirectMethodHandle$Holder.invokeSpecialIFC(java.lang.Object, java.lang.Object, java.lang.Object, java.lang.Object)'> (0x00000000c621dea0) 
thrown [s\src\hotspot\share\interpreter\linkResolver.cpp, line 804]
Event: 62.311 Thread 0x0000023e4ecad600 Exception <a 'java/lang/NoSuchMethodError'{0x00000000c5d0f750}: 'void java.lang.invoke.DirectMethodHandle$Holder.invokeSpecial(java.lang.Object, java.lang.Object, java.lang.Object)'> (0x00000000c5d0f750) 
thrown [s\src\hotspot\share\interpreter\linkResolver.cpp, line 804]
Event: 68.391 Thread 0x0000023e4ecad600 Exception <a 'java/lang/NoSuchMethodError'{0x00000000c5c29a48}: 'java.lang.Object java.lang.invoke.DirectMethodHandle$Holder.invokeInterface(java.lang.Object, java.lang.Object)'> (0x00000000c5c29a48) 
thrown [s\src\hotspot\share\interpreter\linkResolver.cpp, line 804]
Event: 75.301 Thread 0x0000023e4ecad600 Exception <a 'java/lang/NoSuchMethodError'{0x00000000c5cd54a8}: 'int java.lang.invoke.DirectMethodHandle$Holder.invokeStatic(java.lang.Object, java.lang.Object, java.lang.Object, java.lang.Object)'> (0x00000000c5cd54a8) 
thrown [s\src\hotspot\share\interpreter\linkResolver.cpp, line 804]
Event: 75.310 Thread 0x0000023e4ecad600 Exception <a 'java/lang/NoSuchMethodError'{0x00000000c5cff838}: 'int java.lang.invoke.DirectMethodHandle$Holder.invokeSpecialIFC(java.lang.Object, java.lang.Object, java.lang.Object, java.lang.Object, java.lang.Object)'> (0x00000000c5cff838) 
thrown [s\src\hotspot\share\interpreter\linkResolver.cpp, line 804]
Event: 94.058 Thread 0x0000023e4ecad600 Exception <a 'java/lang/NoSuchMethodError'{0x00000000c68cec98}: 'java.lang.Object java.lang.invoke.DirectMethodHandle$Holder.newInvokeSpecial(java.lang.Object, java.lang.Object, java.lang.Object, java.lang.Object, java.lang.Object)'> (0x00000000c68cec98) 
thrown [s\src\hotspot\share\interpreter\linkResolver.cpp, line 804]
Event: 97.315 Thread 0x0000023e4ecad600 Exception <a 'java/lang/NoSuchMethodError'{0x00000000c67e82b0}: 'int java.lang.invoke.DirectMethodHandle$Holder.invokeStaticInit(java.lang.Object, java.lang.Object)'> (0x00000000c67e82b0) 
thrown [s\src\hotspot\share\interpreter\linkResolver.cpp, line 804]
Event: 97.328 Thread 0x0000023e4ecad600 Exception <a 'java/lang/NoClassDefFoundError'{0x00000000c6622b38}: javax/enterprise/inject/Typed> (0x00000000c6622b38) 
thrown [s\src\hotspot\share\classfile\systemDictionary.cpp, line 316]
Event: 298.304 Thread 0x0000023e4ecad600 Exception <a 'java/lang/NoSuchMethodError'{0x00000000c5d90e58}: 'void java.lang.invoke.DirectMethodHandle$Holder.invokeStaticInit(java.lang.Object, java.lang.Object, java.lang.Object)'> (0x00000000c5d90e58) 
thrown [s\src\hotspot\share\interpreter\linkResolver.cpp, line 804]
Event: 302.297 Thread 0x0000023e4ecad600 Implicit null exception at 0x0000023e6174eb9d to 0x0000023e6174ecd0
Event: 303.257 Thread 0x0000023e4ecad600 Exception <a 'java/lang/NoSuchMethodError'{0x00000000c5c1b538}: 'java.lang.Object java.lang.invoke.Invokers$Holder.invokeExact_MT(java.lang.Object, int, java.lang.Object)'> (0x00000000c5c1b538) 
thrown [s\src\hotspot\share\interpreter\linkResolver.cpp, line 804]

VM Operations (20 events):
Event: 121.375 Executing non-safepoint VM operation: RendezvousGCThreads
Event: 121.375 Executing non-safepoint VM operation: RendezvousGCThreads done
Event: 207.157 Executing safepoint VM operation: G1CollectForAllocation (G1 Evacuation Pause)
Event: 207.238 Executing safepoint VM operation: G1CollectForAllocation (G1 Evacuation Pause) done
Event: 208.170 Executing non-safepoint VM operation: HandshakeAllThreads (Deoptimize)
Event: 208.170 Executing non-safepoint VM operation: HandshakeAllThreads (Deoptimize) done
Event: 220.535 Executing non-safepoint VM operation: HandshakeAllThreads (Deoptimize)
Event: 220.554 Executing non-safepoint VM operation: HandshakeAllThreads (Deoptimize) done
Event: 240.939 Executing non-safepoint VM operation: HandshakeAllThreads (HandshakeForDeflation)
Event: 243.842 Executing non-safepoint VM operation: HandshakeAllThreads (HandshakeForDeflation) done
Event: 243.859 Executing non-safepoint VM operation: RendezvousGCThreads
Event: 243.860 Executing non-safepoint VM operation: RendezvousGCThreads done
Event: 299.849 Executing non-safepoint VM operation: HandshakeAllThreads (Deoptimize)
Event: 299.850 Executing non-safepoint VM operation: HandshakeAllThreads (Deoptimize) done
Event: 328.105 Executing non-safepoint VM operation: HandshakeAllThreads (Deoptimize)
Event: 328.105 Executing non-safepoint VM operation: HandshakeAllThreads (Deoptimize) done
Event: 328.558 Executing non-safepoint VM operation: HandshakeAllThreads (Deoptimize)
Event: 328.558 Executing non-safepoint VM operation: HandshakeAllThreads (Deoptimize) done
Event: 359.111 Executing non-safepoint VM operation: HandshakeAllThreads (Deoptimize)
Event: 359.112 Executing non-safepoint VM operation: HandshakeAllThreads (Deoptimize) done

Memory protections (0 events):
No events

Nmethod flushes (0 events):
No events

Events (13 events):
Event: 0.715 Thread 0x0000023e4ecad600 Thread added: 0x0000023e4ecad600
Event: 1.362 Thread 0x0000023e4ecad600 Thread added: 0x0000023e6be92090
Event: 1.362 Thread 0x0000023e4ecad600 Thread added: 0x0000023e6be93d40
Event: 1.363 Thread 0x0000023e4ecad600 Thread added: 0x0000023e6be97a00
Event: 1.363 Thread 0x0000023e4ecad600 Thread added: 0x0000023e6be99720
Event: 1.363 Thread 0x0000023e4ecad600 Thread added: 0x0000023e6be9a2e0
Event: 1.363 Thread 0x0000023e4ecad600 Thread added: 0x0000023e6be9aea0
Event: 1.363 Thread 0x0000023e4ecad600 Thread added: 0x0000023e6be9bd90
Event: 2.375 Thread 0x0000023e4ecad600 Thread added: 0x0000023e6bf16960
Event: 2.699 Thread 0x0000023e4ecad600 Thread added: 0x0000023e6bf5f310
Event: 2.703 Thread 0x0000023e4ecad600 Thread added: 0x0000023e6bf69f50
Event: 18.189 Thread 0x0000023e4ecad600 Thread added: 0x0000023e7030bed0
Event: 29.019 Thread 0x0000023e7030bed0 Thread exited: 0x0000023e7030bed0


Dynamic libraries:
0x00007ff62b400000 - 0x00007ff62b40e000 	C:\Program Files\Apache NetBeans\jdk\bin\java.exe
0x00007ffea0ee0000 - 0x00007ffea1147000 	C:\WINDOWS\SYSTEM32\ntdll.dll
0x00007ffe9fee0000 - 0x00007ffe9ffa9000 	C:\WINDOWS\System32\KERNEL32.DLL
0x00007ffe9dbe0000 - 0x00007ffe9dfd4000 	C:\WINDOWS\System32\KERNELBASE.dll
0x00007ffe9e110000 - 0x00007ffe9e25b000 	C:\WINDOWS\System32\ucrtbase.dll
0x00007ffe8a0d0000 - 0x00007ffe8a0e6000 	C:\Program Files\Apache NetBeans\jdk\bin\jli.dll
0x00007ffe9ed70000 - 0x00007ffe9ef35000 	C:\WINDOWS\System32\USER32.dll
0x00007ffe9eb90000 - 0x00007ffe9ebb7000 	C:\WINDOWS\System32\win32u.dll
0x00007ffea09d0000 - 0x00007ffea09fb000 	C:\WINDOWS\System32\GDI32.dll
0x00007ffe9dfe0000 - 0x00007ffe9e10a000 	C:\WINDOWS\System32\gdi32full.dll
0x00007ffe9ebc0000 - 0x00007ffe9ec63000 	C:\WINDOWS\System32\msvcp_win.dll
0x00007ffe8b780000 - 0x00007ffe8b79e000 	C:\Program Files\Apache NetBeans\jdk\bin\VCRUNTIME140.dll
0x00007ffe8ba70000 - 0x00007ffe8bd03000 	C:\WINDOWS\WinSxS\amd64_microsoft.windows.common-controls_6595b64144ccf1df_6.0.26100.8115_none_3e075c82e3354f9c\COMCTL32.dll
0x00007ffea0400000 - 0x00007ffea04a9000 	C:\WINDOWS\System32\msvcrt.dll
0x00007ffe9fd40000 - 0x00007ffe9fd72000 	C:\WINDOWS\System32\IMM32.DLL
0x00007ffe92200000 - 0x00007ffe9220c000 	C:\Program Files\Apache NetBeans\jdk\bin\vcruntime140_1.dll
0x00007ffe76b40000 - 0x00007ffe76bcd000 	C:\Program Files\Apache NetBeans\jdk\bin\msvcp140.dll
0x00007ffe28420000 - 0x00007ffe29346000 	C:\Program Files\Apache NetBeans\jdk\bin\server\jvm.dll
0x00007ffea0660000 - 0x00007ffea0716000 	C:\WINDOWS\System32\ADVAPI32.dll
0x00007ffea04b0000 - 0x00007ffea0557000 	C:\WINDOWS\System32\sechost.dll
0x00007ffe9f250000 - 0x00007ffe9f368000 	C:\WINDOWS\System32\RPCRT4.dll
0x00007ffea0940000 - 0x00007ffea09c0000 	C:\WINDOWS\System32\WS2_32.dll
0x00007ffe9d610000 - 0x00007ffe9d66e000 	C:\WINDOWS\SYSTEM32\POWRPROF.dll
0x00007ffe7a540000 - 0x00007ffe7a576000 	C:\WINDOWS\SYSTEM32\WINMM.dll
0x00007ffe8c650000 - 0x00007ffe8c65b000 	C:\WINDOWS\SYSTEM32\VERSION.dll
0x00007ffe9d5f0000 - 0x00007ffe9d604000 	C:\WINDOWS\SYSTEM32\UMPDC.dll
0x00007ffe9c540000 - 0x00007ffe9c55b000 	C:\WINDOWS\SYSTEM32\kernel.appcore.dll
0x00007ffe904d0000 - 0x00007ffe904da000 	C:\Program Files\Apache NetBeans\jdk\bin\jimage.dll
0x00007ffe9b6f0000 - 0x00007ffe9b932000 	C:\WINDOWS\SYSTEM32\DBGHELP.DLL
0x00007ffe9ffb0000 - 0x00007ffea0332000 	C:\WINDOWS\System32\combase.dll
0x00007ffe9f400000 - 0x00007ffe9f4d7000 	C:\WINDOWS\System32\OLEAUT32.dll
0x00007ffe8c3b0000 - 0x00007ffe8c3eb000 	C:\WINDOWS\SYSTEM32\dbgcore.DLL
0x00007ffe9d9c0000 - 0x00007ffe9da65000 	C:\WINDOWS\System32\bcryptPrimitives.dll
0x00007ffe8a200000 - 0x00007ffe8a21e000 	C:\Program Files\Apache NetBeans\jdk\bin\java.dll
0x00007ffea0790000 - 0x00007ffea0927000 	C:\WINDOWS\System32\ole32.dll
0x00007ffe9f570000 - 0x00007ffe9fcd6000 	C:\WINDOWS\System32\SHELL32.dll
0x00007ffe9da70000 - 0x00007ffe9dbda000 	C:\WINDOWS\System32\wintypes.dll
0x00007ffe9e260000 - 0x00007ffe9eac5000 	C:\WINDOWS\System32\windows.storage.dll
0x00007ffe9ef40000 - 0x00007ffe9f037000 	C:\WINDOWS\System32\SHCORE.dll
0x00007ffea0720000 - 0x00007ffea0786000 	C:\WINDOWS\System32\shlwapi.dll
0x00007ffe9d6d0000 - 0x00007ffe9d6f9000 	C:\WINDOWS\SYSTEM32\profapi.dll
0x00007ffe89600000 - 0x00007ffe89611000 	C:\Program Files\Apache NetBeans\jdk\bin\net.dll
0x00007ffe9cab0000 - 0x00007ffe9cb1c000 	C:\WINDOWS\system32\mswsock.dll
0x00007ffe895e0000 - 0x00007ffe895f6000 	C:\Program Files\Apache NetBeans\jdk\bin\nio.dll
0x00007ffe8a0b0000 - 0x00007ffe8a0c7000 	C:\Program Files\Apache NetBeans\jdk\bin\zip.dll
0x00007ffe77c10000 - 0x00007ffe77c34000 	C:\Program Files\Apache NetBeans\java\maven\lib\jansi-native\Windows\x86_64\jansi.dll
0x00007ffe895d0000 - 0x00007ffe895e0000 	C:\Program Files\Apache NetBeans\jdk\bin\verify.dll

JVMTI agents: none

dbghelp: loaded successfully - version: 4.0.5 - missing functions: none
symbol engine: initialized successfully - sym options: 0x614 - pdb path: .;C:\Program Files\Apache NetBeans\jdk\bin;C:\WINDOWS\SYSTEM32;C:\WINDOWS\WinSxS\amd64_microsoft.windows.common-controls_6595b64144ccf1df_6.0.26100.8115_none_3e075c82e3354f9c;C:\Program Files\Apache NetBeans\jdk\bin\server;C:\Program Files\Apache NetBeans\java\maven\lib\jansi-native\Windows\x86_64

VM Arguments:
jvm_args: --enable-native-access=ALL-UNNAMED -Dclassworlds.conf=C:\Program Files\Apache NetBeans\java\maven\bin\m2.conf -Dmaven.home=C:\Program Files\Apache NetBeans\java\maven -Dlibrary.jansi.path=C:\Program Files\Apache NetBeans\java\maven\lib\jansi-native -Dmaven.multiModuleProjectDirectory=C:\Users\ASUS\Documents\NetBeansProjects\Lubiproject1 
java_command: org.codehaus.plexus.classworlds.launcher.Launcher -Dmaven.ext.class.path=C:\Program Files\Apache NetBeans\java\maven-nblib\netbeans-eventspy.jar --no-transfer-progress install
java_class_path (initial): C:\Program Files\Apache NetBeans\java\maven\boot\plexus-classworlds-2.9.0.jar
Launcher Type: SUN_STANDARD

[Global flags]
     intx CICompilerCount                          = 2                                         {product} {ergonomic}
     uint ConcGCThreads                            = 1                                         {product} {ergonomic}
     uint G1ConcRefinementThreads                  = 2                                         {product} {ergonomic}
   size_t G1HeapRegionSize                         = 1048576                                   {product} {ergonomic}
   size_t InitialHeapSize                          = 65011712                                  {product} {ergonomic}
   size_t MarkStackSize                            = 4194304                                   {product} {ergonomic}
   size_t MarkStackSizeMax                         = 536870912                                 {product} {ergonomic}
   size_t MaxHeapSize                              = 1027604480                                {product} {ergonomic}
   size_t MaxNewSize                               = 616562688                                 {product} {ergonomic}
   size_t MinHeapDeltaBytes                        = 1048576                                   {product} {ergonomic}
   size_t MinHeapSize                              = 8388608                                   {product} {ergonomic}
    uintx NonNMethodCodeHeapSize                   = 5767168                                {pd product} {ergonomic}
    uintx NonProfiledCodeHeapSize                  = 123011072                              {pd product} {ergonomic}
    uintx ProfiledCodeHeapSize                     = 122880000                              {pd product} {ergonomic}
    uintx ReservedCodeCacheSize                    = 251658240                              {pd product} {ergonomic}
     bool SegmentedCodeCache                       = true                                      {product} {ergonomic}
   size_t SoftMaxHeapSize                          = 1027604480                             {manageable} {ergonomic}
     bool UseCompressedOops                        = true                           {product lp64_product} {ergonomic}
     bool UseG1GC                                  = true                                      {product} {ergonomic}
     bool UseLargePagesIndividualAllocation        = false                                  {pd product} {ergonomic}

Logging:
Log output configuration:
 #0: stdout all=warning uptime,level,tags foldmultilines=false
 #1: stderr all=off uptime,level,tags foldmultilines=false

Release file:
IMPLEMENTOR="Eclipse Adoptium" 
IMPLEMENTOR_VERSION="Temurin-25.0.2+10" 
JAVA_RUNTIME_VERSION="25.0.2+10-LTS" 
JAVA_VERSION="25.0.2" 
JAVA_VERSION_DATE="2026-01-20" 
LIBC="default" 
MODULES="java.base java.compiler java.datatransfer java.xml java.prefs java.desktop java.instrument java.logging java.management java.security.sasl java.naming java.rmi java.management.rmi java.net.http java.scripting java.security.jgss java.transaction.xa java.sql java.sql.rowset java.xml.crypto java.se java.smartcardio jdk.accessibility jdk.internal.jvmstat jdk.attach jdk.charsets jdk.internal.opt jdk.zipfs jdk.compiler jdk.crypto.cryptoki jdk.crypto.ec jdk.crypto.mscapi jdk.dynalink jdk.internal.ed jdk.editpad jdk.internal.vm.ci jdk.graal.compiler jdk.graal.compiler.management jdk.hotspot.agent jdk.httpserver jdk.incubator.vector jdk.internal.le jdk.internal.md jdk.jartool jdk.javadoc jdk.jcmd jdk.management jdk.management.agent jdk.jconsole jdk.jdeps jdk.jdwp.agent jdk.jdi jdk.jfr jdk.jlink jdk.jpackage jdk.jshell jdk.jsobject jdk.jstatd jdk.localedata jdk.management.jfr jdk.naming.dns jdk.naming.rmi jdk.net jdk.nio.mapmode jdk.sctp jdk.security.auth jdk.security.jgss jdk.unsupported jdk.unsupported.desktop jdk.xml.dom" 
OS_ARCH="x86_64" 
OS_NAME="Windows" 
SOURCE=".:git:9e3c947043a4" 
BUILD_SOURCE="git:458965074606f027bd5afce2cfd5c1055dea0438"
BUILD_SOURCE_REPO="https://github.com/adoptium/temurin-build.git"
SOURCE_REPO="https://github.com/adoptium/jdk25u.git"
FULL_VERSION="25.0.2+10-LTS"
SEMANTIC_VERSION="25.0.2+10"
BUILD_INFO="OS: Windows Server 2022 Version: 10.0"
JVM_VARIANT="Hotspot"
JVM_VERSION="25.0.2+10-LTS"
IMAGE_TYPE="JDK"

Environment Variables:
JAVA_HOME=C:\Program Files\Apache NetBeans\jdk
PATH=C:\WINDOWS\system32;C:\WINDOWS;C:\WINDOWS\System32\Wbem;C:\WINDOWS\System32\WindowsPowerShell\v1.0\;C:\WINDOWS\System32\OpenSSH\;C:\Program Files\Git\cmd;C:\Users\ASUS\AppData\Local\Microsoft\WindowsApps;;C:\Program Files\Apache NetBeans\bin\
USERNAME=ASUS
OS=Windows_NT
PROCESSOR_IDENTIFIER=Intel64 Family 6 Model 122 Stepping 1, GenuineIntel
TMP=C:\Users\ASUS\AppData\Local\Temp
TEMP=C:\Users\ASUS\AppData\Local\Temp




Compilation memory statistics disabled.

Periodic native trim disabled

---------------  S Y S T E M  ---------------

OS:
 Windows 11 , 64 bit Build 26100 (10.0.26100.8115)
OS uptime: 0 days 1:00 hours

CPU: total 2 (initial active 2) (2 cores per cpu, 1 threads per core) family 6 model 122 stepping 1 microcode 0x34, cx8, cmov, fxsr, mmx, 3dnowpref, sse, sse2, sse3, ssse3, sse4.1, sse4.2, popcnt, tsc, tscinvbit, aes, erms, clmul, sha, clflush, clflushopt, rdtscp, rdpid
Processor Information for the first 2 processors :
  Max Mhz: 1101, Current Mhz: 1101, Mhz Limit: 1101

Memory: 4k page, system-wide physical 3919M (273M free)
TotalPageFile size 15695M (AvailPageFile size 98M)
current process WorkingSet (physical memory assigned to process): 34M, peak: 55M
current process commit charge ("private bytes"): 153M, peak: 154M

vm_info: OpenJDK 64-Bit Server VM (25.0.2+10-LTS) for windows-amd64 JRE (25.0.2+10-LTS), built on 2026-01-20T00:00:00Z with MS VC++ 17.12 (VS2022)

END.
