#
# There is insufficient memory for the Java Runtime Environment to continue.
# Native memory allocation (malloc) failed to allocate 32752 bytes. Error detail: Chunk::new
# Possible reasons:
#   The system is out of physical RAM or swap space
#   This process is running with CompressedOops enabled, and the Java Heap may be blocking the growth of the native heap
# Possible solutions:
#   Reduce memory load on the system
#   Increase physical memory or swap space
#   Check if swap backing store is full
#   Decrease Java heap size (-Xmx/-Xms)
#   Decrease number of Java threads
#   Decrease Java thread stack sizes (-Xss)
#   Set larger code cache with -XX:ReservedCodeCacheSize=
#   JVM is running with Unscaled Compressed Oops mode in which the Java heap is
#     placed in the first 4GB address space. The Java Heap base address is the
#     maximum limit for the native heap growth. Please use -XX:HeapBaseMinAddress
#     to set the Java Heap base and to place the Java Heap above 4GB virtual address.
# This output file may be truncated or incomplete.
#
#  Out of Memory Error (arena.cpp:186), pid=16200, tid=16332
#
# JRE version: OpenJDK Runtime Environment Temurin-25.0.2+10 (25.0.2+10) (build 25.0.2+10-LTS)
# Java VM: OpenJDK 64-Bit Server VM Temurin-25.0.2+10 (25.0.2+10-LTS, mixed mode, sharing, tiered, compressed oops, compressed class ptrs, g1 gc, windows-amd64)
# No core dump will be written. Minidumps are not enabled by default on client versions of Windows
#

---------------  S U M M A R Y ------------

Command Line: --enable-native-access=ALL-UNNAMED -Dclassworlds.conf=C:\Program Files\Apache NetBeans\java\maven\bin\m2.conf -Dmaven.home=C:\Program Files\Apache NetBeans\java\maven -Dlibrary.jansi.path=C:\Program Files\Apache NetBeans\java\maven\lib\jansi-native -Dmaven.multiModuleProjectDirectory=C:\Users\ASUS\Documents\NetBeansProjects\Lubiproject1 org.codehaus.plexus.classworlds.launcher.Launcher -Dmaven.ext.class.path=C:\Program Files\Apache NetBeans\java\maven-nblib\netbeans-eventspy.jar --no-transfer-progress install

Host: Intel(R) Celeron(R) N4000 CPU @ 1.10GHz, 2 cores, 3G,  Windows 11 , 64 bit Build 26100 (10.0.26100.8115)
Time: Fri Apr  3 17:07:50 2026 SE Asia Standard Time elapsed time: 384.414602 seconds (0d 0h 6m 24s)

---------------  T H R E A D  ---------------

Current thread (0x000001aa7e770a10):  JavaThread "C2 CompilerThread0" daemon [_thread_in_native, id=16332, stack(0x00000090e6800000,0x00000090e6900000) (1024K)]


Current CompileTask:
C2:384415 2038       4       jdk.internal.classfile.impl.SplitConstantPool::internalAdd (78 bytes)

Stack: [0x00000090e6800000,0x00000090e6900000]
Native frames: (J=compiled Java code, j=interpreted, Vv=VM code, C=native code)
V  [jvm.dll+0x7a8bc9]  (no source info available)
V  [jvm.dll+0x77310d]  (no source info available)
V  [jvm.dll+0x9f55f3]  (no source info available)
V  [jvm.dll+0x9f7be1]  (no source info available)
V  [jvm.dll+0x9f82f3]  (no source info available)
V  [jvm.dll+0x2fce26]  (no source info available)
V  [jvm.dll+0x111076]  (no source info available)
V  [jvm.dll+0x11139e]  (no source info available)
V  [jvm.dll+0x7d4f44]  (no source info available)
V  [jvm.dll+0x254297]  (no source info available)
V  [jvm.dll+0x2c027c]  (no source info available)
V  [jvm.dll+0x2bf3cf]  (no source info available)
V  [jvm.dll+0x237140]  (no source info available)
V  [jvm.dll+0x2cf4c6]  (no source info available)
V  [jvm.dll+0x2cd74a]  (no source info available)
V  [jvm.dll+0x48fbee]  (no source info available)
V  [jvm.dll+0x996b0d]  (no source info available)
V  [jvm.dll+0x7a71a5]  (no source info available)
C  [ucrtbase.dll+0x37b0]  (no source info available)
C  [KERNEL32.DLL+0x2e8d7]  (no source info available)
C  [ntdll.dll+0x8c3fc]  (no source info available)

Lock stack of current Java thread (top to bottom):


---------------  P R O C E S S  ---------------

Threads class SMR info:
_java_thread_list=0x000001aa7ee14890, length=11, elements={
0x000001aa727bd600, 0x000001aa7e762050, 0x000001aa7e763d00, 0x000001aa7e7698d0,
0x000001aa7e76ef50, 0x000001aa7e76c840, 0x000001aa7e76d7e0, 0x000001aa7e770a10,
0x000001aa7e7e91f0, 0x000001aa7e76b8a0, 0x000001aa7e76e780
}

Java Threads: ( => current thread )
  0x000001aa727bd600 JavaThread "main"                              [_thread_in_vm, id=16248, stack(0x00000090e5900000,0x00000090e5a00000) (1024K)]
  0x000001aa7e762050 JavaThread "Reference Handler"          daemon [_thread_blocked, id=16308, stack(0x00000090e6200000,0x00000090e6300000) (1024K)]
  0x000001aa7e763d00 JavaThread "Finalizer"                  daemon [_thread_blocked, id=16312, stack(0x00000090e6300000,0x00000090e6400000) (1024K)]
  0x000001aa7e7698d0 JavaThread "Signal Dispatcher"          daemon [_thread_blocked, id=16316, stack(0x00000090e6400000,0x00000090e6500000) (1024K)]
  0x000001aa7e76ef50 JavaThread "Attach Listener"            daemon [_thread_blocked, id=16320, stack(0x00000090e6500000,0x00000090e6600000) (1024K)]
  0x000001aa7e76c840 JavaThread "Service Thread"             daemon [_thread_blocked, id=16324, stack(0x00000090e6600000,0x00000090e6700000) (1024K)]
  0x000001aa7e76d7e0 JavaThread "Monitor Deflation Thread"   daemon [_thread_blocked, id=16328, stack(0x00000090e6700000,0x00000090e6800000) (1024K)]
=>0x000001aa7e770a10 JavaThread "C2 CompilerThread0"         daemon [_thread_in_native, id=16332, stack(0x00000090e6800000,0x00000090e6900000) (1024K)]
  0x000001aa7e7e91f0 JavaThread "C1 CompilerThread0"         daemon [_thread_in_native, id=16348, stack(0x00000090e6900000,0x00000090e6a00000) (1024K)]
  0x000001aa7e76b8a0 JavaThread "Notification Thread"        daemon [_thread_blocked, id=16360, stack(0x00000090e6a00000,0x00000090e6b00000) (1024K)]
  0x000001aa7e76e780 JavaThread "Common-Cleaner"             daemon [_thread_blocked, id=16364, stack(0x00000090e6b00000,0x00000090e6c00000) (1024K)]
Total: 11

Other Threads:
  0x000001aa74acea80 VMThread "VM Thread"                           [id=16300, stack(0x00000090e6100000,0x00000090e6200000) (1024K)]
  0x000001aa74ac4dd0 WatcherThread "VM Periodic Task Thread"        [id=16296, stack(0x00000090e6000000,0x00000090e6100000) (1024K)]
  0x000001aa74a455a0 WorkerThread "GC Thread#0"                     [id=16268, stack(0x00000090e5b00000,0x00000090e5c00000) (1024K)]
  0x000001aa7eb8b130 WorkerThread "GC Thread#1"                     [id=4472, stack(0x00000090e5800000,0x00000090e5900000) (1024K)]
  0x000001aa74a51e30 ConcurrentGCThread "G1 Main Marker"            [id=16272, stack(0x00000090e5c00000,0x00000090e5d00000) (1024K)]
  0x000001aa74a54060 WorkerThread "G1 Conc#0"                       [id=16276, stack(0x00000090e5d00000,0x00000090e5e00000) (1024K)]
  0x000001aa74a6d180 ConcurrentGCThread "G1 Refine#0"               [id=16280, stack(0x00000090e5e00000,0x00000090e5f00000) (1024K)]
  0x000001aa74a70390 ConcurrentGCThread "G1 Service"                [id=16284, stack(0x00000090e5f00000,0x00000090e6000000) (1024K)]
Total: 8

Threads with active compile tasks:
C2 CompilerThread0  397460 2038       4       jdk.internal.classfile.impl.SplitConstantPool::internalAdd (78 bytes)
C1 CompilerThread0  397460 2041       3       java.nio.ByteBuffer::wrap (8 bytes)
Total: 2

VM state: not at safepoint (normal execution)

VM Mutex/Monitor currently owned by a thread: None

Heap address: 0x00000000c2c00000, size: 980 MB, Compressed Oops mode: 32-bit

CDS archive(s) mapped at: [0x0000000024000000-0x0000000024dd0000-0x0000000024dd0000), size 14483456, SharedBaseAddress: 0x0000000024000000, ArchiveRelocationMode: 1.
Compressed class space mapped at: 0x0000000025000000-0x0000000065000000, reserved size: 1073741824
UseCompressedClassPointers 1, UseCompactObjectHeaders 0
Narrow klass pointer bits 32, Max shift 3
Narrow klass base: 0x0000000024000000, Narrow klass shift: 0
Encoding Range: [0x0000000024000000 - 0x0000000124000000), (4294967296 bytes)
Klass Range:    [0x0000000024010000 - 0x0000000065000000), (1090453504 bytes)
Klass ID Range:  [65536 - 1090519033) (1090453497)
Protection zone: [0x0000000024000000 - 0x0000000024010000), (65536 bytes)

GC Precious Log:
 CardTable entry size: 512
 Card Set container configuration: InlinePtr #cards 5 size 8 Array Of Cards #cards 10 size 36 Howl #buckets 4 coarsen threshold 1843 Howl Bitmap #cards 512 size 80 coarsen threshold 460 Card regions per heap region 1 cards per card region 2048
 CPUs: 2 total, 2 available
 Memory: 3919M
 Large Page Support: Disabled
 NUMA Support: Disabled
 Compressed Oops: Enabled (32-bit)
 Heap Region Size: 1M
 Heap Min Capacity: 8M
 Heap Initial Capacity: 62M
 Heap Max Capacity: 980M
 Pre-touch: Disabled
 Parallel Workers: 2
 Concurrent Workers: 1
 Concurrent Refinement Workers: 2
 Periodic GC: Disabled

Heap:
 garbage-first heap   total reserved 1003520K, committed 65536K, used 18558K [0x00000000c2c00000, 0x0000000100000000)
  region size 1024K, 18 young (18432K), 4 survivors (4096K)

Heap Regions: E=young(eden), S=young(survivor), O=old, HS=humongous(starts), HC=humongous(continues), CS=collection set, F=free, TAMS=top-at-mark-start, PB=parsable bottom
|   0|0x00000000c2c00000, 0x00000000c2ca6430, 0x00000000c2d00000| 64%| O|  |TAMS 0x00000000c2c00000| PB 0x00000000c2c00000| Untracked |  0
|   1|0x00000000c2d00000, 0x00000000c2d00000, 0x00000000c2e00000|  0%| F|  |TAMS 0x00000000c2d00000| PB 0x00000000c2d00000| Untracked |  0
|   2|0x00000000c2e00000, 0x00000000c2e00000, 0x00000000c2f00000|  0%| F|  |TAMS 0x00000000c2e00000| PB 0x00000000c2e00000| Untracked |  0
|   3|0x00000000c2f00000, 0x00000000c2f00000, 0x00000000c3000000|  0%| F|  |TAMS 0x00000000c2f00000| PB 0x00000000c2f00000| Untracked |  0
|   4|0x00000000c3000000, 0x00000000c3000000, 0x00000000c3100000|  0%| F|  |TAMS 0x00000000c3000000| PB 0x00000000c3000000| Untracked |  0
|   5|0x00000000c3100000, 0x00000000c3100000, 0x00000000c3200000|  0%| F|  |TAMS 0x00000000c3100000| PB 0x00000000c3100000| Untracked |  0
|   6|0x00000000c3200000, 0x00000000c3200000, 0x00000000c3300000|  0%| F|  |TAMS 0x00000000c3200000| PB 0x00000000c3200000| Untracked |  0
|   7|0x00000000c3300000, 0x00000000c3300000, 0x00000000c3400000|  0%| F|  |TAMS 0x00000000c3300000| PB 0x00000000c3300000| Untracked |  0
|   8|0x00000000c3400000, 0x00000000c3400000, 0x00000000c3500000|  0%| F|  |TAMS 0x00000000c3400000| PB 0x00000000c3400000| Untracked |  0
|   9|0x00000000c3500000, 0x00000000c3500000, 0x00000000c3600000|  0%| F|  |TAMS 0x00000000c3500000| PB 0x00000000c3500000| Untracked |  0
|  10|0x00000000c3600000, 0x00000000c3600000, 0x00000000c3700000|  0%| F|  |TAMS 0x00000000c3600000| PB 0x00000000c3600000| Untracked |  0
|  11|0x00000000c3700000, 0x00000000c3700000, 0x00000000c3800000|  0%| F|  |TAMS 0x00000000c3700000| PB 0x00000000c3700000| Untracked |  0
|  12|0x00000000c3800000, 0x00000000c3800000, 0x00000000c3900000|  0%| F|  |TAMS 0x00000000c3800000| PB 0x00000000c3800000| Untracked |  0
|  13|0x00000000c3900000, 0x00000000c3900000, 0x00000000c3a00000|  0%| F|  |TAMS 0x00000000c3900000| PB 0x00000000c3900000| Untracked |  0
|  14|0x00000000c3a00000, 0x00000000c3a00000, 0x00000000c3b00000|  0%| F|  |TAMS 0x00000000c3a00000| PB 0x00000000c3a00000| Untracked |  0
|  15|0x00000000c3b00000, 0x00000000c3b00000, 0x00000000c3c00000|  0%| F|  |TAMS 0x00000000c3b00000| PB 0x00000000c3b00000| Untracked |  0
|  16|0x00000000c3c00000, 0x00000000c3c00000, 0x00000000c3d00000|  0%| F|  |TAMS 0x00000000c3c00000| PB 0x00000000c3c00000| Untracked |  0
|  17|0x00000000c3d00000, 0x00000000c3d00000, 0x00000000c3e00000|  0%| F|  |TAMS 0x00000000c3d00000| PB 0x00000000c3d00000| Untracked |  0
|  18|0x00000000c3e00000, 0x00000000c3e00000, 0x00000000c3f00000|  0%| F|  |TAMS 0x00000000c3e00000| PB 0x00000000c3e00000| Untracked |  0
|  19|0x00000000c3f00000, 0x00000000c3f00000, 0x00000000c4000000|  0%| F|  |TAMS 0x00000000c3f00000| PB 0x00000000c3f00000| Untracked |  0
|  20|0x00000000c4000000, 0x00000000c4000000, 0x00000000c4100000|  0%| F|  |TAMS 0x00000000c4000000| PB 0x00000000c4000000| Untracked |  0
|  21|0x00000000c4100000, 0x00000000c4100000, 0x00000000c4200000|  0%| F|  |TAMS 0x00000000c4100000| PB 0x00000000c4100000| Untracked |  0
|  22|0x00000000c4200000, 0x00000000c4200000, 0x00000000c4300000|  0%| F|  |TAMS 0x00000000c4200000| PB 0x00000000c4200000| Untracked |  0
|  23|0x00000000c4300000, 0x00000000c4300000, 0x00000000c4400000|  0%| F|  |TAMS 0x00000000c4300000| PB 0x00000000c4300000| Untracked |  0
|  24|0x00000000c4400000, 0x00000000c4400000, 0x00000000c4500000|  0%| F|  |TAMS 0x00000000c4400000| PB 0x00000000c4400000| Untracked |  0
|  25|0x00000000c4500000, 0x00000000c4500000, 0x00000000c4600000|  0%| F|  |TAMS 0x00000000c4500000| PB 0x00000000c4500000| Untracked |  0
|  26|0x00000000c4600000, 0x00000000c4600000, 0x00000000c4700000|  0%| F|  |TAMS 0x00000000c4600000| PB 0x00000000c4600000| Untracked |  0
|  27|0x00000000c4700000, 0x00000000c4700000, 0x00000000c4800000|  0%| F|  |TAMS 0x00000000c4700000| PB 0x00000000c4700000| Untracked |  0
|  28|0x00000000c4800000, 0x00000000c4800000, 0x00000000c4900000|  0%| F|  |TAMS 0x00000000c4800000| PB 0x00000000c4800000| Untracked |  0
|  29|0x00000000c4900000, 0x00000000c4900000, 0x00000000c4a00000|  0%| F|  |TAMS 0x00000000c4900000| PB 0x00000000c4900000| Untracked |  0
|  30|0x00000000c4a00000, 0x00000000c4a00000, 0x00000000c4b00000|  0%| F|  |TAMS 0x00000000c4a00000| PB 0x00000000c4a00000| Untracked |  0
|  31|0x00000000c4b00000, 0x00000000c4b548d0, 0x00000000c4c00000| 33%| S|CS|TAMS 0x00000000c4b00000| PB 0x00000000c4b00000| Complete |  0
|  32|0x00000000c4c00000, 0x00000000c4d00000, 0x00000000c4d00000|100%| S|CS|TAMS 0x00000000c4c00000| PB 0x00000000c4c00000| Complete |  0
|  33|0x00000000c4d00000, 0x00000000c4e00000, 0x00000000c4e00000|100%| S|CS|TAMS 0x00000000c4d00000| PB 0x00000000c4d00000| Complete |  0
|  34|0x00000000c4e00000, 0x00000000c4f00000, 0x00000000c4f00000|100%| S|CS|TAMS 0x00000000c4e00000| PB 0x00000000c4e00000| Complete |  0
|  35|0x00000000c4f00000, 0x00000000c4f00000, 0x00000000c5000000|  0%| F|  |TAMS 0x00000000c4f00000| PB 0x00000000c4f00000| Untracked |  0
|  36|0x00000000c5000000, 0x00000000c5000000, 0x00000000c5100000|  0%| F|  |TAMS 0x00000000c5000000| PB 0x00000000c5000000| Untracked |  0
|  37|0x00000000c5100000, 0x00000000c5100000, 0x00000000c5200000|  0%| F|  |TAMS 0x00000000c5100000| PB 0x00000000c5100000| Untracked |  0
|  38|0x00000000c5200000, 0x00000000c5200000, 0x00000000c5300000|  0%| F|  |TAMS 0x00000000c5200000| PB 0x00000000c5200000| Untracked |  0
|  39|0x00000000c5300000, 0x00000000c5300000, 0x00000000c5400000|  0%| F|  |TAMS 0x00000000c5300000| PB 0x00000000c5300000| Untracked |  0
|  40|0x00000000c5400000, 0x00000000c5400000, 0x00000000c5500000|  0%| F|  |TAMS 0x00000000c5400000| PB 0x00000000c5400000| Untracked |  0
|  41|0x00000000c5500000, 0x00000000c5500000, 0x00000000c5600000|  0%| F|  |TAMS 0x00000000c5500000| PB 0x00000000c5500000| Untracked |  0
|  42|0x00000000c5600000, 0x00000000c5600000, 0x00000000c5700000|  0%| F|  |TAMS 0x00000000c5600000| PB 0x00000000c5600000| Untracked |  0
|  43|0x00000000c5700000, 0x00000000c5700000, 0x00000000c5800000|  0%| F|  |TAMS 0x00000000c5700000| PB 0x00000000c5700000| Untracked |  0
|  44|0x00000000c5800000, 0x00000000c5800000, 0x00000000c5900000|  0%| F|  |TAMS 0x00000000c5800000| PB 0x00000000c5800000| Untracked |  0
|  45|0x00000000c5900000, 0x00000000c5900000, 0x00000000c5a00000|  0%| F|  |TAMS 0x00000000c5900000| PB 0x00000000c5900000| Untracked |  0
|  46|0x00000000c5a00000, 0x00000000c5a00000, 0x00000000c5b00000|  0%| F|  |TAMS 0x00000000c5a00000| PB 0x00000000c5a00000| Untracked |  0
|  47|0x00000000c5b00000, 0x00000000c5b00000, 0x00000000c5c00000|  0%| F|  |TAMS 0x00000000c5b00000| PB 0x00000000c5b00000| Untracked |  0
|  48|0x00000000c5c00000, 0x00000000c5ce5120, 0x00000000c5d00000| 89%| E|  |TAMS 0x00000000c5c00000| PB 0x00000000c5c00000| Complete |  0
|  49|0x00000000c5d00000, 0x00000000c5e00000, 0x00000000c5e00000|100%| E|CS|TAMS 0x00000000c5d00000| PB 0x00000000c5d00000| Complete |  0
|  50|0x00000000c5e00000, 0x00000000c5f00000, 0x00000000c5f00000|100%| E|CS|TAMS 0x00000000c5e00000| PB 0x00000000c5e00000| Complete |  0
|  51|0x00000000c5f00000, 0x00000000c6000000, 0x00000000c6000000|100%| E|CS|TAMS 0x00000000c5f00000| PB 0x00000000c5f00000| Complete |  0
|  52|0x00000000c6000000, 0x00000000c6100000, 0x00000000c6100000|100%| E|CS|TAMS 0x00000000c6000000| PB 0x00000000c6000000| Complete |  0
|  53|0x00000000c6100000, 0x00000000c6200000, 0x00000000c6200000|100%| E|CS|TAMS 0x00000000c6100000| PB 0x00000000c6100000| Complete |  0
|  54|0x00000000c6200000, 0x00000000c6300000, 0x00000000c6300000|100%| E|CS|TAMS 0x00000000c6200000| PB 0x00000000c6200000| Complete |  0
|  55|0x00000000c6300000, 0x00000000c6400000, 0x00000000c6400000|100%| E|CS|TAMS 0x00000000c6300000| PB 0x00000000c6300000| Complete |  0
|  56|0x00000000c6400000, 0x00000000c6500000, 0x00000000c6500000|100%| E|CS|TAMS 0x00000000c6400000| PB 0x00000000c6400000| Complete |  0
|  57|0x00000000c6500000, 0x00000000c6600000, 0x00000000c6600000|100%| E|CS|TAMS 0x00000000c6500000| PB 0x00000000c6500000| Complete |  0
|  58|0x00000000c6600000, 0x00000000c6700000, 0x00000000c6700000|100%| E|CS|TAMS 0x00000000c6600000| PB 0x00000000c6600000| Complete |  0
|  59|0x00000000c6700000, 0x00000000c6800000, 0x00000000c6800000|100%| E|CS|TAMS 0x00000000c6700000| PB 0x00000000c6700000| Complete |  0
|  60|0x00000000c6800000, 0x00000000c6900000, 0x00000000c6900000|100%| E|CS|TAMS 0x00000000c6800000| PB 0x00000000c6800000| Complete |  0
|  61|0x00000000c6900000, 0x00000000c6a00000, 0x00000000c6a00000|100%| E|CS|TAMS 0x00000000c6900000| PB 0x00000000c6900000| Complete |  0
| 978|0x00000000ffe00000, 0x00000000fff00000, 0x00000000fff00000|100%| O|  |TAMS 0x00000000ffe00000| PB 0x00000000ffe00000| Untracked |  0
| 979|0x00000000fff00000, 0x00000000fff24ea8, 0x0000000100000000| 14%| O|  |TAMS 0x00000000fff00000| PB 0x00000000fff00000| Untracked |  0

Card table byte_map: [0x000001aa747c0000,0x000001aa749b0000] _byte_map_base: 0x000001aa741aa000

Marking Bits: (CMBitMap*) 0x000001aa74a45d30
 Bits: [0x000001aa7d500000, 0x000001aa7e450000)

Polling page: 0x000001aa72780000

Metaspace:
Metaspace        used 10561K, committed 10816K, reserved 1114112K
 class space     used 1332K, committed 1472K, reserved 1048576K

Usage:
  Non-class:      9.01 MB used.
      Class:      1.30 MB used.
       Both:     10.31 MB used.

Virtual space:
  Non-class space:       64.00 MB reserved,       9.12 MB ( 14%) committed,  1 nodes.
      Class space:        1.00 GB reserved,       1.44 MB ( <1%) committed,  1 nodes.
             Both:        1.06 GB reserved,      10.56 MB ( <1%) committed. 

Chunk freelists:
   Non-Class:  5.35 MB
       Class:  14.61 MB
        Both:  19.95 MB

MaxMetaspaceSize: unlimited
CompressedClassSpaceSize: 1.00 GB
Initial GC threshold: 21.00 MB
Current GC threshold: 21.00 MB
CDS: on
 - commit_granule_bytes: 65536.
 - commit_granule_words: 8192.
 - virtual_space_node_default_size: 8388608.
 - enlarge_chunks_in_place: 1.
UseCompressedClassPointers 1, UseCompactObjectHeaders 0
Narrow klass pointer bits 32, Max shift 3
Narrow klass base: 0x0000000024000000, Narrow klass shift: 0
Encoding Range: [0x0000000024000000 - 0x0000000124000000), (4294967296 bytes)
Klass Range:    [0x0000000024010000 - 0x0000000065000000), (1090453504 bytes)
Klass ID Range:  [65536 - 1090519033) (1090453497)
Protection zone: [0x0000000024000000 - 0x0000000024010000), (65536 bytes)


Internal statistics:

num_allocs_failed_limit: 0.
num_arena_births: 68.
num_arena_deaths: 0.
num_vsnodes_births: 2.
num_vsnodes_deaths: 0.
num_space_committed: 169.
num_space_uncommitted: 0.
num_chunks_returned_to_freelist: 0.
num_chunks_taken_from_freelist: 429.
num_chunk_merges: 0.
num_chunk_splits: 292.
num_chunks_enlarged: 244.
num_inconsistent_stats: 0.

CodeHeap 'non-profiled nmethods': size=120128Kb used=603Kb max_used=603Kb free=119524Kb
 bounds [0x000001aa07ab0000, 0x000001aa07d20000, 0x000001aa0f000000]
CodeHeap 'profiled nmethods': size=120000Kb used=3005Kb max_used=3005Kb free=116994Kb
 bounds [0x000001aa00000000, 0x000001aa002f0000, 0x000001aa07530000]
CodeHeap 'non-nmethods': size=5632Kb used=1360Kb max_used=1389Kb free=4272Kb
 bounds [0x000001aa07530000, 0x000001aa077a0000, 0x000001aa07ab0000]
CodeCache: size=245760Kb, used=4968Kb, max_used=4997Kb, free=240790Kb
 total_blobs=2509, nmethods=2019, adapters=394, full_count=0
Compilation: enabled, stopped_count=0, restarted_count=0

Compilation events (20 events):
Event: 375.312 Thread 0x000001aa7e7e91f0 2027       3       org.objectweb.asm.ByteVector::putUTF8 (144 bytes)
Event: 375.314 Thread 0x000001aa7e7e91f0 nmethod 2027 0x000001aa002e9e08 code [0x000001aa002e9f00, 0x000001aa002eabc0]
Event: 375.501 Thread 0x000001aa7e7e91f0 2028       3       jdk.internal.classfile.impl.SplitConstantPool::utf8Entry (6 bytes)
Event: 375.502 Thread 0x000001aa7e7e91f0 nmethod 2028 0x000001aa002eac08 code [0x000001aa002ead00, 0x000001aa002eb0f8]
Event: 375.603 Thread 0x000001aa7e7e91f0 2029       3       jdk.internal.classfile.impl.AbstractPoolEntry$MethodRefEntryImpl::<init> (12 bytes)
Event: 375.603 Thread 0x000001aa7e7e91f0 nmethod 2029 0x000001aa002eb108 code [0x000001aa002eb200, 0x000001aa002eb350]
Event: 376.784 Thread 0x000001aa7e7e91f0 2030       3       com.google.inject.internal.aop.ImmutableStringTrie::nextPivotRow (49 bytes)
Event: 376.785 Thread 0x000001aa7e7e91f0 nmethod 2030 0x000001aa002eb408 code [0x000001aa002eb500, 0x000001aa002ebe78]
Event: 377.484 Thread 0x000001aa7e7e91f0 2031       3       jdk.internal.classfile.impl.DirectCodeBuilder::loadLocal (126 bytes)
Event: 377.485 Thread 0x000001aa7e7e91f0 nmethod 2031 0x000001aa002ebf08 code [0x000001aa002ec000, 0x000001aa002ecfe0]
Event: 377.586 Thread 0x000001aa7e7e91f0 2032       3       java.lang.invoke.LambdaForm::parameterType (9 bytes)
Event: 377.587 Thread 0x000001aa7e7e91f0 nmethod 2032 0x000001aa002ed008 code [0x000001aa002ed100, 0x000001aa002ed258]
Event: 380.015 Thread 0x000001aa7e7e91f0 2033       3       java.lang.classfile.constantpool.ConstantPoolBuilder::nameAndTypeEntry (21 bytes)
Event: 380.015 Thread 0x000001aa7e7e91f0 nmethod 2033 0x000001aa002ed308 code [0x000001aa002ed400, 0x000001aa002ed768]
Event: 380.057 Thread 0x000001aa7e7e91f0 2034       3       jdk.internal.classfile.impl.SplitConstantPool::fieldRefEntry (72 bytes)
Event: 380.058 Thread 0x000001aa7e7e91f0 nmethod 2034 0x000001aa002ed788 code [0x000001aa002ed880, 0x000001aa002eee78]
Event: 380.229 Thread 0x000001aa7e7e91f0 2035       3       java.lang.classfile.CodeBuilder::newBoundLabel (17 bytes)
Event: 380.308 Thread 0x000001aa7e770a10 2038       4       jdk.internal.classfile.impl.SplitConstantPool::internalAdd (78 bytes)
Event: 381.313 Thread 0x000001aa7e7e91f0 nmethod 2035 0x000001aa002eee88 code [0x000001aa002eef80, 0x000001aa002ef600]
Event: 381.313 Thread 0x000001aa7e7e91f0 2041       3       java.nio.ByteBuffer::wrap (8 bytes)

GC Heap Usage History (4 events):
Event: 70.382 {heap Before GC invocations=0 (full 0):
 garbage-first heap   total reserved 1003520K, committed 65536K, used 14483K [0x00000000c2c00000, 0x0000000100000000)
  region size 1024K, 14 young (14336K), 0 survivors (0K)
}
Event: 72.387 {heap After GC invocations=1 (full 0):
 garbage-first heap   total reserved 1003520K, committed 65536K, used 3884K [0x00000000c2c00000, 0x0000000100000000)
  region size 1024K, 2 young (2048K), 2 survivors (2048K)
}
Event: 268.400 {heap Before GC invocations=1 (full 0):
 garbage-first heap   total reserved 1003520K, committed 65536K, used 28460K [0x00000000c2c00000, 0x0000000100000000)
  region size 1024K, 27 young (27648K), 2 survivors (2048K)
}
Event: 268.531 {heap After GC invocations=2 (full 0):
 garbage-first heap   total reserved 1003520K, committed 65536K, used 5246K [0x00000000c2c00000, 0x0000000100000000)
  region size 1024K, 4 young (4096K), 4 survivors (4096K)
}

Metaspace Usage History (4 events):
Event: 70.391 {metaspace Before GC invocations=0 (full 0):
 Metaspace       used 4314K, committed 4544K, reserved 1114112K
  class space    used 488K, committed 576K, reserved 1048576K
}
Event: 72.387 {metaspace After GC invocations=1 (full 0):
 Metaspace       used 4314K, committed 4544K, reserved 1114112K
  class space    used 488K, committed 576K, reserved 1048576K
}
Event: 268.400 {metaspace Before GC invocations=1 (full 0):
 Metaspace       used 7418K, committed 7616K, reserved 1114112K
  class space    used 902K, committed 1024K, reserved 1048576K
}
Event: 268.531 {metaspace After GC invocations=2 (full 0):
 Metaspace       used 7418K, committed 7616K, reserved 1114112K
  class space    used 902K, committed 1024K, reserved 1048576K
}

Dll operation events (7 events):
Event: 0.042 Loaded shared library C:\Program Files\Apache NetBeans\jdk\bin\java.dll
Event: 0.503 Loaded shared library C:\Program Files\Apache NetBeans\jdk\bin\net.dll
Event: 0.508 Loaded shared library C:\Program Files\Apache NetBeans\jdk\bin\nio.dll
Event: 0.890 Loaded shared library C:\Program Files\Apache NetBeans\jdk\bin\zip.dll
Event: 12.138 Loaded shared library C:\Program Files\Apache NetBeans\java\maven\lib\jansi-native\Windows\x86_64\jansi.dll
Event: 12.542 Loaded shared library C:\Program Files\Apache NetBeans\jdk\bin\verify.dll
Event: 17.775 Loaded shared library C:\Program Files\Apache NetBeans\jdk\bin\jimage.dll

Deoptimization events (20 events):
Event: 350.424 Thread 0x000001aa727bd600 Uncommon trap: trap_request=0xffffffd6 fr.pc=0x000001aa07b43ae8 relative=0x00000000000000e8
Event: 350.424 Thread 0x000001aa727bd600 Uncommon trap: reason=array_check action=maybe_recompile pc=0x000001aa07b43ae8 method=java.util.stream.Nodes$FixedNodeBuilder.accept(Ljava/lang/Object;)V @ 28 c2
Event: 350.424 Thread 0x000001aa727bd600 DEOPT PACKING pc=0x000001aa07b43ae8 sp=0x00000090e59fe360
Event: 350.424 Thread 0x000001aa727bd600 DEOPT UNPACKING pc=0x000001aa075b857c sp=0x00000090e59fe2e0 mode 2
Event: 350.424 Thread 0x000001aa727bd600 Uncommon trap: trap_request=0xffffffd6 fr.pc=0x000001aa07b43ae8 relative=0x00000000000000e8
Event: 350.424 Thread 0x000001aa727bd600 Uncommon trap: reason=array_check action=maybe_recompile pc=0x000001aa07b43ae8 method=java.util.stream.Nodes$FixedNodeBuilder.accept(Ljava/lang/Object;)V @ 28 c2
Event: 350.424 Thread 0x000001aa727bd600 DEOPT PACKING pc=0x000001aa07b43ae8 sp=0x00000090e59fe360
Event: 350.424 Thread 0x000001aa727bd600 DEOPT UNPACKING pc=0x000001aa075b857c sp=0x00000090e59fe2e0 mode 2
Event: 350.424 Thread 0x000001aa727bd600 Uncommon trap: trap_request=0xffffffd6 fr.pc=0x000001aa07b43ae8 relative=0x00000000000000e8
Event: 350.424 Thread 0x000001aa727bd600 Uncommon trap: reason=array_check action=maybe_recompile pc=0x000001aa07b43ae8 method=java.util.stream.Nodes$FixedNodeBuilder.accept(Ljava/lang/Object;)V @ 28 c2
Event: 350.424 Thread 0x000001aa727bd600 DEOPT PACKING pc=0x000001aa07b43ae8 sp=0x00000090e59fe360
Event: 350.424 Thread 0x000001aa727bd600 DEOPT UNPACKING pc=0x000001aa075b857c sp=0x00000090e59fe2e0 mode 2
Event: 350.424 Thread 0x000001aa727bd600 Uncommon trap: trap_request=0xffffffd6 fr.pc=0x000001aa07b43ae8 relative=0x00000000000000e8
Event: 350.424 Thread 0x000001aa727bd600 Uncommon trap: reason=array_check action=maybe_recompile pc=0x000001aa07b43ae8 method=java.util.stream.Nodes$FixedNodeBuilder.accept(Ljava/lang/Object;)V @ 28 c2
Event: 350.424 Thread 0x000001aa727bd600 DEOPT PACKING pc=0x000001aa07b43ae8 sp=0x00000090e59fe360
Event: 350.424 Thread 0x000001aa727bd600 DEOPT UNPACKING pc=0x000001aa075b857c sp=0x00000090e59fe2e0 mode 2
Event: 375.767 Thread 0x000001aa727bd600 Uncommon trap: trap_request=0xffffff45 fr.pc=0x000001aa07b12560 relative=0x0000000000000160
Event: 375.767 Thread 0x000001aa727bd600 Uncommon trap: reason=unstable_if action=reinterpret pc=0x000001aa07b12560 method=java.lang.ClassLoader.checkName(Ljava/lang/String;)Z @ 1 c2
Event: 375.767 Thread 0x000001aa727bd600 DEOPT PACKING pc=0x000001aa07b12560 sp=0x00000090e59fdfe0
Event: 375.768 Thread 0x000001aa727bd600 DEOPT UNPACKING pc=0x000001aa075b857c sp=0x00000090e59fdf78 mode 2

Classes loaded (20 events):
Event: 348.967 Loading class sun/reflect/generics/repository/FieldRepository
Event: 348.967 Loading class sun/reflect/generics/repository/FieldRepository done
Event: 353.081 Loading class java/io/UncheckedIOException
Event: 353.081 Loading class java/io/UncheckedIOException done
Event: 356.720 Loading class java/nio/channels/OverlappingFileLockException
Event: 356.720 Loading class java/nio/channels/OverlappingFileLockException done
Event: 356.721 Loading class java/nio/channels/FileLock
Event: 356.721 Loading class java/nio/channels/FileLock done
Event: 361.034 Loading class java/nio/file/AccessDeniedException
Event: 361.034 Loading class java/nio/file/AccessDeniedException done
Event: 373.748 Loading class java/lang/ClassValue$ClassValueMap
Event: 373.748 Loading class java/lang/ClassValue$ClassValueMap done
Event: 374.957 Loading class java/util/TreeMap$Values
Event: 374.958 Loading class java/util/TreeMap$Values done
Event: 375.366 Loading class java/util/TreeMap$ValueIterator
Event: 375.368 Loading class java/util/TreeMap$ValueIterator done
Event: 376.267 Loading class java/lang/invoke/DirectMethodHandle$StaticAccessor
Event: 376.267 Loading class java/lang/invoke/DirectMethodHandle$StaticAccessor done
Event: 377.586 Loading class java/lang/ClassValue$RemovalToken
Event: 377.586 Loading class java/lang/ClassValue$RemovalToken done

Classes unloaded (0 events):
No events

Classes redefined (0 events):
No events

Internal exceptions (20 events):
Event: 12.539 Thread 0x000001aa727bd600 Exception <a 'sun/nio/fs/WindowsException'{0x00000000c657d100}> (0x00000000c657d100) 
thrown [s\src\hotspot\share\prims\jni.cpp, line 516]
Event: 12.539 Thread 0x000001aa727bd600 Exception <a 'sun/nio/fs/WindowsException'{0x00000000c657d640}> (0x00000000c657d640) 
thrown [s\src\hotspot\share\prims\jni.cpp, line 516]
Event: 12.539 Thread 0x000001aa727bd600 Exception <a 'sun/nio/fs/WindowsException'{0x00000000c657db30}> (0x00000000c657db30) 
thrown [s\src\hotspot\share\prims\jni.cpp, line 516]
Event: 12.539 Thread 0x000001aa727bd600 Exception <a 'sun/nio/fs/WindowsException'{0x00000000c657dfd8}> (0x00000000c657dfd8) 
thrown [s\src\hotspot\share\prims\jni.cpp, line 516]
Event: 13.731 Thread 0x000001aa727bd600 Exception <a 'java/lang/NoSuchMethodError'{0x00000000c65b7610}: 'void java.lang.invoke.DirectMethodHandle$Holder.invokeVirtual(java.lang.Object, java.lang.Object)'> (0x00000000c65b7610) 
thrown [s\src\hotspot\share\interpreter\linkResolver.cpp, line 804]
Event: 14.225 Thread 0x000001aa727bd600 Exception <a 'java/lang/NoSuchMethodError'{0x00000000c65d8908}: 'void java.lang.invoke.DirectMethodHandle$Holder.invokeStatic(java.lang.Object, java.lang.Object)'> (0x00000000c65d8908) 
thrown [s\src\hotspot\share\interpreter\linkResolver.cpp, line 804]
Event: 14.781 Thread 0x000001aa727bd600 Exception <a 'java/lang/NoSuchMethodError'{0x00000000c65e09e0}: 'void java.lang.invoke.DirectMethodHandle$Holder.invokeStaticInit(java.lang.Object, java.lang.Object)'> (0x00000000c65e09e0) 
thrown [s\src\hotspot\share\interpreter\linkResolver.cpp, line 804]
Event: 14.963 Thread 0x000001aa727bd600 Exception <a 'java/lang/NoSuchMethodError'{0x00000000c641bee0}: 'void java.lang.invoke.DirectMethodHandle$Holder.invokeSpecial(java.lang.Object, java.lang.Object, java.lang.Object, java.lang.Object, java.lang.Object)'> (0x00000000c641bee0) 
thrown [s\src\hotspot\share\interpreter\linkResolver.cpp, line 804]
Event: 17.568 Thread 0x000001aa727bd600 Exception <a 'java/lang/NoSuchMethodError'{0x00000000c6457b58}: 'void java.lang.invoke.DirectMethodHandle$Holder.invokeStatic(java.lang.Object, java.lang.Object, java.lang.Object)'> (0x00000000c6457b58) 
thrown [s\src\hotspot\share\interpreter\linkResolver.cpp, line 804]
Event: 28.796 Thread 0x000001aa727bd600 Exception <a 'java/lang/NoSuchMethodError'{0x00000000c621dea0}: 'java.lang.Object java.lang.invoke.DirectMethodHandle$Holder.invokeSpecialIFC(java.lang.Object, java.lang.Object, java.lang.Object, java.lang.Object)'> (0x00000000c621dea0) 
thrown [s\src\hotspot\share\interpreter\linkResolver.cpp, line 804]
Event: 56.094 Thread 0x000001aa727bd600 Exception <a 'java/lang/NoSuchMethodError'{0x00000000c5d10b80}: 'void java.lang.invoke.DirectMethodHandle$Holder.invokeSpecial(java.lang.Object, java.lang.Object, java.lang.Object)'> (0x00000000c5d10b80) 
thrown [s\src\hotspot\share\interpreter\linkResolver.cpp, line 804]
Event: 57.566 Thread 0x000001aa727bd600 Exception <a 'java/lang/NoSuchMethodError'{0x00000000c5c2b9d0}: 'java.lang.Object java.lang.invoke.DirectMethodHandle$Holder.invokeInterface(java.lang.Object, java.lang.Object)'> (0x00000000c5c2b9d0) 
thrown [s\src\hotspot\share\interpreter\linkResolver.cpp, line 804]
Event: 69.305 Thread 0x000001aa727bd600 Exception <a 'java/lang/NoSuchMethodError'{0x00000000c5cd6820}: 'int java.lang.invoke.DirectMethodHandle$Holder.invokeStatic(java.lang.Object, java.lang.Object, java.lang.Object, java.lang.Object)'> (0x00000000c5cd6820) 
thrown [s\src\hotspot\share\interpreter\linkResolver.cpp, line 804]
Event: 72.387 Thread 0x000001aa727bd600 Exception <a 'java/lang/NoSuchMethodError'{0x00000000c6900c48}: 'int java.lang.invoke.DirectMethodHandle$Holder.invokeSpecialIFC(java.lang.Object, java.lang.Object, java.lang.Object, java.lang.Object, java.lang.Object)'> (0x00000000c6900c48) 
thrown [s\src\hotspot\share\interpreter\linkResolver.cpp, line 804]
Event: 77.536 Thread 0x000001aa727bd600 Exception <a 'java/lang/NoSuchMethodError'{0x00000000c68ce908}: 'java.lang.Object java.lang.invoke.DirectMethodHandle$Holder.newInvokeSpecial(java.lang.Object, java.lang.Object, java.lang.Object, java.lang.Object, java.lang.Object)'> (0x00000000c68ce908) 
thrown [s\src\hotspot\share\interpreter\linkResolver.cpp, line 804]
Event: 80.157 Thread 0x000001aa727bd600 Exception <a 'java/lang/NoSuchMethodError'{0x00000000c67e7e80}: 'int java.lang.invoke.DirectMethodHandle$Holder.invokeStaticInit(java.lang.Object, java.lang.Object)'> (0x00000000c67e7e80) 
thrown [s\src\hotspot\share\interpreter\linkResolver.cpp, line 804]
Event: 80.508 Thread 0x000001aa727bd600 Exception <a 'java/lang/NoClassDefFoundError'{0x00000000c66228f8}: javax/enterprise/inject/Typed> (0x00000000c66228f8) 
thrown [s\src\hotspot\share\classfile\systemDictionary.cpp, line 316]
Event: 373.389 Thread 0x000001aa727bd600 Exception <a 'java/lang/NoSuchMethodError'{0x00000000c5d9a530}: 'void java.lang.invoke.DirectMethodHandle$Holder.invokeStaticInit(java.lang.Object, java.lang.Object, java.lang.Object)'> (0x00000000c5d9a530) 
thrown [s\src\hotspot\share\interpreter\linkResolver.cpp, line 804]
Event: 375.767 Thread 0x000001aa727bd600 Implicit null exception at 0x000001aa07b1241d to 0x000001aa07b12550
Event: 377.608 Thread 0x000001aa727bd600 Exception <a 'java/lang/NoSuchMethodError'{0x00000000c5c257a0}: 'java.lang.Object java.lang.invoke.Invokers$Holder.invokeExact_MT(java.lang.Object, int, java.lang.Object)'> (0x00000000c5c257a0) 
thrown [s\src\hotspot\share\interpreter\linkResolver.cpp, line 804]

VM Operations (20 events):
Event: 18.214 Executing non-safepoint VM operation: HandshakeAllThreads (Deoptimize)
Event: 23.337 Executing non-safepoint VM operation: HandshakeAllThreads (Deoptimize) done
Event: 70.381 Executing safepoint VM operation: G1CollectForAllocation (G1 Evacuation Pause)
Event: 72.387 Executing safepoint VM operation: G1CollectForAllocation (G1 Evacuation Pause) done
Event: 121.760 Executing non-safepoint VM operation: HandshakeAllThreads (HandshakeForDeflation)
Event: 122.040 Executing non-safepoint VM operation: HandshakeAllThreads (HandshakeForDeflation) done
Event: 122.040 Executing non-safepoint VM operation: RendezvousGCThreads
Event: 122.040 Executing non-safepoint VM operation: RendezvousGCThreads done
Event: 268.347 Executing non-safepoint VM operation: HandshakeAllThreads (Deoptimize)
Event: 268.349 Executing non-safepoint VM operation: HandshakeAllThreads (Deoptimize) done
Event: 268.400 Executing safepoint VM operation: G1CollectForAllocation (G1 Evacuation Pause)
Event: 268.532 Executing safepoint VM operation: G1CollectForAllocation (G1 Evacuation Pause) done
Event: 302.256 Executing non-safepoint VM operation: HandshakeAllThreads (HandshakeForDeflation)
Event: 303.722 Executing non-safepoint VM operation: HandshakeAllThreads (HandshakeForDeflation) done
Event: 303.722 Executing non-safepoint VM operation: RendezvousGCThreads
Event: 303.722 Executing non-safepoint VM operation: RendezvousGCThreads done
Event: 312.341 Executing non-safepoint VM operation: HandshakeAllThreads (Deoptimize)
Event: 312.341 Executing non-safepoint VM operation: HandshakeAllThreads (Deoptimize) done
Event: 374.002 Executing non-safepoint VM operation: HandshakeAllThreads (Deoptimize)
Event: 374.002 Executing non-safepoint VM operation: HandshakeAllThreads (Deoptimize) done

Memory protections (0 events):
No events

Nmethod flushes (0 events):
No events

Events (13 events):
Event: 0.198 Thread 0x000001aa727bd600 Thread added: 0x000001aa727bd600
Event: 0.302 Thread 0x000001aa727bd600 Thread added: 0x000001aa7e762050
Event: 0.302 Thread 0x000001aa727bd600 Thread added: 0x000001aa7e763d00
Event: 0.302 Thread 0x000001aa727bd600 Thread added: 0x000001aa7e7698d0
Event: 0.303 Thread 0x000001aa727bd600 Thread added: 0x000001aa7e76ef50
Event: 0.303 Thread 0x000001aa727bd600 Thread added: 0x000001aa7e76c840
Event: 0.303 Thread 0x000001aa727bd600 Thread added: 0x000001aa7e76d7e0
Event: 0.303 Thread 0x000001aa727bd600 Thread added: 0x000001aa7e770a10
Event: 0.368 Thread 0x000001aa727bd600 Thread added: 0x000001aa7e7e91f0
Event: 0.491 Thread 0x000001aa727bd600 Thread added: 0x000001aa7e76b8a0
Event: 0.496 Thread 0x000001aa727bd600 Thread added: 0x000001aa7e76e780
Event: 12.060 Thread 0x000001aa727bd600 Thread added: 0x000001aa7e98c4b0
Event: 23.365 Thread 0x000001aa7e98c4b0 Thread exited: 0x000001aa7e98c4b0


Dynamic libraries:
0x00007ff62b400000 - 0x00007ff62b40e000 	C:\Program Files\Apache NetBeans\jdk\bin\java.exe
0x00007ffea0ee0000 - 0x00007ffea1147000 	C:\WINDOWS\SYSTEM32\ntdll.dll
0x00007ffe9fee0000 - 0x00007ffe9ffa9000 	C:\WINDOWS\System32\KERNEL32.DLL
0x00007ffe9dbe0000 - 0x00007ffe9dfd4000 	C:\WINDOWS\System32\KERNELBASE.dll
0x00007ffe9e110000 - 0x00007ffe9e25b000 	C:\WINDOWS\System32\ucrtbase.dll
0x00007ffe8a0d0000 - 0x00007ffe8a0e6000 	C:\Program Files\Apache NetBeans\jdk\bin\jli.dll
0x00007ffe9ed70000 - 0x00007ffe9ef35000 	C:\WINDOWS\System32\USER32.dll
0x00007ffe9eb90000 - 0x00007ffe9ebb7000 	C:\WINDOWS\System32\win32u.dll
0x00007ffea09d0000 - 0x00007ffea09fb000 	C:\WINDOWS\System32\GDI32.dll
0x00007ffe9dfe0000 - 0x00007ffe9e10a000 	C:\WINDOWS\System32\gdi32full.dll
0x00007ffe9ebc0000 - 0x00007ffe9ec63000 	C:\WINDOWS\System32\msvcp_win.dll
0x00007ffe8b780000 - 0x00007ffe8b79e000 	C:\Program Files\Apache NetBeans\jdk\bin\VCRUNTIME140.dll
0x00007ffe8ba70000 - 0x00007ffe8bd03000 	C:\WINDOWS\WinSxS\amd64_microsoft.windows.common-controls_6595b64144ccf1df_6.0.26100.8115_none_3e075c82e3354f9c\COMCTL32.dll
0x00007ffea0400000 - 0x00007ffea04a9000 	C:\WINDOWS\System32\msvcrt.dll
0x00007ffe9fd40000 - 0x00007ffe9fd72000 	C:\WINDOWS\System32\IMM32.DLL
0x00007ffe92200000 - 0x00007ffe9220c000 	C:\Program Files\Apache NetBeans\jdk\bin\vcruntime140_1.dll
0x00007ffe76b40000 - 0x00007ffe76bcd000 	C:\Program Files\Apache NetBeans\jdk\bin\msvcp140.dll
0x00007ffe28420000 - 0x00007ffe29346000 	C:\Program Files\Apache NetBeans\jdk\bin\server\jvm.dll
0x00007ffea0660000 - 0x00007ffea0716000 	C:\WINDOWS\System32\ADVAPI32.dll
0x00007ffea04b0000 - 0x00007ffea0557000 	C:\WINDOWS\System32\sechost.dll
0x00007ffe9f250000 - 0x00007ffe9f368000 	C:\WINDOWS\System32\RPCRT4.dll
0x00007ffea0940000 - 0x00007ffea09c0000 	C:\WINDOWS\System32\WS2_32.dll
0x00007ffe9d610000 - 0x00007ffe9d66e000 	C:\WINDOWS\SYSTEM32\POWRPROF.dll
0x00007ffe7a540000 - 0x00007ffe7a576000 	C:\WINDOWS\SYSTEM32\WINMM.dll
0x00007ffe8c650000 - 0x00007ffe8c65b000 	C:\WINDOWS\SYSTEM32\VERSION.dll
0x00007ffe9d5f0000 - 0x00007ffe9d604000 	C:\WINDOWS\SYSTEM32\UMPDC.dll
0x00007ffe9c540000 - 0x00007ffe9c55b000 	C:\WINDOWS\SYSTEM32\kernel.appcore.dll
0x00007ffe904d0000 - 0x00007ffe904da000 	C:\Program Files\Apache NetBeans\jdk\bin\jimage.dll
0x00007ffe9b6f0000 - 0x00007ffe9b932000 	C:\WINDOWS\SYSTEM32\DBGHELP.DLL
0x00007ffe9ffb0000 - 0x00007ffea0332000 	C:\WINDOWS\System32\combase.dll
0x00007ffe9f400000 - 0x00007ffe9f4d7000 	C:\WINDOWS\System32\OLEAUT32.dll
0x00007ffe8c3b0000 - 0x00007ffe8c3eb000 	C:\WINDOWS\SYSTEM32\dbgcore.DLL
0x00007ffe9d9c0000 - 0x00007ffe9da65000 	C:\WINDOWS\System32\bcryptPrimitives.dll
0x00007ffe8a200000 - 0x00007ffe8a21e000 	C:\Program Files\Apache NetBeans\jdk\bin\java.dll
0x00007ffea0790000 - 0x00007ffea0927000 	C:\WINDOWS\System32\ole32.dll
0x00007ffe9f570000 - 0x00007ffe9fcd6000 	C:\WINDOWS\System32\SHELL32.dll
0x00007ffe9da70000 - 0x00007ffe9dbda000 	C:\WINDOWS\System32\wintypes.dll
0x00007ffe9e260000 - 0x00007ffe9eac5000 	C:\WINDOWS\System32\windows.storage.dll
0x00007ffe9ef40000 - 0x00007ffe9f037000 	C:\WINDOWS\System32\SHCORE.dll
0x00007ffea0720000 - 0x00007ffea0786000 	C:\WINDOWS\System32\shlwapi.dll
0x00007ffe9d6d0000 - 0x00007ffe9d6f9000 	C:\WINDOWS\SYSTEM32\profapi.dll
0x00007ffe89600000 - 0x00007ffe89611000 	C:\Program Files\Apache NetBeans\jdk\bin\net.dll
0x00007ffe9cab0000 - 0x00007ffe9cb1c000 	C:\WINDOWS\system32\mswsock.dll
0x00007ffe895e0000 - 0x00007ffe895f6000 	C:\Program Files\Apache NetBeans\jdk\bin\nio.dll
0x00007ffe8a0b0000 - 0x00007ffe8a0c7000 	C:\Program Files\Apache NetBeans\jdk\bin\zip.dll
0x00007ffe77c10000 - 0x00007ffe77c34000 	C:\Program Files\Apache NetBeans\java\maven\lib\jansi-native\Windows\x86_64\jansi.dll
0x00007ffe895d0000 - 0x00007ffe895e0000 	C:\Program Files\Apache NetBeans\jdk\bin\verify.dll

JVMTI agents: none

dbghelp: loaded successfully - version: 4.0.5 - missing functions: none
symbol engine: initialized successfully - sym options: 0x614 - pdb path: .;C:\Program Files\Apache NetBeans\jdk\bin;C:\WINDOWS\SYSTEM32;C:\WINDOWS\WinSxS\amd64_microsoft.windows.common-controls_6595b64144ccf1df_6.0.26100.8115_none_3e075c82e3354f9c;C:\Program Files\Apache NetBeans\jdk\bin\server;C:\Program Files\Apache NetBeans\java\maven\lib\jansi-native\Windows\x86_64

VM Arguments:
jvm_args: --enable-native-access=ALL-UNNAMED -Dclassworlds.conf=C:\Program Files\Apache NetBeans\java\maven\bin\m2.conf -Dmaven.home=C:\Program Files\Apache NetBeans\java\maven -Dlibrary.jansi.path=C:\Program Files\Apache NetBeans\java\maven\lib\jansi-native -Dmaven.multiModuleProjectDirectory=C:\Users\ASUS\Documents\NetBeansProjects\Lubiproject1 
java_command: org.codehaus.plexus.classworlds.launcher.Launcher -Dmaven.ext.class.path=C:\Program Files\Apache NetBeans\java\maven-nblib\netbeans-eventspy.jar --no-transfer-progress install
java_class_path (initial): C:\Program Files\Apache NetBeans\java\maven\boot\plexus-classworlds-2.9.0.jar
Launcher Type: SUN_STANDARD

[Global flags]
     intx CICompilerCount                          = 2                                         {product} {ergonomic}
     uint ConcGCThreads                            = 1                                         {product} {ergonomic}
     uint G1ConcRefinementThreads                  = 2                                         {product} {ergonomic}
   size_t G1HeapRegionSize                         = 1048576                                   {product} {ergonomic}
   size_t InitialHeapSize                          = 65011712                                  {product} {ergonomic}
   size_t MarkStackSize                            = 4194304                                   {product} {ergonomic}
   size_t MarkStackSizeMax                         = 536870912                                 {product} {ergonomic}
   size_t MaxHeapSize                              = 1027604480                                {product} {ergonomic}
   size_t MaxNewSize                               = 616562688                                 {product} {ergonomic}
   size_t MinHeapDeltaBytes                        = 1048576                                   {product} {ergonomic}
   size_t MinHeapSize                              = 8388608                                   {product} {ergonomic}
    uintx NonNMethodCodeHeapSize                   = 5767168                                {pd product} {ergonomic}
    uintx NonProfiledCodeHeapSize                  = 123011072                              {pd product} {ergonomic}
    uintx ProfiledCodeHeapSize                     = 122880000                              {pd product} {ergonomic}
    uintx ReservedCodeCacheSize                    = 251658240                              {pd product} {ergonomic}
     bool SegmentedCodeCache                       = true                                      {product} {ergonomic}
   size_t SoftMaxHeapSize                          = 1027604480                             {manageable} {ergonomic}
     bool UseCompressedOops                        = true                           {product lp64_product} {ergonomic}
     bool UseG1GC                                  = true                                      {product} {ergonomic}
     bool UseLargePagesIndividualAllocation        = false                                  {pd product} {ergonomic}

Logging:
Log output configuration:
 #0: stdout all=warning uptime,level,tags foldmultilines=false
 #1: stderr all=off uptime,level,tags foldmultilines=false

Release file:
IMPLEMENTOR="Eclipse Adoptium" 
IMPLEMENTOR_VERSION="Temurin-25.0.2+10" 
JAVA_RUNTIME_VERSION="25.0.2+10-LTS" 
JAVA_VERSION="25.0.2" 
JAVA_VERSION_DATE="2026-01-20" 
LIBC="default" 
MODULES="java.base java.compiler java.datatransfer java.xml java.prefs java.desktop java.instrument java.logging java.management java.security.sasl java.naming java.rmi java.management.rmi java.net.http java.scripting java.security.jgss java.transaction.xa java.sql java.sql.rowset java.xml.crypto java.se java.smartcardio jdk.accessibility jdk.internal.jvmstat jdk.attach jdk.charsets jdk.internal.opt jdk.zipfs jdk.compiler jdk.crypto.cryptoki jdk.crypto.ec jdk.crypto.mscapi jdk.dynalink jdk.internal.ed jdk.editpad jdk.internal.vm.ci jdk.graal.compiler jdk.graal.compiler.management jdk.hotspot.agent jdk.httpserver jdk.incubator.vector jdk.internal.le jdk.internal.md jdk.jartool jdk.javadoc jdk.jcmd jdk.management jdk.management.agent jdk.jconsole jdk.jdeps jdk.jdwp.agent jdk.jdi jdk.jfr jdk.jlink jdk.jpackage jdk.jshell jdk.jsobject jdk.jstatd jdk.localedata jdk.management.jfr jdk.naming.dns jdk.naming.rmi jdk.net jdk.nio.mapmode jdk.sctp jdk.security.auth jdk.security.jgss jdk.unsupported jdk.unsupported.desktop jdk.xml.dom" 
OS_ARCH="x86_64" 
OS_NAME="Windows" 
SOURCE=".:git:9e3c947043a4" 
BUILD_SOURCE="git:458965074606f027bd5afce2cfd5c1055dea0438"
BUILD_SOURCE_REPO="https://github.com/adoptium/temurin-build.git"
SOURCE_REPO="https://github.com/adoptium/jdk25u.git"
FULL_VERSION="25.0.2+10-LTS"
SEMANTIC_VERSION="25.0.2+10"
BUILD_INFO="OS: Windows Server 2022 Version: 10.0"
JVM_VARIANT="Hotspot"
JVM_VERSION="25.0.2+10-LTS"
IMAGE_TYPE="JDK"

Environment Variables:
JAVA_HOME=C:\Program Files\Apache NetBeans\jdk
PATH=C:\WINDOWS\system32;C:\WINDOWS;C:\WINDOWS\System32\Wbem;C:\WINDOWS\System32\WindowsPowerShell\v1.0\;C:\WINDOWS\System32\OpenSSH\;C:\Program Files\Git\cmd;C:\Users\ASUS\AppData\Local\Microsoft\WindowsApps;;C:\Program Files\Apache NetBeans\bin\
USERNAME=ASUS
OS=Windows_NT
PROCESSOR_IDENTIFIER=Intel64 Family 6 Model 122 Stepping 1, GenuineIntel
TMP=C:\Users\ASUS\AppData\Local\Temp
TEMP=C:\Users\ASUS\AppData\Local\Temp




Compilation memory statistics disabled.

Periodic native trim disabled

---------------  S Y S T E M  ---------------

OS:
 Windows 11 , 64 bit Build 26100 (10.0.26100.8115)
OS uptime: 0 days 1:00 hours

CPU: total 2 (initial active 2) (2 cores per cpu, 1 threads per core) family 6 model 122 stepping 1 microcode 0x34, cx8, cmov, fxsr, mmx, 3dnowpref, sse, sse2, sse3, ssse3, sse4.1, sse4.2, popcnt, tsc, tscinvbit, aes, erms, clmul, sha, clflush, clflushopt, rdtscp, rdpid
Processor Information for the first 2 processors :
  Max Mhz: 1101, Current Mhz: 1101, Mhz Limit: 1101

Memory: 4k page, system-wide physical 3919M (272M free)
TotalPageFile size 15695M (AvailPageFile size 98M)
current process WorkingSet (physical memory assigned to process): 26M, peak: 53M
current process commit charge ("private bytes"): 150M, peak: 152M

vm_info: OpenJDK 64-Bit Server VM (25.0.2+10-LTS) for windows-amd64 JRE (25.0.2+10-LTS), built on 2026-01-20T00:00:00Z with MS VC++ 17.12 (VS2022)

END.
