#
# There is insufficient memory for the Java Runtime Environment to continue.
# Native memory allocation (mmap) failed to map 65536 bytes. Error detail: Failed to commit metaspace.
# Possible reasons:
#   The system is out of physical RAM or swap space
#   This process is running with CompressedOops enabled, and the Java Heap may be blocking the growth of the native heap
# Possible solutions:
#   Reduce memory load on the system
#   Increase physical memory or swap space
#   Check if swap backing store is full
#   Decrease Java heap size (-Xmx/-Xms)
#   Decrease number of Java threads
#   Decrease Java thread stack sizes (-Xss)
#   Set larger code cache with -XX:ReservedCodeCacheSize=
#   JVM is running with Unscaled Compressed Oops mode in which the Java heap is
#     placed in the first 4GB address space. The Java Heap base address is the
#     maximum limit for the native heap growth. Please use -XX:HeapBaseMinAddress
#     to set the Java Heap base and to place the Java Heap above 4GB virtual address.
# This output file may be truncated or incomplete.
#
#  Out of Memory Error (virtualSpaceNode.cpp:113), pid=12300, tid=2704
#
# JRE version: OpenJDK Runtime Environment Temurin-25.0.2+10 (25.0.2+10) (build 25.0.2+10-LTS)
# Java VM: OpenJDK 64-Bit Server VM Temurin-25.0.2+10 (25.0.2+10-LTS, mixed mode, sharing, tiered, compressed oops, compressed class ptrs, g1 gc, windows-amd64)
# No core dump will be written. Minidumps are not enabled by default on client versions of Windows
#

---------------  S U M M A R Y ------------

Command Line: --enable-native-access=ALL-UNNAMED -Dclassworlds.conf=C:\Program Files\Apache NetBeans\java\maven\bin\m2.conf -Dmaven.home=C:\Program Files\Apache NetBeans\java\maven -Dlibrary.jansi.path=C:\Program Files\Apache NetBeans\java\maven\lib\jansi-native -Dmaven.multiModuleProjectDirectory=C:\Users\ASUS\Documents\NetBeansProjects\Lubiproject1 org.codehaus.plexus.classworlds.launcher.Launcher -Dmaven.ext.class.path=C:\Program Files\Apache NetBeans\java\maven-nblib\netbeans-eventspy.jar --no-transfer-progress install

Host: Intel(R) Celeron(R) N4000 CPU @ 1.10GHz, 2 cores, 3G,  Windows 11 , 64 bit Build 26100 (10.0.26100.8115)
Time: Fri Apr  3 17:07:54 2026 SE Asia Standard Time elapsed time: 399.978515 seconds (0d 0h 6m 39s)

---------------  T H R E A D  ---------------

Current thread (0x000001fc31dfd9c0):  JavaThread "main"             [_thread_in_vm, id=2704, stack(0x0000002c0aa00000,0x0000002c0ab00000) (1024K)]

Stack: [0x0000002c0aa00000,0x0000002c0ab00000]
Native frames: (J=compiled Java code, j=interpreted, Vv=VM code, C=native code)
V  [jvm.dll+0x7a8bc9]  (no source info available)
V  [jvm.dll+0x77310d]  (no source info available)
V  [jvm.dll+0x9f55f3]  (no source info available)
V  [jvm.dll+0x9f7be1]  (no source info available)
V  [jvm.dll+0x9f82f3]  (no source info available)
V  [jvm.dll+0x2fce26]  (no source info available)
V  [jvm.dll+0x9f24ce]  (no source info available)
V  [jvm.dll+0x73e0d4]  (no source info available)
V  [jvm.dll+0x25853b]  (no source info available)
V  [jvm.dll+0x2582fe]  (no source info available)
V  [jvm.dll+0x740b05]  (no source info available)
V  [jvm.dll+0x7407b5]  (no source info available)
V  [jvm.dll+0x29aba2]  (no source info available)
V  [jvm.dll+0x73eafe]  (no source info available)
V  [jvm.dll+0x2e24a4]  (no source info available)
V  [jvm.dll+0x28a19f]  (no source info available)
V  [jvm.dll+0x280016]  (no source info available)
V  [jvm.dll+0x6689e1]  (no source info available)
V  [jvm.dll+0x9656d6]  (no source info available)
V  [jvm.dll+0x51a792]  (no source info available)
V  [jvm.dll+0x5204c8]  (no source info available)
C  [java.dll+0x17c2]  (no source info available)
C  0x000001fc4472b3f7  (no source info available)

The last pc belongs to native nmethod (printed below).
Java frames: (J=compiled Java code, j=interpreted, Vv=VM code)
J 590  java.lang.ClassLoader.defineClass1(Ljava/lang/ClassLoader;Ljava/lang/String;[BIILjava/security/ProtectionDomain;Ljava/lang/String;)Ljava/lang/Class; java.base@25.0.2 (0 bytes) @ 0x000001fc4472b3c1 [0x000001fc4472b300+0x00000000000000c1]
J 1229 c1 java.lang.ClassLoader.defineClass(Ljava/lang/String;[BIILjava/security/ProtectionDomain;)Ljava/lang/Class; java.base@25.0.2 (43 bytes) @ 0x000001fc3ce1582c [0x000001fc3ce15280+0x00000000000005ac]
J 1004 c1 java.security.SecureClassLoader.defineClass(Ljava/lang/String;[BIILjava/security/CodeSource;)Ljava/lang/Class; java.base@25.0.2 (16 bytes) @ 0x000001fc3cdb39d4 [0x000001fc3cdb3880+0x0000000000000154]
J 1253 c1 java.net.URLClassLoader.defineClass(Ljava/lang/String;Ljdk/internal/loader/Resource;)Ljava/lang/Class; java.base@25.0.2 (224 bytes) @ 0x000001fc3ce1b5f4 [0x000001fc3ce19a80+0x0000000000001b74]
J 1017 c1 java.net.URLClassLoader.findClass(Ljava/lang/String;)Ljava/lang/Class; java.base@25.0.2 (77 bytes) @ 0x000001fc3cdb7d64 [0x000001fc3cdb6e00+0x0000000000000f64]
J 935 c1 org.codehaus.plexus.classworlds.realm.ClassRealm.loadClassFromSelf(Ljava/lang/String;)Ljava/lang/Class; (40 bytes) @ 0x000001fc3cd9b81c [0x000001fc3cd9b400+0x000000000000041c]
J 883 c1 org.codehaus.plexus.classworlds.strategy.SelfFirstStrategy.loadClass(Ljava/lang/String;)Ljava/lang/Class; (50 bytes) @ 0x000001fc3cd80144 [0x000001fc3cd7fd80+0x00000000000003c4]
J 858 c1 org.codehaus.plexus.classworlds.realm.ClassRealm.loadClass(Ljava/lang/String;Z)Ljava/lang/Class; (33 bytes) @ 0x000001fc3cd768ec [0x000001fc3cd76780+0x000000000000016c]
J 658 c1 org.codehaus.plexus.classworlds.realm.ClassRealm.loadClass(Ljava/lang/String;)Ljava/lang/Class; (7 bytes) @ 0x000001fc3cd14c84 [0x000001fc3cd14b80+0x0000000000000104]
v  ~StubRoutines::call_stub 0x000001fc441812f5
j  com.google.inject.internal.MembersInjectorStore.createWithListeners(Lcom/google/inject/TypeLiteral;Lcom/google/inject/internal/Errors;)Lcom/google/inject/internal/MembersInjectorImpl;+50
j  com.google.inject.internal.MembersInjectorStore.access$000(Lcom/google/inject/internal/MembersInjectorStore;Lcom/google/inject/TypeLiteral;Lcom/google/inject/internal/Errors;)Lcom/google/inject/internal/MembersInjectorImpl;+3
j  com.google.inject.internal.MembersInjectorStore$1.create(Lcom/google/inject/TypeLiteral;Lcom/google/inject/internal/Errors;)Lcom/google/inject/internal/MembersInjectorImpl;+6
j  com.google.inject.internal.MembersInjectorStore$1.create(Ljava/lang/Object;Lcom/google/inject/internal/Errors;)Ljava/lang/Object;+6
j  com.google.inject.internal.FailableCache$1.load(Ljava/lang/Object;)Ljava/lang/Object;+16
j  com.google.common.cache.LocalCache$LoadingValueReference.loadFuture(Ljava/lang/Object;Lcom/google/common/cache/CacheLoader;)Lcom/google/common/util/concurrent/ListenableFuture;+24
j  com.google.common.cache.LocalCache$Segment.loadSync(Ljava/lang/Object;ILcom/google/common/cache/LocalCache$LoadingValueReference;Lcom/google/common/cache/CacheLoader;)Ljava/lang/Object;+4
j  com.google.common.cache.LocalCache$Segment.lockedGetOrLoad(Ljava/lang/Object;ILcom/google/common/cache/CacheLoader;)Ljava/lang/Object;+393
J 2168 c1 com.google.common.cache.LocalCache$Segment.get(Ljava/lang/Object;ILcom/google/common/cache/CacheLoader;)Ljava/lang/Object; (210 bytes) @ 0x000001fc3cf752d4 [0x000001fc3cf74480+0x0000000000000e54]
J 1893 c1 com.google.common.cache.LocalCache.get(Ljava/lang/Object;Lcom/google/common/cache/CacheLoader;)Ljava/lang/Object; (21 bytes) @ 0x000001fc3cf0ab6c [0x000001fc3cf0a680+0x00000000000004ec]
J 2171 c1 com.google.common.cache.LocalCache$LocalLoadingCache.getUnchecked(Ljava/lang/Object;)Ljava/lang/Object; (19 bytes) @ 0x000001fc3cf76f7c [0x000001fc3cf76d80+0x00000000000001fc]
j  com.google.inject.internal.FailableCache.get(Ljava/lang/Object;Lcom/google/inject/internal/Errors;)Ljava/lang/Object;+5
j  com.google.inject.internal.MembersInjectorStore.get(Lcom/google/inject/TypeLiteral;Lcom/google/inject/internal/Errors;)Lcom/google/inject/internal/MembersInjectorImpl;+6
j  com.google.inject.internal.ConstructorInjectorStore.createConstructor(Lcom/google/inject/spi/InjectionPoint;Lcom/google/inject/internal/Errors;)Lcom/google/inject/internal/ConstructorInjector;+31
j  com.google.inject.internal.ConstructorInjectorStore.access$000(Lcom/google/inject/internal/ConstructorInjectorStore;Lcom/google/inject/spi/InjectionPoint;Lcom/google/inject/internal/Errors;)Lcom/google/inject/internal/ConstructorInjector;+3
j  com.google.inject.internal.ConstructorInjectorStore$1.create(Lcom/google/inject/spi/InjectionPoint;Lcom/google/inject/internal/Errors;)Lcom/google/inject/internal/ConstructorInjector;+6
j  com.google.inject.internal.ConstructorInjectorStore$1.create(Ljava/lang/Object;Lcom/google/inject/internal/Errors;)Ljava/lang/Object;+6
j  com.google.inject.internal.FailableCache$1.load(Ljava/lang/Object;)Ljava/lang/Object;+16
j  com.google.common.cache.LocalCache$LoadingValueReference.loadFuture(Ljava/lang/Object;Lcom/google/common/cache/CacheLoader;)Lcom/google/common/util/concurrent/ListenableFuture;+24
j  com.google.common.cache.LocalCache$Segment.loadSync(Ljava/lang/Object;ILcom/google/common/cache/LocalCache$LoadingValueReference;Lcom/google/common/cache/CacheLoader;)Ljava/lang/Object;+4
j  com.google.common.cache.LocalCache$Segment.lockedGetOrLoad(Ljava/lang/Object;ILcom/google/common/cache/CacheLoader;)Ljava/lang/Object;+393
J 2168 c1 com.google.common.cache.LocalCache$Segment.get(Ljava/lang/Object;ILcom/google/common/cache/CacheLoader;)Ljava/lang/Object; (210 bytes) @ 0x000001fc3cf752d4 [0x000001fc3cf74480+0x0000000000000e54]
J 1893 c1 com.google.common.cache.LocalCache.get(Ljava/lang/Object;Lcom/google/common/cache/CacheLoader;)Ljava/lang/Object; (21 bytes) @ 0x000001fc3cf0ab6c [0x000001fc3cf0a680+0x00000000000004ec]
J 2171 c1 com.google.common.cache.LocalCache$LocalLoadingCache.getUnchecked(Ljava/lang/Object;)Ljava/lang/Object; (19 bytes) @ 0x000001fc3cf76f7c [0x000001fc3cf76d80+0x00000000000001fc]
j  com.google.inject.internal.FailableCache.get(Ljava/lang/Object;Lcom/google/inject/internal/Errors;)Ljava/lang/Object;+5
j  com.google.inject.internal.ConstructorInjectorStore.get(Lcom/google/inject/spi/InjectionPoint;Lcom/google/inject/internal/Errors;)Lcom/google/inject/internal/ConstructorInjector;+6
j  com.google.inject.internal.ConstructorBindingImpl.initialize(Lcom/google/inject/internal/InjectorImpl;Lcom/google/inject/internal/Errors;)V+13
j  com.google.inject.internal.InjectorImpl.initializeBinding(Lcom/google/inject/internal/BindingImpl;Lcom/google/inject/internal/Errors;)V+13
j  com.google.inject.internal.AbstractBindingProcessor$Processor.initializeBinding(Lcom/google/inject/internal/BindingImpl;)V+19
j  com.google.inject.internal.AbstractBindingProcessor$Processor.lambda$scheduleInitialization$0(Lcom/google/inject/internal/BindingImpl;)V+2
j  com.google.inject.internal.AbstractBindingProcessor$Processor$$Lambda+0x000000003116cd40.run()V+8
j  com.google.inject.internal.ProcessedBindingData.initializeBindings()V+30
j  com.google.inject.internal.InternalInjectorCreator.initializeStatically()V+4
j  com.google.inject.internal.InternalInjectorCreator.build()Lcom/google/inject/Injector;+64
j  com.google.inject.Guice.createInjector(Lcom/google/inject/Stage;Ljava/lang/Iterable;)Lcom/google/inject/Injector;+15
j  com.google.inject.Guice.createInjector(Ljava/lang/Iterable;)Lcom/google/inject/Injector;+4
j  com.google.inject.Guice.createInjector([Lcom/google/inject/Module;)Lcom/google/inject/Injector;+4
j  org.codehaus.plexus.DefaultPlexusContainer.addPlexusInjector(Ljava/util/List;[Lcom/google/inject/Module;)Lcom/google/inject/Injector;+88
j  org.codehaus.plexus.DefaultPlexusContainer.<init>(Lorg/codehaus/plexus/ContainerConfiguration;[Lcom/google/inject/Module;)V+414
j  org.apache.maven.cli.MavenCli.container(Lorg/apache/maven/cli/CliRequest;)Lorg/codehaus/plexus/PlexusContainer;+279
j  org.apache.maven.cli.MavenCli.doMain(Lorg/apache/maven/cli/CliRequest;)I+38
j  org.apache.maven.cli.MavenCli.main([Ljava/lang/String;Lorg/codehaus/plexus/classworlds/ClassWorld;)I+24
j  java.lang.invoke.DirectMethodHandle$Holder.invokeStatic(Ljava/lang/Object;Ljava/lang/Object;Ljava/lang/Object;)I+11 java.base@25.0.2
j  java.lang.invoke.LambdaForm$MH+0x0000000031049000.invoke(Ljava/lang/Object;Ljava/lang/Object;Ljava/lang/Object;Ljava/lang/Object;)Ljava/lang/Object;+54 java.base@25.0.2
j  java.lang.invoke.LambdaForm$MH+0x0000000031049400.invokeExact_MT(Ljava/lang/Object;Ljava/lang/Object;Ljava/lang/Object;Ljava/lang/Object;Ljava/lang/Object;)Ljava/lang/Object;+22 java.base@25.0.2
j  jdk.internal.reflect.DirectMethodHandleAccessor.invokeImpl(Ljava/lang/Object;[Ljava/lang/Object;)Ljava/lang/Object;+72 java.base@25.0.2
j  jdk.internal.reflect.DirectMethodHandleAccessor.invoke(Ljava/lang/Object;[Ljava/lang/Object;)Ljava/lang/Object;+23 java.base@25.0.2
j  java.lang.reflect.Method.invoke(Ljava/lang/Object;[Ljava/lang/Object;)Ljava/lang/Object;+102 java.base@25.0.2
j  org.codehaus.plexus.classworlds.launcher.Launcher.launchEnhanced([Ljava/lang/String;)V+45
j  org.codehaus.plexus.classworlds.launcher.Launcher.launch([Ljava/lang/String;)V+2
j  org.codehaus.plexus.classworlds.launcher.Launcher.mainWithExitCode([Ljava/lang/String;)I+108
j  org.codehaus.plexus.classworlds.launcher.Launcher.main([Ljava/lang/String;)V+1
v  ~StubRoutines::call_stub 0x000001fc441812f5
Lock stack of current Java thread (top to bottom):
LockStack[2]: java.lang.Object 
{0x00000000c5a840a8} - klass: 'java/lang/Object' - flags: 

 - ---- fields (total size 2 words):
LockStack[1]: com.google.common.cache.LocalCache$StrongEntry 
{0x00000000c5a837e0} - klass: 'com/google/common/cache/LocalCache$StrongEntry' - flags: 

 - ---- fields (total size 4 words):
 - final 'hash' 'I' @12  -125869696 (0xf87f6180)
 - final 'key' 'Ljava/lang/Object;' @16  a 'com/google/inject/TypeLiteral'{0x00000000c5d36908} (0xc5d36908)
 - final 'next' 'Lcom/google/common/cache/ReferenceEntry;' @20  null (0x00000000)
 - volatile 'valueReference' 'Lcom/google/common/cache/LocalCache$ValueReference;' @24  a 'com/google/common/cache/LocalCache$LoadingValueReference'{0x00000000c5a83788} (0xc5a83788)
LockStack[0]: com.google.common.cache.LocalCache$StrongEntry 
{0x00000000c5a83748} - klass: 'com/google/common/cache/LocalCache$StrongEntry' - flags: 

 - ---- fields (total size 4 words):
 - final 'hash' 'I' @12  -444085208 (0xe587cc28)
 - final 'key' 'Ljava/lang/Object;' @16  a 'com/google/inject/spi/InjectionPoint'{0x00000000c5d37168} (0xc5d37168)
 - final 'next' 'Lcom/google/common/cache/ReferenceEntry;' @20  null (0x00000000)
 - volatile 'valueReference' 'Lcom/google/common/cache/LocalCache$ValueReference;' @24  a 'com/google/common/cache/LocalCache$LoadingValueReference'{0x00000000c5a836f0} (0xc5a836f0)


Compiled method (n/a) 422768  590     n 0       java.lang.ClassLoader::defineClass1 (native)
 total in heap  [0x000001fc4472b208,0x000001fc4472b618] = 1040
 main code      [0x000001fc4472b300,0x000001fc4472b616] = 790
 stub code      [0x000001fc4472b616,0x000001fc4472b618] = 2
 mutable data [0x000001fc53114da0,0x000001fc53114dc8] = 40
 relocation     [0x000001fc53114da0,0x000001fc53114dc8] = 40

[Constant Pool (empty)]

[MachCode]
[Entry Point]
  # {method} {0x00000000304a3450} 'defineClass1' '(Ljava/lang/ClassLoader;Ljava/lang/String;[BIILjava/security/ProtectionDomain;Ljava/lang/String;)Ljava/lang/Class;' in 'java/lang/ClassLoader'
  # parm0:    rdx:rdx   = 'java/lang/ClassLoader'
  # parm1:    r8:r8     = 'java/lang/String'
  # parm2:    r9:r9     = '[B'
  # parm3:    rdi       = int
  # parm4:    rsi       = int
  # parm5:    rcx:rcx   = 'java/security/ProtectionDomain'
  # parm6:    [sp+0xa0]   = 'java/lang/String'  (sp of caller)
  0x000001fc4472b300: 6690 448b | 5208 443b 

  0x000001fc4472b308: ;   {runtime_call Shared Runtime ic_miss_blob}
  0x000001fc4472b308: 5008 0f85 | d037 aaff 
[Verified Entry Point]
  0x000001fc4472b310: 8984 2400 | 80ff ff55 | 488b ec48 | 81ec 9000 | 0000 6690 | 4181 7f20 | 0100 0000 

  0x000001fc4472b32c: ;   {runtime_call Stub::method_entry_barrier}
  0x000001fc4472b32c: 7405 e8cd | 8da8 ff48 | 837d 1000 | 488d 4510 | 480f 4445 | 1048 8944 | 2440 4889 | 4c24 7048 
  0x000001fc4472b34c: 83f9 0048 | 8d44 2470 | 480f 4444 | 2470 4889 | 4424 3848 | 8974 2430 | 4889 7c24 | 284c 894c 
  0x000001fc4472b36c: 2458 4983 | f900 488d | 4424 5848 | 0f44 4424 | 5848 8944 | 2420 4c89 | 4424 5049 | 83f8 004c 
  0x000001fc4472b38c: 8d4c 2450 | 4c0f 444c | 2450 4889 | 5424 4848 | 83fa 004c | 8d44 2448 | 4c0f 4444 

  0x000001fc4472b3a8: ;   {oop(a 'java/lang/Class'{0x00000000ffe80170} = 'java/lang/ClassLoader')}
  0x000001fc4472b3a8: 2448 49be | 7001 e8ff | 0000 0000 | 4c89 7424 | 784c 8d74 | 2478 498b 

  0x000001fc4472b3c0: ; ImmutableOopMap {[72]=Oop [80]=Oop [88]=Oop [112]=Oop [120]=Oop [160]=Oop }
                      ;   {section_word}
  0x000001fc4472b3c0: d649 bac1 | b372 44fc | 0100 004d | 8997 3004 | 0000 4989 | a728 0400 | 0049 8d8f | 4804 0000 
  0x000001fc4472b3e0: 41c7 87d4 | 0400 0004 

  0x000001fc4472b3e8: ;   {runtime_call}
  0x000001fc4472b3e8: 0000 0048 | b880 1620 | 8afe 7f00 | 00ff d041 | c787 d404 | 0000 0500 | 0000 f083 | 4424 c000 
  0x000001fc4472b408: 493b 6f28 | 0f87 0e00 | 0000 4183 | bfd0 0400 | 0000 0f84 | 2800 0000 | 4889 45f8 | 498b cf4c 
  0x000001fc4472b428: 8be4 4883 | ec20 4883 

  0x000001fc4472b430: ;   {runtime_call}
  0x000001fc4472b430: e4f0 48b8 | b0c1 8a28 | fe7f 0000 | ffd0 498b | e44d 33e4 | 488b 45f8 | 41c7 87d4 | 0400 0008 
  0x000001fc4472b450: 0000 0041 | 83bf 5005 | 0000 020f | 848b 0100 | 0049 c787 | 2804 0000 | 0000 0000 | 49c7 8730 
  0x000001fc4472b470: 0400 0000 | 0000 0048 | 85c0 0f84 | 2c01 0000 | a803 0f85 | 0800 0000 | 488b 00e9 | 1c01 0000 
  0x000001fc4472b490: a801 0f85 | 0900 0000 | 488b 40fe | e90b 0100 | 0048 8b40 | ff41 807f | 4800 0f84 | fc00 0000 
  0x000001fc4472b4b0: 4883 f800 | 0f84 f200 | 0000 498b | 4f38 4885 | c90f 8414 | 0000 0048 | 83e9 0849 | 894f 3849 
  0x000001fc4472b4d0: 034f 4048 | 8901 e9d1 | 0000 0048 | 83ec 7048 | 8904 2448 | 894c 2408 | 4889 5424 | 104c 8944 
  0x000001fc4472b4f0: 2418 4c89 | 4c24 204c | 8954 2428 | 4c89 5c24 | 30f2 0f11 | 4424 40f2 | 0f11 4c24 | 48f2 0f11 
  0x000001fc4472b510: 5424 50f2 | 0f11 5c24 | 58f2 0f11 | 6424 60f2 | 0f11 6c24 | 6849 8bd7 | 488b c848 | 83ec 2040 
  0x000001fc4472b530: ;   {other}
  0x000001fc4472b530: f6c4 0f0f | 8419 0000 | 0048 83ec 

  0x000001fc4472b53c: ;   {runtime_call}
  0x000001fc4472b53c: 0848 b8d0 | 817d 28fe | 7f00 00ff | d048 83c4 | 08e9 0c00 

  0x000001fc4472b550: ;   {runtime_call}
  0x000001fc4472b550: 0000 48b8 | d081 7d28 | fe7f 0000 | ffd0 4883 | c420 f20f | 106c 2468 | f20f 1064 | 2460 f20f 
  0x000001fc4472b570: 105c 2458 | f20f 1054 | 2450 f20f | 104c 2448 | f20f 1044 | 2440 4c8b | 5c24 304c | 8b54 2428 
  0x000001fc4472b590: 4c8b 4c24 | 204c 8b44 | 2418 488b | 5424 1048 | 8b4c 2408 | 488b 0424 | 4883 c470 | 498b 8fb8 
  0x000001fc4472b5b0: 0400 00c7 | 8100 0100 | 0000 0000 

  0x000001fc4472b5bc: ;   {poll_return}
  0x000001fc4472b5bc: 00c9 41f6 | 4728 0174 

  0x000001fc4472b5c4: ;   {internal_word}
  0x000001fc4472b5c4: 1649 babe | b572 44fc | 0100 004d | 8997 e004 

  0x000001fc4472b5d4: ;   {runtime_call SafepointBlob}
  0x000001fc4472b5d4: 0000 e905 | 55aa ff49 | 837f 0800 | 0f85 0100 

  0x000001fc4472b5e4: ;   {runtime_call Stub::forward_exception}
  0x000001fc4472b5e4: 0000 c3e9 | f45b a5ff | 4889 45f8 | 4c8b e448 | 83ec 2048 

  0x000001fc4472b5f8: ;   {runtime_call}
  0x000001fc4472b5f8: 83e4 f048 | b8a0 16c4 | 28fe 7f00 | 00ff d049 | 8be4 4d33 | e448 8b45 | f8e9 4bfe | ffff f4f4 
[/MachCode]


Compiled method (c1) 423518 1229       3       java.lang.ClassLoader::defineClass (43 bytes)
 total in heap  [0x000001fc3ce15188,0x000001fc3ce159e0] = 2136
 main code      [0x000001fc3ce15280,0x000001fc3ce15968] = 1768
 stub code      [0x000001fc3ce15968,0x000001fc3ce159e0] = 120
 mutable data [0x000001fc53b167c0,0x000001fc53b16898] = 216
 relocation     [0x000001fc53b167c0,0x000001fc53b16858] = 152
 metadata       [0x000001fc53b16858,0x000001fc53b16898] = 64
 immutable data [0x000001fc53b6d970,0x000001fc53b6db80] = 528
 dependencies   [0x000001fc53b6d970,0x000001fc53b6d988] = 24
 nul chk table  [0x000001fc53b6d988,0x000001fc53b6d9b0] = 40
 scopes pcs     [0x000001fc53b6d9b0,0x000001fc53b6da90] = 224
 scopes data    [0x000001fc53b6da90,0x000001fc53b6db80] = 240

[Constant Pool (empty)]

[MachCode]
[Instructions begin]
  0x000001fc3ce15280: 6666 660f | 1f84 0000 | 0000 0066 | 6666 9066 | 6690 448b | 5208 443b 

  0x000001fc3ce15298: ;   {runtime_call Shared Runtime ic_miss_blob}
  0x000001fc3ce15298: 5008 0f85 | 4098 3b07 
[Verified Entry Point]
  0x000001fc3ce152a0: 8984 2400 | 80ff ff55 | 4881 ecb0 | 0000 0090 | 4181 7f20 | 0100 0000 

  0x000001fc3ce152b8: ;   {runtime_call Stub::method_entry_barrier}
  0x000001fc3ce152b8: 7405 e841 | ee39 0748 | 8954 2478 

  0x000001fc3ce152c4: ;   {metadata(method data for {method} {0x00000000304a3778} 'defineClass' '(Ljava/lang/String;[BIILjava/security/ProtectionDomain;)Ljava/lang/Class;' in 'java/lang/ClassLoader')}
  0x000001fc3ce152c4: 48bb 60aa | 194f fc01 | 0000 8b83 | 9000 0000 | 83c0 0289 | 8390 0000 | 0025 fe07 | 0000 85c0 
  0x000001fc3ce152e4: 0f84 a505 | 0000 89b4 | 2494 0000 | 0089 bc24 | 9000 0000 | 4c89 8c24 | 8800 0000 

  0x000001fc3ce15300: ;   {metadata(method data for {method} {0x00000000304a3778} 'defineClass' '(Ljava/lang/String;[BIILjava/security/ProtectionDomain;)Ljava/lang/Class;' in 'java/lang/ClassLoader')}
  0x000001fc3ce15300: 488b da48 | b860 aa19 | 4ffc 0100 | 0048 8380 | d800 0000 | 0149 8bd8 | 4c8b c34c | 8bc9 488b 
  0x000001fc3ce15320: ca48 8bd1 | 4889 9c24 | 8000 0000 

  0x000001fc3ce1532c: ;   {optimized virtual_call}
  0x000001fc3ce1532c: 6666 90e8 

  0x000001fc3ce15330: ; ImmutableOopMap {[120]=Oop [128]=Oop [136]=Oop }
                      ;*invokevirtual preDefineClass {reexecute=0 rethrow=0 return_oop=0}
                      ; - java.lang.ClassLoader::defineClass@4 (line 960)
  0x000001fc3ce15330: ece8 f7ff 

  0x000001fc3ce15334: ;   {post_call_nop}
  0x000001fc3ce15334: 0f1f 8400 | ac01 0000 | 4889 8424 | 9800 0000 | 488b 5424 

  0x000001fc3ce15348: ;   {metadata(method data for {method} {0x00000000304a3778} 'defineClass' '(Ljava/lang/String;[BIILjava/security/ProtectionDomain;)Ljava/lang/Class;' in 'java/lang/ClassLoader')}
  0x000001fc3ce15348: 7849 b860 | aa19 4ffc | 0100 0049 | 8380 0801 

  0x000001fc3ce15358: ;   {metadata(method data for {method} {0x00000000304a34b8} 'defineClassSourceLocation' '(Ljava/security/ProtectionDomain;)Ljava/lang/String;' in 'java/lang/ClassLoader')}
  0x000001fc3ce15358: 0000 0149 | b850 7916 | 4ffc 0100 | 0041 8b90 | 9000 0000 | 83c2 0241 | 8990 9000 | 0000 81e2 
  0x000001fc3ce15378: feff 1f00 | 85d2 0f84 | 2c05 0000 

  0x000001fc3ce15384: ; implicit exception: dispatches to 0x000001fc3ce158d1
  0x000001fc3ce15384: 483b 004c 

  0x000001fc3ce15388: ;   {metadata(method data for {method} {0x00000000304a34b8} 'defineClassSourceLocation' '(Ljava/security/ProtectionDomain;)Ljava/lang/String;' in 'java/lang/ClassLoader')}
  0x000001fc3ce15388: 8bc0 48ba | 5079 164f | fc01 0000 | 458b 4008 | 41ba 0000 | 0030 4d03 | c24c 3b82 | e000 0000 
  0x000001fc3ce153a8: 750d 4883 | 82e8 0000 | 0001 e960 | 0000 004c | 3b82 f000 | 0000 750d | 4883 82f8 | 0000 0001 
  0x000001fc3ce153c8: e94a 0000 | 0048 83ba | e000 0000 | 0075 174c | 8982 e000 | 0000 48c7 | 82e8 0000 | 0001 0000 
  0x000001fc3ce153e8: 00e9 2900 | 0000 4883 | baf0 0000 | 0000 7517 | 4c89 82f0 | 0000 0048 | c782 f800 | 0000 0100 
  0x000001fc3ce15408: 0000 e908 | 0000 0048 | 8382 d800 | 0000 0144 | 8b40 104d 

  0x000001fc3ce1541c: ;   {metadata(method data for {method} {0x00000000304a34b8} 'defineClassSourceLocation' '(Ljava/security/ProtectionDomain;)Ljava/lang/String;' in 'java/lang/ClassLoader')}
  0x000001fc3ce1541c: 85c0 48ba | 5079 164f | fc01 0000 | be18 0100 | 0075 05be | 0801 0000 | 488b 3c32 | 488d 7f01 
  0x000001fc3ce1543c: 4889 3c32 | 0f85 0f00 

  0x000001fc3ce15444: ;   {oop(nullptr)}
  0x000001fc3ce15444: 0000 48bb | 0000 0000 | 0000 0000 | e982 0300 | 0049 3b00 

  0x000001fc3ce15458: ;   {metadata(method data for {method} {0x00000000304a34b8} 'defineClassSourceLocation' '(Ljava/security/ProtectionDomain;)Ljava/lang/String;' in 'java/lang/ClassLoader')}
  0x000001fc3ce15458: 498b d048 | be50 7916 | 4ffc 0100 | 008b 5208 | 41ba 0000 | 0030 4903 | d248 3b96 | 3001 0000 
  0x000001fc3ce15478: 750d 4883 | 8638 0100 | 0001 e960 | 0000 0048 | 3b96 4001 | 0000 750d | 4883 8648 | 0100 0001 
  0x000001fc3ce15498: e94a 0000 | 0048 83be | 3001 0000 | 0075 1748 | 8996 3001 | 0000 48c7 | 8638 0100 | 0001 0000 
  0x000001fc3ce154b8: 00e9 2900 | 0000 4883 | be40 0100 | 0000 7517 | 4889 9640 | 0100 0048 | c786 4801 | 0000 0100 
  0x000001fc3ce154d8: 0000 e908 | 0000 0048 | 8386 2801 | 0000 0141 | 8b50 0c48 

  0x000001fc3ce154ec: ;   {metadata(method data for {method} {0x00000000304a34b8} 'defineClassSourceLocation' '(Ljava/security/ProtectionDomain;)Ljava/lang/String;' in 'java/lang/ClassLoader')}
  0x000001fc3ce154ec: 85d2 48be | 5079 164f | fc01 0000 | bf68 0100 | 0075 05bf | 5801 0000 | 488b 1c3e | 488d 5b01 
  0x000001fc3ce1550c: 4889 1c3e | 0f85 0f00 

  0x000001fc3ce15514: ;   {oop(nullptr)}
  0x000001fc3ce15514: 0000 48bb | 0000 0000 | 0000 0000 | e9b2 0200 

  0x000001fc3ce15524: ;   {metadata(method data for {method} {0x00000000304a34b8} 'defineClassSourceLocation' '(Ljava/security/ProtectionDomain;)Ljava/lang/String;' in 'java/lang/ClassLoader')}
  0x000001fc3ce15524: 0048 be50 | 7916 4ffc | 0100 0045 | 8b40 0841 | ba00 0000 | 304d 03c2 | 4c3b 8680 | 0100 0075 
  0x000001fc3ce15544: 0d48 8386 | 8801 0000 | 01e9 6000 | 0000 4c3b | 8690 0100 | 0075 0d48 | 8386 9801 | 0000 01e9 
  0x000001fc3ce15564: 4a00 0000 | 4883 be80 | 0100 0000 | 7517 4c89 | 8680 0100 | 0048 c786 | 8801 0000 | 0100 0000 
  0x000001fc3ce15584: e929 0000 | 0048 83be | 9001 0000 | 0075 174c | 8986 9001 | 0000 48c7 | 8698 0100 | 0001 0000 
  0x000001fc3ce155a4: 00e9 0800 | 0000 4883 | 8678 0100 | 0001 483b | 024c 8bc2 

  0x000001fc3ce155b8: ;   {metadata(method data for {method} {0x00000000304a34b8} 'defineClassSourceLocation' '(Ljava/security/ProtectionDomain;)Ljava/lang/String;' in 'java/lang/ClassLoader')}
  0x000001fc3ce155b8: 48be 5079 | 164f fc01 | 0000 458b | 4008 41ba | 0000 0030 | 4d03 c24c | 3b86 b001 | 0000 750d 
  0x000001fc3ce155d8: 4883 86b8 | 0100 0001 | e960 0000 | 004c 3b86 | c001 0000 | 750d 4883 | 86c8 0100 | 0001 e94a 
  0x000001fc3ce155f8: 0000 0048 | 83be b001 | 0000 0075 | 174c 8986 | b001 0000 | 48c7 86b8 | 0100 0001 | 0000 00e9 
  0x000001fc3ce15618: 2900 0000 | 4883 bec0 | 0100 0000 | 7517 4c89 | 86c0 0100 | 0048 c786 | c801 0000 | 0100 0000 
  0x000001fc3ce15638: e908 0000 | 0048 8386 | a801 0000 

  0x000001fc3ce15644: ;   {metadata(method data for {method} {0x00000000301caf20} 'toString' '()Ljava/lang/String;' in 'java/net/URL')}
  0x000001fc3ce15644: 0149 b800 | 0615 4ffc | 0100 0041 | 8bb0 9000 | 0000 83c6 | 0241 89b0 | 9000 0000 | 81e6 feff 
  0x000001fc3ce15664: 1f00 85f6 | 0f84 7202 | 0000 4c8b 

  0x000001fc3ce15670: ;   {metadata(method data for {method} {0x00000000301caf20} 'toString' '()Ljava/lang/String;' in 'java/net/URL')}
  0x000001fc3ce15670: c248 be00 | 0615 4ffc | 0100 0045 | 8b40 0841 | ba00 0000 | 304d 03c2 | 4c3b 86e0 | 0000 0075 
  0x000001fc3ce15690: 0d48 8386 | e800 0000 | 01e9 6000 | 0000 4c3b | 86f0 0000 | 0075 0d48 | 8386 f800 | 0000 01e9 
  0x000001fc3ce156b0: 4a00 0000 | 4883 bee0 | 0000 0000 | 7517 4c89 | 86e0 0000 | 0048 c786 | e800 0000 | 0100 0000 
  0x000001fc3ce156d0: e929 0000 | 0048 83be | f000 0000 | 0075 174c | 8986 f000 | 0000 48c7 | 86f8 0000 | 0001 0000 
  0x000001fc3ce156f0: 00e9 0800 | 0000 4883 | 86d8 0000 

  0x000001fc3ce156fc: ;   {metadata(method data for {method} {0x00000000301cb7b8} 'toExternalForm' '()Ljava/lang/String;' in 'java/net/URL')}
  0x000001fc3ce156fc: 0001 49b8 | 100a 114f | fc01 0000 | 418b b090 | 0000 0083 | c602 4189 | b090 0000 | 0081 e6fe 
  0x000001fc3ce1571c: ff1f 0085 | f60f 84da | 0100 008b | 7238 483b | 064c 8bc6 

  0x000001fc3ce15730: ;   {metadata(method data for {method} {0x00000000301cb7b8} 'toExternalForm' '()Ljava/lang/String;' in 'java/net/URL')}
  0x000001fc3ce15730: 48bf 100a | 114f fc01 | 0000 458b | 4008 41ba | 0000 0030 | 4d03 c24c | 3b87 e000 | 0000 750d 
  0x000001fc3ce15750: 4883 87e8 | 0000 0001 | e960 0000 | 004c 3b87 | f000 0000 | 750d 4883 | 87f8 0000 | 0001 e94a 
  0x000001fc3ce15770: 0000 0048 | 83bf e000 | 0000 0075 | 174c 8987 | e000 0000 | 48c7 87e8 | 0000 0001 | 0000 00e9 
  0x000001fc3ce15790: 2900 0000 | 4883 bff0 | 0000 0000 | 7517 4c89 | 87f0 0000 | 0048 c787 | f800 0000 | 0100 0000 
  0x000001fc3ce157b0: e908 0000 | 0048 8387 | d800 0000 | 014c 8bc2 | 488b d60f 

  0x000001fc3ce157c4: ;   {optimized virtual_call}
  0x000001fc3ce157c4: 1f40 00e8 

  0x000001fc3ce157c8: ; ImmutableOopMap {[120]=Oop [128]=Oop [136]=Oop [152]=Oop }
                      ;*invokevirtual toExternalForm {reexecute=0 rethrow=0 return_oop=0}
                      ; - java.net.URL::toExternalForm@5 (line 1153)
                      ; - java.net.URL::toString@1 (line 1139)
                      ; - java.lang.ClassLoader::defineClassSourceLocation@22 (line 864)
                      ; - java.lang.ClassLoader::defineClass@12 (line 961)
  0x000001fc3ce157c8: d40c f0ff 

  0x000001fc3ce157cc: ;   {post_call_nop}
  0x000001fc3ce157cc: 0f1f 8400 | 4406 0001 | 488b d848 | 8b84 2498 | 0000 008b | b424 9400 | 0000 8bbc | 2490 0000 
  0x000001fc3ce157ec: 004c 8b8c | 2488 0000 | 004c 8b84 | 2480 0000 | 0048 8b54 

  0x000001fc3ce15800: ;   {metadata(method data for {method} {0x00000000304a3778} 'defineClass' '(Ljava/lang/String;[BIILjava/security/ProtectionDomain;)Ljava/lang/Class;' in 'java/lang/ClassLoader')}
  0x000001fc3ce15800: 2478 48b9 | 60aa 194f | fc01 0000 | 4883 8138 | 0100 0001 | 4c8b da49 | 8bd3 488b | c848 891c 
  0x000001fc3ce15820: 2466 0f1f 

  0x000001fc3ce15824: ;   {static_call}
  0x000001fc3ce15824: 4400 00e8 

  0x000001fc3ce15828: ; ImmutableOopMap {[120]=Oop [152]=Oop }
                      ;*invokestatic defineClass1 {reexecute=0 rethrow=0 return_oop=0}
                      ; - java.lang.ClassLoader::defineClass@27 (line 962)
  0x000001fc3ce15828: e45a 9107 

  0x000001fc3ce1582c: ;   {post_call_nop}
  0x000001fc3ce1582c: 0f1f 8400 | a406 0002 | 488b 5424 

  0x000001fc3ce15838: ;   {metadata(method data for {method} {0x00000000304a3778} 'defineClass' '(Ljava/lang/String;[BIILjava/security/ProtectionDomain;)Ljava/lang/Class;' in 'java/lang/ClassLoader')}
  0x000001fc3ce15838: 7849 b860 | aa19 4ffc | 0100 0049 | 8380 4801 | 0000 014c | 8bc0 4c8b | 8c24 9800 | 0000 488b 
  0x000001fc3ce15858: 5424 7848 | 8984 24a0 | 0000 000f 

  0x000001fc3ce15864: ;   {optimized virtual_call}
  0x000001fc3ce15864: 1f40 00e8 

  0x000001fc3ce15868: ; ImmutableOopMap {[160]=Oop }
                      ;*invokevirtual postDefineClass {reexecute=0 rethrow=0 return_oop=0}
                      ; - java.lang.ClassLoader::defineClass@37 (line 963)
  0x000001fc3ce15868: b40d f8ff 

  0x000001fc3ce1586c: ;   {post_call_nop}
  0x000001fc3ce1586c: 0f1f 8400 | e406 0003 | 488b 8424 | a000 0000 | 4881 c4b0 | 0000 005d 

  0x000001fc3ce15884: ;   {poll_return}
  0x000001fc3ce15884: 493b 6728 | 0f87 9900 

  0x000001fc3ce1588c: ;   {metadata({method} {0x00000000304a3778} 'defineClass' '(Ljava/lang/String;[BIILjava/security/ProtectionDomain;)Ljava/lang/Class;' in 'java/lang/ClassLoader')}
  0x000001fc3ce1588c: 0000 c349 | ba70 374a | 3000 0000 | 004c 8954 | 2408 48c7 | 0424 ffff 

  0x000001fc3ce158a4: ;   {runtime_call C1 Runtime counter_overflow_blob}
  0x000001fc3ce158a4: ffff e8b5 

  0x000001fc3ce158a8: ; ImmutableOopMap {rdx=Oop r8=Oop r9=Oop rcx=Oop [120]=Oop }
                      ;*synchronization entry
                      ; - java.lang.ClassLoader::defineClass@-1 (line 960)
  0x000001fc3ce158a8: 9248 07e9 | 3afa ffff 

  0x000001fc3ce158b0: ;   {metadata({method} {0x00000000304a34b8} 'defineClassSourceLocation' '(Ljava/security/ProtectionDomain;)Ljava/lang/String;' in 'java/lang/ClassLoader')}
  0x000001fc3ce158b0: 49ba b034 | 4a30 0000 | 0000 4c89 | 5424 0848 | c704 24ff 

  0x000001fc3ce158c4: ;   {runtime_call C1 Runtime counter_overflow_blob}
  0x000001fc3ce158c4: ffff ffe8 

  0x000001fc3ce158c8: ; ImmutableOopMap {rax=Oop [120]=Oop [128]=Oop [136]=Oop [152]=Oop }
                      ;*synchronization entry
                      ; - java.lang.ClassLoader::defineClassSourceLocation@-1 (line 861)
                      ; - java.lang.ClassLoader::defineClass@12 (line 961)
  0x000001fc3ce158c8: 9492 4807 | e9b3 faff 

  0x000001fc3ce158d0: ;   {runtime_call C1 Runtime throw_null_pointer_exception_blob}
  0x000001fc3ce158d0: ffe8 0a6e 

  0x000001fc3ce158d4: ; ImmutableOopMap {rax=Oop [120]=Oop [128]=Oop [136]=Oop [152]=Oop }
                      ;*invokevirtual getCodeSource {reexecute=0 rethrow=0 return_oop=0}
                      ; - java.lang.ClassLoader::defineClassSourceLocation@1 (line 861)
                      ; - java.lang.ClassLoader::defineClass@12 (line 961)
                      ;   {runtime_call C1 Runtime throw_null_pointer_exception_blob}
  0x000001fc3ce158d4: 3f07 e805 

  0x000001fc3ce158d8: ; ImmutableOopMap {rax=Oop r8=Oop [120]=Oop [128]=Oop [136]=Oop [152]=Oop }
                      ;*invokevirtual getLocation {reexecute=0 rethrow=0 return_oop=0}
                      ; - java.lang.ClassLoader::defineClassSourceLocation@12 (line 863)
                      ; - java.lang.ClassLoader::defineClass@12 (line 961)
                      ;   {runtime_call C1 Runtime throw_null_pointer_exception_blob}
  0x000001fc3ce158d8: 6e3f 07e8 

  0x000001fc3ce158dc: ; ImmutableOopMap {rdx=Oop [120]=Oop [128]=Oop [136]=Oop [152]=Oop }
                      ;*invokevirtual toString {reexecute=0 rethrow=0 return_oop=0}
                      ; - java.lang.ClassLoader::defineClassSourceLocation@22 (line 864)
                      ; - java.lang.ClassLoader::defineClass@12 (line 961)
  0x000001fc3ce158dc: 006e 3f07 

  0x000001fc3ce158e0: ;   {metadata({method} {0x00000000301caf20} 'toString' '()Ljava/lang/String;' in 'java/net/URL')}
  0x000001fc3ce158e0: 49ba 18af | 1c30 0000 | 0000 4c89 | 5424 0848 | c704 24ff 

  0x000001fc3ce158f4: ;   {runtime_call C1 Runtime counter_overflow_blob}
  0x000001fc3ce158f4: ffff ffe8 

  0x000001fc3ce158f8: ; ImmutableOopMap {rdx=Oop [120]=Oop [128]=Oop [136]=Oop [152]=Oop }
                      ;*synchronization entry
                      ; - java.net.URL::toString@-1 (line 1139)
                      ; - java.lang.ClassLoader::defineClassSourceLocation@22 (line 864)
                      ; - java.lang.ClassLoader::defineClass@12 (line 961)
  0x000001fc3ce158f8: 6492 4807 | e96d fdff 

  0x000001fc3ce15900: ;   {metadata({method} {0x00000000301cb7b8} 'toExternalForm' '()Ljava/lang/String;' in 'java/net/URL')}
  0x000001fc3ce15900: ff49 bab0 | b71c 3000 | 0000 004c | 8954 2408 | 48c7 0424 | ffff ffff 

  0x000001fc3ce15918: ;   {runtime_call C1 Runtime counter_overflow_blob}
  0x000001fc3ce15918: e843 9248 

  0x000001fc3ce1591c: ; ImmutableOopMap {rdx=Oop [120]=Oop [128]=Oop [136]=Oop [152]=Oop }
                      ;*synchronization entry
                      ; - java.net.URL::toExternalForm@-1 (line 1153)
                      ; - java.net.URL::toString@1 (line 1139)
                      ; - java.lang.ClassLoader::defineClassSourceLocation@22 (line 864)
                      ; - java.lang.ClassLoader::defineClass@12 (line 961)
  0x000001fc3ce1591c: 07e9 05fe 

  0x000001fc3ce15920: ;   {runtime_call C1 Runtime throw_null_pointer_exception_blob}
  0x000001fc3ce15920: ffff e8b9 

  0x000001fc3ce15924: ; ImmutableOopMap {rdx=Oop rsi=Oop [120]=Oop [128]=Oop [136]=Oop [152]=Oop }
                      ;*invokevirtual toExternalForm {reexecute=0 rethrow=0 return_oop=0}
                      ; - java.net.URL::toExternalForm@5 (line 1153)
                      ; - java.net.URL::toString@1 (line 1139)
                      ; - java.lang.ClassLoader::defineClassSourceLocation@22 (line 864)
                      ; - java.lang.ClassLoader::defineClass@12 (line 961)
                      ;   {internal_word}
  0x000001fc3ce15924: 6d3f 0749 | ba84 58e1 | 3cfc 0100 | 004d 8997 | e004 0000 

  0x000001fc3ce15938: ;   {runtime_call SafepointBlob}
  0x000001fc3ce15938: e9a3 b13b | 0749 8b87 | 8805 0000 | 49c7 8788 | 0500 0000 | 0000 0049 | c787 9005 | 0000 0000 
  0x000001fc3ce15958: 0000 4881 | c4b0 0000 

  0x000001fc3ce15960: ;   {runtime_call C1 Runtime unwind_exception_blob}
  0x000001fc3ce15960: 005d e979 | 7c3f 07f4 
[Stub Code]
  0x000001fc3ce15968: ;   {other}
  0x000001fc3ce15968: 0f1f 4400 

  0x000001fc3ce1596c: ;   {static_stub}
  0x000001fc3ce1596c: 0048 bb00 | 0000 0000 

  0x000001fc3ce15974: ;   {runtime_call nmethod}
  0x000001fc3ce15974: 0000 00e9 | fbff ffff 

  0x000001fc3ce1597c: ;   {static_stub}
  0x000001fc3ce1597c: 48bb 0000 | 0000 0000 

  0x000001fc3ce15984: ;   {runtime_call nmethod}
  0x000001fc3ce15984: 0000 e9fb 

  0x000001fc3ce15988: ;   {static_stub}
  0x000001fc3ce15988: ffff ff48 | bb00 0000 | 0000 0000 

  0x000001fc3ce15994: ;   {runtime_call nmethod}
  0x000001fc3ce15994: 00e9 fbff 

  0x000001fc3ce15998: ;   {static_stub}
  0x000001fc3ce15998: ffff 48bb | 0000 0000 | 0000 0000 

  0x000001fc3ce159a4: ;   {runtime_call nmethod}
  0x000001fc3ce159a4: e9fb ffff 

  0x000001fc3ce159a8: ;   {runtime_call C1 Runtime handle_exception_from_callee_blob}
  0x000001fc3ce159a8: ffe8 324f 

  0x000001fc3ce159ac: ;   {external_word}
  0x000001fc3ce159ac: 3f07 48b9 | 7000 f628 | fe7f 0000 | 4883 e4f0 

  0x000001fc3ce159bc: ;   {runtime_call}
  0x000001fc3ce159bc: 48b8 7090 | b028 fe7f | 0000 ffd0 

  0x000001fc3ce159c8: ;   {section_word}
  0x000001fc3ce159c8: f449 bac9 | 59e1 3cfc | 0100 0041 

  0x000001fc3ce159d4: ;   {runtime_call DeoptimizationBlob}
  0x000001fc3ce159d4: 52e9 06b4 | 3b07 f4f4 | f4f4 f4f4 
[/MachCode]


Compiled method (c1) 425440 1004       3       java.security.SecureClassLoader::defineClass (16 bytes)
 total in heap  [0x000001fc3cdb3788,0x000001fc3cdb3aa0] = 792
 main code      [0x000001fc3cdb3880,0x000001fc3cdb3a50] = 464
 stub code      [0x000001fc3cdb3a50,0x000001fc3cdb3aa0] = 80
 mutable data [0x000001fc5324d860,0x000001fc5324d8b8] = 88
 relocation     [0x000001fc5324d860,0x000001fc5324d8b0] = 80
 metadata       [0x000001fc5324d8b0,0x000001fc5324d8b8] = 8
 immutable data [0x000001fc53b15e10,0x000001fc53b15eb0] = 160
 dependencies   [0x000001fc53b15e10,0x000001fc53b15e18] = 8
 scopes pcs     [0x000001fc53b15e18,0x000001fc53b15e68] = 80
 scopes data    [0x000001fc53b15e68,0x000001fc53b15eb0] = 72

[Constant Pool (empty)]

[MachCode]
[Instructions begin]
  0x000001fc3cdb3880: 6666 660f | 1f84 0000 | 0000 0066 | 6666 9066 | 6690 448b | 5208 443b 

  0x000001fc3cdb3898: ;   {runtime_call Shared Runtime ic_miss_blob}
  0x000001fc3cdb3898: 5008 0f85 | 40b2 4107 
[Verified Entry Point]
  0x000001fc3cdb38a0: 8984 2400 | 80ff ff55 | 4883 ec70 | 4181 7f20 | 0100 0000 

  0x000001fc3cdb38b4: ;   {runtime_call Stub::method_entry_barrier}
  0x000001fc3cdb38b4: 7405 e845 

  0x000001fc3cdb38b8: ;   {metadata(method data for {method} {0x00000000301caa80} 'defineClass' '(Ljava/lang/String;[BIILjava/security/CodeSource;)Ljava/lang/Class;' in 'java/security/SecureClassLoader')}
  0x000001fc3cdb38b8: 0840 0748 | bbc0 a819 | 4ffc 0100 | 008b 8390 | 0000 0083 | c002 8983 | 9000 0000 | 25fe 0700 
  0x000001fc3cdb38d8: 0085 c00f | 840b 0100 | 0089 7424 | 5c89 7c24 | 584c 894c | 2450 4c89 | 4424 4848 

  0x000001fc3cdb38f4: ;   {metadata(method data for {method} {0x00000000301caa80} 'defineClass' '(Ljava/lang/String;[BIILjava/security/CodeSource;)Ljava/lang/Class;' in 'java/security/SecureClassLoader')}
  0x000001fc3cdb38f4: 8bda 48b8 | c0a8 194f | fc01 0000 | 4883 80d8 | 0000 0001 | 4c8b c148 | 8bc2 488b | d048 8944 
  0x000001fc3cdb3914: ;   {optimized virtual_call}
  0x000001fc3cdb3914: 2440 90e8 

  0x000001fc3cdb3918: ; ImmutableOopMap {[64]=Oop [72]=Oop [80]=Oop }
                      ;*invokevirtual getProtectionDomain {reexecute=0 rethrow=0 return_oop=0}
                      ; - java.security.SecureClassLoader::defineClass@9 (line 144)
  0x000001fc3cdb3918: 84f7 fdff 

  0x000001fc3cdb391c: ;   {post_call_nop}
  0x000001fc3cdb391c: 0f1f 8400 | 9401 0000 | 488b 5424 

  0x000001fc3cdb3928: ;   {metadata(method data for {method} {0x00000000301caa80} 'defineClass' '(Ljava/lang/String;[BIILjava/security/CodeSource;)Ljava/lang/Class;' in 'java/security/SecureClassLoader')}
  0x000001fc3cdb3928: 4049 b8c0 | a819 4ffc | 0100 008b | 5208 41ba | 0000 0030 | 4903 d249 | 3b90 1001 | 0000 750d 
  0x000001fc3cdb3948: 4983 8018 | 0100 0001 | e960 0000 | 0049 3b90 | 2001 0000 | 750d 4983 | 8028 0100 | 0001 e94a 
  0x000001fc3cdb3968: 0000 0049 | 83b8 1001 | 0000 0075 | 1749 8990 | 1001 0000 | 49c7 8018 | 0100 0001 | 0000 00e9 
  0x000001fc3cdb3988: 2900 0000 | 4983 b820 | 0100 0000 | 7517 4989 | 9020 0100 | 0049 c780 | 2801 0000 | 0100 0000 
  0x000001fc3cdb39a8: e908 0000 | 0049 8380 | 0801 0000 | 014c 8b44 | 2448 4c8b | 4c24 508b | 7c24 588b | 7424 5c48 
  0x000001fc3cdb39c8: 8bc8 488b 

  0x000001fc3cdb39cc: ;   {optimized virtual_call}
  0x000001fc3cdb39cc: 5424 40e8 

  0x000001fc3cdb39d0: ; ImmutableOopMap {}
                      ;*invokevirtual defineClass {reexecute=0 rethrow=0 return_oop=0}
                      ; - java.security.SecureClassLoader::defineClass@12 (line 144)
  0x000001fc3cdb39d0: cc18 0600 

  0x000001fc3cdb39d4: ;   {post_call_nop}
  0x000001fc3cdb39d4: 0f1f 8400 | 4c02 0001 | 4883 c470 

  0x000001fc3cdb39e0: ;   {poll_return}
  0x000001fc3cdb39e0: 5d49 3b67 | 280f 8722 | 0000 00c3 

  0x000001fc3cdb39ec: ;   {metadata({method} {0x00000000301caa80} 'defineClass' '(Ljava/lang/String;[BIILjava/security/CodeSource;)Ljava/lang/Class;' in 'java/security/SecureClassLoader')}
  0x000001fc3cdb39ec: 49ba 78aa | 1c30 0000 | 0000 4c89 | 5424 0848 | c704 24ff 

  0x000001fc3cdb3a00: ;   {runtime_call C1 Runtime counter_overflow_blob}
  0x000001fc3cdb3a00: ffff ffe8 

  0x000001fc3cdb3a04: ; ImmutableOopMap {rdx=Oop r8=Oop r9=Oop rcx=Oop }
                      ;*synchronization entry
                      ; - java.security.SecureClassLoader::defineClass@-1 (line 144)
  0x000001fc3cdb3a04: 58b1 4e07 | e9d4 feff 

  0x000001fc3cdb3a0c: ;   {internal_word}
  0x000001fc3cdb3a0c: ff49 bae1 | 39db 3cfc | 0100 004d | 8997 e004 

  0x000001fc3cdb3a1c: ;   {runtime_call SafepointBlob}
  0x000001fc3cdb3a1c: 0000 e9bd | d041 0749 | 8b87 8805 | 0000 49c7 | 8788 0500 | 0000 0000 | 0049 c787 | 9005 0000 
  0x000001fc3cdb3a3c: 0000 0000 | 4883 c470 

  0x000001fc3cdb3a44: ;   {runtime_call C1 Runtime unwind_exception_blob}
  0x000001fc3cdb3a44: 5de9 969b | 4507 f4f4 | f4f4 f4f4 
[Stub Code]
  0x000001fc3cdb3a50: ;   {static_stub}
  0x000001fc3cdb3a50: 48bb 0000 | 0000 0000 

  0x000001fc3cdb3a58: ;   {runtime_call nmethod}
  0x000001fc3cdb3a58: 0000 e9fb 

  0x000001fc3cdb3a5c: ;   {static_stub}
  0x000001fc3cdb3a5c: ffff ff48 | bb70 374a | 3000 0000 

  0x000001fc3cdb3a68: ;   {runtime_call I2C/C2I adapters}
  0x000001fc3cdb3a68: 00e9 d61e 

  0x000001fc3cdb3a6c: ;   {runtime_call C1 Runtime handle_exception_from_callee_blob}
  0x000001fc3cdb3a6c: 4107 e86d 

  0x000001fc3cdb3a70: ;   {external_word}
  0x000001fc3cdb3a70: 6e45 0748 | b970 00f6 | 28fe 7f00 | 0048 83e4 

  0x000001fc3cdb3a80: ;   {runtime_call}
  0x000001fc3cdb3a80: f048 b870 | 90b0 28fe | 7f00 00ff 

  0x000001fc3cdb3a8c: ;   {section_word}
  0x000001fc3cdb3a8c: d0f4 49ba | 8e3a db3c | fc01 0000 

  0x000001fc3cdb3a98: ;   {runtime_call DeoptimizationBlob}
  0x000001fc3cdb3a98: 4152 e941 | d341 07f4 
[/MachCode]


---------------  P R O C E S S  ---------------

Threads class SMR info:
_java_thread_list=0x000001fc535710c0, length=11, elements={
0x000001fc31dfd9c0, 0x000001fc4eee2ad0, 0x000001fc4eee5ef0, 0x000001fc4eeea830,
0x000001fc4eeec550, 0x000001fc4eeefb00, 0x000001fc4eef06c0, 0x000001fc4eef15b0,
0x000001fc4ef6d0b0, 0x000001fc5304b800, 0x000001fc5304c410
}

Java Threads: ( => current thread )
=>0x000001fc31dfd9c0 JavaThread "main"                              [_thread_in_vm, id=2704, stack(0x0000002c0aa00000,0x0000002c0ab00000) (1024K)]
  0x000001fc4eee2ad0 JavaThread "Reference Handler"          daemon [_thread_blocked, id=1536, stack(0x0000002c0b200000,0x0000002c0b300000) (1024K)]
  0x000001fc4eee5ef0 JavaThread "Finalizer"                  daemon [_thread_blocked, id=8844, stack(0x0000002c0b300000,0x0000002c0b400000) (1024K)]
  0x000001fc4eeea830 JavaThread "Signal Dispatcher"          daemon [_thread_blocked, id=1068, stack(0x0000002c0b400000,0x0000002c0b500000) (1024K)]
  0x000001fc4eeec550 JavaThread "Attach Listener"            daemon [_thread_blocked, id=14144, stack(0x0000002c0b500000,0x0000002c0b600000) (1024K)]
  0x000001fc4eeefb00 JavaThread "Service Thread"             daemon [_thread_blocked, id=12864, stack(0x0000002c0b600000,0x0000002c0b700000) (1024K)]
  0x000001fc4eef06c0 JavaThread "Monitor Deflation Thread"   daemon [_thread_blocked, id=8740, stack(0x0000002c0b700000,0x0000002c0b800000) (1024K)]
  0x000001fc4eef15b0 JavaThread "C2 CompilerThread0"         daemon [_thread_blocked, id=6656, stack(0x0000002c0b800000,0x0000002c0b900000) (1024K)]
  0x000001fc4ef6d0b0 JavaThread "C1 CompilerThread0"         daemon [_thread_blocked, id=12808, stack(0x0000002c0b900000,0x0000002c0ba00000) (1024K)]
  0x000001fc5304b800 JavaThread "Notification Thread"        daemon [_thread_blocked, id=8300, stack(0x0000002c0ba00000,0x0000002c0bb00000) (1024K)]
  0x000001fc5304c410 JavaThread "Common-Cleaner"             daemon [_thread_blocked, id=9872, stack(0x0000002c0bb00000,0x0000002c0bc00000) (1024K)]
Total: 11

Other Threads:
  0x000001fc3421ea90 VMThread "VM Thread"                           [id=9400, stack(0x0000002c0b100000,0x0000002c0b200000) (1024K)]
  0x000001fc34214de0 WatcherThread "VM Periodic Task Thread"        [id=13464, stack(0x0000002c0b000000,0x0000002c0b100000) (1024K)]
  0x000001fc341955a0 WorkerThread "GC Thread#0"                     [id=10944, stack(0x0000002c0ab00000,0x0000002c0ac00000) (1024K)]
  0x000001fc5312b120 WorkerThread "GC Thread#1"                     [id=8440, stack(0x0000002c0a800000,0x0000002c0a900000) (1024K)]
  0x000001fc341a1e30 ConcurrentGCThread "G1 Main Marker"            [id=13212, stack(0x0000002c0ac00000,0x0000002c0ad00000) (1024K)]
  0x000001fc341a29d0 WorkerThread "G1 Conc#0"                       [id=4088, stack(0x0000002c0ad00000,0x0000002c0ae00000) (1024K)]
  0x000001fc341bd190 ConcurrentGCThread "G1 Refine#0"               [id=15060, stack(0x0000002c0ae00000,0x0000002c0af00000) (1024K)]
  0x000001fc341bdda0 ConcurrentGCThread "G1 Service"                [id=14776, stack(0x0000002c0af00000,0x0000002c0b000000) (1024K)]
Total: 8

Threads with active compile tasks:
Total: 0

VM state: not at safepoint (normal execution)

VM Mutex/Monitor currently owned by a thread:  ([mutex/lock_event])
[0x00007ffe292541c8] Metaspace_lock - owner thread: 0x000001fc31dfd9c0

Heap address: 0x00000000c2c00000, size: 980 MB, Compressed Oops mode: 32-bit

CDS archive(s) mapped at: [0x0000000030000000-0x0000000030dd0000-0x0000000030dd0000), size 14483456, SharedBaseAddress: 0x0000000030000000, ArchiveRelocationMode: 1.
Compressed class space mapped at: 0x0000000031000000-0x0000000071000000, reserved size: 1073741824
UseCompressedClassPointers 1, UseCompactObjectHeaders 0
Narrow klass pointer bits 32, Max shift 3
Narrow klass base: 0x0000000030000000, Narrow klass shift: 0
Encoding Range: [0x0000000030000000 - 0x0000000130000000), (4294967296 bytes)
Klass Range:    [0x0000000030010000 - 0x0000000071000000), (1090453504 bytes)
Klass ID Range:  [65536 - 1090519033) (1090453497)
Protection zone: [0x0000000030000000 - 0x0000000030010000), (65536 bytes)

GC Precious Log:
 CardTable entry size: 512
 Card Set container configuration: InlinePtr #cards 5 size 8 Array Of Cards #cards 10 size 36 Howl #buckets 4 coarsen threshold 1843 Howl Bitmap #cards 512 size 80 coarsen threshold 460 Card regions per heap region 1 cards per card region 2048
 CPUs: 2 total, 2 available
 Memory: 3919M
 Large Page Support: Disabled
 NUMA Support: Disabled
 Compressed Oops: Enabled (32-bit)
 Heap Region Size: 1M
 Heap Min Capacity: 8M
 Heap Initial Capacity: 62M
 Heap Max Capacity: 980M
 Pre-touch: Disabled
 Parallel Workers: 2
 Concurrent Workers: 1
 Concurrent Refinement Workers: 2
 Periodic GC: Disabled

Heap:
 garbage-first heap   total reserved 1003520K, committed 65536K, used 20589K [0x00000000c2c00000, 0x0000000100000000)
  region size 1024K, 20 young (20480K), 4 survivors (4096K)

Heap Regions: E=young(eden), S=young(survivor), O=old, HS=humongous(starts), HC=humongous(continues), CS=collection set, F=free, TAMS=top-at-mark-start, PB=parsable bottom
|   0|0x00000000c2c00000, 0x00000000c2ca2010, 0x00000000c2d00000| 63%| O|  |TAMS 0x00000000c2c00000| PB 0x00000000c2c00000| Untracked |  0
|   1|0x00000000c2d00000, 0x00000000c2d00000, 0x00000000c2e00000|  0%| F|  |TAMS 0x00000000c2d00000| PB 0x00000000c2d00000| Untracked |  0
|   2|0x00000000c2e00000, 0x00000000c2e00000, 0x00000000c2f00000|  0%| F|  |TAMS 0x00000000c2e00000| PB 0x00000000c2e00000| Untracked |  0
|   3|0x00000000c2f00000, 0x00000000c2f00000, 0x00000000c3000000|  0%| F|  |TAMS 0x00000000c2f00000| PB 0x00000000c2f00000| Untracked |  0
|   4|0x00000000c3000000, 0x00000000c3000000, 0x00000000c3100000|  0%| F|  |TAMS 0x00000000c3000000| PB 0x00000000c3000000| Untracked |  0
|   5|0x00000000c3100000, 0x00000000c3100000, 0x00000000c3200000|  0%| F|  |TAMS 0x00000000c3100000| PB 0x00000000c3100000| Untracked |  0
|   6|0x00000000c3200000, 0x00000000c3200000, 0x00000000c3300000|  0%| F|  |TAMS 0x00000000c3200000| PB 0x00000000c3200000| Untracked |  0
|   7|0x00000000c3300000, 0x00000000c3300000, 0x00000000c3400000|  0%| F|  |TAMS 0x00000000c3300000| PB 0x00000000c3300000| Untracked |  0
|   8|0x00000000c3400000, 0x00000000c3400000, 0x00000000c3500000|  0%| F|  |TAMS 0x00000000c3400000| PB 0x00000000c3400000| Untracked |  0
|   9|0x00000000c3500000, 0x00000000c3500000, 0x00000000c3600000|  0%| F|  |TAMS 0x00000000c3500000| PB 0x00000000c3500000| Untracked |  0
|  10|0x00000000c3600000, 0x00000000c3600000, 0x00000000c3700000|  0%| F|  |TAMS 0x00000000c3600000| PB 0x00000000c3600000| Untracked |  0
|  11|0x00000000c3700000, 0x00000000c3700000, 0x00000000c3800000|  0%| F|  |TAMS 0x00000000c3700000| PB 0x00000000c3700000| Untracked |  0
|  12|0x00000000c3800000, 0x00000000c3800000, 0x00000000c3900000|  0%| F|  |TAMS 0x00000000c3800000| PB 0x00000000c3800000| Untracked |  0
|  13|0x00000000c3900000, 0x00000000c3900000, 0x00000000c3a00000|  0%| F|  |TAMS 0x00000000c3900000| PB 0x00000000c3900000| Untracked |  0
|  14|0x00000000c3a00000, 0x00000000c3a00000, 0x00000000c3b00000|  0%| F|  |TAMS 0x00000000c3a00000| PB 0x00000000c3a00000| Untracked |  0
|  15|0x00000000c3b00000, 0x00000000c3b00000, 0x00000000c3c00000|  0%| F|  |TAMS 0x00000000c3b00000| PB 0x00000000c3b00000| Untracked |  0
|  16|0x00000000c3c00000, 0x00000000c3c00000, 0x00000000c3d00000|  0%| F|  |TAMS 0x00000000c3c00000| PB 0x00000000c3c00000| Untracked |  0
|  17|0x00000000c3d00000, 0x00000000c3d00000, 0x00000000c3e00000|  0%| F|  |TAMS 0x00000000c3d00000| PB 0x00000000c3d00000| Untracked |  0
|  18|0x00000000c3e00000, 0x00000000c3e00000, 0x00000000c3f00000|  0%| F|  |TAMS 0x00000000c3e00000| PB 0x00000000c3e00000| Untracked |  0
|  19|0x00000000c3f00000, 0x00000000c3f00000, 0x00000000c4000000|  0%| F|  |TAMS 0x00000000c3f00000| PB 0x00000000c3f00000| Untracked |  0
|  20|0x00000000c4000000, 0x00000000c4000000, 0x00000000c4100000|  0%| F|  |TAMS 0x00000000c4000000| PB 0x00000000c4000000| Untracked |  0
|  21|0x00000000c4100000, 0x00000000c4100000, 0x00000000c4200000|  0%| F|  |TAMS 0x00000000c4100000| PB 0x00000000c4100000| Untracked |  0
|  22|0x00000000c4200000, 0x00000000c4200000, 0x00000000c4300000|  0%| F|  |TAMS 0x00000000c4200000| PB 0x00000000c4200000| Untracked |  0
|  23|0x00000000c4300000, 0x00000000c4300000, 0x00000000c4400000|  0%| F|  |TAMS 0x00000000c4300000| PB 0x00000000c4300000| Untracked |  0
|  24|0x00000000c4400000, 0x00000000c4400000, 0x00000000c4500000|  0%| F|  |TAMS 0x00000000c4400000| PB 0x00000000c4400000| Untracked |  0
|  25|0x00000000c4500000, 0x00000000c4500000, 0x00000000c4600000|  0%| F|  |TAMS 0x00000000c4500000| PB 0x00000000c4500000| Untracked |  0
|  26|0x00000000c4600000, 0x00000000c4600000, 0x00000000c4700000|  0%| F|  |TAMS 0x00000000c4600000| PB 0x00000000c4600000| Untracked |  0
|  27|0x00000000c4700000, 0x00000000c4700000, 0x00000000c4800000|  0%| F|  |TAMS 0x00000000c4700000| PB 0x00000000c4700000| Untracked |  0
|  28|0x00000000c4800000, 0x00000000c4800000, 0x00000000c4900000|  0%| F|  |TAMS 0x00000000c4800000| PB 0x00000000c4800000| Untracked |  0
|  29|0x00000000c4900000, 0x00000000c4900000, 0x00000000c4a00000|  0%| F|  |TAMS 0x00000000c4900000| PB 0x00000000c4900000| Untracked |  0
|  30|0x00000000c4a00000, 0x00000000c4a00000, 0x00000000c4b00000|  0%| F|  |TAMS 0x00000000c4a00000| PB 0x00000000c4a00000| Untracked |  0
|  31|0x00000000c4b00000, 0x00000000c4b54820, 0x00000000c4c00000| 33%| S|CS|TAMS 0x00000000c4b00000| PB 0x00000000c4b00000| Complete |  0
|  32|0x00000000c4c00000, 0x00000000c4d00000, 0x00000000c4d00000|100%| S|CS|TAMS 0x00000000c4c00000| PB 0x00000000c4c00000| Complete |  0
|  33|0x00000000c4d00000, 0x00000000c4e00000, 0x00000000c4e00000|100%| S|CS|TAMS 0x00000000c4d00000| PB 0x00000000c4d00000| Complete |  0
|  34|0x00000000c4e00000, 0x00000000c4f00000, 0x00000000c4f00000|100%| S|CS|TAMS 0x00000000c4e00000| PB 0x00000000c4e00000| Complete |  0
|  35|0x00000000c4f00000, 0x00000000c4f00000, 0x00000000c5000000|  0%| F|  |TAMS 0x00000000c4f00000| PB 0x00000000c4f00000| Untracked |  0
|  36|0x00000000c5000000, 0x00000000c5000000, 0x00000000c5100000|  0%| F|  |TAMS 0x00000000c5000000| PB 0x00000000c5000000| Untracked |  0
|  37|0x00000000c5100000, 0x00000000c5100000, 0x00000000c5200000|  0%| F|  |TAMS 0x00000000c5100000| PB 0x00000000c5100000| Untracked |  0
|  38|0x00000000c5200000, 0x00000000c5200000, 0x00000000c5300000|  0%| F|  |TAMS 0x00000000c5200000| PB 0x00000000c5200000| Untracked |  0
|  39|0x00000000c5300000, 0x00000000c5300000, 0x00000000c5400000|  0%| F|  |TAMS 0x00000000c5300000| PB 0x00000000c5300000| Untracked |  0
|  40|0x00000000c5400000, 0x00000000c5400000, 0x00000000c5500000|  0%| F|  |TAMS 0x00000000c5400000| PB 0x00000000c5400000| Untracked |  0
|  41|0x00000000c5500000, 0x00000000c5500000, 0x00000000c5600000|  0%| F|  |TAMS 0x00000000c5500000| PB 0x00000000c5500000| Untracked |  0
|  42|0x00000000c5600000, 0x00000000c5600000, 0x00000000c5700000|  0%| F|  |TAMS 0x00000000c5600000| PB 0x00000000c5600000| Untracked |  0
|  43|0x00000000c5700000, 0x00000000c5700000, 0x00000000c5800000|  0%| F|  |TAMS 0x00000000c5700000| PB 0x00000000c5700000| Untracked |  0
|  44|0x00000000c5800000, 0x00000000c5800000, 0x00000000c5900000|  0%| F|  |TAMS 0x00000000c5800000| PB 0x00000000c5800000| Untracked |  0
|  45|0x00000000c5900000, 0x00000000c5900000, 0x00000000c5a00000|  0%| F|  |TAMS 0x00000000c5900000| PB 0x00000000c5900000| Untracked |  0
|  46|0x00000000c5a00000, 0x00000000c5ae6118, 0x00000000c5b00000| 89%| E|  |TAMS 0x00000000c5a00000| PB 0x00000000c5a00000| Complete |  0
|  47|0x00000000c5b00000, 0x00000000c5c00000, 0x00000000c5c00000|100%| E|CS|TAMS 0x00000000c5b00000| PB 0x00000000c5b00000| Complete |  0
|  48|0x00000000c5c00000, 0x00000000c5d00000, 0x00000000c5d00000|100%| E|CS|TAMS 0x00000000c5c00000| PB 0x00000000c5c00000| Complete |  0
|  49|0x00000000c5d00000, 0x00000000c5e00000, 0x00000000c5e00000|100%| E|CS|TAMS 0x00000000c5d00000| PB 0x00000000c5d00000| Complete |  0
|  50|0x00000000c5e00000, 0x00000000c5f00000, 0x00000000c5f00000|100%| E|CS|TAMS 0x00000000c5e00000| PB 0x00000000c5e00000| Complete |  0
|  51|0x00000000c5f00000, 0x00000000c6000000, 0x00000000c6000000|100%| E|CS|TAMS 0x00000000c5f00000| PB 0x00000000c5f00000| Complete |  0
|  52|0x00000000c6000000, 0x00000000c6100000, 0x00000000c6100000|100%| E|CS|TAMS 0x00000000c6000000| PB 0x00000000c6000000| Complete |  0
|  53|0x00000000c6100000, 0x00000000c6200000, 0x00000000c6200000|100%| E|CS|TAMS 0x00000000c6100000| PB 0x00000000c6100000| Complete |  0
|  54|0x00000000c6200000, 0x00000000c6300000, 0x00000000c6300000|100%| E|CS|TAMS 0x00000000c6200000| PB 0x00000000c6200000| Complete |  0
|  55|0x00000000c6300000, 0x00000000c6400000, 0x00000000c6400000|100%| E|CS|TAMS 0x00000000c6300000| PB 0x00000000c6300000| Complete |  0
|  56|0x00000000c6400000, 0x00000000c6500000, 0x00000000c6500000|100%| E|CS|TAMS 0x00000000c6400000| PB 0x00000000c6400000| Complete |  0
|  57|0x00000000c6500000, 0x00000000c6600000, 0x00000000c6600000|100%| E|CS|TAMS 0x00000000c6500000| PB 0x00000000c6500000| Complete |  0
|  58|0x00000000c6600000, 0x00000000c6700000, 0x00000000c6700000|100%| E|CS|TAMS 0x00000000c6600000| PB 0x00000000c6600000| Complete |  0
|  59|0x00000000c6700000, 0x00000000c6800000, 0x00000000c6800000|100%| E|CS|TAMS 0x00000000c6700000| PB 0x00000000c6700000| Complete |  0
|  60|0x00000000c6800000, 0x00000000c6900000, 0x00000000c6900000|100%| E|CS|TAMS 0x00000000c6800000| PB 0x00000000c6800000| Complete |  0
|  61|0x00000000c6900000, 0x00000000c6a00000, 0x00000000c6a00000|100%| E|CS|TAMS 0x00000000c6900000| PB 0x00000000c6900000| Complete |  0
| 978|0x00000000ffe00000, 0x00000000fff00000, 0x00000000fff00000|100%| O|  |TAMS 0x00000000ffe00000| PB 0x00000000ffe00000| Untracked |  0
| 979|0x00000000fff00000, 0x00000000fff24ea8, 0x0000000100000000| 14%| O|  |TAMS 0x00000000fff00000| PB 0x00000000fff00000| Untracked |  0

Card table byte_map: [0x000001fc33f30000,0x000001fc34120000] _byte_map_base: 0x000001fc3391a000

Marking Bits: (CMBitMap*) 0x000001fc34195d30
 Bits: [0x000001fc4bc50000, 0x000001fc4cba0000)

Polling page: 0x000001fc32040000

Metaspace:
Metaspace        used 10975K, committed 11136K, reserved 1114112K
 class space     used 1383K, committed 1472K, reserved 1048576K

Usage:
  Non-class:      9.37 MB used.
      Class:      1.35 MB used.
       Both:     10.72 MB used.

Virtual space:
  Non-class space:       64.00 MB reserved,       9.44 MB ( 15%) committed,  1 nodes.
      Class space:        1.00 GB reserved,       1.44 MB ( <1%) committed,  1 nodes.
             Both:        1.06 GB reserved,      10.88 MB ( <1%) committed. 

Chunk freelists:
   Non-Class:  5.05 MB
       Class:  14.56 MB
        Both:  19.61 MB

MaxMetaspaceSize: unlimited
CompressedClassSpaceSize: 1.00 GB
Initial GC threshold: 21.00 MB
Current GC threshold: 21.00 MB
CDS: on
 - commit_granule_bytes: 65536.
 - commit_granule_words: 8192.
 - virtual_space_node_default_size: 8388608.
 - enlarge_chunks_in_place: 1.
UseCompressedClassPointers 1, UseCompactObjectHeaders 0
Narrow klass pointer bits 32, Max shift 3
Narrow klass base: 0x0000000030000000, Narrow klass shift: 0
Encoding Range: [0x0000000030000000 - 0x0000000130000000), (4294967296 bytes)
Klass Range:    [0x0000000030010000 - 0x0000000071000000), (1090453504 bytes)
Klass ID Range:  [65536 - 1090519033) (1090453497)
Protection zone: [0x0000000030000000 - 0x0000000030010000), (65536 bytes)


Internal statistics:

num_allocs_failed_limit: 0.
num_arena_births: 68.
num_arena_deaths: 0.
num_vsnodes_births: 2.
num_vsnodes_deaths: 0.
num_space_committed: 174.
num_space_uncommitted: 0.
num_chunks_returned_to_freelist: 0.
num_chunks_taken_from_freelist: 444.
num_chunk_merges: 0.
num_chunk_splits: 304.
num_chunks_enlarged: 255.
num_inconsistent_stats: 0.

CodeHeap 'non-profiled nmethods': size=120128Kb used=651Kb max_used=651Kb free=119476Kb
 bounds [0x000001fc44700000, 0x000001fc44970000, 0x000001fc4bc50000]
CodeHeap 'profiled nmethods': size=120000Kb used=3375Kb max_used=3375Kb free=116624Kb
 bounds [0x000001fc3cc50000, 0x000001fc3cfa0000, 0x000001fc44180000]
CodeHeap 'non-nmethods': size=5632Kb used=1360Kb max_used=1387Kb free=4272Kb
 bounds [0x000001fc44180000, 0x000001fc443f0000, 0x000001fc44700000]
CodeCache: size=245760Kb, used=5386Kb, max_used=5413Kb, free=240372Kb
 total_blobs=2749, nmethods=2259, adapters=394, full_count=0
Compilation: enabled, stopped_count=0, restarted_count=0

Compilation events (20 events):
Event: 396.425 Thread 0x000001fc4ef6d0b0 2259       3       com.google.common.collect.ObjectArrays::checkElementNotNull (33 bytes)
Event: 396.427 Thread 0x000001fc4eef15b0 2260       4       com.google.inject.internal.KotlinSupport::getInstance (4 bytes)
Event: 396.427 Thread 0x000001fc4eef15b0 nmethod 2260 0x000001fc447a2488 code [0x000001fc447a2580, 0x000001fc447a25f0]
Event: 396.465 Thread 0x000001fc4ef6d0b0 nmethod 2259 0x000001fc3cf97708 code [0x000001fc3cf97800, 0x000001fc3cf98000]
Event: 396.465 Thread 0x000001fc4ef6d0b0 2262       3       com.google.common.collect.ImmutableList::asImmutableList (69 bytes)
Event: 396.506 Thread 0x000001fc4ef6d0b0 nmethod 2262 0x000001fc3cf98088 code [0x000001fc3cf98180, 0x000001fc3cf98d50]
Event: 396.506 Thread 0x000001fc4ef6d0b0 2263       3       com.google.inject.internal.Errors::withSource (29 bytes)
Event: 396.507 Thread 0x000001fc4ef6d0b0 nmethod 2263 0x000001fc3cf98d88 code [0x000001fc3cf98e80, 0x000001fc3cf99238]
Event: 396.507 Thread 0x000001fc4ef6d0b0 2264       3       com.google.inject.internal.Errors::<init> (23 bytes)
Event: 396.507 Thread 0x000001fc4ef6d0b0 nmethod 2264 0x000001fc3cf99288 code [0x000001fc3cf99380, 0x000001fc3cf99600]
Event: 396.507 Thread 0x000001fc4ef6d0b0 2265       3       com.google.inject.internal.Scoping::isExplicitlyScoped (13 bytes)
Event: 396.507 Thread 0x000001fc4ef6d0b0 nmethod 2265 0x000001fc3cf99688 code [0x000001fc3cf99780, 0x000001fc3cf998e0]
Event: 396.507 Thread 0x000001fc4ef6d0b0 2261       1       com.google.common.collect.ImmutableMapEntry$NonTerminalImmutableMapEntry::getNextInKeyBucket (5 bytes)
Event: 396.507 Thread 0x000001fc4ef6d0b0 nmethod 2261 0x000001fc447a2788 code [0x000001fc447a2880, 0x000001fc447a2948]
Event: 396.509 Thread 0x000001fc4ef6d0b0 2266       3       java.util.stream.ReduceOps::makeRef (42 bytes)
Event: 396.512 Thread 0x000001fc4eef15b0 2273       4       java.lang.invoke.Invokers$Holder::linkToTargetMethod (10 bytes)
Event: 396.513 Thread 0x000001fc4eef15b0 nmethod 2273 0x000001fc447a2a88 code [0x000001fc447a2b80, 0x000001fc447a2c70]
Event: 396.743 Thread 0x000001fc4ef6d0b0 nmethod 2266 0x000001fc3cf99988 code [0x000001fc3cf99a80, 0x000001fc3cf9a1f0]
Event: 396.743 Thread 0x000001fc4ef6d0b0 2271       3       sun.reflect.annotation.TypeAnnotationParser::buildAnnotatedTypes (314 bytes)
Event: 396.890 Thread 0x000001fc4ef6d0b0 nmethod 2271 0x000001fc3cf9a208 code [0x000001fc3cf9a300, 0x000001fc3cf9bde0]

GC Heap Usage History (4 events):
Event: 67.752 {heap Before GC invocations=0 (full 0):
 garbage-first heap   total reserved 1003520K, committed 65536K, used 14483K [0x00000000c2c00000, 0x0000000100000000)
  region size 1024K, 14 young (14336K), 0 survivors (0K)
}
Event: 67.992 {heap After GC invocations=1 (full 0):
 garbage-first heap   total reserved 1003520K, committed 65536K, used 3867K [0x00000000c2c00000, 0x0000000100000000)
  region size 1024K, 2 young (2048K), 2 survivors (2048K)
}
Event: 191.441 {heap Before GC invocations=1 (full 0):
 garbage-first heap   total reserved 1003520K, committed 65536K, used 28443K [0x00000000c2c00000, 0x0000000100000000)
  region size 1024K, 27 young (27648K), 2 survivors (2048K)
}
Event: 191.491 {heap After GC invocations=2 (full 0):
 garbage-first heap   total reserved 1003520K, committed 65536K, used 5229K [0x00000000c2c00000, 0x0000000100000000)
  region size 1024K, 4 young (4096K), 4 survivors (4096K)
}

Metaspace Usage History (4 events):
Event: 67.753 {metaspace Before GC invocations=0 (full 0):
 Metaspace       used 4312K, committed 4544K, reserved 1114112K
  class space    used 487K, committed 576K, reserved 1048576K
}
Event: 67.992 {metaspace After GC invocations=1 (full 0):
 Metaspace       used 4312K, committed 4544K, reserved 1114112K
  class space    used 487K, committed 576K, reserved 1048576K
}
Event: 191.441 {metaspace Before GC invocations=1 (full 0):
 Metaspace       used 7414K, committed 7616K, reserved 1114112K
  class space    used 903K, committed 1024K, reserved 1048576K
}
Event: 191.491 {metaspace After GC invocations=2 (full 0):
 Metaspace       used 7414K, committed 7616K, reserved 1114112K
  class space    used 903K, committed 1024K, reserved 1048576K
}

Dll operation events (7 events):
Event: 0.090 Loaded shared library C:\Program Files\Apache NetBeans\jdk\bin\java.dll
Event: 1.060 Loaded shared library C:\Program Files\Apache NetBeans\jdk\bin\net.dll
Event: 1.064 Loaded shared library C:\Program Files\Apache NetBeans\jdk\bin\nio.dll
Event: 1.593 Loaded shared library C:\Program Files\Apache NetBeans\jdk\bin\zip.dll
Event: 17.496 Loaded shared library C:\Program Files\Apache NetBeans\java\maven\lib\jansi-native\Windows\x86_64\jansi.dll
Event: 17.583 Loaded shared library C:\Program Files\Apache NetBeans\jdk\bin\verify.dll
Event: 21.201 Loaded shared library C:\Program Files\Apache NetBeans\jdk\bin\jimage.dll

Deoptimization events (20 events):
Event: 360.053 Thread 0x000001fc31dfd9c0 DEOPT PACKING pc=0x000001fc44764560 sp=0x0000002c0aafdc00
Event: 360.053 Thread 0x000001fc31dfd9c0 DEOPT UNPACKING pc=0x000001fc4420857c sp=0x0000002c0aafdb98 mode 2
Event: 360.580 Thread 0x000001fc31dfd9c0 Uncommon trap: trap_request=0xffffffd6 fr.pc=0x000001fc447988f8 relative=0x00000000000005d8
Event: 360.580 Thread 0x000001fc31dfd9c0 Uncommon trap: reason=array_check action=maybe_recompile pc=0x000001fc447988f8 method=jdk.internal.classfile.impl.SplitConstantPool.internalAdd(Ljava/lang/classfile/constantpool/PoolEntry;I)Ljava/lang/classfile/constantpool/PoolEntry; @ 46 c2
Event: 360.580 Thread 0x000001fc31dfd9c0 DEOPT PACKING pc=0x000001fc447988f8 sp=0x0000002c0aafd020
Event: 360.580 Thread 0x000001fc31dfd9c0 DEOPT UNPACKING pc=0x000001fc4420857c sp=0x0000002c0aafcfb0 mode 2
Event: 360.580 Thread 0x000001fc31dfd9c0 Uncommon trap: trap_request=0xffffffd6 fr.pc=0x000001fc447988f8 relative=0x00000000000005d8
Event: 360.580 Thread 0x000001fc31dfd9c0 Uncommon trap: reason=array_check action=maybe_recompile pc=0x000001fc447988f8 method=jdk.internal.classfile.impl.SplitConstantPool.internalAdd(Ljava/lang/classfile/constantpool/PoolEntry;I)Ljava/lang/classfile/constantpool/PoolEntry; @ 46 c2
Event: 360.580 Thread 0x000001fc31dfd9c0 DEOPT PACKING pc=0x000001fc447988f8 sp=0x0000002c0aafd020
Event: 360.580 Thread 0x000001fc31dfd9c0 DEOPT UNPACKING pc=0x000001fc4420857c sp=0x0000002c0aafcfb0 mode 2
Event: 360.583 Thread 0x000001fc31dfd9c0 Uncommon trap: trap_request=0xffffffd6 fr.pc=0x000001fc447988f8 relative=0x00000000000005d8
Event: 360.583 Thread 0x000001fc31dfd9c0 Uncommon trap: reason=array_check action=maybe_recompile pc=0x000001fc447988f8 method=jdk.internal.classfile.impl.SplitConstantPool.internalAdd(Ljava/lang/classfile/constantpool/PoolEntry;I)Ljava/lang/classfile/constantpool/PoolEntry; @ 46 c2
Event: 360.583 Thread 0x000001fc31dfd9c0 DEOPT PACKING pc=0x000001fc447988f8 sp=0x0000002c0aafce70
Event: 360.583 Thread 0x000001fc31dfd9c0 DEOPT UNPACKING pc=0x000001fc4420857c sp=0x0000002c0aafce00 mode 2
Event: 360.586 Thread 0x000001fc31dfd9c0 Uncommon trap: trap_request=0xffffffd6 fr.pc=0x000001fc447988f8 relative=0x00000000000005d8
Event: 360.586 Thread 0x000001fc31dfd9c0 Uncommon trap: reason=array_check action=maybe_recompile pc=0x000001fc447988f8 method=jdk.internal.classfile.impl.SplitConstantPool.internalAdd(Ljava/lang/classfile/constantpool/PoolEntry;I)Ljava/lang/classfile/constantpool/PoolEntry; @ 46 c2
Event: 360.586 Thread 0x000001fc31dfd9c0 DEOPT PACKING pc=0x000001fc447988f8 sp=0x0000002c0aafce40
Event: 360.586 Thread 0x000001fc31dfd9c0 DEOPT UNPACKING pc=0x000001fc4420857c sp=0x0000002c0aafcdd0 mode 2
Event: 376.978 Thread 0x000001fc31dfd9c0 DEOPT PACKING pc=0x000001fc3cf0694c sp=0x0000002c0aafe010
Event: 376.978 Thread 0x000001fc31dfd9c0 DEOPT UNPACKING pc=0x000001fc441d1063 sp=0x0000002c0aafd570 mode 0

Classes loaded (20 events):
Event: 317.712 Loading class sun/reflect/generics/repository/FieldRepository
Event: 317.887 Loading class sun/reflect/generics/repository/FieldRepository done
Event: 323.773 Loading class java/io/UncheckedIOException
Event: 323.774 Loading class java/io/UncheckedIOException done
Event: 327.983 Loading class java/nio/channels/OverlappingFileLockException
Event: 327.983 Loading class java/nio/channels/OverlappingFileLockException done
Event: 328.028 Loading class java/nio/channels/FileLock
Event: 328.029 Loading class java/nio/channels/FileLock done
Event: 332.784 Loading class java/nio/file/AccessDeniedException
Event: 332.786 Loading class java/nio/file/AccessDeniedException done
Event: 357.447 Loading class java/lang/ClassValue$ClassValueMap
Event: 357.448 Loading class java/lang/ClassValue$ClassValueMap done
Event: 359.128 Loading class java/util/TreeMap$Values
Event: 359.129 Loading class java/util/TreeMap$Values done
Event: 359.660 Loading class java/util/TreeMap$ValueIterator
Event: 359.661 Loading class java/util/TreeMap$ValueIterator done
Event: 360.123 Loading class java/lang/invoke/DirectMethodHandle$StaticAccessor
Event: 360.124 Loading class java/lang/invoke/DirectMethodHandle$StaticAccessor done
Event: 360.698 Loading class java/lang/ClassValue$RemovalToken
Event: 360.698 Loading class java/lang/ClassValue$RemovalToken done

Classes unloaded (0 events):
No events

Classes redefined (0 events):
No events

Internal exceptions (20 events):
Event: 17.581 Thread 0x000001fc31dfd9c0 Exception <a 'sun/nio/fs/WindowsException'{0x00000000c657d0e0}> (0x00000000c657d0e0) 
thrown [s\src\hotspot\share\prims\jni.cpp, line 516]
Event: 17.581 Thread 0x000001fc31dfd9c0 Exception <a 'sun/nio/fs/WindowsException'{0x00000000c657d620}> (0x00000000c657d620) 
thrown [s\src\hotspot\share\prims\jni.cpp, line 516]
Event: 17.581 Thread 0x000001fc31dfd9c0 Exception <a 'sun/nio/fs/WindowsException'{0x00000000c657db10}> (0x00000000c657db10) 
thrown [s\src\hotspot\share\prims\jni.cpp, line 516]
Event: 17.581 Thread 0x000001fc31dfd9c0 Exception <a 'sun/nio/fs/WindowsException'{0x00000000c657dfb8}> (0x00000000c657dfb8) 
thrown [s\src\hotspot\share\prims\jni.cpp, line 516]
Event: 18.637 Thread 0x000001fc31dfd9c0 Exception <a 'java/lang/NoSuchMethodError'{0x00000000c65b7610}: 'void java.lang.invoke.DirectMethodHandle$Holder.invokeVirtual(java.lang.Object, java.lang.Object)'> (0x00000000c65b7610) 
thrown [s\src\hotspot\share\interpreter\linkResolver.cpp, line 804]
Event: 18.977 Thread 0x000001fc31dfd9c0 Exception <a 'java/lang/NoSuchMethodError'{0x00000000c65d8908}: 'void java.lang.invoke.DirectMethodHandle$Holder.invokeStatic(java.lang.Object, java.lang.Object)'> (0x00000000c65d8908) 
thrown [s\src\hotspot\share\interpreter\linkResolver.cpp, line 804]
Event: 19.482 Thread 0x000001fc31dfd9c0 Exception <a 'java/lang/NoSuchMethodError'{0x00000000c65e09e0}: 'void java.lang.invoke.DirectMethodHandle$Holder.invokeStaticInit(java.lang.Object, java.lang.Object)'> (0x00000000c65e09e0) 
thrown [s\src\hotspot\share\interpreter\linkResolver.cpp, line 804]
Event: 19.493 Thread 0x000001fc31dfd9c0 Exception <a 'java/lang/NoSuchMethodError'{0x00000000c641bee0}: 'void java.lang.invoke.DirectMethodHandle$Holder.invokeSpecial(java.lang.Object, java.lang.Object, java.lang.Object, java.lang.Object, java.lang.Object)'> (0x00000000c641bee0) 
thrown [s\src\hotspot\share\interpreter\linkResolver.cpp, line 804]
Event: 20.877 Thread 0x000001fc31dfd9c0 Exception <a 'java/lang/NoSuchMethodError'{0x00000000c6457b58}: 'void java.lang.invoke.DirectMethodHandle$Holder.invokeStatic(java.lang.Object, java.lang.Object, java.lang.Object)'> (0x00000000c6457b58) 
thrown [s\src\hotspot\share\interpreter\linkResolver.cpp, line 804]
Event: 35.544 Thread 0x000001fc31dfd9c0 Exception <a 'java/lang/NoSuchMethodError'{0x00000000c621dea0}: 'java.lang.Object java.lang.invoke.DirectMethodHandle$Holder.invokeSpecialIFC(java.lang.Object, java.lang.Object, java.lang.Object, java.lang.Object)'> (0x00000000c621dea0) 
thrown [s\src\hotspot\share\interpreter\linkResolver.cpp, line 804]
Event: 59.116 Thread 0x000001fc31dfd9c0 Exception <a 'java/lang/NoSuchMethodError'{0x00000000c5d0ee68}: 'void java.lang.invoke.DirectMethodHandle$Holder.invokeSpecial(java.lang.Object, java.lang.Object, java.lang.Object)'> (0x00000000c5d0ee68) 
thrown [s\src\hotspot\share\interpreter\linkResolver.cpp, line 804]
Event: 62.903 Thread 0x000001fc31dfd9c0 Exception <a 'java/lang/NoSuchMethodError'{0x00000000c5c29e88}: 'java.lang.Object java.lang.invoke.DirectMethodHandle$Holder.invokeInterface(java.lang.Object, java.lang.Object)'> (0x00000000c5c29e88) 
thrown [s\src\hotspot\share\interpreter\linkResolver.cpp, line 804]
Event: 66.752 Thread 0x000001fc31dfd9c0 Exception <a 'java/lang/NoSuchMethodError'{0x00000000c5cd4ca8}: 'int java.lang.invoke.DirectMethodHandle$Holder.invokeStatic(java.lang.Object, java.lang.Object, java.lang.Object, java.lang.Object)'> (0x00000000c5cd4ca8) 
thrown [s\src\hotspot\share\interpreter\linkResolver.cpp, line 804]
Event: 67.751 Thread 0x000001fc31dfd9c0 Exception <a 'java/lang/NoSuchMethodError'{0x00000000c5cff038}: 'int java.lang.invoke.DirectMethodHandle$Holder.invokeSpecialIFC(java.lang.Object, java.lang.Object, java.lang.Object, java.lang.Object, java.lang.Object)'> (0x00000000c5cff038) 
thrown [s\src\hotspot\share\interpreter\linkResolver.cpp, line 804]
Event: 85.352 Thread 0x000001fc31dfd9c0 Exception <a 'java/lang/NoSuchMethodError'{0x00000000c68cd310}: 'java.lang.Object java.lang.invoke.DirectMethodHandle$Holder.newInvokeSpecial(java.lang.Object, java.lang.Object, java.lang.Object, java.lang.Object, java.lang.Object)'> (0x00000000c68cd310) 
thrown [s\src\hotspot\share\interpreter\linkResolver.cpp, line 804]
Event: 98.085 Thread 0x000001fc31dfd9c0 Exception <a 'java/lang/NoSuchMethodError'{0x00000000c67e7020}: 'int java.lang.invoke.DirectMethodHandle$Holder.invokeStaticInit(java.lang.Object, java.lang.Object)'> (0x00000000c67e7020) 
thrown [s\src\hotspot\share\interpreter\linkResolver.cpp, line 804]
Event: 103.382 Thread 0x000001fc31dfd9c0 Exception <a 'java/lang/NoClassDefFoundError'{0x00000000c6621300}: javax/enterprise/inject/Typed> (0x00000000c6621300) 
thrown [s\src\hotspot\share\classfile\systemDictionary.cpp, line 316]
Event: 356.867 Thread 0x000001fc31dfd9c0 Exception <a 'java/lang/NoSuchMethodError'{0x00000000c5da4928}: 'void java.lang.invoke.DirectMethodHandle$Holder.invokeStaticInit(java.lang.Object, java.lang.Object, java.lang.Object)'> (0x00000000c5da4928) 
thrown [s\src\hotspot\share\interpreter\linkResolver.cpp, line 804]
Event: 360.053 Thread 0x000001fc31dfd9c0 Implicit null exception at 0x000001fc4476441d to 0x000001fc44764550
Event: 360.941 Thread 0x000001fc31dfd9c0 Exception <a 'java/lang/NoSuchMethodError'{0x00000000c5c2ee38}: 'java.lang.Object java.lang.invoke.Invokers$Holder.invokeExact_MT(java.lang.Object, int, java.lang.Object)'> (0x00000000c5c2ee38) 
thrown [s\src\hotspot\share\interpreter\linkResolver.cpp, line 804]

VM Operations (20 events):
Event: 120.268 Executing non-safepoint VM operation: HandshakeAllThreads (HandshakeForDeflation)
Event: 121.270 Executing non-safepoint VM operation: HandshakeAllThreads (HandshakeForDeflation) done
Event: 121.271 Executing non-safepoint VM operation: RendezvousGCThreads
Event: 121.271 Executing non-safepoint VM operation: RendezvousGCThreads done
Event: 191.437 Executing non-safepoint VM operation: HandshakeAllThreads (Deoptimize)
Event: 191.437 Executing non-safepoint VM operation: HandshakeAllThreads (Deoptimize) done
Event: 191.441 Executing safepoint VM operation: G1CollectForAllocation (G1 Evacuation Pause)
Event: 191.491 Executing safepoint VM operation: G1CollectForAllocation (G1 Evacuation Pause) done
Event: 240.798 Executing non-safepoint VM operation: HandshakeAllThreads (HandshakeForDeflation)
Event: 241.035 Executing non-safepoint VM operation: HandshakeAllThreads (HandshakeForDeflation) done
Event: 241.035 Executing non-safepoint VM operation: RendezvousGCThreads
Event: 241.035 Executing non-safepoint VM operation: RendezvousGCThreads done
Event: 284.265 Executing non-safepoint VM operation: HandshakeAllThreads (Deoptimize)
Event: 284.411 Executing non-safepoint VM operation: HandshakeAllThreads (Deoptimize) done
Event: 358.317 Executing non-safepoint VM operation: HandshakeAllThreads (Deoptimize)
Event: 358.319 Executing non-safepoint VM operation: HandshakeAllThreads (Deoptimize) done
Event: 376.662 Executing non-safepoint VM operation: HandshakeAllThreads (Deoptimize)
Event: 376.662 Executing non-safepoint VM operation: HandshakeAllThreads (Deoptimize) done
Event: 376.909 Executing non-safepoint VM operation: HandshakeAllThreads (Deoptimize)
Event: 376.910 Executing non-safepoint VM operation: HandshakeAllThreads (Deoptimize) done

Memory protections (0 events):
No events

Nmethod flushes (0 events):
No events

Events (13 events):
Event: 0.286 Thread 0x000001fc31dfd9c0 Thread added: 0x000001fc31dfd9c0
Event: 0.598 Thread 0x000001fc31dfd9c0 Thread added: 0x000001fc4eee2ad0
Event: 0.599 Thread 0x000001fc31dfd9c0 Thread added: 0x000001fc4eee5ef0
Event: 0.673 Thread 0x000001fc31dfd9c0 Thread added: 0x000001fc4eeea830
Event: 0.673 Thread 0x000001fc31dfd9c0 Thread added: 0x000001fc4eeec550
Event: 0.727 Thread 0x000001fc31dfd9c0 Thread added: 0x000001fc4eeefb00
Event: 0.727 Thread 0x000001fc31dfd9c0 Thread added: 0x000001fc4eef06c0
Event: 0.727 Thread 0x000001fc31dfd9c0 Thread added: 0x000001fc4eef15b0
Event: 0.841 Thread 0x000001fc31dfd9c0 Thread added: 0x000001fc4ef6d0b0
Event: 1.051 Thread 0x000001fc31dfd9c0 Thread added: 0x000001fc5304b800
Event: 1.055 Thread 0x000001fc31dfd9c0 Thread added: 0x000001fc5304c410
Event: 16.863 Thread 0x000001fc31dfd9c0 Thread added: 0x000001fc53286de0
Event: 48.890 Thread 0x000001fc53286de0 Thread exited: 0x000001fc53286de0


Dynamic libraries:
0x00007ff62b400000 - 0x00007ff62b40e000 	C:\Program Files\Apache NetBeans\jdk\bin\java.exe
0x00007ffea0ee0000 - 0x00007ffea1147000 	C:\WINDOWS\SYSTEM32\ntdll.dll
0x00007ffe9fee0000 - 0x00007ffe9ffa9000 	C:\WINDOWS\System32\KERNEL32.DLL
0x00007ffe9dbe0000 - 0x00007ffe9dfd4000 	C:\WINDOWS\System32\KERNELBASE.dll
0x00007ffe9e110000 - 0x00007ffe9e25b000 	C:\WINDOWS\System32\ucrtbase.dll
0x00007ffe8a0d0000 - 0x00007ffe8a0e6000 	C:\Program Files\Apache NetBeans\jdk\bin\jli.dll
0x00007ffe9ed70000 - 0x00007ffe9ef35000 	C:\WINDOWS\System32\USER32.dll
0x00007ffe9eb90000 - 0x00007ffe9ebb7000 	C:\WINDOWS\System32\win32u.dll
0x00007ffea09d0000 - 0x00007ffea09fb000 	C:\WINDOWS\System32\GDI32.dll
0x00007ffe9dfe0000 - 0x00007ffe9e10a000 	C:\WINDOWS\System32\gdi32full.dll
0x00007ffe9ebc0000 - 0x00007ffe9ec63000 	C:\WINDOWS\System32\msvcp_win.dll
0x00007ffe8b780000 - 0x00007ffe8b79e000 	C:\Program Files\Apache NetBeans\jdk\bin\VCRUNTIME140.dll
0x00007ffe8ba70000 - 0x00007ffe8bd03000 	C:\WINDOWS\WinSxS\amd64_microsoft.windows.common-controls_6595b64144ccf1df_6.0.26100.8115_none_3e075c82e3354f9c\COMCTL32.dll
0x00007ffea0400000 - 0x00007ffea04a9000 	C:\WINDOWS\System32\msvcrt.dll
0x00007ffe9fd40000 - 0x00007ffe9fd72000 	C:\WINDOWS\System32\IMM32.DLL
0x00007ffe92200000 - 0x00007ffe9220c000 	C:\Program Files\Apache NetBeans\jdk\bin\vcruntime140_1.dll
0x00007ffe76b40000 - 0x00007ffe76bcd000 	C:\Program Files\Apache NetBeans\jdk\bin\msvcp140.dll
0x00007ffe28420000 - 0x00007ffe29346000 	C:\Program Files\Apache NetBeans\jdk\bin\server\jvm.dll
0x00007ffea0660000 - 0x00007ffea0716000 	C:\WINDOWS\System32\ADVAPI32.dll
0x00007ffea04b0000 - 0x00007ffea0557000 	C:\WINDOWS\System32\sechost.dll
0x00007ffe9f250000 - 0x00007ffe9f368000 	C:\WINDOWS\System32\RPCRT4.dll
0x00007ffea0940000 - 0x00007ffea09c0000 	C:\WINDOWS\System32\WS2_32.dll
0x00007ffe9d610000 - 0x00007ffe9d66e000 	C:\WINDOWS\SYSTEM32\POWRPROF.dll
0x00007ffe7a540000 - 0x00007ffe7a576000 	C:\WINDOWS\SYSTEM32\WINMM.dll
0x00007ffe8c650000 - 0x00007ffe8c65b000 	C:\WINDOWS\SYSTEM32\VERSION.dll
0x00007ffe9d5f0000 - 0x00007ffe9d604000 	C:\WINDOWS\SYSTEM32\UMPDC.dll
0x00007ffe9c540000 - 0x00007ffe9c55b000 	C:\WINDOWS\SYSTEM32\kernel.appcore.dll
0x00007ffe904d0000 - 0x00007ffe904da000 	C:\Program Files\Apache NetBeans\jdk\bin\jimage.dll
0x00007ffe9b6f0000 - 0x00007ffe9b932000 	C:\WINDOWS\SYSTEM32\DBGHELP.DLL
0x00007ffe9ffb0000 - 0x00007ffea0332000 	C:\WINDOWS\System32\combase.dll
0x00007ffe9f400000 - 0x00007ffe9f4d7000 	C:\WINDOWS\System32\OLEAUT32.dll
0x00007ffe8c3b0000 - 0x00007ffe8c3eb000 	C:\WINDOWS\SYSTEM32\dbgcore.DLL
0x00007ffe9d9c0000 - 0x00007ffe9da65000 	C:\WINDOWS\System32\bcryptPrimitives.dll
0x00007ffe8a200000 - 0x00007ffe8a21e000 	C:\Program Files\Apache NetBeans\jdk\bin\java.dll
0x00007ffea0790000 - 0x00007ffea0927000 	C:\WINDOWS\System32\ole32.dll
0x00007ffe9f570000 - 0x00007ffe9fcd6000 	C:\WINDOWS\System32\SHELL32.dll
0x00007ffe9da70000 - 0x00007ffe9dbda000 	C:\WINDOWS\System32\wintypes.dll
0x00007ffe9e260000 - 0x00007ffe9eac5000 	C:\WINDOWS\System32\windows.storage.dll
0x00007ffe9ef40000 - 0x00007ffe9f037000 	C:\WINDOWS\System32\SHCORE.dll
0x00007ffea0720000 - 0x00007ffea0786000 	C:\WINDOWS\System32\shlwapi.dll
0x00007ffe9d6d0000 - 0x00007ffe9d6f9000 	C:\WINDOWS\SYSTEM32\profapi.dll
0x00007ffe89600000 - 0x00007ffe89611000 	C:\Program Files\Apache NetBeans\jdk\bin\net.dll
0x00007ffe9cab0000 - 0x00007ffe9cb1c000 	C:\WINDOWS\system32\mswsock.dll
0x00007ffe895e0000 - 0x00007ffe895f6000 	C:\Program Files\Apache NetBeans\jdk\bin\nio.dll
0x00007ffe8a0b0000 - 0x00007ffe8a0c7000 	C:\Program Files\Apache NetBeans\jdk\bin\zip.dll
0x00007ffe77c10000 - 0x00007ffe77c34000 	C:\Program Files\Apache NetBeans\java\maven\lib\jansi-native\Windows\x86_64\jansi.dll
0x00007ffe895d0000 - 0x00007ffe895e0000 	C:\Program Files\Apache NetBeans\jdk\bin\verify.dll

JVMTI agents: none

dbghelp: loaded successfully - version: 4.0.5 - missing functions: none
symbol engine: initialized successfully - sym options: 0x614 - pdb path: .;C:\Program Files\Apache NetBeans\jdk\bin;C:\WINDOWS\SYSTEM32;C:\WINDOWS\WinSxS\amd64_microsoft.windows.common-controls_6595b64144ccf1df_6.0.26100.8115_none_3e075c82e3354f9c;C:\Program Files\Apache NetBeans\jdk\bin\server;C:\Program Files\Apache NetBeans\java\maven\lib\jansi-native\Windows\x86_64

VM Arguments:
jvm_args: --enable-native-access=ALL-UNNAMED -Dclassworlds.conf=C:\Program Files\Apache NetBeans\java\maven\bin\m2.conf -Dmaven.home=C:\Program Files\Apache NetBeans\java\maven -Dlibrary.jansi.path=C:\Program Files\Apache NetBeans\java\maven\lib\jansi-native -Dmaven.multiModuleProjectDirectory=C:\Users\ASUS\Documents\NetBeansProjects\Lubiproject1 
java_command: org.codehaus.plexus.classworlds.launcher.Launcher -Dmaven.ext.class.path=C:\Program Files\Apache NetBeans\java\maven-nblib\netbeans-eventspy.jar --no-transfer-progress install
java_class_path (initial): C:\Program Files\Apache NetBeans\java\maven\boot\plexus-classworlds-2.9.0.jar
Launcher Type: SUN_STANDARD

[Global flags]
     intx CICompilerCount                          = 2                                         {product} {ergonomic}
     uint ConcGCThreads                            = 1                                         {product} {ergonomic}
     uint G1ConcRefinementThreads                  = 2                                         {product} {ergonomic}
   size_t G1HeapRegionSize                         = 1048576                                   {product} {ergonomic}
   size_t InitialHeapSize                          = 65011712                                  {product} {ergonomic}
   size_t MarkStackSize                            = 4194304                                   {product} {ergonomic}
   size_t MarkStackSizeMax                         = 536870912                                 {product} {ergonomic}
   size_t MaxHeapSize                              = 1027604480                                {product} {ergonomic}
   size_t MaxNewSize                               = 616562688                                 {product} {ergonomic}
   size_t MinHeapDeltaBytes                        = 1048576                                   {product} {ergonomic}
   size_t MinHeapSize                              = 8388608                                   {product} {ergonomic}
    uintx NonNMethodCodeHeapSize                   = 5767168                                {pd product} {ergonomic}
    uintx NonProfiledCodeHeapSize                  = 123011072                              {pd product} {ergonomic}
    uintx ProfiledCodeHeapSize                     = 122880000                              {pd product} {ergonomic}
    uintx ReservedCodeCacheSize                    = 251658240                              {pd product} {ergonomic}
     bool SegmentedCodeCache                       = true                                      {product} {ergonomic}
   size_t SoftMaxHeapSize                          = 1027604480                             {manageable} {ergonomic}
     bool UseCompressedOops                        = true                           {product lp64_product} {ergonomic}
     bool UseG1GC                                  = true                                      {product} {ergonomic}
     bool UseLargePagesIndividualAllocation        = false                                  {pd product} {ergonomic}

Logging:
Log output configuration:
 #0: stdout all=warning uptime,level,tags foldmultilines=false
 #1: stderr all=off uptime,level,tags foldmultilines=false

Release file:
IMPLEMENTOR="Eclipse Adoptium" 
IMPLEMENTOR_VERSION="Temurin-25.0.2+10" 
JAVA_RUNTIME_VERSION="25.0.2+10-LTS" 
JAVA_VERSION="25.0.2" 
JAVA_VERSION_DATE="2026-01-20" 
LIBC="default" 
MODULES="java.base java.compiler java.datatransfer java.xml java.prefs java.desktop java.instrument java.logging java.management java.security.sasl java.naming java.rmi java.management.rmi java.net.http java.scripting java.security.jgss java.transaction.xa java.sql java.sql.rowset java.xml.crypto java.se java.smartcardio jdk.accessibility jdk.internal.jvmstat jdk.attach jdk.charsets jdk.internal.opt jdk.zipfs jdk.compiler jdk.crypto.cryptoki jdk.crypto.ec jdk.crypto.mscapi jdk.dynalink jdk.internal.ed jdk.editpad jdk.internal.vm.ci jdk.graal.compiler jdk.graal.compiler.management jdk.hotspot.agent jdk.httpserver jdk.incubator.vector jdk.internal.le jdk.internal.md jdk.jartool jdk.javadoc jdk.jcmd jdk.management jdk.management.agent jdk.jconsole jdk.jdeps jdk.jdwp.agent jdk.jdi jdk.jfr jdk.jlink jdk.jpackage jdk.jshell jdk.jsobject jdk.jstatd jdk.localedata jdk.management.jfr jdk.naming.dns jdk.naming.rmi jdk.net jdk.nio.mapmode jdk.sctp jdk.security.auth jdk.security.jgss jdk.unsupported jdk.unsupported.desktop jdk.xml.dom" 
OS_ARCH="x86_64" 
OS_NAME="Windows" 
SOURCE=".:git:9e3c947043a4" 
BUILD_SOURCE="git:458965074606f027bd5afce2cfd5c1055dea0438"
BUILD_SOURCE_REPO="https://github.com/adoptium/temurin-build.git"
SOURCE_REPO="https://github.com/adoptium/jdk25u.git"
FULL_VERSION="25.0.2+10-LTS"
SEMANTIC_VERSION="25.0.2+10"
BUILD_INFO="OS: Windows Server 2022 Version: 10.0"
JVM_VARIANT="Hotspot"
JVM_VERSION="25.0.2+10-LTS"
IMAGE_TYPE="JDK"

Environment Variables:
JAVA_HOME=C:\Program Files\Apache NetBeans\jdk
PATH=C:\WINDOWS\system32;C:\WINDOWS;C:\WINDOWS\System32\Wbem;C:\WINDOWS\System32\WindowsPowerShell\v1.0\;C:\WINDOWS\System32\OpenSSH\;C:\Program Files\Git\cmd;C:\Users\ASUS\AppData\Local\Microsoft\WindowsApps;;C:\Program Files\Apache NetBeans\bin\
USERNAME=ASUS
OS=Windows_NT
PROCESSOR_IDENTIFIER=Intel64 Family 6 Model 122 Stepping 1, GenuineIntel
TMP=C:\Users\ASUS\AppData\Local\Temp
TEMP=C:\Users\ASUS\AppData\Local\Temp




Compilation memory statistics disabled.

Periodic native trim disabled

---------------  S Y S T E M  ---------------

OS:
 Windows 11 , 64 bit Build 26100 (10.0.26100.8115)
OS uptime: 0 days 1:00 hours

CPU: total 2 (initial active 2) (2 cores per cpu, 1 threads per core) family 6 model 122 stepping 1 microcode 0x34, cx8, cmov, fxsr, mmx, 3dnowpref, sse, sse2, sse3, ssse3, sse4.1, sse4.2, popcnt, tsc, tscinvbit, aes, erms, clmul, sha, clflush, clflushopt, rdtscp, rdpid
Processor Information for the first 2 processors :
  Max Mhz: 1101, Current Mhz: 1101, Mhz Limit: 1101

Memory: 4k page, system-wide physical 3919M (299M free)
TotalPageFile size 15465M (AvailPageFile size 3408M)
current process WorkingSet (physical memory assigned to process): 9M, peak: 53M
current process commit charge ("private bytes"): 151M, peak: 153M

vm_info: OpenJDK 64-Bit Server VM (25.0.2+10-LTS) for windows-amd64 JRE (25.0.2+10-LTS), built on 2026-01-20T00:00:00Z with MS VC++ 17.12 (VS2022)

END.
