#
# There is insufficient memory for the Java Runtime Environment to continue.
# Native memory allocation (malloc) failed to allocate 32752 bytes. Error detail: Chunk::new
# Possible reasons:
#   The system is out of physical RAM or swap space
#   This process is running with CompressedOops enabled, and the Java Heap may be blocking the growth of the native heap
# Possible solutions:
#   Reduce memory load on the system
#   Increase physical memory or swap space
#   Check if swap backing store is full
#   Decrease Java heap size (-Xmx/-Xms)
#   Decrease number of Java threads
#   Decrease Java thread stack sizes (-Xss)
#   Set larger code cache with -XX:ReservedCodeCacheSize=
#   JVM is running with Unscaled Compressed Oops mode in which the Java heap is
#     placed in the first 4GB address space. The Java Heap base address is the
#     maximum limit for the native heap growth. Please use -XX:HeapBaseMinAddress
#     to set the Java Heap base and to place the Java Heap above 4GB virtual address.
# This output file may be truncated or incomplete.
#
#  Out of Memory Error (arena.cpp:186), pid=15176, tid=6732
#
# JRE version: OpenJDK Runtime Environment Temurin-25.0.2+10 (25.0.2+10) (build 25.0.2+10-LTS)
# Java VM: OpenJDK 64-Bit Server VM Temurin-25.0.2+10 (25.0.2+10-LTS, mixed mode, sharing, tiered, compressed oops, compressed class ptrs, g1 gc, windows-amd64)
# No core dump will be written. Minidumps are not enabled by default on client versions of Windows
#

---------------  S U M M A R Y ------------

Command Line: --enable-native-access=ALL-UNNAMED -Dclassworlds.conf=C:\Program Files\Apache NetBeans\java\maven\bin\m2.conf -Dmaven.home=C:\Program Files\Apache NetBeans\java\maven -Dlibrary.jansi.path=C:\Program Files\Apache NetBeans\java\maven\lib\jansi-native -Dmaven.multiModuleProjectDirectory=C:\Users\ASUS\Documents\NetBeansProjects\Lubiproject1 org.codehaus.plexus.classworlds.launcher.Launcher -Dmaven.ext.class.path=C:\Program Files\Apache NetBeans\java\maven-nblib\netbeans-eventspy.jar --no-transfer-progress install

Host: Intel(R) Celeron(R) N4000 CPU @ 1.10GHz, 2 cores, 3G,  Windows 11 , 64 bit Build 26100 (10.0.26100.8115)
Time: Fri Apr  3 17:05:39 2026 SE Asia Standard Time elapsed time: 266.004170 seconds (0d 0h 4m 26s)

---------------  T H R E A D  ---------------

Current thread (0x000001707128bde0):  JavaThread "C1 CompilerThread0" daemon [_thread_in_native, id=6732, stack(0x0000006a03100000,0x0000006a03200000) (1024K)]


Current CompileTask:
C1:266004 2512       3       jdk.internal.classfile.impl.StackCounter::<init> (2420 bytes)

Stack: [0x0000006a03100000,0x0000006a03200000]
Native frames: (J=compiled Java code, j=interpreted, Vv=VM code, C=native code)
V  [jvm.dll+0x7a8bc9]  (no source info available)
V  [jvm.dll+0x77310d]  (no source info available)
V  [jvm.dll+0x9f55f3]  (no source info available)
V  [jvm.dll+0x9f7be1]  (no source info available)
V  [jvm.dll+0x9f82f3]  (no source info available)
V  [jvm.dll+0x2fce26]  (no source info available)
V  [jvm.dll+0x111076]  (no source info available)
V  [jvm.dll+0x11139e]  (no source info available)
V  [jvm.dll+0xf2dad]  (no source info available)
V  [jvm.dll+0x19cace]  (no source info available)
V  [jvm.dll+0x1f90ba]  (no source info available)
V  [jvm.dll+0x1e798e]  (no source info available)
V  [jvm.dll+0x1d5b50]  (no source info available)
V  [jvm.dll+0x1be50f]  (no source info available)
V  [jvm.dll+0x1bddaf]  (no source info available)
V  [jvm.dll+0x1be070]  (no source info available)
V  [jvm.dll+0x1bd3b1]  (no source info available)
V  [jvm.dll+0x1bf1fd]  (no source info available)
V  [jvm.dll+0x2cf4c6]  (no source info available)
V  [jvm.dll+0x2cd74a]  (no source info available)
V  [jvm.dll+0x48fbee]  (no source info available)
V  [jvm.dll+0x996b0d]  (no source info available)
V  [jvm.dll+0x7a71a5]  (no source info available)
C  [ucrtbase.dll+0x37b0]  (no source info available)
C  [KERNEL32.DLL+0x2e8d7]  (no source info available)
C  [ntdll.dll+0x8c3fc]  (no source info available)

Lock stack of current Java thread (top to bottom):


---------------  P R O C E S S  ---------------

Threads class SMR info:
_java_thread_list=0x000001707143ada0, length=11, elements={
0x000001705411d600, 0x0000017071202050, 0x0000017071202eb0, 0x0000017071212320,
0x00000170712173c0, 0x0000017071217f30, 0x00000170712186f0, 0x00000170712191e0,
0x000001707128bde0, 0x0000017071342c90, 0x0000017071347f30
}

Java Threads: ( => current thread )
  0x000001705411d600 JavaThread "main"                              [_thread_in_native, id=8476, stack(0x0000006a02200000,0x0000006a02300000) (1024K)]
  0x0000017071202050 JavaThread "Reference Handler"          daemon [_thread_blocked, id=12884, stack(0x0000006a02a00000,0x0000006a02b00000) (1024K)]
  0x0000017071202eb0 JavaThread "Finalizer"                  daemon [_thread_blocked, id=6624, stack(0x0000006a02b00000,0x0000006a02c00000) (1024K)]
  0x0000017071212320 JavaThread "Signal Dispatcher"          daemon [_thread_blocked, id=14324, stack(0x0000006a02c00000,0x0000006a02d00000) (1024K)]
  0x00000170712173c0 JavaThread "Attach Listener"            daemon [_thread_blocked, id=7840, stack(0x0000006a02d00000,0x0000006a02e00000) (1024K)]
  0x0000017071217f30 JavaThread "Service Thread"             daemon [_thread_blocked, id=15024, stack(0x0000006a02e00000,0x0000006a02f00000) (1024K)]
  0x00000170712186f0 JavaThread "Monitor Deflation Thread"   daemon [_thread_blocked, id=14700, stack(0x0000006a02f00000,0x0000006a03000000) (1024K)]
  0x00000170712191e0 JavaThread "C2 CompilerThread0"         daemon [_thread_blocked, id=11032, stack(0x0000006a03000000,0x0000006a03100000) (1024K)]
=>0x000001707128bde0 JavaThread "C1 CompilerThread0"         daemon [_thread_in_native, id=6732, stack(0x0000006a03100000,0x0000006a03200000) (1024K)]
  0x0000017071342c90 JavaThread "Notification Thread"        daemon [_thread_blocked, id=6572, stack(0x0000006a03200000,0x0000006a03300000) (1024K)]
  0x0000017071347f30 JavaThread "Common-Cleaner"             daemon [_thread_blocked, id=13128, stack(0x0000006a03300000,0x0000006a03400000) (1024K)]
Total: 11

Other Threads:
  0x000001705653ea80 VMThread "VM Thread"                           [id=3428, stack(0x0000006a02900000,0x0000006a02a00000) (1024K)]
  0x0000017056534dd0 WatcherThread "VM Periodic Task Thread"        [id=13376, stack(0x0000006a02800000,0x0000006a02900000) (1024K)]
  0x00000170564b55a0 WorkerThread "GC Thread#0"                     [id=12760, stack(0x0000006a02300000,0x0000006a02400000) (1024K)]
  0x000001707626d910 WorkerThread "GC Thread#1"                     [id=17288, stack(0x0000006a03400000,0x0000006a03500000) (1024K)]
  0x00000170564c1e30 ConcurrentGCThread "G1 Main Marker"            [id=13192, stack(0x0000006a02400000,0x0000006a02500000) (1024K)]
  0x00000170564c38c0 WorkerThread "G1 Conc#0"                       [id=10368, stack(0x0000006a02500000,0x0000006a02600000) (1024K)]
  0x00000170564dd180 ConcurrentGCThread "G1 Refine#0"               [id=880, stack(0x0000006a02600000,0x0000006a02700000) (1024K)]
  0x00000170564e0390 ConcurrentGCThread "G1 Service"                [id=2528, stack(0x0000006a02700000,0x0000006a02800000) (1024K)]
Total: 8

Threads with active compile tasks:
C1 CompilerThread0  267379 2512       3       jdk.internal.classfile.impl.StackCounter::<init> (2420 bytes)
Total: 1

VM state: not at safepoint (normal execution)

VM Mutex/Monitor currently owned by a thread: None

Heap address: 0x00000000c2c00000, size: 980 MB, Compressed Oops mode: 32-bit

CDS archive(s) mapped at: [0x000000001b000000-0x000000001bdd0000-0x000000001bdd0000), size 14483456, SharedBaseAddress: 0x000000001b000000, ArchiveRelocationMode: 1.
Compressed class space mapped at: 0x000000001c000000-0x000000005c000000, reserved size: 1073741824
UseCompressedClassPointers 1, UseCompactObjectHeaders 0
Narrow klass pointer bits 32, Max shift 3
Narrow klass base: 0x000000001b000000, Narrow klass shift: 0
Encoding Range: [0x000000001b000000 - 0x000000011b000000), (4294967296 bytes)
Klass Range:    [0x000000001b010000 - 0x000000005c000000), (1090453504 bytes)
Klass ID Range:  [65536 - 1090519033) (1090453497)
Protection zone: [0x000000001b000000 - 0x000000001b010000), (65536 bytes)

GC Precious Log:
 CardTable entry size: 512
 Card Set container configuration: InlinePtr #cards 5 size 8 Array Of Cards #cards 10 size 36 Howl #buckets 4 coarsen threshold 1843 Howl Bitmap #cards 512 size 80 coarsen threshold 460 Card regions per heap region 1 cards per card region 2048
 CPUs: 2 total, 2 available
 Memory: 3919M
 Large Page Support: Disabled
 NUMA Support: Disabled
 Compressed Oops: Enabled (32-bit)
 Heap Region Size: 1M
 Heap Min Capacity: 8M
 Heap Initial Capacity: 62M
 Heap Max Capacity: 980M
 Pre-touch: Disabled
 Parallel Workers: 2
 Concurrent Workers: 1
 Concurrent Refinement Workers: 2
 Periodic GC: Disabled

Heap:
 garbage-first heap   total reserved 1003520K, committed 65536K, used 25553K [0x00000000c2c00000, 0x0000000100000000)
  region size 1024K, 25 young (25600K), 4 survivors (4096K)

Heap Regions: E=young(eden), S=young(survivor), O=old, HS=humongous(starts), HC=humongous(continues), CS=collection set, F=free, TAMS=top-at-mark-start, PB=parsable bottom
|   0|0x00000000c2c00000, 0x00000000c2ca5430, 0x00000000c2d00000| 64%| O|  |TAMS 0x00000000c2c00000| PB 0x00000000c2c00000| Untracked |  0
|   1|0x00000000c2d00000, 0x00000000c2d00000, 0x00000000c2e00000|  0%| F|  |TAMS 0x00000000c2d00000| PB 0x00000000c2d00000| Untracked |  0
|   2|0x00000000c2e00000, 0x00000000c2e00000, 0x00000000c2f00000|  0%| F|  |TAMS 0x00000000c2e00000| PB 0x00000000c2e00000| Untracked |  0
|   3|0x00000000c2f00000, 0x00000000c2f00000, 0x00000000c3000000|  0%| F|  |TAMS 0x00000000c2f00000| PB 0x00000000c2f00000| Untracked |  0
|   4|0x00000000c3000000, 0x00000000c3000000, 0x00000000c3100000|  0%| F|  |TAMS 0x00000000c3000000| PB 0x00000000c3000000| Untracked |  0
|   5|0x00000000c3100000, 0x00000000c3100000, 0x00000000c3200000|  0%| F|  |TAMS 0x00000000c3100000| PB 0x00000000c3100000| Untracked |  0
|   6|0x00000000c3200000, 0x00000000c3200000, 0x00000000c3300000|  0%| F|  |TAMS 0x00000000c3200000| PB 0x00000000c3200000| Untracked |  0
|   7|0x00000000c3300000, 0x00000000c3300000, 0x00000000c3400000|  0%| F|  |TAMS 0x00000000c3300000| PB 0x00000000c3300000| Untracked |  0
|   8|0x00000000c3400000, 0x00000000c3400000, 0x00000000c3500000|  0%| F|  |TAMS 0x00000000c3400000| PB 0x00000000c3400000| Untracked |  0
|   9|0x00000000c3500000, 0x00000000c3500000, 0x00000000c3600000|  0%| F|  |TAMS 0x00000000c3500000| PB 0x00000000c3500000| Untracked |  0
|  10|0x00000000c3600000, 0x00000000c3600000, 0x00000000c3700000|  0%| F|  |TAMS 0x00000000c3600000| PB 0x00000000c3600000| Untracked |  0
|  11|0x00000000c3700000, 0x00000000c3700000, 0x00000000c3800000|  0%| F|  |TAMS 0x00000000c3700000| PB 0x00000000c3700000| Untracked |  0
|  12|0x00000000c3800000, 0x00000000c3800000, 0x00000000c3900000|  0%| F|  |TAMS 0x00000000c3800000| PB 0x00000000c3800000| Untracked |  0
|  13|0x00000000c3900000, 0x00000000c3900000, 0x00000000c3a00000|  0%| F|  |TAMS 0x00000000c3900000| PB 0x00000000c3900000| Untracked |  0
|  14|0x00000000c3a00000, 0x00000000c3a00000, 0x00000000c3b00000|  0%| F|  |TAMS 0x00000000c3a00000| PB 0x00000000c3a00000| Untracked |  0
|  15|0x00000000c3b00000, 0x00000000c3b00000, 0x00000000c3c00000|  0%| F|  |TAMS 0x00000000c3b00000| PB 0x00000000c3b00000| Untracked |  0
|  16|0x00000000c3c00000, 0x00000000c3c00000, 0x00000000c3d00000|  0%| F|  |TAMS 0x00000000c3c00000| PB 0x00000000c3c00000| Untracked |  0
|  17|0x00000000c3d00000, 0x00000000c3d00000, 0x00000000c3e00000|  0%| F|  |TAMS 0x00000000c3d00000| PB 0x00000000c3d00000| Untracked |  0
|  18|0x00000000c3e00000, 0x00000000c3e00000, 0x00000000c3f00000|  0%| F|  |TAMS 0x00000000c3e00000| PB 0x00000000c3e00000| Untracked |  0
|  19|0x00000000c3f00000, 0x00000000c3f00000, 0x00000000c4000000|  0%| F|  |TAMS 0x00000000c3f00000| PB 0x00000000c3f00000| Untracked |  0
|  20|0x00000000c4000000, 0x00000000c4000000, 0x00000000c4100000|  0%| F|  |TAMS 0x00000000c4000000| PB 0x00000000c4000000| Untracked |  0
|  21|0x00000000c4100000, 0x00000000c4100000, 0x00000000c4200000|  0%| F|  |TAMS 0x00000000c4100000| PB 0x00000000c4100000| Untracked |  0
|  22|0x00000000c4200000, 0x00000000c4200000, 0x00000000c4300000|  0%| F|  |TAMS 0x00000000c4200000| PB 0x00000000c4200000| Untracked |  0
|  23|0x00000000c4300000, 0x00000000c4300000, 0x00000000c4400000|  0%| F|  |TAMS 0x00000000c4300000| PB 0x00000000c4300000| Untracked |  0
|  24|0x00000000c4400000, 0x00000000c4400000, 0x00000000c4500000|  0%| F|  |TAMS 0x00000000c4400000| PB 0x00000000c4400000| Untracked |  0
|  25|0x00000000c4500000, 0x00000000c4500000, 0x00000000c4600000|  0%| F|  |TAMS 0x00000000c4500000| PB 0x00000000c4500000| Untracked |  0
|  26|0x00000000c4600000, 0x00000000c4600000, 0x00000000c4700000|  0%| F|  |TAMS 0x00000000c4600000| PB 0x00000000c4600000| Untracked |  0
|  27|0x00000000c4700000, 0x00000000c4700000, 0x00000000c4800000|  0%| F|  |TAMS 0x00000000c4700000| PB 0x00000000c4700000| Untracked |  0
|  28|0x00000000c4800000, 0x00000000c4800000, 0x00000000c4900000|  0%| F|  |TAMS 0x00000000c4800000| PB 0x00000000c4800000| Untracked |  0
|  29|0x00000000c4900000, 0x00000000c4900000, 0x00000000c4a00000|  0%| F|  |TAMS 0x00000000c4900000| PB 0x00000000c4900000| Untracked |  0
|  30|0x00000000c4a00000, 0x00000000c4a00000, 0x00000000c4b00000|  0%| F|  |TAMS 0x00000000c4a00000| PB 0x00000000c4a00000| Untracked |  0
|  31|0x00000000c4b00000, 0x00000000c4b2a4f8, 0x00000000c4c00000| 16%| S|CS|TAMS 0x00000000c4b00000| PB 0x00000000c4b00000| Complete |  0
|  32|0x00000000c4c00000, 0x00000000c4d00000, 0x00000000c4d00000|100%| S|CS|TAMS 0x00000000c4c00000| PB 0x00000000c4c00000| Complete |  0
|  33|0x00000000c4d00000, 0x00000000c4e00000, 0x00000000c4e00000|100%| S|CS|TAMS 0x00000000c4d00000| PB 0x00000000c4d00000| Complete |  0
|  34|0x00000000c4e00000, 0x00000000c4f00000, 0x00000000c4f00000|100%| S|CS|TAMS 0x00000000c4e00000| PB 0x00000000c4e00000| Complete |  0
|  35|0x00000000c4f00000, 0x00000000c4f00000, 0x00000000c5000000|  0%| F|  |TAMS 0x00000000c4f00000| PB 0x00000000c4f00000| Untracked |  0
|  36|0x00000000c5000000, 0x00000000c5000000, 0x00000000c5100000|  0%| F|  |TAMS 0x00000000c5000000| PB 0x00000000c5000000| Untracked |  0
|  37|0x00000000c5100000, 0x00000000c5100000, 0x00000000c5200000|  0%| F|  |TAMS 0x00000000c5100000| PB 0x00000000c5100000| Untracked |  0
|  38|0x00000000c5200000, 0x00000000c5200000, 0x00000000c5300000|  0%| F|  |TAMS 0x00000000c5200000| PB 0x00000000c5200000| Untracked |  0
|  39|0x00000000c5300000, 0x00000000c5300000, 0x00000000c5400000|  0%| F|  |TAMS 0x00000000c5300000| PB 0x00000000c5300000| Untracked |  0
|  40|0x00000000c5400000, 0x00000000c5400000, 0x00000000c5500000|  0%| F|  |TAMS 0x00000000c5400000| PB 0x00000000c5400000| Untracked |  0
|  41|0x00000000c5500000, 0x00000000c5572860, 0x00000000c5600000| 44%| E|  |TAMS 0x00000000c5500000| PB 0x00000000c5500000| Complete |  0
|  42|0x00000000c5600000, 0x00000000c5700000, 0x00000000c5700000|100%| E|CS|TAMS 0x00000000c5600000| PB 0x00000000c5600000| Complete |  0
|  43|0x00000000c5700000, 0x00000000c5800000, 0x00000000c5800000|100%| E|CS|TAMS 0x00000000c5700000| PB 0x00000000c5700000| Complete |  0
|  44|0x00000000c5800000, 0x00000000c5900000, 0x00000000c5900000|100%| E|CS|TAMS 0x00000000c5800000| PB 0x00000000c5800000| Complete |  0
|  45|0x00000000c5900000, 0x00000000c5a00000, 0x00000000c5a00000|100%| E|CS|TAMS 0x00000000c5900000| PB 0x00000000c5900000| Complete |  0
|  46|0x00000000c5a00000, 0x00000000c5b00000, 0x00000000c5b00000|100%| E|CS|TAMS 0x00000000c5a00000| PB 0x00000000c5a00000| Complete |  0
|  47|0x00000000c5b00000, 0x00000000c5c00000, 0x00000000c5c00000|100%| E|CS|TAMS 0x00000000c5b00000| PB 0x00000000c5b00000| Complete |  0
|  48|0x00000000c5c00000, 0x00000000c5d00000, 0x00000000c5d00000|100%| E|CS|TAMS 0x00000000c5c00000| PB 0x00000000c5c00000| Complete |  0
|  49|0x00000000c5d00000, 0x00000000c5e00000, 0x00000000c5e00000|100%| E|CS|TAMS 0x00000000c5d00000| PB 0x00000000c5d00000| Complete |  0
|  50|0x00000000c5e00000, 0x00000000c5f00000, 0x00000000c5f00000|100%| E|CS|TAMS 0x00000000c5e00000| PB 0x00000000c5e00000| Complete |  0
|  51|0x00000000c5f00000, 0x00000000c6000000, 0x00000000c6000000|100%| E|CS|TAMS 0x00000000c5f00000| PB 0x00000000c5f00000| Complete |  0
|  52|0x00000000c6000000, 0x00000000c6100000, 0x00000000c6100000|100%| E|CS|TAMS 0x00000000c6000000| PB 0x00000000c6000000| Complete |  0
|  53|0x00000000c6100000, 0x00000000c6200000, 0x00000000c6200000|100%| E|CS|TAMS 0x00000000c6100000| PB 0x00000000c6100000| Complete |  0
|  54|0x00000000c6200000, 0x00000000c6300000, 0x00000000c6300000|100%| E|CS|TAMS 0x00000000c6200000| PB 0x00000000c6200000| Complete |  0
|  55|0x00000000c6300000, 0x00000000c6400000, 0x00000000c6400000|100%| E|CS|TAMS 0x00000000c6300000| PB 0x00000000c6300000| Complete |  0
|  56|0x00000000c6400000, 0x00000000c6500000, 0x00000000c6500000|100%| E|CS|TAMS 0x00000000c6400000| PB 0x00000000c6400000| Complete |  0
|  57|0x00000000c6500000, 0x00000000c6600000, 0x00000000c6600000|100%| E|CS|TAMS 0x00000000c6500000| PB 0x00000000c6500000| Complete |  0
|  58|0x00000000c6600000, 0x00000000c6700000, 0x00000000c6700000|100%| E|CS|TAMS 0x00000000c6600000| PB 0x00000000c6600000| Complete |  0
|  59|0x00000000c6700000, 0x00000000c6800000, 0x00000000c6800000|100%| E|CS|TAMS 0x00000000c6700000| PB 0x00000000c6700000| Complete |  0
|  60|0x00000000c6800000, 0x00000000c6900000, 0x00000000c6900000|100%| E|CS|TAMS 0x00000000c6800000| PB 0x00000000c6800000| Complete |  0
|  61|0x00000000c6900000, 0x00000000c6a00000, 0x00000000c6a00000|100%| E|CS|TAMS 0x00000000c6900000| PB 0x00000000c6900000| Complete |  0
| 978|0x00000000ffe00000, 0x00000000fff00000, 0x00000000fff00000|100%| O|  |TAMS 0x00000000ffe00000| PB 0x00000000ffe00000| Untracked |  0
| 979|0x00000000fff00000, 0x00000000fff24ea8, 0x0000000100000000| 14%| O|  |TAMS 0x00000000fff00000| PB 0x00000000fff00000| Untracked |  0

Card table byte_map: [0x0000017056230000,0x0000017056420000] _byte_map_base: 0x0000017055c1a000

Marking Bits: (CMBitMap*) 0x00000170564b5d30
 Bits: [0x000001706df70000, 0x000001706eec0000)

Polling page: 0x0000017054530000

Metaspace:
Metaspace        used 11665K, committed 11904K, reserved 1114112K
 class space     used 1485K, committed 1600K, reserved 1048576K

Usage:
  Non-class:      9.94 MB used.
      Class:      1.45 MB used.
       Both:     11.39 MB used.

Virtual space:
  Non-class space:       64.00 MB reserved,      10.06 MB ( 16%) committed,  1 nodes.
      Class space:        1.00 GB reserved,       1.56 MB ( <1%) committed,  1 nodes.
             Both:        1.06 GB reserved,      11.62 MB (  1%) committed. 

Chunk freelists:
   Non-Class:  4.55 MB
       Class:  14.47 MB
        Both:  19.02 MB

MaxMetaspaceSize: unlimited
CompressedClassSpaceSize: 1.00 GB
Initial GC threshold: 21.00 MB
Current GC threshold: 21.00 MB
CDS: on
 - commit_granule_bytes: 65536.
 - commit_granule_words: 8192.
 - virtual_space_node_default_size: 8388608.
 - enlarge_chunks_in_place: 1.
UseCompressedClassPointers 1, UseCompactObjectHeaders 0
Narrow klass pointer bits 32, Max shift 3
Narrow klass base: 0x000000001b000000, Narrow klass shift: 0
Encoding Range: [0x000000001b000000 - 0x000000011b000000), (4294967296 bytes)
Klass Range:    [0x000000001b010000 - 0x000000005c000000), (1090453504 bytes)
Klass ID Range:  [65536 - 1090519033) (1090453497)
Protection zone: [0x000000001b000000 - 0x000000001b010000), (65536 bytes)


Internal statistics:

num_allocs_failed_limit: 0.
num_arena_births: 70.
num_arena_deaths: 0.
num_vsnodes_births: 2.
num_vsnodes_deaths: 0.
num_space_committed: 186.
num_space_uncommitted: 0.
num_chunks_returned_to_freelist: 0.
num_chunks_taken_from_freelist: 480.
num_chunk_merges: 0.
num_chunk_splits: 321.
num_chunks_enlarged: 267.
num_inconsistent_stats: 0.

CodeHeap 'non-profiled nmethods': size=120128Kb used=711Kb max_used=711Kb free=119416Kb
 bounds [0x0000017066a20000, 0x0000017066c90000, 0x000001706df70000]
CodeHeap 'profiled nmethods': size=120000Kb used=3747Kb max_used=3747Kb free=116252Kb
 bounds [0x000001705ef70000, 0x000001705f320000, 0x00000170664a0000]
CodeHeap 'non-nmethods': size=5632Kb used=1360Kb max_used=1397Kb free=4271Kb
 bounds [0x00000170664a0000, 0x0000017066710000, 0x0000017066a20000]
CodeCache: size=245760Kb, used=5818Kb, max_used=5855Kb, free=239939Kb
 total_blobs=2980, nmethods=2490, adapters=394, full_count=0
Compilation: enabled, stopped_count=0, restarted_count=0

Compilation events (20 events):
Event: 260.776 Thread 0x000001707128bde0 nmethod 2498 0x000001705f316008 code [0x000001705f316100, 0x000001705f316330]
Event: 262.550 Thread 0x000001707128bde0 2499       3       com.google.common.collect.ArrayListMultimap::put (7 bytes)
Event: 262.551 Thread 0x000001707128bde0 nmethod 2499 0x000001705f316388 code [0x000001705f316480, 0x000001705f316620]
Event: 262.844 Thread 0x000001707128bde0 2500       3       com.google.common.collect.AbstractMapBasedMultimap::put (92 bytes)
Event: 262.844 Thread 0x000001707128bde0 nmethod 2500 0x000001705f316688 code [0x000001705f316780, 0x000001705f316f68]
Event: 262.896 Thread 0x000001707128bde0 2501       3       com.google.common.collect.AbstractMapBasedMultimap::createCollection (5 bytes)
Event: 262.896 Thread 0x000001707128bde0 nmethod 2501 0x000001705f316f88 code [0x000001705f317080, 0x000001705f317248]
Event: 262.917 Thread 0x000001707128bde0 2502       3       com.google.common.collect.ArrayListMultimap::createCollection (5 bytes)
Event: 262.918 Thread 0x000001707128bde0 nmethod 2502 0x000001705f317288 code [0x000001705f317380, 0x000001705f317600]
Event: 262.918 Thread 0x000001707128bde0 2503       3       com.google.common.collect.ArrayListMultimap::createCollection (12 bytes)
Event: 262.918 Thread 0x000001707128bde0 nmethod 2503 0x000001705f317688 code [0x000001705f317780, 0x000001705f317928]
Event: 263.007 Thread 0x00000170712191e0 2504       4       java.util.TimSort::binarySort (223 bytes)
Event: 263.040 Thread 0x00000170712191e0 nmethod 2504 0x0000017066ad0808 code [0x0000017066ad0900, 0x0000017066ad1f68]
Event: 263.727 Thread 0x000001707128bde0 2505       3       com.google.inject.internal.InjectorImpl::getBindingOrThrow (26 bytes)
Event: 263.728 Thread 0x000001707128bde0 nmethod 2505 0x000001705f317988 code [0x000001705f317a80, 0x000001705f317c98]
Event: 263.844 Thread 0x000001707128bde0 2506       3       java.lang.reflect.Proxy$ProxyBuilder::addElementTypes (33 bytes)
Event: 263.844 Thread 0x000001707128bde0 nmethod 2506 0x000001705f317d08 code [0x000001705f317e00, 0x000001705f318580]
Event: 263.949 Thread 0x000001707128bde0 2509       3       jdk.internal.classfile.impl.DirectCodeBuilder::ldc (23 bytes)
Event: 263.958 Thread 0x000001707128bde0 nmethod 2509 0x000001705f318588 code [0x000001705f318680, 0x000001705f318ec8]
Event: 263.958 Thread 0x000001707128bde0 2512       3       jdk.internal.classfile.impl.StackCounter::<init> (2420 bytes)

GC Heap Usage History (4 events):
Event: 57.299 {heap Before GC invocations=0 (full 0):
 garbage-first heap   total reserved 1003520K, committed 65536K, used 14483K [0x00000000c2c00000, 0x0000000100000000)
  region size 1024K, 14 young (14336K), 0 survivors (0K)
}
Event: 57.471 {heap After GC invocations=1 (full 0):
 garbage-first heap   total reserved 1003520K, committed 65536K, used 3880K [0x00000000c2c00000, 0x0000000100000000)
  region size 1024K, 2 young (2048K), 2 survivors (2048K)
}
Event: 125.306 {heap Before GC invocations=1 (full 0):
 garbage-first heap   total reserved 1003520K, committed 65536K, used 28456K [0x00000000c2c00000, 0x0000000100000000)
  region size 1024K, 27 young (27648K), 2 survivors (2048K)
}
Event: 125.331 {heap After GC invocations=2 (full 0):
 garbage-first heap   total reserved 1003520K, committed 65536K, used 5073K [0x00000000c2c00000, 0x0000000100000000)
  region size 1024K, 4 young (4096K), 4 survivors (4096K)
}

Metaspace Usage History (4 events):
Event: 57.299 {metaspace Before GC invocations=0 (full 0):
 Metaspace       used 4333K, committed 4544K, reserved 1114112K
  class space    used 487K, committed 576K, reserved 1048576K
}
Event: 57.471 {metaspace After GC invocations=1 (full 0):
 Metaspace       used 4333K, committed 4544K, reserved 1114112K
  class space    used 487K, committed 576K, reserved 1048576K
}
Event: 125.306 {metaspace Before GC invocations=1 (full 0):
 Metaspace       used 7416K, committed 7616K, reserved 1114112K
  class space    used 900K, committed 1024K, reserved 1048576K
}
Event: 125.331 {metaspace After GC invocations=2 (full 0):
 Metaspace       used 7416K, committed 7616K, reserved 1114112K
  class space    used 900K, committed 1024K, reserved 1048576K
}

Dll operation events (7 events):
Event: 0.120 Loaded shared library C:\Program Files\Apache NetBeans\jdk\bin\java.dll
Event: 4.469 Loaded shared library C:\Program Files\Apache NetBeans\jdk\bin\net.dll
Event: 4.515 Loaded shared library C:\Program Files\Apache NetBeans\jdk\bin\nio.dll
Event: 5.686 Loaded shared library C:\Program Files\Apache NetBeans\jdk\bin\zip.dll
Event: 19.774 Loaded shared library C:\Program Files\Apache NetBeans\java\maven\lib\jansi-native\Windows\x86_64\jansi.dll
Event: 19.870 Loaded shared library C:\Program Files\Apache NetBeans\jdk\bin\verify.dll
Event: 23.447 Loaded shared library C:\Program Files\Apache NetBeans\jdk\bin\jimage.dll

Deoptimization events (20 events):
Event: 164.545 Thread 0x000001705411d600 Uncommon trap: trap_request=0xffffffd6 fr.pc=0x0000017066ab9f78 relative=0x00000000000005d8
Event: 164.545 Thread 0x000001705411d600 Uncommon trap: reason=array_check action=maybe_recompile pc=0x0000017066ab9f78 method=jdk.internal.classfile.impl.SplitConstantPool.internalAdd(Ljava/lang/classfile/constantpool/PoolEntry;I)Ljava/lang/classfile/constantpool/PoolEntry; @ 46 c2
Event: 164.545 Thread 0x000001705411d600 DEOPT PACKING pc=0x0000017066ab9f78 sp=0x0000006a022fd630
Event: 164.545 Thread 0x000001705411d600 DEOPT UNPACKING pc=0x000001706652857c sp=0x0000006a022fd5c0 mode 2
Event: 164.545 Thread 0x000001705411d600 Uncommon trap: trap_request=0xffffffd6 fr.pc=0x0000017066ab9f78 relative=0x00000000000005d8
Event: 164.545 Thread 0x000001705411d600 Uncommon trap: reason=array_check action=maybe_recompile pc=0x0000017066ab9f78 method=jdk.internal.classfile.impl.SplitConstantPool.internalAdd(Ljava/lang/classfile/constantpool/PoolEntry;I)Ljava/lang/classfile/constantpool/PoolEntry; @ 46 c2
Event: 164.545 Thread 0x000001705411d600 DEOPT PACKING pc=0x0000017066ab9f78 sp=0x0000006a022fd630
Event: 164.545 Thread 0x000001705411d600 DEOPT UNPACKING pc=0x000001706652857c sp=0x0000006a022fd5c0 mode 2
Event: 164.545 Thread 0x000001705411d600 Uncommon trap: trap_request=0xffffffd6 fr.pc=0x0000017066ab9f78 relative=0x00000000000005d8
Event: 164.545 Thread 0x000001705411d600 Uncommon trap: reason=array_check action=maybe_recompile pc=0x0000017066ab9f78 method=jdk.internal.classfile.impl.SplitConstantPool.internalAdd(Ljava/lang/classfile/constantpool/PoolEntry;I)Ljava/lang/classfile/constantpool/PoolEntry; @ 46 c2
Event: 164.545 Thread 0x000001705411d600 DEOPT PACKING pc=0x0000017066ab9f78 sp=0x0000006a022fd480
Event: 164.545 Thread 0x000001705411d600 DEOPT UNPACKING pc=0x000001706652857c sp=0x0000006a022fd410 mode 2
Event: 164.545 Thread 0x000001705411d600 Uncommon trap: trap_request=0xffffffd6 fr.pc=0x0000017066ab9f78 relative=0x00000000000005d8
Event: 164.545 Thread 0x000001705411d600 Uncommon trap: reason=array_check action=maybe_recompile pc=0x0000017066ab9f78 method=jdk.internal.classfile.impl.SplitConstantPool.internalAdd(Ljava/lang/classfile/constantpool/PoolEntry;I)Ljava/lang/classfile/constantpool/PoolEntry; @ 46 c2
Event: 164.545 Thread 0x000001705411d600 DEOPT PACKING pc=0x0000017066ab9f78 sp=0x0000006a022fd450
Event: 164.545 Thread 0x000001705411d600 DEOPT UNPACKING pc=0x000001706652857c sp=0x0000006a022fd3e0 mode 2
Event: 178.082 Thread 0x000001705411d600 DEOPT PACKING pc=0x000001705f240334 sp=0x0000006a022fe620
Event: 178.082 Thread 0x000001705411d600 DEOPT UNPACKING pc=0x00000170664f1063 sp=0x0000006a022fdb80 mode 0
Event: 210.406 Thread 0x000001705411d600 DEOPT PACKING pc=0x000001705f238464 sp=0x0000006a022fda80
Event: 210.408 Thread 0x000001705411d600 DEOPT UNPACKING pc=0x00000170664f1063 sp=0x0000006a022fcf38 mode 0

Classes loaded (20 events):
Event: 153.525 Loading class java/nio/channels/OverlappingFileLockException
Event: 153.526 Loading class java/nio/channels/OverlappingFileLockException done
Event: 153.527 Loading class java/nio/channels/FileLock
Event: 153.527 Loading class java/nio/channels/FileLock done
Event: 154.646 Loading class java/nio/file/AccessDeniedException
Event: 154.647 Loading class java/nio/file/AccessDeniedException done
Event: 160.622 Loading class java/lang/ClassValue$ClassValueMap
Event: 160.623 Loading class java/lang/ClassValue$ClassValueMap done
Event: 160.639 Loading class java/util/TreeMap$Values
Event: 160.640 Loading class java/util/TreeMap$Values done
Event: 160.648 Loading class java/util/TreeMap$ValueIterator
Event: 160.649 Loading class java/util/TreeMap$ValueIterator done
Event: 160.822 Loading class java/lang/invoke/DirectMethodHandle$StaticAccessor
Event: 160.823 Loading class java/lang/invoke/DirectMethodHandle$StaticAccessor done
Event: 164.546 Loading class java/lang/ClassValue$RemovalToken
Event: 164.546 Loading class java/lang/ClassValue$RemovalToken done
Event: 210.210 Loading class sun/reflect/generics/scope/MethodScope
Event: 210.211 Loading class sun/reflect/generics/scope/MethodScope done
Event: 210.214 Loading class sun/reflect/generics/repository/MethodRepository
Event: 210.214 Loading class sun/reflect/generics/repository/MethodRepository done

Classes unloaded (0 events):
No events

Classes redefined (0 events):
No events

Internal exceptions (20 events):
Event: 19.845 Thread 0x000001705411d600 Exception <a 'sun/nio/fs/WindowsException'{0x00000000c657d0e0}> (0x00000000c657d0e0) 
thrown [s\src\hotspot\share\prims\jni.cpp, line 516]
Event: 19.845 Thread 0x000001705411d600 Exception <a 'sun/nio/fs/WindowsException'{0x00000000c657d620}> (0x00000000c657d620) 
thrown [s\src\hotspot\share\prims\jni.cpp, line 516]
Event: 19.857 Thread 0x000001705411d600 Exception <a 'sun/nio/fs/WindowsException'{0x00000000c657db10}> (0x00000000c657db10) 
thrown [s\src\hotspot\share\prims\jni.cpp, line 516]
Event: 19.857 Thread 0x000001705411d600 Exception <a 'sun/nio/fs/WindowsException'{0x00000000c657dfb8}> (0x00000000c657dfb8) 
thrown [s\src\hotspot\share\prims\jni.cpp, line 516]
Event: 20.775 Thread 0x000001705411d600 Exception <a 'java/lang/NoSuchMethodError'{0x00000000c65b7610}: 'void java.lang.invoke.DirectMethodHandle$Holder.invokeVirtual(java.lang.Object, java.lang.Object)'> (0x00000000c65b7610) 
thrown [s\src\hotspot\share\interpreter\linkResolver.cpp, line 804]
Event: 20.780 Thread 0x000001705411d600 Exception <a 'java/lang/NoSuchMethodError'{0x00000000c65d8908}: 'void java.lang.invoke.DirectMethodHandle$Holder.invokeStatic(java.lang.Object, java.lang.Object)'> (0x00000000c65d8908) 
thrown [s\src\hotspot\share\interpreter\linkResolver.cpp, line 804]
Event: 20.782 Thread 0x000001705411d600 Exception <a 'java/lang/NoSuchMethodError'{0x00000000c65e09e0}: 'void java.lang.invoke.DirectMethodHandle$Holder.invokeStaticInit(java.lang.Object, java.lang.Object)'> (0x00000000c65e09e0) 
thrown [s\src\hotspot\share\interpreter\linkResolver.cpp, line 804]
Event: 21.584 Thread 0x000001705411d600 Exception <a 'java/lang/NoSuchMethodError'{0x00000000c641bee0}: 'void java.lang.invoke.DirectMethodHandle$Holder.invokeSpecial(java.lang.Object, java.lang.Object, java.lang.Object, java.lang.Object, java.lang.Object)'> (0x00000000c641bee0) 
thrown [s\src\hotspot\share\interpreter\linkResolver.cpp, line 804]
Event: 23.207 Thread 0x000001705411d600 Exception <a 'java/lang/NoSuchMethodError'{0x00000000c6457b58}: 'void java.lang.invoke.DirectMethodHandle$Holder.invokeStatic(java.lang.Object, java.lang.Object, java.lang.Object)'> (0x00000000c6457b58) 
thrown [s\src\hotspot\share\interpreter\linkResolver.cpp, line 804]
Event: 37.892 Thread 0x000001705411d600 Exception <a 'java/lang/NoSuchMethodError'{0x00000000c621dea0}: 'java.lang.Object java.lang.invoke.DirectMethodHandle$Holder.invokeSpecialIFC(java.lang.Object, java.lang.Object, java.lang.Object, java.lang.Object)'> (0x00000000c621dea0) 
thrown [s\src\hotspot\share\interpreter\linkResolver.cpp, line 804]
Event: 48.193 Thread 0x000001705411d600 Exception <a 'java/lang/NoSuchMethodError'{0x00000000c5d10360}: 'void java.lang.invoke.DirectMethodHandle$Holder.invokeSpecial(java.lang.Object, java.lang.Object, java.lang.Object)'> (0x00000000c5d10360) 
thrown [s\src\hotspot\share\interpreter\linkResolver.cpp, line 804]
Event: 56.017 Thread 0x000001705411d600 Exception <a 'java/lang/NoSuchMethodError'{0x00000000c5c2b9d0}: 'java.lang.Object java.lang.invoke.DirectMethodHandle$Holder.invokeInterface(java.lang.Object, java.lang.Object)'> (0x00000000c5c2b9d0) 
thrown [s\src\hotspot\share\interpreter\linkResolver.cpp, line 804]
Event: 57.159 Thread 0x000001705411d600 Exception <a 'java/lang/NoSuchMethodError'{0x00000000c5cd6820}: 'int java.lang.invoke.DirectMethodHandle$Holder.invokeStatic(java.lang.Object, java.lang.Object, java.lang.Object, java.lang.Object)'> (0x00000000c5cd6820) 
thrown [s\src\hotspot\share\interpreter\linkResolver.cpp, line 804]
Event: 57.477 Thread 0x000001705411d600 Exception <a 'java/lang/NoSuchMethodError'{0x00000000c6900c48}: 'int java.lang.invoke.DirectMethodHandle$Holder.invokeSpecialIFC(java.lang.Object, java.lang.Object, java.lang.Object, java.lang.Object, java.lang.Object)'> (0x00000000c6900c48) 
thrown [s\src\hotspot\share\interpreter\linkResolver.cpp, line 804]
Event: 58.290 Thread 0x000001705411d600 Exception <a 'java/lang/NoSuchMethodError'{0x00000000c68ce910}: 'java.lang.Object java.lang.invoke.DirectMethodHandle$Holder.newInvokeSpecial(java.lang.Object, java.lang.Object, java.lang.Object, java.lang.Object, java.lang.Object)'> (0x00000000c68ce910) 
thrown [s\src\hotspot\share\interpreter\linkResolver.cpp, line 804]
Event: 60.969 Thread 0x000001705411d600 Exception <a 'java/lang/NoSuchMethodError'{0x00000000c67e7f08}: 'int java.lang.invoke.DirectMethodHandle$Holder.invokeStaticInit(java.lang.Object, java.lang.Object)'> (0x00000000c67e7f08) 
thrown [s\src\hotspot\share\interpreter\linkResolver.cpp, line 804]
Event: 61.324 Thread 0x000001705411d600 Exception <a 'java/lang/NoClassDefFoundError'{0x00000000c6622958}: javax/enterprise/inject/Typed> (0x00000000c6622958) 
thrown [s\src\hotspot\share\classfile\systemDictionary.cpp, line 316]
Event: 160.125 Thread 0x000001705411d600 Exception <a 'java/lang/NoSuchMethodError'{0x00000000c5d9a568}: 'void java.lang.invoke.DirectMethodHandle$Holder.invokeStaticInit(java.lang.Object, java.lang.Object, java.lang.Object)'> (0x00000000c5d9a568) 
thrown [s\src\hotspot\share\interpreter\linkResolver.cpp, line 804]
Event: 160.795 Thread 0x000001705411d600 Implicit null exception at 0x0000017066a84a1d to 0x0000017066a84b50
Event: 164.547 Thread 0x000001705411d600 Exception <a 'java/lang/NoSuchMethodError'{0x00000000c5c257a0}: 'java.lang.Object java.lang.invoke.Invokers$Holder.invokeExact_MT(java.lang.Object, int, java.lang.Object)'> (0x00000000c5c257a0) 
thrown [s\src\hotspot\share\interpreter\linkResolver.cpp, line 804]

VM Operations (20 events):
Event: 60.358 Executing non-safepoint VM operation: RendezvousGCThreads
Event: 60.358 Executing non-safepoint VM operation: RendezvousGCThreads done
Event: 125.302 Executing non-safepoint VM operation: HandshakeAllThreads (Deoptimize)
Event: 125.303 Executing non-safepoint VM operation: HandshakeAllThreads (Deoptimize) done
Event: 125.306 Executing safepoint VM operation: G1CollectForAllocation (G1 Evacuation Pause)
Event: 125.331 Executing safepoint VM operation: G1CollectForAllocation (G1 Evacuation Pause) done
Event: 140.584 Executing non-safepoint VM operation: HandshakeAllThreads (Deoptimize)
Event: 140.584 Executing non-safepoint VM operation: HandshakeAllThreads (Deoptimize) done
Event: 160.625 Executing non-safepoint VM operation: HandshakeAllThreads (Deoptimize)
Event: 160.625 Executing non-safepoint VM operation: HandshakeAllThreads (Deoptimize) done
Event: 177.704 Executing non-safepoint VM operation: HandshakeAllThreads (Deoptimize)
Event: 177.704 Executing non-safepoint VM operation: HandshakeAllThreads (Deoptimize) done
Event: 177.819 Executing non-safepoint VM operation: HandshakeAllThreads (Deoptimize)
Event: 177.819 Executing non-safepoint VM operation: HandshakeAllThreads (Deoptimize) done
Event: 180.517 Executing non-safepoint VM operation: HandshakeAllThreads (HandshakeForDeflation)
Event: 180.648 Executing non-safepoint VM operation: HandshakeAllThreads (HandshakeForDeflation) done
Event: 180.648 Executing non-safepoint VM operation: RendezvousGCThreads
Event: 180.648 Executing non-safepoint VM operation: RendezvousGCThreads done
Event: 210.261 Executing non-safepoint VM operation: HandshakeAllThreads (Deoptimize)
Event: 210.262 Executing non-safepoint VM operation: HandshakeAllThreads (Deoptimize) done

Memory protections (0 events):
No events

Nmethod flushes (0 events):
No events

Events (13 events):
Event: 0.354 Thread 0x000001705411d600 Thread added: 0x000001705411d600
Event: 0.607 Thread 0x000001705411d600 Thread added: 0x0000017071202050
Event: 0.607 Thread 0x000001705411d600 Thread added: 0x0000017071202eb0
Event: 0.608 Thread 0x000001705411d600 Thread added: 0x0000017071212320
Event: 0.608 Thread 0x000001705411d600 Thread added: 0x00000170712173c0
Event: 0.608 Thread 0x000001705411d600 Thread added: 0x0000017071217f30
Event: 0.608 Thread 0x000001705411d600 Thread added: 0x00000170712186f0
Event: 0.609 Thread 0x000001705411d600 Thread added: 0x00000170712191e0
Event: 0.856 Thread 0x000001705411d600 Thread added: 0x000001707128bde0
Event: 4.164 Thread 0x000001705411d600 Thread added: 0x0000017071342c90
Event: 4.379 Thread 0x000001705411d600 Thread added: 0x0000017071347f30
Event: 19.769 Thread 0x000001705411d600 Thread added: 0x00000170715d13f0
Event: 31.447 Thread 0x00000170715d13f0 Thread exited: 0x00000170715d13f0


Dynamic libraries:
0x00007ff62b400000 - 0x00007ff62b40e000 	C:\Program Files\Apache NetBeans\jdk\bin\java.exe
0x00007ffea0ee0000 - 0x00007ffea1147000 	C:\WINDOWS\SYSTEM32\ntdll.dll
0x00007ffe9fee0000 - 0x00007ffe9ffa9000 	C:\WINDOWS\System32\KERNEL32.DLL
0x00007ffe9dbe0000 - 0x00007ffe9dfd4000 	C:\WINDOWS\System32\KERNELBASE.dll
0x00007ffe9e110000 - 0x00007ffe9e25b000 	C:\WINDOWS\System32\ucrtbase.dll
0x00007ffe8a0d0000 - 0x00007ffe8a0e6000 	C:\Program Files\Apache NetBeans\jdk\bin\jli.dll
0x00007ffe9ed70000 - 0x00007ffe9ef35000 	C:\WINDOWS\System32\USER32.dll
0x00007ffe9eb90000 - 0x00007ffe9ebb7000 	C:\WINDOWS\System32\win32u.dll
0x00007ffea09d0000 - 0x00007ffea09fb000 	C:\WINDOWS\System32\GDI32.dll
0x00007ffe9dfe0000 - 0x00007ffe9e10a000 	C:\WINDOWS\System32\gdi32full.dll
0x00007ffe9ebc0000 - 0x00007ffe9ec63000 	C:\WINDOWS\System32\msvcp_win.dll
0x00007ffe8b780000 - 0x00007ffe8b79e000 	C:\Program Files\Apache NetBeans\jdk\bin\VCRUNTIME140.dll
0x00007ffe8ba70000 - 0x00007ffe8bd03000 	C:\WINDOWS\WinSxS\amd64_microsoft.windows.common-controls_6595b64144ccf1df_6.0.26100.8115_none_3e075c82e3354f9c\COMCTL32.dll
0x00007ffea0400000 - 0x00007ffea04a9000 	C:\WINDOWS\System32\msvcrt.dll
0x00007ffe9fd40000 - 0x00007ffe9fd72000 	C:\WINDOWS\System32\IMM32.DLL
0x00007ffe92200000 - 0x00007ffe9220c000 	C:\Program Files\Apache NetBeans\jdk\bin\vcruntime140_1.dll
0x00007ffe76b40000 - 0x00007ffe76bcd000 	C:\Program Files\Apache NetBeans\jdk\bin\msvcp140.dll
0x00007ffe28420000 - 0x00007ffe29346000 	C:\Program Files\Apache NetBeans\jdk\bin\server\jvm.dll
0x00007ffea0660000 - 0x00007ffea0716000 	C:\WINDOWS\System32\ADVAPI32.dll
0x00007ffea04b0000 - 0x00007ffea0557000 	C:\WINDOWS\System32\sechost.dll
0x00007ffe9f250000 - 0x00007ffe9f368000 	C:\WINDOWS\System32\RPCRT4.dll
0x00007ffea0940000 - 0x00007ffea09c0000 	C:\WINDOWS\System32\WS2_32.dll
0x00007ffe9d610000 - 0x00007ffe9d66e000 	C:\WINDOWS\SYSTEM32\POWRPROF.dll
0x00007ffe7a540000 - 0x00007ffe7a576000 	C:\WINDOWS\SYSTEM32\WINMM.dll
0x00007ffe8c650000 - 0x00007ffe8c65b000 	C:\WINDOWS\SYSTEM32\VERSION.dll
0x00007ffe9d5f0000 - 0x00007ffe9d604000 	C:\WINDOWS\SYSTEM32\UMPDC.dll
0x00007ffe9c540000 - 0x00007ffe9c55b000 	C:\WINDOWS\SYSTEM32\kernel.appcore.dll
0x00007ffe904d0000 - 0x00007ffe904da000 	C:\Program Files\Apache NetBeans\jdk\bin\jimage.dll
0x00007ffe9b6f0000 - 0x00007ffe9b932000 	C:\WINDOWS\SYSTEM32\DBGHELP.DLL
0x00007ffe9ffb0000 - 0x00007ffea0332000 	C:\WINDOWS\System32\combase.dll
0x00007ffe9f400000 - 0x00007ffe9f4d7000 	C:\WINDOWS\System32\OLEAUT32.dll
0x00007ffe8c3b0000 - 0x00007ffe8c3eb000 	C:\WINDOWS\SYSTEM32\dbgcore.DLL
0x00007ffe9d9c0000 - 0x00007ffe9da65000 	C:\WINDOWS\System32\bcryptPrimitives.dll
0x00007ffe8a200000 - 0x00007ffe8a21e000 	C:\Program Files\Apache NetBeans\jdk\bin\java.dll
0x00007ffea0790000 - 0x00007ffea0927000 	C:\WINDOWS\System32\ole32.dll
0x00007ffe9f570000 - 0x00007ffe9fcd6000 	C:\WINDOWS\System32\SHELL32.dll
0x00007ffe9da70000 - 0x00007ffe9dbda000 	C:\WINDOWS\System32\wintypes.dll
0x00007ffe9e260000 - 0x00007ffe9eac5000 	C:\WINDOWS\System32\windows.storage.dll
0x00007ffe9ef40000 - 0x00007ffe9f037000 	C:\WINDOWS\System32\SHCORE.dll
0x00007ffea0720000 - 0x00007ffea0786000 	C:\WINDOWS\System32\shlwapi.dll
0x00007ffe9d6d0000 - 0x00007ffe9d6f9000 	C:\WINDOWS\SYSTEM32\profapi.dll
0x00007ffe89600000 - 0x00007ffe89611000 	C:\Program Files\Apache NetBeans\jdk\bin\net.dll
0x00007ffe9cab0000 - 0x00007ffe9cb1c000 	C:\WINDOWS\system32\mswsock.dll
0x00007ffe895e0000 - 0x00007ffe895f6000 	C:\Program Files\Apache NetBeans\jdk\bin\nio.dll
0x00007ffe8a0b0000 - 0x00007ffe8a0c7000 	C:\Program Files\Apache NetBeans\jdk\bin\zip.dll
0x00007ffe77c10000 - 0x00007ffe77c34000 	C:\Program Files\Apache NetBeans\java\maven\lib\jansi-native\Windows\x86_64\jansi.dll
0x00007ffe895d0000 - 0x00007ffe895e0000 	C:\Program Files\Apache NetBeans\jdk\bin\verify.dll

JVMTI agents: none

dbghelp: loaded successfully - version: 4.0.5 - missing functions: none
symbol engine: initialized successfully - sym options: 0x614 - pdb path: .;C:\Program Files\Apache NetBeans\jdk\bin;C:\WINDOWS\SYSTEM32;C:\WINDOWS\WinSxS\amd64_microsoft.windows.common-controls_6595b64144ccf1df_6.0.26100.8115_none_3e075c82e3354f9c;C:\Program Files\Apache NetBeans\jdk\bin\server;C:\Program Files\Apache NetBeans\java\maven\lib\jansi-native\Windows\x86_64

VM Arguments:
jvm_args: --enable-native-access=ALL-UNNAMED -Dclassworlds.conf=C:\Program Files\Apache NetBeans\java\maven\bin\m2.conf -Dmaven.home=C:\Program Files\Apache NetBeans\java\maven -Dlibrary.jansi.path=C:\Program Files\Apache NetBeans\java\maven\lib\jansi-native -Dmaven.multiModuleProjectDirectory=C:\Users\ASUS\Documents\NetBeansProjects\Lubiproject1 
java_command: org.codehaus.plexus.classworlds.launcher.Launcher -Dmaven.ext.class.path=C:\Program Files\Apache NetBeans\java\maven-nblib\netbeans-eventspy.jar --no-transfer-progress install
java_class_path (initial): C:\Program Files\Apache NetBeans\java\maven\boot\plexus-classworlds-2.9.0.jar
Launcher Type: SUN_STANDARD

[Global flags]
     intx CICompilerCount                          = 2                                         {product} {ergonomic}
     uint ConcGCThreads                            = 1                                         {product} {ergonomic}
     uint G1ConcRefinementThreads                  = 2                                         {product} {ergonomic}
   size_t G1HeapRegionSize                         = 1048576                                   {product} {ergonomic}
   size_t InitialHeapSize                          = 65011712                                  {product} {ergonomic}
   size_t MarkStackSize                            = 4194304                                   {product} {ergonomic}
   size_t MarkStackSizeMax                         = 536870912                                 {product} {ergonomic}
   size_t MaxHeapSize                              = 1027604480                                {product} {ergonomic}
   size_t MaxNewSize                               = 616562688                                 {product} {ergonomic}
   size_t MinHeapDeltaBytes                        = 1048576                                   {product} {ergonomic}
   size_t MinHeapSize                              = 8388608                                   {product} {ergonomic}
    uintx NonNMethodCodeHeapSize                   = 5767168                                {pd product} {ergonomic}
    uintx NonProfiledCodeHeapSize                  = 123011072                              {pd product} {ergonomic}
    uintx ProfiledCodeHeapSize                     = 122880000                              {pd product} {ergonomic}
    uintx ReservedCodeCacheSize                    = 251658240                              {pd product} {ergonomic}
     bool SegmentedCodeCache                       = true                                      {product} {ergonomic}
   size_t SoftMaxHeapSize                          = 1027604480                             {manageable} {ergonomic}
     bool UseCompressedOops                        = true                           {product lp64_product} {ergonomic}
     bool UseG1GC                                  = true                                      {product} {ergonomic}
     bool UseLargePagesIndividualAllocation        = false                                  {pd product} {ergonomic}

Logging:
Log output configuration:
 #0: stdout all=warning uptime,level,tags foldmultilines=false
 #1: stderr all=off uptime,level,tags foldmultilines=false

Release file:
IMPLEMENTOR="Eclipse Adoptium" 
IMPLEMENTOR_VERSION="Temurin-25.0.2+10" 
JAVA_RUNTIME_VERSION="25.0.2+10-LTS" 
JAVA_VERSION="25.0.2" 
JAVA_VERSION_DATE="2026-01-20" 
LIBC="default" 
MODULES="java.base java.compiler java.datatransfer java.xml java.prefs java.desktop java.instrument java.logging java.management java.security.sasl java.naming java.rmi java.management.rmi java.net.http java.scripting java.security.jgss java.transaction.xa java.sql java.sql.rowset java.xml.crypto java.se java.smartcardio jdk.accessibility jdk.internal.jvmstat jdk.attach jdk.charsets jdk.internal.opt jdk.zipfs jdk.compiler jdk.crypto.cryptoki jdk.crypto.ec jdk.crypto.mscapi jdk.dynalink jdk.internal.ed jdk.editpad jdk.internal.vm.ci jdk.graal.compiler jdk.graal.compiler.management jdk.hotspot.agent jdk.httpserver jdk.incubator.vector jdk.internal.le jdk.internal.md jdk.jartool jdk.javadoc jdk.jcmd jdk.management jdk.management.agent jdk.jconsole jdk.jdeps jdk.jdwp.agent jdk.jdi jdk.jfr jdk.jlink jdk.jpackage jdk.jshell jdk.jsobject jdk.jstatd jdk.localedata jdk.management.jfr jdk.naming.dns jdk.naming.rmi jdk.net jdk.nio.mapmode jdk.sctp jdk.security.auth jdk.security.jgss jdk.unsupported jdk.unsupported.desktop jdk.xml.dom" 
OS_ARCH="x86_64" 
OS_NAME="Windows" 
SOURCE=".:git:9e3c947043a4" 
BUILD_SOURCE="git:458965074606f027bd5afce2cfd5c1055dea0438"
BUILD_SOURCE_REPO="https://github.com/adoptium/temurin-build.git"
SOURCE_REPO="https://github.com/adoptium/jdk25u.git"
FULL_VERSION="25.0.2+10-LTS"
SEMANTIC_VERSION="25.0.2+10"
BUILD_INFO="OS: Windows Server 2022 Version: 10.0"
JVM_VARIANT="Hotspot"
JVM_VERSION="25.0.2+10-LTS"
IMAGE_TYPE="JDK"

Environment Variables:
JAVA_HOME=C:\Program Files\Apache NetBeans\jdk
PATH=C:\WINDOWS\system32;C:\WINDOWS;C:\WINDOWS\System32\Wbem;C:\WINDOWS\System32\WindowsPowerShell\v1.0\;C:\WINDOWS\System32\OpenSSH\;C:\Program Files\Git\cmd;C:\Users\ASUS\AppData\Local\Microsoft\WindowsApps;;C:\Program Files\Apache NetBeans\bin\
USERNAME=ASUS
OS=Windows_NT
PROCESSOR_IDENTIFIER=Intel64 Family 6 Model 122 Stepping 1, GenuineIntel
TMP=C:\Users\ASUS\AppData\Local\Temp
TEMP=C:\Users\ASUS\AppData\Local\Temp




Compilation memory statistics disabled.

Periodic native trim disabled

---------------  S Y S T E M  ---------------

OS:
 Windows 11 , 64 bit Build 26100 (10.0.26100.8115)
OS uptime: 0 days 0:58 hours

CPU: total 2 (initial active 2) (2 cores per cpu, 1 threads per core) family 6 model 122 stepping 1 microcode 0x34, cx8, cmov, fxsr, mmx, 3dnowpref, sse, sse2, sse3, ssse3, sse4.1, sse4.2, popcnt, tsc, tscinvbit, aes, erms, clmul, sha, clflush, clflushopt, rdtscp, rdpid
Processor Information for the first 2 processors :
  Max Mhz: 1101, Current Mhz: 1101, Mhz Limit: 1101

Memory: 4k page, system-wide physical 3919M (249M free)
TotalPageFile size 15695M (AvailPageFile size 21M)
current process WorkingSet (physical memory assigned to process): 32M, peak: 59M
current process commit charge ("private bytes"): 155M, peak: 156M

vm_info: OpenJDK 64-Bit Server VM (25.0.2+10-LTS) for windows-amd64 JRE (25.0.2+10-LTS), built on 2026-01-20T00:00:00Z with MS VC++ 17.12 (VS2022)

END.
