#
# There is insufficient memory for the Java Runtime Environment to continue.
# Native memory allocation (malloc) failed to allocate 99816 bytes. Error detail: Chunk::new
# Possible reasons:
#   The system is out of physical RAM or swap space
#   This process is running with CompressedOops enabled, and the Java Heap may be blocking the growth of the native heap
# Possible solutions:
#   Reduce memory load on the system
#   Increase physical memory or swap space
#   Check if swap backing store is full
#   Decrease Java heap size (-Xmx/-Xms)
#   Decrease number of Java threads
#   Decrease Java thread stack sizes (-Xss)
#   Set larger code cache with -XX:ReservedCodeCacheSize=
#   JVM is running with Unscaled Compressed Oops mode in which the Java heap is
#     placed in the first 4GB address space. The Java Heap base address is the
#     maximum limit for the native heap growth. Please use -XX:HeapBaseMinAddress
#     to set the Java Heap base and to place the Java Heap above 4GB virtual address.
# This output file may be truncated or incomplete.
#
#  Out of Memory Error (arena.cpp:186), pid=6992, tid=7968
#
# JRE version: OpenJDK Runtime Environment Temurin-25.0.2+10 (25.0.2+10) (build 25.0.2+10-LTS)
# Java VM: OpenJDK 64-Bit Server VM Temurin-25.0.2+10 (25.0.2+10-LTS, mixed mode, sharing, tiered, compressed oops, compressed class ptrs, g1 gc, windows-amd64)
# No core dump will be written. Minidumps are not enabled by default on client versions of Windows
#

---------------  S U M M A R Y ------------

Command Line: --enable-native-access=ALL-UNNAMED -Dclassworlds.conf=C:\Program Files\Apache NetBeans\java\maven\bin\m2.conf -Dmaven.home=C:\Program Files\Apache NetBeans\java\maven -Dlibrary.jansi.path=C:\Program Files\Apache NetBeans\java\maven\lib\jansi-native -Dmaven.multiModuleProjectDirectory=C:\Users\ASUS\Documents\NetBeansProjects\Lubiproject1 org.codehaus.plexus.classworlds.launcher.Launcher -Dmaven.ext.class.path=C:\Program Files\Apache NetBeans\java\maven-nblib\netbeans-eventspy.jar --no-transfer-progress install

Host: Intel(R) Celeron(R) N4000 CPU @ 1.10GHz, 2 cores, 3G,  Windows 11 , 64 bit Build 26100 (10.0.26100.8115)
Time: Fri Apr  3 17:05:34 2026 SE Asia Standard Time elapsed time: 199.412030 seconds (0d 0h 3m 19s)

---------------  T H R E A D  ---------------

Current thread (0x00000200de5e11d0):  JavaThread "C2 CompilerThread0" daemon [_thread_in_native, id=7968, stack(0x000000442aa00000,0x000000442ab00000) (1024K)]


Current CompileTask:
C2:199412 1382   !   4       java.nio.charset.CharsetDecoder::decode (275 bytes)

Stack: [0x000000442aa00000,0x000000442ab00000]
Native frames: (J=compiled Java code, j=interpreted, Vv=VM code, C=native code)
V  [jvm.dll+0x7a8bc9]  (no source info available)
V  [jvm.dll+0x77310d]  (no source info available)
V  [jvm.dll+0x9f55f3]  (no source info available)
V  [jvm.dll+0x9f7be1]  (no source info available)
V  [jvm.dll+0x9f82f3]  (no source info available)
V  [jvm.dll+0x2fce26]  (no source info available)
V  [jvm.dll+0x111076]  (no source info available)
V  [jvm.dll+0x11139e]  (no source info available)
V  [jvm.dll+0x45371d]  (no source info available)
V  [jvm.dll+0x4223f2]  (no source info available)
V  [jvm.dll+0x42180a]  (no source info available)
V  [jvm.dll+0x2c01e9]  (no source info available)
V  [jvm.dll+0x2bf3cf]  (no source info available)
V  [jvm.dll+0x237140]  (no source info available)
V  [jvm.dll+0x2cf4c6]  (no source info available)
V  [jvm.dll+0x2cd74a]  (no source info available)
V  [jvm.dll+0x48fbee]  (no source info available)
V  [jvm.dll+0x996b0d]  (no source info available)
V  [jvm.dll+0x7a71a5]  (no source info available)
C  [ucrtbase.dll+0x37b0]  (no source info available)
C  [KERNEL32.DLL+0x2e8d7]  (no source info available)
C  [ntdll.dll+0x8c3fc]  (no source info available)

Lock stack of current Java thread (top to bottom):


---------------  P R O C E S S  ---------------

Threads class SMR info:
_java_thread_list=0x00000200de970340, length=11, elements={
0x00000200c397f7d0, 0x00000200de5d2760, 0x00000200de5d5a30, 0x00000200de5da450,
0x00000200de5dc170, 0x00000200de5df720, 0x00000200de5e02e0, 0x00000200de5e11d0,
0x00000200de645bb0, 0x00000200de6aa4d0, 0x00000200de6b0f30
}

Java Threads: ( => current thread )
  0x00000200c397f7d0 JavaThread "main"                              [_thread_in_native, id=13504, stack(0x0000004429c00000,0x0000004429d00000) (1024K)]
  0x00000200de5d2760 JavaThread "Reference Handler"          daemon [_thread_blocked, id=14232, stack(0x000000442a400000,0x000000442a500000) (1024K)]
  0x00000200de5d5a30 JavaThread "Finalizer"                  daemon [_thread_blocked, id=12356, stack(0x000000442a500000,0x000000442a600000) (1024K)]
  0x00000200de5da450 JavaThread "Signal Dispatcher"          daemon [_thread_blocked, id=9056, stack(0x000000442a600000,0x000000442a700000) (1024K)]
  0x00000200de5dc170 JavaThread "Attach Listener"            daemon [_thread_blocked, id=12136, stack(0x000000442a700000,0x000000442a800000) (1024K)]
  0x00000200de5df720 JavaThread "Service Thread"             daemon [_thread_blocked, id=8484, stack(0x000000442a800000,0x000000442a900000) (1024K)]
  0x00000200de5e02e0 JavaThread "Monitor Deflation Thread"   daemon [_thread_blocked, id=13164, stack(0x000000442a900000,0x000000442aa00000) (1024K)]
=>0x00000200de5e11d0 JavaThread "C2 CompilerThread0"         daemon [_thread_in_native, id=7968, stack(0x000000442aa00000,0x000000442ab00000) (1024K)]
  0x00000200de645bb0 JavaThread "C1 CompilerThread0"         daemon [_thread_blocked, id=3180, stack(0x000000442ab00000,0x000000442ac00000) (1024K)]
  0x00000200de6aa4d0 JavaThread "Notification Thread"        daemon [_thread_blocked, id=14080, stack(0x000000442ac00000,0x000000442ad00000) (1024K)]
  0x00000200de6b0f30 JavaThread "Common-Cleaner"             daemon [_thread_blocked, id=12332, stack(0x000000442ad00000,0x000000442ae00000) (1024K)]
Total: 11

Other Threads:
  0x00000200de5bf790 VMThread "VM Thread"                           [id=8928, stack(0x000000442a300000,0x000000442a400000) (1024K)]
  0x00000200de5bb0c0 WatcherThread "VM Periodic Task Thread"        [id=14824, stack(0x000000442a200000,0x000000442a300000) (1024K)]
  0x00000200c39b5280 WorkerThread "GC Thread#0"                     [id=7232, stack(0x0000004429d00000,0x0000004429e00000) (1024K)]
  0x00000200e32265f0 WorkerThread "GC Thread#1"                     [id=20412, stack(0x0000004429a00000,0x0000004429b00000) (1024K)]
  0x00000200c39c1b10 ConcurrentGCThread "G1 Main Marker"            [id=10320, stack(0x0000004429e00000,0x0000004429f00000) (1024K)]
  0x00000200c39c3d40 WorkerThread "G1 Conc#0"                       [id=12336, stack(0x0000004429f00000,0x000000442a000000) (1024K)]
  0x00000200c39dce60 ConcurrentGCThread "G1 Refine#0"               [id=9652, stack(0x000000442a000000,0x000000442a100000) (1024K)]
  0x00000200c39e0070 ConcurrentGCThread "G1 Service"                [id=3100, stack(0x000000442a100000,0x000000442a200000) (1024K)]
Total: 8

Threads with active compile tasks:
C2 CompilerThread0  201610 1382   !   4       java.nio.charset.CharsetDecoder::decode (275 bytes)
Total: 1

VM state: not at safepoint (normal execution)

VM Mutex/Monitor currently owned by a thread: None

Heap address: 0x00000000c2c00000, size: 980 MB, Compressed Oops mode: 32-bit

CDS archive(s) mapped at: [0x0000000039000000-0x0000000039dd0000-0x0000000039dd0000), size 14483456, SharedBaseAddress: 0x0000000039000000, ArchiveRelocationMode: 1.
Compressed class space mapped at: 0x000000003a000000-0x000000007a000000, reserved size: 1073741824
UseCompressedClassPointers 1, UseCompactObjectHeaders 0
Narrow klass pointer bits 32, Max shift 3
Narrow klass base: 0x0000000039000000, Narrow klass shift: 0
Encoding Range: [0x0000000039000000 - 0x0000000139000000), (4294967296 bytes)
Klass Range:    [0x0000000039010000 - 0x000000007a000000), (1090453504 bytes)
Klass ID Range:  [65536 - 1090519033) (1090453497)
Protection zone: [0x0000000039000000 - 0x0000000039010000), (65536 bytes)

GC Precious Log:
 CardTable entry size: 512
 Card Set container configuration: InlinePtr #cards 5 size 8 Array Of Cards #cards 10 size 36 Howl #buckets 4 coarsen threshold 1843 Howl Bitmap #cards 512 size 80 coarsen threshold 460 Card regions per heap region 1 cards per card region 2048
 CPUs: 2 total, 2 available
 Memory: 3919M
 Large Page Support: Disabled
 NUMA Support: Disabled
 Compressed Oops: Enabled (32-bit)
 Heap Region Size: 1M
 Heap Min Capacity: 8M
 Heap Initial Capacity: 62M
 Heap Max Capacity: 980M
 Pre-touch: Disabled
 Parallel Workers: 2
 Concurrent Workers: 1
 Concurrent Refinement Workers: 2
 Periodic GC: Disabled

Heap:
 garbage-first heap   total reserved 1003520K, committed 65536K, used 5535K [0x00000000c2c00000, 0x0000000100000000)
  region size 1024K, 4 young (4096K), 1 survivors (1024K)

Heap Regions: E=young(eden), S=young(survivor), O=old, HS=humongous(starts), HC=humongous(continues), CS=collection set, F=free, TAMS=top-at-mark-start, PB=parsable bottom
|   0|0x00000000c2c00000, 0x00000000c2d00000, 0x00000000c2d00000|100%| O|  |TAMS 0x00000000c2c00000| PB 0x00000000c2c00000| Untracked |  0
|   1|0x00000000c2d00000, 0x00000000c2e00000, 0x00000000c2e00000|100%| O|  |TAMS 0x00000000c2d00000| PB 0x00000000c2d00000| Untracked |  0
|   2|0x00000000c2e00000, 0x00000000c2ec7758, 0x00000000c2f00000| 77%| O|  |TAMS 0x00000000c2e00000| PB 0x00000000c2e00000| Untracked |  0
|   3|0x00000000c2f00000, 0x00000000c2f00000, 0x00000000c3000000|  0%| F|  |TAMS 0x00000000c2f00000| PB 0x00000000c2f00000| Untracked |  0
|   4|0x00000000c3000000, 0x00000000c3000000, 0x00000000c3100000|  0%| F|  |TAMS 0x00000000c3000000| PB 0x00000000c3000000| Untracked |  0
|   5|0x00000000c3100000, 0x00000000c3100000, 0x00000000c3200000|  0%| F|  |TAMS 0x00000000c3100000| PB 0x00000000c3100000| Untracked |  0
|   6|0x00000000c3200000, 0x00000000c3200000, 0x00000000c3300000|  0%| F|  |TAMS 0x00000000c3200000| PB 0x00000000c3200000| Untracked |  0
|   7|0x00000000c3300000, 0x00000000c3300000, 0x00000000c3400000|  0%| F|  |TAMS 0x00000000c3300000| PB 0x00000000c3300000| Untracked |  0
|   8|0x00000000c3400000, 0x00000000c3400000, 0x00000000c3500000|  0%| F|  |TAMS 0x00000000c3400000| PB 0x00000000c3400000| Untracked |  0
|   9|0x00000000c3500000, 0x00000000c3500000, 0x00000000c3600000|  0%| F|  |TAMS 0x00000000c3500000| PB 0x00000000c3500000| Untracked |  0
|  10|0x00000000c3600000, 0x00000000c3600000, 0x00000000c3700000|  0%| F|  |TAMS 0x00000000c3600000| PB 0x00000000c3600000| Untracked |  0
|  11|0x00000000c3700000, 0x00000000c3700000, 0x00000000c3800000|  0%| F|  |TAMS 0x00000000c3700000| PB 0x00000000c3700000| Untracked |  0
|  12|0x00000000c3800000, 0x00000000c3800000, 0x00000000c3900000|  0%| F|  |TAMS 0x00000000c3800000| PB 0x00000000c3800000| Untracked |  0
|  13|0x00000000c3900000, 0x00000000c3900000, 0x00000000c3a00000|  0%| F|  |TAMS 0x00000000c3900000| PB 0x00000000c3900000| Untracked |  0
|  14|0x00000000c3a00000, 0x00000000c3a00000, 0x00000000c3b00000|  0%| F|  |TAMS 0x00000000c3a00000| PB 0x00000000c3a00000| Untracked |  0
|  15|0x00000000c3b00000, 0x00000000c3b00000, 0x00000000c3c00000|  0%| F|  |TAMS 0x00000000c3b00000| PB 0x00000000c3b00000| Untracked |  0
|  16|0x00000000c3c00000, 0x00000000c3c00000, 0x00000000c3d00000|  0%| F|  |TAMS 0x00000000c3c00000| PB 0x00000000c3c00000| Untracked |  0
|  17|0x00000000c3d00000, 0x00000000c3d00000, 0x00000000c3e00000|  0%| F|  |TAMS 0x00000000c3d00000| PB 0x00000000c3d00000| Untracked |  0
|  18|0x00000000c3e00000, 0x00000000c3e00000, 0x00000000c3f00000|  0%| F|  |TAMS 0x00000000c3e00000| PB 0x00000000c3e00000| Untracked |  0
|  19|0x00000000c3f00000, 0x00000000c3f00000, 0x00000000c4000000|  0%| F|  |TAMS 0x00000000c3f00000| PB 0x00000000c3f00000| Untracked |  0
|  20|0x00000000c4000000, 0x00000000c4000000, 0x00000000c4100000|  0%| F|  |TAMS 0x00000000c4000000| PB 0x00000000c4000000| Untracked |  0
|  21|0x00000000c4100000, 0x00000000c4100000, 0x00000000c4200000|  0%| F|  |TAMS 0x00000000c4100000| PB 0x00000000c4100000| Untracked |  0
|  22|0x00000000c4200000, 0x00000000c4200000, 0x00000000c4300000|  0%| F|  |TAMS 0x00000000c4200000| PB 0x00000000c4200000| Untracked |  0
|  23|0x00000000c4300000, 0x00000000c4300000, 0x00000000c4400000|  0%| F|  |TAMS 0x00000000c4300000| PB 0x00000000c4300000| Untracked |  0
|  24|0x00000000c4400000, 0x00000000c4400000, 0x00000000c4500000|  0%| F|  |TAMS 0x00000000c4400000| PB 0x00000000c4400000| Untracked |  0
|  25|0x00000000c4500000, 0x00000000c4500000, 0x00000000c4600000|  0%| F|  |TAMS 0x00000000c4500000| PB 0x00000000c4500000| Untracked |  0
|  26|0x00000000c4600000, 0x00000000c4600000, 0x00000000c4700000|  0%| F|  |TAMS 0x00000000c4600000| PB 0x00000000c4600000| Untracked |  0
|  27|0x00000000c4700000, 0x00000000c4700000, 0x00000000c4800000|  0%| F|  |TAMS 0x00000000c4700000| PB 0x00000000c4700000| Untracked |  0
|  28|0x00000000c4800000, 0x00000000c4800000, 0x00000000c4900000|  0%| F|  |TAMS 0x00000000c4800000| PB 0x00000000c4800000| Untracked |  0
|  29|0x00000000c4900000, 0x00000000c4900000, 0x00000000c4a00000|  0%| F|  |TAMS 0x00000000c4900000| PB 0x00000000c4900000| Untracked |  0
|  30|0x00000000c4a00000, 0x00000000c4a00000, 0x00000000c4b00000|  0%| F|  |TAMS 0x00000000c4a00000| PB 0x00000000c4a00000| Untracked |  0
|  31|0x00000000c4b00000, 0x00000000c4b00000, 0x00000000c4c00000|  0%| F|  |TAMS 0x00000000c4b00000| PB 0x00000000c4b00000| Untracked |  0
|  32|0x00000000c4c00000, 0x00000000c4c00000, 0x00000000c4d00000|  0%| F|  |TAMS 0x00000000c4c00000| PB 0x00000000c4c00000| Untracked |  0
|  33|0x00000000c4d00000, 0x00000000c4d00000, 0x00000000c4e00000|  0%| F|  |TAMS 0x00000000c4d00000| PB 0x00000000c4d00000| Untracked |  0
|  34|0x00000000c4e00000, 0x00000000c4e00000, 0x00000000c4f00000|  0%| F|  |TAMS 0x00000000c4e00000| PB 0x00000000c4e00000| Untracked |  0
|  35|0x00000000c4f00000, 0x00000000c4f00000, 0x00000000c5000000|  0%| F|  |TAMS 0x00000000c4f00000| PB 0x00000000c4f00000| Untracked |  0
|  36|0x00000000c5000000, 0x00000000c5000000, 0x00000000c5100000|  0%| F|  |TAMS 0x00000000c5000000| PB 0x00000000c5000000| Untracked |  0
|  37|0x00000000c5100000, 0x00000000c5100000, 0x00000000c5200000|  0%| F|  |TAMS 0x00000000c5100000| PB 0x00000000c5100000| Untracked |  0
|  38|0x00000000c5200000, 0x00000000c5200000, 0x00000000c5300000|  0%| F|  |TAMS 0x00000000c5200000| PB 0x00000000c5200000| Untracked |  0
|  39|0x00000000c5300000, 0x00000000c5300000, 0x00000000c5400000|  0%| F|  |TAMS 0x00000000c5300000| PB 0x00000000c5300000| Untracked |  0
|  40|0x00000000c5400000, 0x00000000c5400000, 0x00000000c5500000|  0%| F|  |TAMS 0x00000000c5400000| PB 0x00000000c5400000| Untracked |  0
|  41|0x00000000c5500000, 0x00000000c5500000, 0x00000000c5600000|  0%| F|  |TAMS 0x00000000c5500000| PB 0x00000000c5500000| Untracked |  0
|  42|0x00000000c5600000, 0x00000000c5600000, 0x00000000c5700000|  0%| F|  |TAMS 0x00000000c5600000| PB 0x00000000c5600000| Untracked |  0
|  43|0x00000000c5700000, 0x00000000c5700000, 0x00000000c5800000|  0%| F|  |TAMS 0x00000000c5700000| PB 0x00000000c5700000| Untracked |  0
|  44|0x00000000c5800000, 0x00000000c5800000, 0x00000000c5900000|  0%| F|  |TAMS 0x00000000c5800000| PB 0x00000000c5800000| Untracked |  0
|  45|0x00000000c5900000, 0x00000000c5900000, 0x00000000c5a00000|  0%| F|  |TAMS 0x00000000c5900000| PB 0x00000000c5900000| Untracked |  0
|  46|0x00000000c5a00000, 0x00000000c5a00000, 0x00000000c5b00000|  0%| F|  |TAMS 0x00000000c5a00000| PB 0x00000000c5a00000| Untracked |  0
|  47|0x00000000c5b00000, 0x00000000c5b00000, 0x00000000c5c00000|  0%| F|  |TAMS 0x00000000c5b00000| PB 0x00000000c5b00000| Untracked |  0
|  48|0x00000000c5c00000, 0x00000000c5c00000, 0x00000000c5d00000|  0%| F|  |TAMS 0x00000000c5c00000| PB 0x00000000c5c00000| Untracked |  0
|  49|0x00000000c5d00000, 0x00000000c5d00000, 0x00000000c5e00000|  0%| F|  |TAMS 0x00000000c5d00000| PB 0x00000000c5d00000| Untracked |  0
|  50|0x00000000c5e00000, 0x00000000c5e00000, 0x00000000c5f00000|  0%| F|  |TAMS 0x00000000c5e00000| PB 0x00000000c5e00000| Untracked |  0
|  51|0x00000000c5f00000, 0x00000000c5f00000, 0x00000000c6000000|  0%| F|  |TAMS 0x00000000c5f00000| PB 0x00000000c5f00000| Untracked |  0
|  52|0x00000000c6000000, 0x00000000c6000000, 0x00000000c6100000|  0%| F|  |TAMS 0x00000000c6000000| PB 0x00000000c6000000| Untracked |  0
|  53|0x00000000c6100000, 0x00000000c6100000, 0x00000000c6200000|  0%| F|  |TAMS 0x00000000c6100000| PB 0x00000000c6100000| Untracked |  0
|  54|0x00000000c6200000, 0x00000000c6200000, 0x00000000c6300000|  0%| F|  |TAMS 0x00000000c6200000| PB 0x00000000c6200000| Untracked |  0
|  55|0x00000000c6300000, 0x00000000c6300000, 0x00000000c6400000|  0%| F|  |TAMS 0x00000000c6300000| PB 0x00000000c6300000| Untracked |  0
|  56|0x00000000c6400000, 0x00000000c6400000, 0x00000000c6500000|  0%| F|  |TAMS 0x00000000c6400000| PB 0x00000000c6400000| Untracked |  0
|  57|0x00000000c6500000, 0x00000000c657b840, 0x00000000c6600000| 48%| S|CS|TAMS 0x00000000c6500000| PB 0x00000000c6500000| Complete |  0
|  58|0x00000000c6600000, 0x00000000c6600000, 0x00000000c6700000|  0%| F|  |TAMS 0x00000000c6600000| PB 0x00000000c6600000| Untracked |  0
|  59|0x00000000c6700000, 0x00000000c67680f8, 0x00000000c6800000| 40%| E|  |TAMS 0x00000000c6700000| PB 0x00000000c6700000| Complete |  0
|  60|0x00000000c6800000, 0x00000000c6900000, 0x00000000c6900000|100%| E|  |TAMS 0x00000000c6800000| PB 0x00000000c6800000| Complete |  0
|  61|0x00000000c6900000, 0x00000000c6a00000, 0x00000000c6a00000|100%| E|CS|TAMS 0x00000000c6900000| PB 0x00000000c6900000| Complete |  0
| 978|0x00000000ffe00000, 0x00000000fff00000, 0x00000000fff00000|100%| O|  |TAMS 0x00000000ffe00000| PB 0x00000000ffe00000| Untracked |  0
| 979|0x00000000fff00000, 0x00000000fff24ea8, 0x0000000100000000| 14%| O|  |TAMS 0x00000000fff00000| PB 0x00000000fff00000| Untracked |  0

Card table byte_map: [0x00000200c3640000,0x00000200c3830000] _byte_map_base: 0x00000200c302a000

Marking Bits: (CMBitMap*) 0x00000200c39b5a10
 Bits: [0x00000200db470000, 0x00000200dc3c0000)

Polling page: 0x00000200c15f0000

Metaspace:
Metaspace        used 5843K, committed 6080K, reserved 1114112K
 class space     used 709K, committed 832K, reserved 1048576K

Usage:
  Non-class:      5.01 MB used.
      Class:    709.00 KB used.
       Both:      5.71 MB used.

Virtual space:
  Non-class space:       64.00 MB reserved,       5.12 MB (  8%) committed,  1 nodes.
      Class space:        1.00 GB reserved,     832.00 KB ( <1%) committed,  1 nodes.
             Both:        1.06 GB reserved,       5.94 MB ( <1%) committed. 

Chunk freelists:
   Non-Class:  9.03 MB
       Class:  15.23 MB
        Both:  24.27 MB

MaxMetaspaceSize: unlimited
CompressedClassSpaceSize: 1.00 GB
Initial GC threshold: 21.00 MB
Current GC threshold: 21.00 MB
CDS: on
 - commit_granule_bytes: 65536.
 - commit_granule_words: 8192.
 - virtual_space_node_default_size: 8388608.
 - enlarge_chunks_in_place: 1.
UseCompressedClassPointers 1, UseCompactObjectHeaders 0
Narrow klass pointer bits 32, Max shift 3
Narrow klass base: 0x0000000039000000, Narrow klass shift: 0
Encoding Range: [0x0000000039000000 - 0x0000000139000000), (4294967296 bytes)
Klass Range:    [0x0000000039010000 - 0x000000007a000000), (1090453504 bytes)
Klass ID Range:  [65536 - 1090519033) (1090453497)
Protection zone: [0x0000000039000000 - 0x0000000039010000), (65536 bytes)


Internal statistics:

num_allocs_failed_limit: 0.
num_arena_births: 54.
num_arena_deaths: 0.
num_vsnodes_births: 2.
num_vsnodes_deaths: 0.
num_space_committed: 95.
num_space_uncommitted: 0.
num_chunks_returned_to_freelist: 0.
num_chunks_taken_from_freelist: 233.
num_chunk_merges: 0.
num_chunk_splits: 143.
num_chunks_enlarged: 117.
num_inconsistent_stats: 0.

CodeHeap 'non-profiled nmethods': size=120128Kb used=406Kb max_used=406Kb free=119722Kb
 bounds [0x00000200d3f20000, 0x00000200d4190000, 0x00000200db470000]
CodeHeap 'profiled nmethods': size=120000Kb used=2094Kb max_used=2094Kb free=117905Kb
 bounds [0x00000200cc470000, 0x00000200cc6e0000, 0x00000200d39a0000]
CodeHeap 'non-nmethods': size=5632Kb used=1332Kb max_used=1362Kb free=4299Kb
 bounds [0x00000200d39a0000, 0x00000200d3c10000, 0x00000200d3f20000]
CodeCache: size=245760Kb, used=3832Kb, max_used=3862Kb, free=241926Kb
 total_blobs=1853, nmethods=1386, adapters=372, full_count=0
Compilation: enabled, stopped_count=0, restarted_count=0

Compilation events (20 events):
Event: 196.610 Thread 0x00000200de645bb0 nmethod 1372 0x00000200d3f84908 code [0x00000200d3f84a00, 0x00000200d3f84ac8]
Event: 196.611 Thread 0x00000200de645bb0 1373       3       java.lang.Class::getDeclaredMethods (9 bytes)
Event: 196.611 Thread 0x00000200de645bb0 nmethod 1373 0x00000200cc671f08 code [0x00000200cc672000, 0x00000200cc672170]
Event: 196.613 Thread 0x00000200de645bb0 1374       3       com.google.common.collect.ImmutableMapEntry::getKey (5 bytes)
Event: 196.613 Thread 0x00000200de645bb0 nmethod 1374 0x00000200cc672208 code [0x00000200cc672300, 0x00000200cc672420]
Event: 196.615 Thread 0x00000200de645bb0 1375       3       java.util.LinkedHashMap::values (5 bytes)
Event: 196.615 Thread 0x00000200de645bb0 nmethod 1375 0x00000200cc672508 code [0x00000200cc672600, 0x00000200cc672750]
Event: 197.006 Thread 0x00000200de5e11d0 1376       4       java.lang.ClassLoader::checkName (37 bytes)
Event: 197.008 Thread 0x00000200de5e11d0 nmethod 1376 0x00000200d3f84c08 code [0x00000200d3f84d00, 0x00000200d3f84ea0]
Event: 197.044 Thread 0x00000200de5e11d0 1380       4       java.lang.AbstractStringBuilder::needsNewBuffer (33 bytes)
Event: 197.045 Thread 0x00000200de5e11d0 nmethod 1380 0x00000200d3f84f08 code [0x00000200d3f85000, 0x00000200d3f850c8]
Event: 197.045 Thread 0x00000200de645bb0 1378       3       java.lang.CharacterDataLatin1::getType (11 bytes)
Event: 197.046 Thread 0x00000200de645bb0 nmethod 1378 0x00000200cc672808 code [0x00000200cc672900, 0x00000200cc672b18]
Event: 197.046 Thread 0x00000200de645bb0 1379       3       java.lang.Character::getType (9 bytes)
Event: 197.046 Thread 0x00000200de645bb0 nmethod 1379 0x00000200cc672b88 code [0x00000200cc672c80, 0x00000200cc672e70]
Event: 197.046 Thread 0x00000200de645bb0 1377       3       jdk.internal.jimage.BasicImageReader::verifyLocation (39 bytes)
Event: 197.055 Thread 0x00000200de645bb0 nmethod 1377 0x00000200cc672e88 code [0x00000200cc672f80, 0x00000200cc673248]
Event: 197.240 Thread 0x00000200de645bb0 1381       3       java.util.jar.JarFile::match (132 bytes)
Event: 197.240 Thread 0x00000200de645bb0 nmethod 1381 0x00000200cc673288 code [0x00000200cc673380, 0x00000200cc673898]
Event: 197.240 Thread 0x00000200de5e11d0 1382   !   4       java.nio.charset.CharsetDecoder::decode (275 bytes)

GC Heap Usage History (12 events):
Event: 152.694 {heap Before GC invocations=0 (full 0):
 garbage-first heap   total reserved 1003520K, committed 65536K, used 14483K [0x00000000c2c00000, 0x0000000100000000)
  region size 1024K, 14 young (14336K), 0 survivors (0K)
}
Event: 156.323 {heap After GC invocations=1 (full 0):
 garbage-first heap   total reserved 1003520K, committed 65536K, used 3820K [0x00000000c2c00000, 0x0000000100000000)
  region size 1024K, 2 young (2048K), 2 survivors (2048K)
}
Event: 162.182 {heap Before GC invocations=1 (full 0):
 garbage-first heap   total reserved 1003520K, committed 65536K, used 4844K [0x00000000c2c00000, 0x0000000100000000)
  region size 1024K, 3 young (3072K), 2 survivors (2048K)
}
Event: 162.226 {heap After GC invocations=2 (full 0):
 garbage-first heap   total reserved 1003520K, committed 65536K, used 4327K [0x00000000c2c00000, 0x0000000100000000)
  region size 1024K, 1 young (1024K), 1 survivors (1024K)
}
Event: 173.307 {heap Before GC invocations=2 (full 0):
 garbage-first heap   total reserved 1003520K, committed 65536K, used 6375K [0x00000000c2c00000, 0x0000000100000000)
  region size 1024K, 3 young (3072K), 1 survivors (1024K)
}
Event: 173.309 {heap After GC invocations=3 (full 0):
 garbage-first heap   total reserved 1003520K, committed 65536K, used 4278K [0x00000000c2c00000, 0x0000000100000000)
  region size 1024K, 1 young (1024K), 1 survivors (1024K)
}
Event: 181.034 {heap Before GC invocations=3 (full 0):
 garbage-first heap   total reserved 1003520K, committed 65536K, used 6326K [0x00000000c2c00000, 0x0000000100000000)
  region size 1024K, 3 young (3072K), 1 survivors (1024K)
}
Event: 181.036 {heap After GC invocations=4 (full 0):
 garbage-first heap   total reserved 1003520K, committed 65536K, used 4388K [0x00000000c2c00000, 0x0000000100000000)
  region size 1024K, 1 young (1024K), 1 survivors (1024K)
}
Event: 185.285 {heap Before GC invocations=4 (full 0):
 garbage-first heap   total reserved 1003520K, committed 65536K, used 6436K [0x00000000c2c00000, 0x0000000100000000)
  region size 1024K, 3 young (3072K), 1 survivors (1024K)
}
Event: 185.287 {heap After GC invocations=5 (full 0):
 garbage-first heap   total reserved 1003520K, committed 65536K, used 4447K [0x00000000c2c00000, 0x0000000100000000)
  region size 1024K, 1 young (1024K), 1 survivors (1024K)
}
Event: 189.339 {heap Before GC invocations=5 (full 0):
 garbage-first heap   total reserved 1003520K, committed 65536K, used 7519K [0x00000000c2c00000, 0x0000000100000000)
  region size 1024K, 4 young (4096K), 1 survivors (1024K)
}
Event: 189.344 {heap After GC invocations=6 (full 0):
 garbage-first heap   total reserved 1003520K, committed 65536K, used 4511K [0x00000000c2c00000, 0x0000000100000000)
  region size 1024K, 1 young (1024K), 1 survivors (1024K)
}

Metaspace Usage History (12 events):
Event: 152.694 {metaspace Before GC invocations=0 (full 0):
 Metaspace       used 4269K, committed 4416K, reserved 1114112K
  class space    used 486K, committed 576K, reserved 1048576K
}
Event: 156.323 {metaspace After GC invocations=1 (full 0):
 Metaspace       used 4269K, committed 4416K, reserved 1114112K
  class space    used 486K, committed 576K, reserved 1048576K
}
Event: 162.182 {metaspace Before GC invocations=1 (full 0):
 Metaspace       used 4572K, committed 4736K, reserved 1114112K
  class space    used 543K, committed 640K, reserved 1048576K
}
Event: 162.226 {metaspace After GC invocations=2 (full 0):
 Metaspace       used 4572K, committed 4736K, reserved 1114112K
  class space    used 543K, committed 640K, reserved 1048576K
}
Event: 173.307 {metaspace Before GC invocations=2 (full 0):
 Metaspace       used 5179K, committed 5312K, reserved 1114112K
  class space    used 623K, committed 640K, reserved 1048576K
}
Event: 173.309 {metaspace After GC invocations=3 (full 0):
 Metaspace       used 5179K, committed 5312K, reserved 1114112K
  class space    used 623K, committed 640K, reserved 1048576K
}
Event: 181.034 {metaspace Before GC invocations=3 (full 0):
 Metaspace       used 5458K, committed 5632K, reserved 1114112K
  class space    used 655K, committed 768K, reserved 1048576K
}
Event: 181.036 {metaspace After GC invocations=4 (full 0):
 Metaspace       used 5458K, committed 5632K, reserved 1114112K
  class space    used 655K, committed 768K, reserved 1048576K
}
Event: 185.285 {metaspace Before GC invocations=4 (full 0):
 Metaspace       used 5498K, committed 5696K, reserved 1114112K
  class space    used 666K, committed 768K, reserved 1048576K
}
Event: 185.287 {metaspace After GC invocations=5 (full 0):
 Metaspace       used 5498K, committed 5696K, reserved 1114112K
  class space    used 666K, committed 768K, reserved 1048576K
}
Event: 189.339 {metaspace Before GC invocations=5 (full 0):
 Metaspace       used 5617K, committed 5760K, reserved 1114112K
  class space    used 683K, committed 768K, reserved 1048576K
}
Event: 189.344 {metaspace After GC invocations=6 (full 0):
 Metaspace       used 5617K, committed 5760K, reserved 1114112K
  class space    used 683K, committed 768K, reserved 1048576K
}

Dll operation events (7 events):
Event: 0.285 Loaded shared library C:\Program Files\Apache NetBeans\jdk\bin\java.dll
Event: 4.034 Loaded shared library C:\Program Files\Apache NetBeans\jdk\bin\net.dll
Event: 4.038 Loaded shared library C:\Program Files\Apache NetBeans\jdk\bin\nio.dll
Event: 5.368 Loaded shared library C:\Program Files\Apache NetBeans\jdk\bin\zip.dll
Event: 32.771 Loaded shared library C:\Program Files\Apache NetBeans\java\maven\lib\jansi-native\Windows\x86_64\jansi.dll
Event: 32.791 Loaded shared library C:\Program Files\Apache NetBeans\jdk\bin\verify.dll
Event: 35.697 Loaded shared library C:\Program Files\Apache NetBeans\jdk\bin\jimage.dll

Deoptimization events (20 events):
Event: 184.655 Thread 0x00000200c397f7d0 Uncommon trap: trap_request=0xffffffde fr.pc=0x00000200d3f6f78c relative=0x000000000000010c
Event: 184.655 Thread 0x00000200c397f7d0 Uncommon trap: reason=class_check action=maybe_recompile pc=0x00000200d3f6f78c method=java.nio.Buffer.<init>(IIIILjava/lang/foreign/MemorySegment;)V @ 39 c2
Event: 184.655 Thread 0x00000200c397f7d0 DEOPT PACKING pc=0x00000200d3f6f78c sp=0x0000004429cfdd30
Event: 184.655 Thread 0x00000200c397f7d0 DEOPT UNPACKING pc=0x00000200d3a2857c sp=0x0000004429cfdce8 mode 2
Event: 184.684 Thread 0x00000200c397f7d0 Uncommon trap: trap_request=0xffffffde fr.pc=0x00000200d3f6f78c relative=0x000000000000010c
Event: 184.684 Thread 0x00000200c397f7d0 Uncommon trap: reason=class_check action=maybe_recompile pc=0x00000200d3f6f78c method=java.nio.Buffer.<init>(IIIILjava/lang/foreign/MemorySegment;)V @ 39 c2
Event: 184.684 Thread 0x00000200c397f7d0 DEOPT PACKING pc=0x00000200d3f6f78c sp=0x0000004429cfdcc0
Event: 184.684 Thread 0x00000200c397f7d0 DEOPT UNPACKING pc=0x00000200d3a2857c sp=0x0000004429cfdc78 mode 2
Event: 184.773 Thread 0x00000200c397f7d0 Uncommon trap: trap_request=0xffffffde fr.pc=0x00000200d3f6f78c relative=0x000000000000010c
Event: 184.773 Thread 0x00000200c397f7d0 Uncommon trap: reason=class_check action=maybe_recompile pc=0x00000200d3f6f78c method=java.nio.Buffer.<init>(IIIILjava/lang/foreign/MemorySegment;)V @ 39 c2
Event: 184.773 Thread 0x00000200c397f7d0 DEOPT PACKING pc=0x00000200d3f6f78c sp=0x0000004429cfdbd0
Event: 184.773 Thread 0x00000200c397f7d0 DEOPT UNPACKING pc=0x00000200d3a2857c sp=0x0000004429cfdb88 mode 2
Event: 185.277 Thread 0x00000200c397f7d0 Uncommon trap: trap_request=0xffffff45 fr.pc=0x00000200d3f7b1ac relative=0x000000000000092c
Event: 185.277 Thread 0x00000200c397f7d0 Uncommon trap: reason=unstable_if action=reinterpret pc=0x00000200d3f7b1ac method=org.codehaus.plexus.util.xml.pull.MXParser.nextImpl()I @ 200 c2
Event: 185.277 Thread 0x00000200c397f7d0 DEOPT PACKING pc=0x00000200d3f7b1ac sp=0x0000004429cfe200
Event: 185.277 Thread 0x00000200c397f7d0 DEOPT UNPACKING pc=0x00000200d3a2857c sp=0x0000004429cfe160 mode 2
Event: 189.371 Thread 0x00000200c397f7d0 Uncommon trap: trap_request=0xffffffde fr.pc=0x00000200d3f6f78c relative=0x000000000000010c
Event: 189.371 Thread 0x00000200c397f7d0 Uncommon trap: reason=class_check action=maybe_recompile pc=0x00000200d3f6f78c method=java.nio.Buffer.<init>(IIIILjava/lang/foreign/MemorySegment;)V @ 39 c2
Event: 189.371 Thread 0x00000200c397f7d0 DEOPT PACKING pc=0x00000200d3f6f78c sp=0x0000004429cfdd30
Event: 189.371 Thread 0x00000200c397f7d0 DEOPT UNPACKING pc=0x00000200d3a2857c sp=0x0000004429cfdce8 mode 2

Classes loaded (20 events):
Event: 168.475 Loading class java/util/concurrent/TimeoutException
Event: 168.475 Loading class java/util/concurrent/TimeoutException done
Event: 168.475 Loading class java/util/concurrent/CancellationException
Event: 168.475 Loading class java/util/concurrent/CancellationException done
Event: 168.865 Loading class java/lang/reflect/ParameterizedType
Event: 168.865 Loading class java/lang/reflect/ParameterizedType done
Event: 169.122 Loading class java/lang/reflect/WildcardType
Event: 173.070 Loading class java/lang/reflect/WildcardType done
Event: 173.242 Loading class sun/reflect/generics/tree/TypeVariableSignature
Event: 173.243 Loading class sun/reflect/generics/tree/TypeVariableSignature done
Event: 176.127 Loading class java/lang/annotation/IncompleteAnnotationException
Event: 176.157 Loading class java/lang/annotation/IncompleteAnnotationException done
Event: 180.770 Loading class java/lang/foreign/MemorySegment
Event: 180.771 Loading class java/lang/foreign/MemorySegment done
Event: 192.889 Loading class sun/reflect/generics/reflectiveObjects/TypeVariableImpl
Event: 192.890 Loading class sun/reflect/generics/reflectiveObjects/LazyReflectiveObjectGenerator
Event: 192.890 Loading class sun/reflect/generics/reflectiveObjects/LazyReflectiveObjectGenerator done
Event: 192.890 Loading class sun/reflect/generics/reflectiveObjects/TypeVariableImpl done
Event: 192.890 Loading class sun/reflect/generics/reflectiveObjects/ParameterizedTypeImpl
Event: 192.890 Loading class sun/reflect/generics/reflectiveObjects/ParameterizedTypeImpl done

Classes unloaded (0 events):
No events

Classes redefined (0 events):
No events

Internal exceptions (20 events):
Event: 32.779 Thread 0x00000200c397f7d0 Exception <a 'java/lang/NullPointerException'{0x00000000c655afd8}> (0x00000000c655afd8) 
thrown [s\src\hotspot\share\interpreter\linkResolver.cpp, line 1416]
Event: 32.788 Thread 0x00000200c397f7d0 Exception <a 'sun/nio/fs/WindowsException'{0x00000000c657c570}> (0x00000000c657c570) 
thrown [s\src\hotspot\share\prims\jni.cpp, line 516]
Event: 32.788 Thread 0x00000200c397f7d0 Exception <a 'sun/nio/fs/WindowsException'{0x00000000c657cba0}> (0x00000000c657cba0) 
thrown [s\src\hotspot\share\prims\jni.cpp, line 516]
Event: 32.788 Thread 0x00000200c397f7d0 Exception <a 'sun/nio/fs/WindowsException'{0x00000000c657d100}> (0x00000000c657d100) 
thrown [s\src\hotspot\share\prims\jni.cpp, line 516]
Event: 32.788 Thread 0x00000200c397f7d0 Exception <a 'sun/nio/fs/WindowsException'{0x00000000c657d640}> (0x00000000c657d640) 
thrown [s\src\hotspot\share\prims\jni.cpp, line 516]
Event: 32.788 Thread 0x00000200c397f7d0 Exception <a 'sun/nio/fs/WindowsException'{0x00000000c657db30}> (0x00000000c657db30) 
thrown [s\src\hotspot\share\prims\jni.cpp, line 516]
Event: 32.788 Thread 0x00000200c397f7d0 Exception <a 'sun/nio/fs/WindowsException'{0x00000000c657dfd8}> (0x00000000c657dfd8) 
thrown [s\src\hotspot\share\prims\jni.cpp, line 516]
Event: 44.800 Thread 0x00000200c397f7d0 Exception <a 'java/lang/NoSuchMethodError'{0x00000000c65b75e0}: 'void java.lang.invoke.DirectMethodHandle$Holder.invokeVirtual(java.lang.Object, java.lang.Object)'> (0x00000000c65b75e0) 
thrown [s\src\hotspot\share\interpreter\linkResolver.cpp, line 804]
Event: 44.805 Thread 0x00000200c397f7d0 Exception <a 'java/lang/NoSuchMethodError'{0x00000000c65d88d8}: 'void java.lang.invoke.DirectMethodHandle$Holder.invokeStatic(java.lang.Object, java.lang.Object)'> (0x00000000c65d88d8) 
thrown [s\src\hotspot\share\interpreter\linkResolver.cpp, line 804]
Event: 44.807 Thread 0x00000200c397f7d0 Exception <a 'java/lang/NoSuchMethodError'{0x00000000c644f558}: 'void java.lang.invoke.DirectMethodHandle$Holder.invokeStaticInit(java.lang.Object, java.lang.Object)'> (0x00000000c644f558) 
thrown [s\src\hotspot\share\interpreter\linkResolver.cpp, line 804]
Event: 44.817 Thread 0x00000200c397f7d0 Exception <a 'java/lang/NoSuchMethodError'{0x00000000c6481ad8}: 'void java.lang.invoke.DirectMethodHandle$Holder.invokeSpecial(java.lang.Object, java.lang.Object, java.lang.Object, java.lang.Object, java.lang.Object)'> (0x00000000c6481ad8) 
thrown [s\src\hotspot\share\interpreter\linkResolver.cpp, line 804]
Event: 45.428 Thread 0x00000200c397f7d0 Exception <a 'java/lang/NoSuchMethodError'{0x00000000c64bd820}: 'void java.lang.invoke.DirectMethodHandle$Holder.invokeStatic(java.lang.Object, java.lang.Object, java.lang.Object)'> (0x00000000c64bd820) 
thrown [s\src\hotspot\share\interpreter\linkResolver.cpp, line 804]
Event: 64.304 Thread 0x00000200c397f7d0 Exception <a 'java/lang/NoSuchMethodError'{0x00000000c6234190}: 'java.lang.Object java.lang.invoke.DirectMethodHandle$Holder.invokeSpecialIFC(java.lang.Object, java.lang.Object, java.lang.Object, java.lang.Object)'> (0x00000000c6234190) 
thrown [s\src\hotspot\share\interpreter\linkResolver.cpp, line 804]
Event: 129.312 Thread 0x00000200c397f7d0 Exception <a 'java/lang/NoSuchMethodError'{0x00000000c5d242e8}: 'void java.lang.invoke.DirectMethodHandle$Holder.invokeSpecial(java.lang.Object, java.lang.Object, java.lang.Object)'> (0x00000000c5d242e8) 
thrown [s\src\hotspot\share\interpreter\linkResolver.cpp, line 804]
Event: 139.096 Thread 0x00000200c397f7d0 Exception <a 'java/lang/NoSuchMethodError'{0x00000000c5c3f2a8}: 'java.lang.Object java.lang.invoke.DirectMethodHandle$Holder.invokeInterface(java.lang.Object, java.lang.Object)'> (0x00000000c5c3f2a8) 
thrown [s\src\hotspot\share\interpreter\linkResolver.cpp, line 804]
Event: 152.016 Thread 0x00000200c397f7d0 Exception <a 'java/lang/NoSuchMethodError'{0x00000000c5cea438}: 'int java.lang.invoke.DirectMethodHandle$Holder.invokeStatic(java.lang.Object, java.lang.Object, java.lang.Object, java.lang.Object)'> (0x00000000c5cea438) 
thrown [s\src\hotspot\share\interpreter\linkResolver.cpp, line 804]
Event: 156.417 Thread 0x00000200c397f7d0 Exception <a 'java/lang/NoSuchMethodError'{0x00000000c6916a18}: 'int java.lang.invoke.DirectMethodHandle$Holder.invokeSpecialIFC(java.lang.Object, java.lang.Object, java.lang.Object, java.lang.Object, java.lang.Object)'> (0x00000000c6916a18) 
thrown [s\src\hotspot\share\interpreter\linkResolver.cpp, line 804]
Event: 167.596 Thread 0x00000200c397f7d0 Exception <a 'java/lang/NoSuchMethodError'{0x00000000c6708e10}: 'java.lang.Object java.lang.invoke.DirectMethodHandle$Holder.newInvokeSpecial(java.lang.Object, java.lang.Object, java.lang.Object, java.lang.Object, java.lang.Object)'> (0x00000000c6708e10) 
thrown [s\src\hotspot\share\interpreter\linkResolver.cpp, line 804]
Event: 173.855 Thread 0x00000200c397f7d0 Exception <a 'java/lang/NoSuchMethodError'{0x00000000c69296b0}: 'int java.lang.invoke.DirectMethodHandle$Holder.invokeStaticInit(java.lang.Object, java.lang.Object)'> (0x00000000c69296b0) 
thrown [s\src\hotspot\share\interpreter\linkResolver.cpp, line 804]
Event: 176.158 Thread 0x00000200c397f7d0 Exception <a 'java/lang/NoClassDefFoundError'{0x00000000c6961440}: javax/enterprise/inject/Typed> (0x00000000c6961440) 
thrown [s\src\hotspot\share\classfile\systemDictionary.cpp, line 316]

VM Operations (20 events):
Event: 29.551 Executing non-safepoint VM operation: HandshakeAllThreads (Deoptimize)
Event: 29.552 Executing non-safepoint VM operation: HandshakeAllThreads (Deoptimize) done
Event: 35.936 Executing non-safepoint VM operation: HandshakeAllThreads (Deoptimize)
Event: 36.834 Executing non-safepoint VM operation: HandshakeAllThreads (Deoptimize) done
Event: 152.635 Executing safepoint VM operation: G1CollectForAllocation (G1 Evacuation Pause)
Event: 156.323 Executing safepoint VM operation: G1CollectForAllocation (G1 Evacuation Pause) done
Event: 162.175 Executing safepoint VM operation: G1CollectForAllocation (G1 Evacuation Pause)
Event: 162.226 Executing safepoint VM operation: G1CollectForAllocation (G1 Evacuation Pause) done
Event: 173.307 Executing safepoint VM operation: G1CollectForAllocation (G1 Evacuation Pause)
Event: 173.309 Executing safepoint VM operation: G1CollectForAllocation (G1 Evacuation Pause) done
Event: 180.554 Executing non-safepoint VM operation: HandshakeAllThreads (HandshakeForDeflation)
Event: 180.554 Executing non-safepoint VM operation: HandshakeAllThreads (HandshakeForDeflation) done
Event: 180.554 Executing non-safepoint VM operation: RendezvousGCThreads
Event: 180.554 Executing non-safepoint VM operation: RendezvousGCThreads done
Event: 181.034 Executing safepoint VM operation: G1CollectForAllocation (G1 Evacuation Pause)
Event: 181.036 Executing safepoint VM operation: G1CollectForAllocation (G1 Evacuation Pause) done
Event: 185.285 Executing safepoint VM operation: G1CollectForAllocation (G1 Evacuation Pause)
Event: 185.287 Executing safepoint VM operation: G1CollectForAllocation (G1 Evacuation Pause) done
Event: 189.339 Executing safepoint VM operation: G1CollectForAllocation (G1 Evacuation Pause)
Event: 189.344 Executing safepoint VM operation: G1CollectForAllocation (G1 Evacuation Pause) done

Memory protections (0 events):
No events

Nmethod flushes (0 events):
No events

Events (13 events):
Event: 0.642 Thread 0x00000200c397f7d0 Thread added: 0x00000200c397f7d0
Event: 1.848 Thread 0x00000200c397f7d0 Thread added: 0x00000200de5d2760
Event: 1.848 Thread 0x00000200c397f7d0 Thread added: 0x00000200de5d5a30
Event: 2.087 Thread 0x00000200c397f7d0 Thread added: 0x00000200de5da450
Event: 2.087 Thread 0x00000200c397f7d0 Thread added: 0x00000200de5dc170
Event: 2.250 Thread 0x00000200c397f7d0 Thread added: 0x00000200de5df720
Event: 2.250 Thread 0x00000200c397f7d0 Thread added: 0x00000200de5e02e0
Event: 2.250 Thread 0x00000200c397f7d0 Thread added: 0x00000200de5e11d0
Event: 2.405 Thread 0x00000200c397f7d0 Thread added: 0x00000200de645bb0
Event: 4.027 Thread 0x00000200c397f7d0 Thread added: 0x00000200de6aa4d0
Event: 4.030 Thread 0x00000200c397f7d0 Thread added: 0x00000200de6b0f30
Event: 29.562 Thread 0x00000200c397f7d0 Thread added: 0x00000200deaf8d30
Event: 36.846 Thread 0x00000200deaf8d30 Thread exited: 0x00000200deaf8d30


Dynamic libraries:
0x00007ff62b400000 - 0x00007ff62b40e000 	C:\Program Files\Apache NetBeans\jdk\bin\java.exe
0x00007ffea0ee0000 - 0x00007ffea1147000 	C:\WINDOWS\SYSTEM32\ntdll.dll
0x00007ffe9fee0000 - 0x00007ffe9ffa9000 	C:\WINDOWS\System32\KERNEL32.DLL
0x00007ffe9dbe0000 - 0x00007ffe9dfd4000 	C:\WINDOWS\System32\KERNELBASE.dll
0x00007ffe9e110000 - 0x00007ffe9e25b000 	C:\WINDOWS\System32\ucrtbase.dll
0x00007ffe8a0d0000 - 0x00007ffe8a0e6000 	C:\Program Files\Apache NetBeans\jdk\bin\jli.dll
0x00007ffe9ed70000 - 0x00007ffe9ef35000 	C:\WINDOWS\System32\USER32.dll
0x00007ffe9eb90000 - 0x00007ffe9ebb7000 	C:\WINDOWS\System32\win32u.dll
0x00007ffea09d0000 - 0x00007ffea09fb000 	C:\WINDOWS\System32\GDI32.dll
0x00007ffe9dfe0000 - 0x00007ffe9e10a000 	C:\WINDOWS\System32\gdi32full.dll
0x00007ffe9ebc0000 - 0x00007ffe9ec63000 	C:\WINDOWS\System32\msvcp_win.dll
0x00007ffe8b780000 - 0x00007ffe8b79e000 	C:\Program Files\Apache NetBeans\jdk\bin\VCRUNTIME140.dll
0x00007ffe8ba70000 - 0x00007ffe8bd03000 	C:\WINDOWS\WinSxS\amd64_microsoft.windows.common-controls_6595b64144ccf1df_6.0.26100.8115_none_3e075c82e3354f9c\COMCTL32.dll
0x00007ffea0400000 - 0x00007ffea04a9000 	C:\WINDOWS\System32\msvcrt.dll
0x00007ffe9fd40000 - 0x00007ffe9fd72000 	C:\WINDOWS\System32\IMM32.DLL
0x00007ffe92200000 - 0x00007ffe9220c000 	C:\Program Files\Apache NetBeans\jdk\bin\vcruntime140_1.dll
0x00007ffe76b40000 - 0x00007ffe76bcd000 	C:\Program Files\Apache NetBeans\jdk\bin\msvcp140.dll
0x00007ffe28420000 - 0x00007ffe29346000 	C:\Program Files\Apache NetBeans\jdk\bin\server\jvm.dll
0x00007ffea0660000 - 0x00007ffea0716000 	C:\WINDOWS\System32\ADVAPI32.dll
0x00007ffea04b0000 - 0x00007ffea0557000 	C:\WINDOWS\System32\sechost.dll
0x00007ffe9f250000 - 0x00007ffe9f368000 	C:\WINDOWS\System32\RPCRT4.dll
0x00007ffea0940000 - 0x00007ffea09c0000 	C:\WINDOWS\System32\WS2_32.dll
0x00007ffe9d610000 - 0x00007ffe9d66e000 	C:\WINDOWS\SYSTEM32\POWRPROF.dll
0x00007ffe7a540000 - 0x00007ffe7a576000 	C:\WINDOWS\SYSTEM32\WINMM.dll
0x00007ffe8c650000 - 0x00007ffe8c65b000 	C:\WINDOWS\SYSTEM32\VERSION.dll
0x00007ffe9d5f0000 - 0x00007ffe9d604000 	C:\WINDOWS\SYSTEM32\UMPDC.dll
0x00007ffe9c540000 - 0x00007ffe9c55b000 	C:\WINDOWS\SYSTEM32\kernel.appcore.dll
0x00007ffe904d0000 - 0x00007ffe904da000 	C:\Program Files\Apache NetBeans\jdk\bin\jimage.dll
0x00007ffe9b6f0000 - 0x00007ffe9b932000 	C:\WINDOWS\SYSTEM32\DBGHELP.DLL
0x00007ffe9ffb0000 - 0x00007ffea0332000 	C:\WINDOWS\System32\combase.dll
0x00007ffe9f400000 - 0x00007ffe9f4d7000 	C:\WINDOWS\System32\OLEAUT32.dll
0x00007ffe8c3b0000 - 0x00007ffe8c3eb000 	C:\WINDOWS\SYSTEM32\dbgcore.DLL
0x00007ffe9d9c0000 - 0x00007ffe9da65000 	C:\WINDOWS\System32\bcryptPrimitives.dll
0x00007ffe8a200000 - 0x00007ffe8a21e000 	C:\Program Files\Apache NetBeans\jdk\bin\java.dll
0x00007ffea0790000 - 0x00007ffea0927000 	C:\WINDOWS\System32\ole32.dll
0x00007ffe9f570000 - 0x00007ffe9fcd6000 	C:\WINDOWS\System32\SHELL32.dll
0x00007ffe9da70000 - 0x00007ffe9dbda000 	C:\WINDOWS\System32\wintypes.dll
0x00007ffe9e260000 - 0x00007ffe9eac5000 	C:\WINDOWS\System32\windows.storage.dll
0x00007ffe9ef40000 - 0x00007ffe9f037000 	C:\WINDOWS\System32\SHCORE.dll
0x00007ffea0720000 - 0x00007ffea0786000 	C:\WINDOWS\System32\shlwapi.dll
0x00007ffe9d6d0000 - 0x00007ffe9d6f9000 	C:\WINDOWS\SYSTEM32\profapi.dll
0x00007ffe89600000 - 0x00007ffe89611000 	C:\Program Files\Apache NetBeans\jdk\bin\net.dll
0x00007ffe9cab0000 - 0x00007ffe9cb1c000 	C:\WINDOWS\system32\mswsock.dll
0x00007ffe895e0000 - 0x00007ffe895f6000 	C:\Program Files\Apache NetBeans\jdk\bin\nio.dll
0x00007ffe8a0b0000 - 0x00007ffe8a0c7000 	C:\Program Files\Apache NetBeans\jdk\bin\zip.dll
0x00007ffe77c10000 - 0x00007ffe77c34000 	C:\Program Files\Apache NetBeans\java\maven\lib\jansi-native\Windows\x86_64\jansi.dll
0x00007ffe895d0000 - 0x00007ffe895e0000 	C:\Program Files\Apache NetBeans\jdk\bin\verify.dll

JVMTI agents: none

dbghelp: loaded successfully - version: 4.0.5 - missing functions: none
symbol engine: initialized successfully - sym options: 0x614 - pdb path: .;C:\Program Files\Apache NetBeans\jdk\bin;C:\WINDOWS\SYSTEM32;C:\WINDOWS\WinSxS\amd64_microsoft.windows.common-controls_6595b64144ccf1df_6.0.26100.8115_none_3e075c82e3354f9c;C:\Program Files\Apache NetBeans\jdk\bin\server;C:\Program Files\Apache NetBeans\java\maven\lib\jansi-native\Windows\x86_64

VM Arguments:
jvm_args: --enable-native-access=ALL-UNNAMED -Dclassworlds.conf=C:\Program Files\Apache NetBeans\java\maven\bin\m2.conf -Dmaven.home=C:\Program Files\Apache NetBeans\java\maven -Dlibrary.jansi.path=C:\Program Files\Apache NetBeans\java\maven\lib\jansi-native -Dmaven.multiModuleProjectDirectory=C:\Users\ASUS\Documents\NetBeansProjects\Lubiproject1 
java_command: org.codehaus.plexus.classworlds.launcher.Launcher -Dmaven.ext.class.path=C:\Program Files\Apache NetBeans\java\maven-nblib\netbeans-eventspy.jar --no-transfer-progress install
java_class_path (initial): C:\Program Files\Apache NetBeans\java\maven\boot\plexus-classworlds-2.9.0.jar
Launcher Type: SUN_STANDARD

[Global flags]
     intx CICompilerCount                          = 2                                         {product} {ergonomic}
     uint ConcGCThreads                            = 1                                         {product} {ergonomic}
     uint G1ConcRefinementThreads                  = 2                                         {product} {ergonomic}
   size_t G1HeapRegionSize                         = 1048576                                   {product} {ergonomic}
   size_t InitialHeapSize                          = 65011712                                  {product} {ergonomic}
   size_t MarkStackSize                            = 4194304                                   {product} {ergonomic}
   size_t MarkStackSizeMax                         = 536870912                                 {product} {ergonomic}
   size_t MaxHeapSize                              = 1027604480                                {product} {ergonomic}
   size_t MaxNewSize                               = 616562688                                 {product} {ergonomic}
   size_t MinHeapDeltaBytes                        = 1048576                                   {product} {ergonomic}
   size_t MinHeapSize                              = 8388608                                   {product} {ergonomic}
    uintx NonNMethodCodeHeapSize                   = 5767168                                {pd product} {ergonomic}
    uintx NonProfiledCodeHeapSize                  = 123011072                              {pd product} {ergonomic}
    uintx ProfiledCodeHeapSize                     = 122880000                              {pd product} {ergonomic}
    uintx ReservedCodeCacheSize                    = 251658240                              {pd product} {ergonomic}
     bool SegmentedCodeCache                       = true                                      {product} {ergonomic}
   size_t SoftMaxHeapSize                          = 1027604480                             {manageable} {ergonomic}
     bool UseCompressedOops                        = true                           {product lp64_product} {ergonomic}
     bool UseG1GC                                  = true                                      {product} {ergonomic}
     bool UseLargePagesIndividualAllocation        = false                                  {pd product} {ergonomic}

Logging:
Log output configuration:
 #0: stdout all=warning uptime,level,tags foldmultilines=false
 #1: stderr all=off uptime,level,tags foldmultilines=false

Release file:
IMPLEMENTOR="Eclipse Adoptium" 
IMPLEMENTOR_VERSION="Temurin-25.0.2+10" 
JAVA_RUNTIME_VERSION="25.0.2+10-LTS" 
JAVA_VERSION="25.0.2" 
JAVA_VERSION_DATE="2026-01-20" 
LIBC="default" 
MODULES="java.base java.compiler java.datatransfer java.xml java.prefs java.desktop java.instrument java.logging java.management java.security.sasl java.naming java.rmi java.management.rmi java.net.http java.scripting java.security.jgss java.transaction.xa java.sql java.sql.rowset java.xml.crypto java.se java.smartcardio jdk.accessibility jdk.internal.jvmstat jdk.attach jdk.charsets jdk.internal.opt jdk.zipfs jdk.compiler jdk.crypto.cryptoki jdk.crypto.ec jdk.crypto.mscapi jdk.dynalink jdk.internal.ed jdk.editpad jdk.internal.vm.ci jdk.graal.compiler jdk.graal.compiler.management jdk.hotspot.agent jdk.httpserver jdk.incubator.vector jdk.internal.le jdk.internal.md jdk.jartool jdk.javadoc jdk.jcmd jdk.management jdk.management.agent jdk.jconsole jdk.jdeps jdk.jdwp.agent jdk.jdi jdk.jfr jdk.jlink jdk.jpackage jdk.jshell jdk.jsobject jdk.jstatd jdk.localedata jdk.management.jfr jdk.naming.dns jdk.naming.rmi jdk.net jdk.nio.mapmode jdk.sctp jdk.security.auth jdk.security.jgss jdk.unsupported jdk.unsupported.desktop jdk.xml.dom" 
OS_ARCH="x86_64" 
OS_NAME="Windows" 
SOURCE=".:git:9e3c947043a4" 
BUILD_SOURCE="git:458965074606f027bd5afce2cfd5c1055dea0438"
BUILD_SOURCE_REPO="https://github.com/adoptium/temurin-build.git"
SOURCE_REPO="https://github.com/adoptium/jdk25u.git"
FULL_VERSION="25.0.2+10-LTS"
SEMANTIC_VERSION="25.0.2+10"
BUILD_INFO="OS: Windows Server 2022 Version: 10.0"
JVM_VARIANT="Hotspot"
JVM_VERSION="25.0.2+10-LTS"
IMAGE_TYPE="JDK"

Environment Variables:
JAVA_HOME=C:\Program Files\Apache NetBeans\jdk
PATH=C:\WINDOWS\system32;C:\WINDOWS;C:\WINDOWS\System32\Wbem;C:\WINDOWS\System32\WindowsPowerShell\v1.0\;C:\WINDOWS\System32\OpenSSH\;C:\Program Files\Git\cmd;C:\Users\ASUS\AppData\Local\Microsoft\WindowsApps;;C:\Program Files\Apache NetBeans\bin\
USERNAME=ASUS
OS=Windows_NT
PROCESSOR_IDENTIFIER=Intel64 Family 6 Model 122 Stepping 1, GenuineIntel
TMP=C:\Users\ASUS\AppData\Local\Temp
TEMP=C:\Users\ASUS\AppData\Local\Temp




Compilation memory statistics disabled.

Periodic native trim disabled

---------------  S Y S T E M  ---------------

OS:
 Windows 11 , 64 bit Build 26100 (10.0.26100.8115)
OS uptime: 0 days 0:57 hours

CPU: total 2 (initial active 2) (2 cores per cpu, 1 threads per core) family 6 model 122 stepping 1 microcode 0x34, cx8, cmov, fxsr, mmx, 3dnowpref, sse, sse2, sse3, ssse3, sse4.1, sse4.2, popcnt, tsc, tscinvbit, aes, erms, clmul, sha, clflush, clflushopt, rdtscp, rdpid
Processor Information for the first 2 processors :
  Max Mhz: 1101, Current Mhz: 1101, Mhz Limit: 1101

Memory: 4k page, system-wide physical 3919M (257M free)
TotalPageFile size 15695M (AvailPageFile size 4M)
current process WorkingSet (physical memory assigned to process): 36M, peak: 47M
current process commit charge ("private bytes"): 145M, peak: 151M

vm_info: OpenJDK 64-Bit Server VM (25.0.2+10-LTS) for windows-amd64 JRE (25.0.2+10-LTS), built on 2026-01-20T00:00:00Z with MS VC++ 17.12 (VS2022)

END.
