#
# There is insufficient memory for the Java Runtime Environment to continue.
# Native memory allocation (malloc) failed to allocate 1492632 bytes. Error detail: Chunk::new
# Possible reasons:
#   The system is out of physical RAM or swap space
#   This process is running with CompressedOops enabled, and the Java Heap may be blocking the growth of the native heap
# Possible solutions:
#   Reduce memory load on the system
#   Increase physical memory or swap space
#   Check if swap backing store is full
#   Decrease Java heap size (-Xmx/-Xms)
#   Decrease number of Java threads
#   Decrease Java thread stack sizes (-Xss)
#   Set larger code cache with -XX:ReservedCodeCacheSize=
#   JVM is running with Unscaled Compressed Oops mode in which the Java heap is
#     placed in the first 4GB address space. The Java Heap base address is the
#     maximum limit for the native heap growth. Please use -XX:HeapBaseMinAddress
#     to set the Java Heap base and to place the Java Heap above 4GB virtual address.
# This output file may be truncated or incomplete.
#
#  Out of Memory Error (arena.cpp:186), pid=26644, tid=26560
#
# JRE version: OpenJDK Runtime Environment Temurin-25.0.2+10 (25.0.2+10) (build 25.0.2+10-LTS)
# Java VM: OpenJDK 64-Bit Server VM Temurin-25.0.2+10 (25.0.2+10-LTS, mixed mode, sharing, tiered, compressed oops, compressed class ptrs, g1 gc, windows-amd64)
# No core dump will be written. Minidumps are not enabled by default on client versions of Windows
#

---------------  S U M M A R Y ------------

Command Line: --enable-native-access=ALL-UNNAMED -Dclassworlds.conf=C:\Program Files\Apache NetBeans\java\maven\bin\m2.conf -Dmaven.home=C:\Program Files\Apache NetBeans\java\maven -Dlibrary.jansi.path=C:\Program Files\Apache NetBeans\java\maven\lib\jansi-native -Dmaven.multiModuleProjectDirectory=C:\Users\ASUS\Documents\NetBeansProjects\Lubiproject1 org.codehaus.plexus.classworlds.launcher.Launcher -Dmaven.ext.class.path=C:\Program Files\Apache NetBeans\java\maven-nblib\netbeans-eventspy.jar --no-transfer-progress install

Host: Intel(R) Celeron(R) N4000 CPU @ 1.10GHz, 2 cores, 3G,  Windows 11 , 64 bit Build 26100 (10.0.26100.8115)
Time: Fri Apr  3 20:38:52 2026 SE Asia Standard Time elapsed time: 1172.487082 seconds (0d 0h 19m 32s)

---------------  T H R E A D  ---------------

Current thread (0x00000169b11ae9b0):  JavaThread "C2 CompilerThread0" daemon [_thread_in_native, id=26560, stack(0x0000005d0a000000,0x0000005d0a100000) (1024K)]


Current CompileTask:
C2:1172487 3013       4       org.fusesource.jansi.io.AnsiOutputStream::write (898 bytes)

Stack: [0x0000005d0a000000,0x0000005d0a100000]
Native frames: (J=compiled Java code, j=interpreted, Vv=VM code, C=native code)
V  [jvm.dll+0x7a8bc9]  (no source info available)
V  [jvm.dll+0x77310d]  (no source info available)
V  [jvm.dll+0x9f55f3]  (no source info available)
V  [jvm.dll+0x9f7be1]  (no source info available)
V  [jvm.dll+0x9f82f3]  (no source info available)
V  [jvm.dll+0x2fce26]  (no source info available)
V  [jvm.dll+0x111076]  (no source info available)
V  [jvm.dll+0x11139e]  (no source info available)
V  [jvm.dll+0x19fff2]  (no source info available)
V  [jvm.dll+0x3b5f62]  (no source info available)
V  [jvm.dll+0x7ae53c]  (no source info available)
V  [jvm.dll+0x2c0407]  (no source info available)
V  [jvm.dll+0x2bf3cf]  (no source info available)
V  [jvm.dll+0x237140]  (no source info available)
V  [jvm.dll+0x2cf4c6]  (no source info available)
V  [jvm.dll+0x2cd74a]  (no source info available)
V  [jvm.dll+0x48fbee]  (no source info available)
V  [jvm.dll+0x996b0d]  (no source info available)
V  [jvm.dll+0x7a71a5]  (no source info available)
C  [ucrtbase.dll+0x37b0]  (no source info available)
C  [KERNEL32.DLL+0x2e8d7]  (no source info available)
C  [ntdll.dll+0x8c3fc]  (no source info available)

Lock stack of current Java thread (top to bottom):


---------------  P R O C E S S  ---------------

Threads class SMR info:
_java_thread_list=0x00000169b617e560, length=11, elements={
0x000001699404d9d0, 0x00000169b11a2f00, 0x00000169b11a4780, 0x00000169b11a98d0,
0x00000169b11abff0, 0x00000169b11acf00, 0x00000169b11adac0, 0x00000169b11ae9b0,
0x00000169b1228e90, 0x00000169b12e1060, 0x00000169b12e5c80
}

Java Threads: ( => current thread )
  0x000001699404d9d0 JavaThread "main"                              [_thread_in_Java, id=8312, stack(0x0000005d09200000,0x0000005d09300000) (1024K)]
  0x00000169b11a2f00 JavaThread "Reference Handler"          daemon [_thread_blocked, id=26140, stack(0x0000005d09a00000,0x0000005d09b00000) (1024K)]
  0x00000169b11a4780 JavaThread "Finalizer"                  daemon [_thread_blocked, id=24928, stack(0x0000005d09b00000,0x0000005d09c00000) (1024K)]
  0x00000169b11a98d0 JavaThread "Signal Dispatcher"          daemon [_thread_blocked, id=22828, stack(0x0000005d09c00000,0x0000005d09d00000) (1024K)]
  0x00000169b11abff0 JavaThread "Attach Listener"            daemon [_thread_blocked, id=26040, stack(0x0000005d09d00000,0x0000005d09e00000) (1024K)]
  0x00000169b11acf00 JavaThread "Service Thread"             daemon [_thread_blocked, id=25764, stack(0x0000005d09e00000,0x0000005d09f00000) (1024K)]
  0x00000169b11adac0 JavaThread "Monitor Deflation Thread"   daemon [_thread_blocked, id=26408, stack(0x0000005d09f00000,0x0000005d0a000000) (1024K)]
=>0x00000169b11ae9b0 JavaThread "C2 CompilerThread0"         daemon [_thread_in_native, id=26560, stack(0x0000005d0a000000,0x0000005d0a100000) (1024K)]
  0x00000169b1228e90 JavaThread "C1 CompilerThread0"         daemon [_thread_blocked, id=10124, stack(0x0000005d0a100000,0x0000005d0a200000) (1024K)]
  0x00000169b12e1060 JavaThread "Notification Thread"        daemon [_thread_blocked, id=11472, stack(0x0000005d0a200000,0x0000005d0a300000) (1024K)]
  0x00000169b12e5c80 JavaThread "Common-Cleaner"             daemon [_thread_blocked, id=24064, stack(0x0000005d0a300000,0x0000005d0a400000) (1024K)]
Total: 11

Other Threads:
  0x00000169964dd140 VMThread "VM Thread"                           [id=26316, stack(0x0000005d09900000,0x0000005d09a00000) (1024K)]
  0x00000169b118ca00 WatcherThread "VM Periodic Task Thread"        [id=3256, stack(0x0000005d09800000,0x0000005d09900000) (1024K)]
  0x00000169964555a0 WorkerThread "GC Thread#0"                     [id=25996, stack(0x0000005d09300000,0x0000005d09400000) (1024K)]
  0x00000169b66fd330 WorkerThread "GC Thread#1"                     [id=2748, stack(0x0000005d09000000,0x0000005d09100000) (1024K)]
  0x0000016996461e30 ConcurrentGCThread "G1 Main Marker"            [id=24508, stack(0x0000005d09400000,0x0000005d09500000) (1024K)]
  0x00000169964629d0 WorkerThread "G1 Conc#0"                       [id=13548, stack(0x0000005d09500000,0x0000005d09600000) (1024K)]
  0x000001699647d180 ConcurrentGCThread "G1 Refine#0"               [id=15668, stack(0x0000005d09600000,0x0000005d09700000) (1024K)]
  0x000001699647dd90 ConcurrentGCThread "G1 Service"                [id=7300, stack(0x0000005d09700000,0x0000005d09800000) (1024K)]
Total: 8

Threads with active compile tasks:
C2 CompilerThread0  1172829 3013       4       org.fusesource.jansi.io.AnsiOutputStream::write (898 bytes)
Total: 1

VM state: not at safepoint (normal execution)

VM Mutex/Monitor currently owned by a thread: None

Heap address: 0x00000000c2c00000, size: 980 MB, Compressed Oops mode: 32-bit

CDS archive(s) mapped at: [0x0000000005000000-0x0000000005dd0000-0x0000000005dd0000), size 14483456, SharedBaseAddress: 0x0000000005000000, ArchiveRelocationMode: 1.
Compressed class space mapped at: 0x0000000006000000-0x0000000046000000, reserved size: 1073741824
UseCompressedClassPointers 1, UseCompactObjectHeaders 0
Narrow klass pointer bits 32, Max shift 3
Narrow klass base: 0x0000000005000000, Narrow klass shift: 0
Encoding Range: [0x0000000005000000 - 0x0000000105000000), (4294967296 bytes)
Klass Range:    [0x0000000005010000 - 0x0000000046000000), (1090453504 bytes)
Klass ID Range:  [65536 - 1090519033) (1090453497)
Protection zone: [0x0000000005000000 - 0x0000000005010000), (65536 bytes)

GC Precious Log:
 CardTable entry size: 512
 Card Set container configuration: InlinePtr #cards 5 size 8 Array Of Cards #cards 10 size 36 Howl #buckets 4 coarsen threshold 1843 Howl Bitmap #cards 512 size 80 coarsen threshold 460 Card regions per heap region 1 cards per card region 2048
 CPUs: 2 total, 2 available
 Memory: 3919M
 Large Page Support: Disabled
 NUMA Support: Disabled
 Compressed Oops: Enabled (32-bit)
 Heap Region Size: 1M
 Heap Min Capacity: 8M
 Heap Initial Capacity: 62M
 Heap Max Capacity: 980M
 Pre-touch: Disabled
 Parallel Workers: 2
 Concurrent Workers: 1
 Concurrent Refinement Workers: 2
 Periodic GC: Disabled

Heap:
 garbage-first heap   total reserved 1003520K, committed 65536K, used 38193K [0x00000000c2c00000, 0x0000000100000000)
  region size 1024K, 37 young (37888K), 4 survivors (4096K)

Heap Regions: E=young(eden), S=young(survivor), O=old, HS=humongous(starts), HC=humongous(continues), CS=collection set, F=free, TAMS=top-at-mark-start, PB=parsable bottom
|   0|0x00000000c2c00000, 0x00000000c2cd2d90, 0x00000000c2d00000| 82%| O|  |TAMS 0x00000000c2c00000| PB 0x00000000c2c00000| Untracked |  0
|   1|0x00000000c2d00000, 0x00000000c2d00000, 0x00000000c2e00000|  0%| F|  |TAMS 0x00000000c2d00000| PB 0x00000000c2d00000| Untracked |  0
|   2|0x00000000c2e00000, 0x00000000c2e00000, 0x00000000c2f00000|  0%| F|  |TAMS 0x00000000c2e00000| PB 0x00000000c2e00000| Untracked |  0
|   3|0x00000000c2f00000, 0x00000000c2f00000, 0x00000000c3000000|  0%| F|  |TAMS 0x00000000c2f00000| PB 0x00000000c2f00000| Untracked |  0
|   4|0x00000000c3000000, 0x00000000c3000000, 0x00000000c3100000|  0%| F|  |TAMS 0x00000000c3000000| PB 0x00000000c3000000| Untracked |  0
|   5|0x00000000c3100000, 0x00000000c3100000, 0x00000000c3200000|  0%| F|  |TAMS 0x00000000c3100000| PB 0x00000000c3100000| Untracked |  0
|   6|0x00000000c3200000, 0x00000000c3200000, 0x00000000c3300000|  0%| F|  |TAMS 0x00000000c3200000| PB 0x00000000c3200000| Untracked |  0
|   7|0x00000000c3300000, 0x00000000c3300000, 0x00000000c3400000|  0%| F|  |TAMS 0x00000000c3300000| PB 0x00000000c3300000| Untracked |  0
|   8|0x00000000c3400000, 0x00000000c3400000, 0x00000000c3500000|  0%| F|  |TAMS 0x00000000c3400000| PB 0x00000000c3400000| Untracked |  0
|   9|0x00000000c3500000, 0x00000000c3500000, 0x00000000c3600000|  0%| F|  |TAMS 0x00000000c3500000| PB 0x00000000c3500000| Untracked |  0
|  10|0x00000000c3600000, 0x00000000c3600000, 0x00000000c3700000|  0%| F|  |TAMS 0x00000000c3600000| PB 0x00000000c3600000| Untracked |  0
|  11|0x00000000c3700000, 0x00000000c3700000, 0x00000000c3800000|  0%| F|  |TAMS 0x00000000c3700000| PB 0x00000000c3700000| Untracked |  0
|  12|0x00000000c3800000, 0x00000000c3800000, 0x00000000c3900000|  0%| F|  |TAMS 0x00000000c3800000| PB 0x00000000c3800000| Untracked |  0
|  13|0x00000000c3900000, 0x00000000c3900000, 0x00000000c3a00000|  0%| F|  |TAMS 0x00000000c3900000| PB 0x00000000c3900000| Untracked |  0
|  14|0x00000000c3a00000, 0x00000000c3a00000, 0x00000000c3b00000|  0%| F|  |TAMS 0x00000000c3a00000| PB 0x00000000c3a00000| Untracked |  0
|  15|0x00000000c3b00000, 0x00000000c3b00000, 0x00000000c3c00000|  0%| F|  |TAMS 0x00000000c3b00000| PB 0x00000000c3b00000| Untracked |  0
|  16|0x00000000c3c00000, 0x00000000c3c00000, 0x00000000c3d00000|  0%| F|  |TAMS 0x00000000c3c00000| PB 0x00000000c3c00000| Untracked |  0
|  17|0x00000000c3d00000, 0x00000000c3d00000, 0x00000000c3e00000|  0%| F|  |TAMS 0x00000000c3d00000| PB 0x00000000c3d00000| Untracked |  0
|  18|0x00000000c3e00000, 0x00000000c3e00000, 0x00000000c3f00000|  0%| F|  |TAMS 0x00000000c3e00000| PB 0x00000000c3e00000| Untracked |  0
|  19|0x00000000c3f00000, 0x00000000c3f00000, 0x00000000c4000000|  0%| F|  |TAMS 0x00000000c3f00000| PB 0x00000000c3f00000| Untracked |  0
|  20|0x00000000c4000000, 0x00000000c4000000, 0x00000000c4100000|  0%| F|  |TAMS 0x00000000c4000000| PB 0x00000000c4000000| Untracked |  0
|  21|0x00000000c4100000, 0x00000000c4100000, 0x00000000c4200000|  0%| F|  |TAMS 0x00000000c4100000| PB 0x00000000c4100000| Untracked |  0
|  22|0x00000000c4200000, 0x00000000c4200000, 0x00000000c4300000|  0%| F|  |TAMS 0x00000000c4200000| PB 0x00000000c4200000| Untracked |  0
|  23|0x00000000c4300000, 0x00000000c4300000, 0x00000000c4400000|  0%| F|  |TAMS 0x00000000c4300000| PB 0x00000000c4300000| Untracked |  0
|  24|0x00000000c4400000, 0x00000000c4400000, 0x00000000c4500000|  0%| F|  |TAMS 0x00000000c4400000| PB 0x00000000c4400000| Untracked |  0
|  25|0x00000000c4500000, 0x00000000c45e58a8, 0x00000000c4600000| 89%| E|  |TAMS 0x00000000c4500000| PB 0x00000000c4500000| Complete |  0
|  26|0x00000000c4600000, 0x00000000c4700000, 0x00000000c4700000|100%| E|CS|TAMS 0x00000000c4600000| PB 0x00000000c4600000| Complete |  0
|  27|0x00000000c4700000, 0x00000000c4800000, 0x00000000c4800000|100%| E|CS|TAMS 0x00000000c4700000| PB 0x00000000c4700000| Complete |  0
|  28|0x00000000c4800000, 0x00000000c4900000, 0x00000000c4900000|100%| E|CS|TAMS 0x00000000c4800000| PB 0x00000000c4800000| Complete |  0
|  29|0x00000000c4900000, 0x00000000c4a00000, 0x00000000c4a00000|100%| E|CS|TAMS 0x00000000c4900000| PB 0x00000000c4900000| Complete |  0
|  30|0x00000000c4a00000, 0x00000000c4b00000, 0x00000000c4b00000|100%| E|CS|TAMS 0x00000000c4a00000| PB 0x00000000c4a00000| Complete |  0
|  31|0x00000000c4b00000, 0x00000000c4b54a40, 0x00000000c4c00000| 33%| S|CS|TAMS 0x00000000c4b00000| PB 0x00000000c4b00000| Complete |  0
|  32|0x00000000c4c00000, 0x00000000c4d00000, 0x00000000c4d00000|100%| S|CS|TAMS 0x00000000c4c00000| PB 0x00000000c4c00000| Complete |  0
|  33|0x00000000c4d00000, 0x00000000c4e00000, 0x00000000c4e00000|100%| S|CS|TAMS 0x00000000c4d00000| PB 0x00000000c4d00000| Complete |  0
|  34|0x00000000c4e00000, 0x00000000c4f00000, 0x00000000c4f00000|100%| S|CS|TAMS 0x00000000c4e00000| PB 0x00000000c4e00000| Complete |  0
|  35|0x00000000c4f00000, 0x00000000c5000000, 0x00000000c5000000|100%| E|CS|TAMS 0x00000000c4f00000| PB 0x00000000c4f00000| Complete |  0
|  36|0x00000000c5000000, 0x00000000c5100000, 0x00000000c5100000|100%| E|CS|TAMS 0x00000000c5000000| PB 0x00000000c5000000| Complete |  0
|  37|0x00000000c5100000, 0x00000000c5200000, 0x00000000c5200000|100%| E|CS|TAMS 0x00000000c5100000| PB 0x00000000c5100000| Complete |  0
|  38|0x00000000c5200000, 0x00000000c5300000, 0x00000000c5300000|100%| E|CS|TAMS 0x00000000c5200000| PB 0x00000000c5200000| Complete |  0
|  39|0x00000000c5300000, 0x00000000c5400000, 0x00000000c5400000|100%| E|CS|TAMS 0x00000000c5300000| PB 0x00000000c5300000| Complete |  0
|  40|0x00000000c5400000, 0x00000000c5500000, 0x00000000c5500000|100%| E|CS|TAMS 0x00000000c5400000| PB 0x00000000c5400000| Complete |  0
|  41|0x00000000c5500000, 0x00000000c5600000, 0x00000000c5600000|100%| E|CS|TAMS 0x00000000c5500000| PB 0x00000000c5500000| Complete |  0
|  42|0x00000000c5600000, 0x00000000c5700000, 0x00000000c5700000|100%| E|CS|TAMS 0x00000000c5600000| PB 0x00000000c5600000| Complete |  0
|  43|0x00000000c5700000, 0x00000000c5800000, 0x00000000c5800000|100%| E|CS|TAMS 0x00000000c5700000| PB 0x00000000c5700000| Complete |  0
|  44|0x00000000c5800000, 0x00000000c5900000, 0x00000000c5900000|100%| E|CS|TAMS 0x00000000c5800000| PB 0x00000000c5800000| Complete |  0
|  45|0x00000000c5900000, 0x00000000c5a00000, 0x00000000c5a00000|100%| E|CS|TAMS 0x00000000c5900000| PB 0x00000000c5900000| Complete |  0
|  46|0x00000000c5a00000, 0x00000000c5b00000, 0x00000000c5b00000|100%| E|CS|TAMS 0x00000000c5a00000| PB 0x00000000c5a00000| Complete |  0
|  47|0x00000000c5b00000, 0x00000000c5c00000, 0x00000000c5c00000|100%| E|CS|TAMS 0x00000000c5b00000| PB 0x00000000c5b00000| Complete |  0
|  48|0x00000000c5c00000, 0x00000000c5d00000, 0x00000000c5d00000|100%| E|CS|TAMS 0x00000000c5c00000| PB 0x00000000c5c00000| Complete |  0
|  49|0x00000000c5d00000, 0x00000000c5e00000, 0x00000000c5e00000|100%| E|CS|TAMS 0x00000000c5d00000| PB 0x00000000c5d00000| Complete |  0
|  50|0x00000000c5e00000, 0x00000000c5f00000, 0x00000000c5f00000|100%| E|CS|TAMS 0x00000000c5e00000| PB 0x00000000c5e00000| Complete |  0
|  51|0x00000000c5f00000, 0x00000000c6000000, 0x00000000c6000000|100%| E|CS|TAMS 0x00000000c5f00000| PB 0x00000000c5f00000| Complete |  0
|  52|0x00000000c6000000, 0x00000000c6100000, 0x00000000c6100000|100%| E|CS|TAMS 0x00000000c6000000| PB 0x00000000c6000000| Complete |  0
|  53|0x00000000c6100000, 0x00000000c6200000, 0x00000000c6200000|100%| E|CS|TAMS 0x00000000c6100000| PB 0x00000000c6100000| Complete |  0
|  54|0x00000000c6200000, 0x00000000c6300000, 0x00000000c6300000|100%| E|CS|TAMS 0x00000000c6200000| PB 0x00000000c6200000| Complete |  0
|  55|0x00000000c6300000, 0x00000000c6400000, 0x00000000c6400000|100%| E|CS|TAMS 0x00000000c6300000| PB 0x00000000c6300000| Complete |  0
|  56|0x00000000c6400000, 0x00000000c6500000, 0x00000000c6500000|100%| E|CS|TAMS 0x00000000c6400000| PB 0x00000000c6400000| Complete |  0
|  57|0x00000000c6500000, 0x00000000c6600000, 0x00000000c6600000|100%| E|CS|TAMS 0x00000000c6500000| PB 0x00000000c6500000| Complete |  0
|  58|0x00000000c6600000, 0x00000000c6700000, 0x00000000c6700000|100%| E|CS|TAMS 0x00000000c6600000| PB 0x00000000c6600000| Complete |  0
|  59|0x00000000c6700000, 0x00000000c6800000, 0x00000000c6800000|100%| E|CS|TAMS 0x00000000c6700000| PB 0x00000000c6700000| Complete |  0
|  60|0x00000000c6800000, 0x00000000c6900000, 0x00000000c6900000|100%| E|CS|TAMS 0x00000000c6800000| PB 0x00000000c6800000| Complete |  0
|  61|0x00000000c6900000, 0x00000000c6a00000, 0x00000000c6a00000|100%| E|CS|TAMS 0x00000000c6900000| PB 0x00000000c6900000| Complete |  0
| 978|0x00000000ffe00000, 0x00000000fff00000, 0x00000000fff00000|100%| O|  |TAMS 0x00000000ffe00000| PB 0x00000000ffe00000| Untracked |  0
| 979|0x00000000fff00000, 0x00000000fff24ea8, 0x0000000100000000| 14%| O|  |TAMS 0x00000000fff00000| PB 0x00000000fff00000| Untracked |  0

Card table byte_map: [0x00000169961d0000,0x00000169963c0000] _byte_map_base: 0x0000016995bba000

Marking Bits: (CMBitMap*) 0x0000016996455d30
 Bits: [0x00000169adf10000, 0x00000169aee60000)

Polling page: 0x00000169945f0000

Metaspace:
Metaspace        used 14297K, committed 14528K, reserved 1114112K
 class space     used 1810K, committed 1920K, reserved 1048576K

Usage:
  Non-class:     12.19 MB used.
      Class:      1.77 MB used.
       Both:     13.96 MB used.

Virtual space:
  Non-class space:       64.00 MB reserved,      12.31 MB ( 19%) committed,  1 nodes.
      Class space:        1.00 GB reserved,       1.88 MB ( <1%) committed,  1 nodes.
             Both:        1.06 GB reserved,      14.19 MB (  1%) committed. 

Chunk freelists:
   Non-Class:  2.88 MB
       Class:  13.94 MB
        Both:  16.82 MB

MaxMetaspaceSize: unlimited
CompressedClassSpaceSize: 1.00 GB
Initial GC threshold: 21.00 MB
Current GC threshold: 21.00 MB
CDS: on
 - commit_granule_bytes: 65536.
 - commit_granule_words: 8192.
 - virtual_space_node_default_size: 8388608.
 - enlarge_chunks_in_place: 1.
UseCompressedClassPointers 1, UseCompactObjectHeaders 0
Narrow klass pointer bits 32, Max shift 3
Narrow klass base: 0x0000000005000000, Narrow klass shift: 0
Encoding Range: [0x0000000005000000 - 0x0000000105000000), (4294967296 bytes)
Klass Range:    [0x0000000005010000 - 0x0000000046000000), (1090453504 bytes)
Klass ID Range:  [65536 - 1090519033) (1090453497)
Protection zone: [0x0000000005000000 - 0x0000000005010000), (65536 bytes)


Internal statistics:

num_allocs_failed_limit: 0.
num_arena_births: 120.
num_arena_deaths: 0.
num_vsnodes_births: 2.
num_vsnodes_deaths: 0.
num_space_committed: 227.
num_space_uncommitted: 0.
num_chunks_returned_to_freelist: 0.
num_chunks_taken_from_freelist: 648.
num_chunk_merges: 0.
num_chunk_splits: 427.
num_chunks_enlarged: 332.
num_inconsistent_stats: 0.

CodeHeap 'non-profiled nmethods': size=120128Kb used=891Kb max_used=891Kb free=119236Kb
 bounds [0x00000169a69c0000, 0x00000169a6c30000, 0x00000169adf10000]
CodeHeap 'profiled nmethods': size=120000Kb used=4655Kb max_used=4655Kb free=115344Kb
 bounds [0x000001699ef10000, 0x000001699f3a0000, 0x00000169a6440000]
CodeHeap 'non-nmethods': size=5632Kb used=1380Kb max_used=1434Kb free=4251Kb
 bounds [0x00000169a6440000, 0x00000169a66b0000, 0x00000169a69c0000]
CodeCache: size=245760Kb, used=6926Kb, max_used=6980Kb, free=238831Kb
 total_blobs=3503, nmethods=2998, adapters=408, full_count=0
Compilation: enabled, stopped_count=0, restarted_count=0

Compilation events (20 events):
Event: 1166.498 Thread 0x00000169b1228e90 nmethod 3004 0x000001699f395e08 code [0x000001699f395f00, 0x000001699f396038]
Event: 1166.854 Thread 0x00000169b11ae9b0 3005       4       java.util.Spliterator::getExactSizeIfKnown (25 bytes)
Event: 1166.878 Thread 0x00000169b11ae9b0 nmethod 3005 0x00000169a6a9be88 code [0x00000169a6a9bf80, 0x00000169a6a9c0c0]
Event: 1166.956 Thread 0x00000169b11ae9b0 3007       4       java.util.HashSet::add (20 bytes)
Event: 1166.981 Thread 0x00000169b1228e90 3006       3       com.google.common.collect.ImmutableCollection::toArray (8 bytes)
Event: 1166.985 Thread 0x00000169b1228e90 nmethod 3006 0x000001699f396108 code [0x000001699f396200, 0x000001699f3963c0]
Event: 1167.135 Thread 0x00000169b11ae9b0 nmethod 3007 0x00000169a6a9c188 code [0x00000169a6a9c280, 0x00000169a6a9de28]
Event: 1167.180 Thread 0x00000169b11ae9b0 3008       4       jdk.internal.util.ReferencedKeyMap::removeStaleReferences (30 bytes)
Event: 1167.181 Thread 0x00000169b1228e90 3009       3       com.google.inject.internal.ConstructionContext::setProxyDelegates (50 bytes)
Event: 1167.194 Thread 0x00000169b1228e90 nmethod 3009 0x000001699f396408 code [0x000001699f396500, 0x000001699f396b10]
Event: 1167.199 Thread 0x00000169b1228e90 3010       3       com.google.common.collect.MapMakerInternalMap$Segment::postReadCleanup (18 bytes)
Event: 1167.203 Thread 0x00000169b1228e90 nmethod 3010 0x000001699f396b88 code [0x000001699f396c80, 0x000001699f397000]
Event: 1167.208 Thread 0x00000169b11ae9b0 nmethod 3008 0x00000169a6a9de88 code [0x00000169a6a9df80, 0x00000169a6a9e510]
Event: 1167.208 Thread 0x00000169b11ae9b0 3011       4       jdk.internal.util.StrongReferenceKey::equals (28 bytes)
Event: 1167.212 Thread 0x00000169b11ae9b0 nmethod 3011 0x00000169a6a9e588 code [0x00000169a6a9e680, 0x00000169a6a9e948]
Event: 1170.319 Thread 0x00000169b1228e90 3012  s    1       java.lang.StringBuffer::length (5 bytes)
Event: 1170.319 Thread 0x00000169b1228e90 nmethod 3012 0x00000169a6a9e988 code [0x00000169a6a9ea80, 0x00000169a6a9ec90]
Event: 1171.263 Thread 0x00000169b11ae9b0 3013       4       org.fusesource.jansi.io.AnsiOutputStream::write (898 bytes)
Event: 1171.341 Thread 0x00000169b1228e90 3014   !   3       java.lang.String::<init> (852 bytes)
Event: 1171.468 Thread 0x00000169b1228e90 nmethod 3014 0x000001699f397088 code [0x000001699f397180, 0x000001699f399fb0]

GC Heap Usage History (4 events):
Event: 111.036 {heap Before GC invocations=0 (full 0):
 garbage-first heap   total reserved 1003520K, committed 65536K, used 14483K [0x00000000c2c00000, 0x0000000100000000)
  region size 1024K, 14 young (14336K), 0 survivors (0K)
}
Event: 111.422 {heap After GC invocations=1 (full 0):
 garbage-first heap   total reserved 1003520K, committed 65536K, used 4063K [0x00000000c2c00000, 0x0000000100000000)
  region size 1024K, 2 young (2048K), 2 survivors (2048K)
}
Event: 132.563 {heap Before GC invocations=1 (full 0):
 garbage-first heap   total reserved 1003520K, committed 65536K, used 28639K [0x00000000c2c00000, 0x0000000100000000)
  region size 1024K, 27 young (27648K), 2 survivors (2048K)
}
Event: 132.571 {heap After GC invocations=2 (full 0):
 garbage-first heap   total reserved 1003520K, committed 65536K, used 5425K [0x00000000c2c00000, 0x0000000100000000)
  region size 1024K, 4 young (4096K), 4 survivors (4096K)
}

Metaspace Usage History (4 events):
Event: 111.036 {metaspace Before GC invocations=0 (full 0):
 Metaspace       used 4341K, committed 4544K, reserved 1114112K
  class space    used 488K, committed 576K, reserved 1048576K
}
Event: 111.422 {metaspace After GC invocations=1 (full 0):
 Metaspace       used 4341K, committed 4544K, reserved 1114112K
  class space    used 488K, committed 576K, reserved 1048576K
}
Event: 132.563 {metaspace Before GC invocations=1 (full 0):
 Metaspace       used 7494K, committed 7744K, reserved 1114112K
  class space    used 903K, committed 1024K, reserved 1048576K
}
Event: 132.571 {metaspace After GC invocations=2 (full 0):
 Metaspace       used 7494K, committed 7744K, reserved 1114112K
  class space    used 903K, committed 1024K, reserved 1048576K
}

Dll operation events (7 events):
Event: 0.029 Loaded shared library C:\Program Files\Apache NetBeans\jdk\bin\java.dll
Event: 3.565 Loaded shared library C:\Program Files\Apache NetBeans\jdk\bin\net.dll
Event: 3.570 Loaded shared library C:\Program Files\Apache NetBeans\jdk\bin\nio.dll
Event: 5.132 Loaded shared library C:\Program Files\Apache NetBeans\jdk\bin\zip.dll
Event: 39.328 Loaded shared library C:\Program Files\Apache NetBeans\java\maven\lib\jansi-native\Windows\x86_64\jansi.dll
Event: 40.023 Loaded shared library C:\Program Files\Apache NetBeans\jdk\bin\verify.dll
Event: 46.166 Loaded shared library C:\Program Files\Apache NetBeans\jdk\bin\jimage.dll

Deoptimization events (20 events):
Event: 539.748 Thread 0x000001699404d9d0 Uncommon trap: trap_request=0xffffff45 fr.pc=0x00000169a6a14734 relative=0x00000000000000b4
Event: 539.748 Thread 0x000001699404d9d0 Uncommon trap: reason=unstable_if action=reinterpret pc=0x00000169a6a14734 method=java.nio.Buffer.limit(I)Ljava/nio/Buffer; @ 42 c2
Event: 539.783 Thread 0x000001699404d9d0 DEOPT PACKING pc=0x00000169a6a14734 sp=0x0000005d092fd6f0
Event: 539.783 Thread 0x000001699404d9d0 DEOPT UNPACKING pc=0x00000169a64c857c sp=0x0000005d092fd678 mode 2
Event: 539.783 Thread 0x000001699404d9d0 Uncommon trap: trap_request=0xffffffc6 fr.pc=0x00000169a6a2b8f4 relative=0x0000000000000274
Event: 539.783 Thread 0x000001699404d9d0 Uncommon trap: reason=bimorphic_or_optimized_type_check action=maybe_recompile pc=0x00000169a6a2b8f4 method=java.nio.Buffer.<init>(IIIILjava/lang/foreign/MemorySegment;)V @ 39 c2
Event: 539.783 Thread 0x000001699404d9d0 DEOPT PACKING pc=0x00000169a6a2b8f4 sp=0x0000005d092fd3d0
Event: 539.783 Thread 0x000001699404d9d0 DEOPT UNPACKING pc=0x00000169a64c857c sp=0x0000005d092fd358 mode 2
Event: 539.915 Thread 0x000001699404d9d0 Uncommon trap: trap_request=0xffffffc6 fr.pc=0x00000169a6a2b8f4 relative=0x0000000000000274
Event: 539.915 Thread 0x000001699404d9d0 Uncommon trap: reason=bimorphic_or_optimized_type_check action=maybe_recompile pc=0x00000169a6a2b8f4 method=java.nio.Buffer.<init>(IIIILjava/lang/foreign/MemorySegment;)V @ 39 c2
Event: 539.915 Thread 0x000001699404d9d0 DEOPT PACKING pc=0x00000169a6a2b8f4 sp=0x0000005d092fd4a0
Event: 539.915 Thread 0x000001699404d9d0 DEOPT UNPACKING pc=0x00000169a64c857c sp=0x0000005d092fd428 mode 2
Event: 548.093 Thread 0x000001699404d9d0 Uncommon trap: trap_request=0xffffff45 fr.pc=0x00000169a6a31770 relative=0x0000000000000670
Event: 548.093 Thread 0x000001699404d9d0 Uncommon trap: reason=unstable_if action=reinterpret pc=0x00000169a6a31770 method=java.lang.String.replace(CC)Ljava/lang/String; @ 2 c2
Event: 548.093 Thread 0x000001699404d9d0 DEOPT PACKING pc=0x00000169a6a31770 sp=0x0000005d092fe240
Event: 548.093 Thread 0x000001699404d9d0 DEOPT UNPACKING pc=0x00000169a64c857c sp=0x0000005d092fe200 mode 2
Event: 626.399 Thread 0x000001699404d9d0 Uncommon trap: trap_request=0xffffffde fr.pc=0x00000169a6a78184 relative=0x0000000000000684
Event: 626.399 Thread 0x000001699404d9d0 Uncommon trap: reason=class_check action=maybe_recompile pc=0x00000169a6a78184 method=java.util.HashMap.putVal(ILjava/lang/Object;Ljava/lang/Object;ZZ)Ljava/lang/Object; @ 203 c2
Event: 626.399 Thread 0x000001699404d9d0 DEOPT PACKING pc=0x00000169a6a78184 sp=0x0000005d092fc670
Event: 626.400 Thread 0x000001699404d9d0 DEOPT UNPACKING pc=0x00000169a64c857c sp=0x0000005d092fc570 mode 2

Classes loaded (20 events):
Event: 581.682 Loading class java/lang/invoke/BoundMethodHandle$Species_LI
Event: 581.682 Loading class java/lang/invoke/BoundMethodHandle$Species_LI done
Event: 581.682 Loading class java/lang/invoke/ClassSpecializer$Factory$1
Event: 581.983 Loading class java/lang/invoke/ClassSpecializer$Factory$1 done
Event: 585.142 Loading class java/lang/invoke/ClassSpecializer$Factory$1$1
Event: 585.557 Loading class java/lang/invoke/ClassSpecializer$Factory$1$1 done
Event: 585.869 Loading class java/lang/invoke/ClassSpecializer$Factory$1$1Var
Event: 586.215 Loading class java/lang/invoke/ClassSpecializer$Factory$1$1Var done
Event: 586.280 Loading class java/lang/invoke/ClassSpecializer$Factory$1$2
Event: 586.391 Loading class java/lang/invoke/ClassSpecializer$Factory$1$2 done
Event: 586.442 Loading class java/lang/invoke/ClassSpecializer$Factory$1$3
Event: 586.550 Loading class java/lang/invoke/ClassSpecializer$Factory$1$3 done
Event: 586.573 Loading class java/lang/invoke/ClassSpecializer$Factory$1$4
Event: 586.740 Loading class java/lang/invoke/ClassSpecializer$Factory$1$4 done
Event: 586.741 Loading class java/lang/invoke/ClassSpecializer$Factory$1$5
Event: 587.280 Loading class java/lang/invoke/ClassSpecializer$Factory$1$5 done
Event: 588.320 Loading class java/lang/invoke/ClassSpecializer$Factory$1$5$1
Event: 588.840 Loading class java/lang/invoke/ClassSpecializer$Factory$1$5$1 done
Event: 1047.853 Loading class java/io/InterruptedIOException
Event: 1048.738 Loading class java/io/InterruptedIOException done

Classes unloaded (0 events):
No events

Classes redefined (0 events):
No events

Internal exceptions (20 events):
Event: 1171.271 Thread 0x000001699404d9d0 Exception <a 'java/io/IOException'{0x00000000c457a688}> (0x00000000c457a688) 
thrown [s\src\hotspot\share\prims\jni.cpp, line 516]
Event: 1171.271 Thread 0x000001699404d9d0 Exception <a 'java/io/IOException'{0x00000000c457ac88}> (0x00000000c457ac88) 
thrown [s\src\hotspot\share\prims\jni.cpp, line 516]
Event: 1171.271 Thread 0x000001699404d9d0 Exception <a 'java/io/IOException'{0x00000000c457b250}> (0x00000000c457b250) 
thrown [s\src\hotspot\share\prims\jni.cpp, line 516]
Event: 1171.297 Thread 0x000001699404d9d0 Exception <a 'java/io/IOException'{0x00000000c457b568}> (0x00000000c457b568) 
thrown [s\src\hotspot\share\prims\jni.cpp, line 516]
Event: 1171.350 Thread 0x000001699404d9d0 Exception <a 'java/io/IOException'{0x00000000c457c510}> (0x00000000c457c510) 
thrown [s\src\hotspot\share\prims\jni.cpp, line 516]
Event: 1171.350 Thread 0x000001699404d9d0 Exception <a 'java/io/IOException'{0x00000000c457cb10}> (0x00000000c457cb10) 
thrown [s\src\hotspot\share\prims\jni.cpp, line 516]
Event: 1171.350 Thread 0x000001699404d9d0 Exception <a 'java/io/IOException'{0x00000000c457d0d8}> (0x00000000c457d0d8) 
thrown [s\src\hotspot\share\prims\jni.cpp, line 516]
Event: 1171.350 Thread 0x000001699404d9d0 Exception <a 'java/io/IOException'{0x00000000c457d3f0}> (0x00000000c457d3f0) 
thrown [s\src\hotspot\share\prims\jni.cpp, line 516]
Event: 1171.419 Thread 0x000001699404d9d0 Exception <a 'java/io/IOException'{0x00000000c457dda8}> (0x00000000c457dda8) 
thrown [s\src\hotspot\share\prims\jni.cpp, line 516]
Event: 1171.419 Thread 0x000001699404d9d0 Exception <a 'java/io/IOException'{0x00000000c457e3a8}> (0x00000000c457e3a8) 
thrown [s\src\hotspot\share\prims\jni.cpp, line 516]
Event: 1171.419 Thread 0x000001699404d9d0 Exception <a 'java/io/IOException'{0x00000000c457e970}> (0x00000000c457e970) 
thrown [s\src\hotspot\share\prims\jni.cpp, line 516]
Event: 1171.420 Thread 0x000001699404d9d0 Exception <a 'java/io/IOException'{0x00000000c457ec88}> (0x00000000c457ec88) 
thrown [s\src\hotspot\share\prims\jni.cpp, line 516]
Event: 1171.822 Thread 0x000001699404d9d0 Exception <a 'java/io/IOException'{0x00000000c4580128}> (0x00000000c4580128) 
thrown [s\src\hotspot\share\prims\jni.cpp, line 516]
Event: 1171.822 Thread 0x000001699404d9d0 Exception <a 'java/io/IOException'{0x00000000c4580728}> (0x00000000c4580728) 
thrown [s\src\hotspot\share\prims\jni.cpp, line 516]
Event: 1171.822 Thread 0x000001699404d9d0 Exception <a 'java/io/IOException'{0x00000000c4580cf0}> (0x00000000c4580cf0) 
thrown [s\src\hotspot\share\prims\jni.cpp, line 516]
Event: 1171.822 Thread 0x000001699404d9d0 Exception <a 'java/io/IOException'{0x00000000c4581008}> (0x00000000c4581008) 
thrown [s\src\hotspot\share\prims\jni.cpp, line 516]
Event: 1171.823 Thread 0x000001699404d9d0 Exception <a 'java/io/IOException'{0x00000000c4581c88}> (0x00000000c4581c88) 
thrown [s\src\hotspot\share\prims\jni.cpp, line 516]
Event: 1171.823 Thread 0x000001699404d9d0 Exception <a 'java/io/IOException'{0x00000000c4582288}> (0x00000000c4582288) 
thrown [s\src\hotspot\share\prims\jni.cpp, line 516]
Event: 1171.823 Thread 0x000001699404d9d0 Exception <a 'java/io/IOException'{0x00000000c4582850}> (0x00000000c4582850) 
thrown [s\src\hotspot\share\prims\jni.cpp, line 516]
Event: 1171.823 Thread 0x000001699404d9d0 Exception <a 'java/io/IOException'{0x00000000c4582b68}> (0x00000000c4582b68) 
thrown [s\src\hotspot\share\prims\jni.cpp, line 516]

VM Operations (20 events):
Event: 369.901 Executing non-safepoint VM operation: RendezvousGCThreads
Event: 369.953 Executing non-safepoint VM operation: RendezvousGCThreads done
Event: 369.970 Executing non-safepoint VM operation: HandshakeAllThreads (Deoptimize)
Event: 370.072 Executing non-safepoint VM operation: HandshakeAllThreads (Deoptimize) done
Event: 393.451 Executing non-safepoint VM operation: HandshakeAllThreads (Deoptimize)
Event: 393.451 Executing non-safepoint VM operation: HandshakeAllThreads (Deoptimize) done
Event: 442.146 Executing non-safepoint VM operation: HandshakeAllThreads (Deoptimize)
Event: 442.146 Executing non-safepoint VM operation: HandshakeAllThreads (Deoptimize) done
Event: 476.380 Executing non-safepoint VM operation: HandshakeAllThreads (Deoptimize)
Event: 476.381 Executing non-safepoint VM operation: HandshakeAllThreads (Deoptimize) done
Event: 476.595 Executing non-safepoint VM operation: HandshakeAllThreads (Deoptimize)
Event: 476.595 Executing non-safepoint VM operation: HandshakeAllThreads (Deoptimize) done
Event: 548.826 Executing non-safepoint VM operation: HandshakeAllThreads (HandshakeForDeflation)
Event: 550.120 Executing non-safepoint VM operation: HandshakeAllThreads (HandshakeForDeflation) done
Event: 550.120 Executing non-safepoint VM operation: RendezvousGCThreads
Event: 550.120 Executing non-safepoint VM operation: RendezvousGCThreads done
Event: 1092.177 Executing non-safepoint VM operation: HandshakeAllThreads (HandshakeForDeflation)
Event: 1094.100 Executing non-safepoint VM operation: HandshakeAllThreads (HandshakeForDeflation) done
Event: 1094.100 Executing non-safepoint VM operation: RendezvousGCThreads
Event: 1094.100 Executing non-safepoint VM operation: RendezvousGCThreads done

Memory protections (0 events):
No events

Nmethod flushes (0 events):
No events

Events (13 events):
Event: 0.603 Thread 0x000001699404d9d0 Thread added: 0x000001699404d9d0
Event: 0.844 Thread 0x000001699404d9d0 Thread added: 0x00000169b11a2f00
Event: 0.844 Thread 0x000001699404d9d0 Thread added: 0x00000169b11a4780
Event: 0.845 Thread 0x000001699404d9d0 Thread added: 0x00000169b11a98d0
Event: 0.845 Thread 0x000001699404d9d0 Thread added: 0x00000169b11abff0
Event: 0.845 Thread 0x000001699404d9d0 Thread added: 0x00000169b11acf00
Event: 0.845 Thread 0x000001699404d9d0 Thread added: 0x00000169b11adac0
Event: 0.845 Thread 0x000001699404d9d0 Thread added: 0x00000169b11ae9b0
Event: 0.961 Thread 0x000001699404d9d0 Thread added: 0x00000169b1228e90
Event: 3.423 Thread 0x000001699404d9d0 Thread added: 0x00000169b12e1060
Event: 3.427 Thread 0x000001699404d9d0 Thread added: 0x00000169b12e5c80
Event: 37.890 Thread 0x000001699404d9d0 Thread added: 0x00000169b13643a0
Event: 150.727 Thread 0x00000169b13643a0 Thread exited: 0x00000169b13643a0


Dynamic libraries:
0x00007ff61ab00000 - 0x00007ff61ab0e000 	C:\Program Files\Apache NetBeans\jdk\bin\java.exe
0x00007ffea0ee0000 - 0x00007ffea1147000 	C:\WINDOWS\SYSTEM32\ntdll.dll
0x00007ffe9fee0000 - 0x00007ffe9ffa9000 	C:\WINDOWS\System32\KERNEL32.DLL
0x00007ffe9dbe0000 - 0x00007ffe9dfd4000 	C:\WINDOWS\System32\KERNELBASE.dll
0x00007ffe9e110000 - 0x00007ffe9e25b000 	C:\WINDOWS\System32\ucrtbase.dll
0x00007ffe806e0000 - 0x00007ffe806f6000 	C:\Program Files\Apache NetBeans\jdk\bin\jli.dll
0x00007ffe9ed70000 - 0x00007ffe9ef35000 	C:\WINDOWS\System32\USER32.dll
0x00007ffe9eb90000 - 0x00007ffe9ebb7000 	C:\WINDOWS\System32\win32u.dll
0x00007ffea09d0000 - 0x00007ffea09fb000 	C:\WINDOWS\System32\GDI32.dll
0x00007ffe9dfe0000 - 0x00007ffe9e10a000 	C:\WINDOWS\System32\gdi32full.dll
0x00007ffe9ebc0000 - 0x00007ffe9ec63000 	C:\WINDOWS\System32\msvcp_win.dll
0x00007ffe91b10000 - 0x00007ffe91b2e000 	C:\Program Files\Apache NetBeans\jdk\bin\VCRUNTIME140.dll
0x00007ffe8ba70000 - 0x00007ffe8bd03000 	C:\WINDOWS\WinSxS\amd64_microsoft.windows.common-controls_6595b64144ccf1df_6.0.26100.8115_none_3e075c82e3354f9c\COMCTL32.dll
0x00007ffea0400000 - 0x00007ffea04a9000 	C:\WINDOWS\System32\msvcrt.dll
0x00007ffe9fd40000 - 0x00007ffe9fd72000 	C:\WINDOWS\System32\IMM32.DLL
0x00007ffe8bdb0000 - 0x00007ffe8bdbc000 	C:\Program Files\Apache NetBeans\jdk\bin\vcruntime140_1.dll
0x00007ffe68510000 - 0x00007ffe6859d000 	C:\Program Files\Apache NetBeans\jdk\bin\msvcp140.dll
0x00007ffe2ca00000 - 0x00007ffe2d926000 	C:\Program Files\Apache NetBeans\jdk\bin\server\jvm.dll
0x00007ffea0660000 - 0x00007ffea0716000 	C:\WINDOWS\System32\ADVAPI32.dll
0x00007ffea04b0000 - 0x00007ffea0557000 	C:\WINDOWS\System32\sechost.dll
0x00007ffe9f250000 - 0x00007ffe9f368000 	C:\WINDOWS\System32\RPCRT4.dll
0x00007ffea0940000 - 0x00007ffea09c0000 	C:\WINDOWS\System32\WS2_32.dll
0x00007ffe9d610000 - 0x00007ffe9d66e000 	C:\WINDOWS\SYSTEM32\POWRPROF.dll
0x00007ffe7a540000 - 0x00007ffe7a576000 	C:\WINDOWS\SYSTEM32\WINMM.dll
0x00007ffe8c650000 - 0x00007ffe8c65b000 	C:\WINDOWS\SYSTEM32\VERSION.dll
0x00007ffe9d5f0000 - 0x00007ffe9d604000 	C:\WINDOWS\SYSTEM32\UMPDC.dll
0x00007ffe9c540000 - 0x00007ffe9c55b000 	C:\WINDOWS\SYSTEM32\kernel.appcore.dll
0x00007ffe8bda0000 - 0x00007ffe8bdaa000 	C:\Program Files\Apache NetBeans\jdk\bin\jimage.dll
0x00007ffe9b6f0000 - 0x00007ffe9b932000 	C:\WINDOWS\SYSTEM32\DBGHELP.DLL
0x00007ffe9ffb0000 - 0x00007ffea0332000 	C:\WINDOWS\System32\combase.dll
0x00007ffe9f400000 - 0x00007ffe9f4d7000 	C:\WINDOWS\System32\OLEAUT32.dll
0x00007ffe8c3b0000 - 0x00007ffe8c3eb000 	C:\WINDOWS\SYSTEM32\dbgcore.DLL
0x00007ffe9d9c0000 - 0x00007ffe9da65000 	C:\WINDOWS\System32\bcryptPrimitives.dll
0x00007ffe80700000 - 0x00007ffe8071e000 	C:\Program Files\Apache NetBeans\jdk\bin\java.dll
0x00007ffea0790000 - 0x00007ffea0927000 	C:\WINDOWS\System32\ole32.dll
0x00007ffe9f570000 - 0x00007ffe9fcd6000 	C:\WINDOWS\System32\SHELL32.dll
0x00007ffe9da70000 - 0x00007ffe9dbda000 	C:\WINDOWS\System32\wintypes.dll
0x00007ffe9e260000 - 0x00007ffe9eac5000 	C:\WINDOWS\System32\windows.storage.dll
0x00007ffe9ef40000 - 0x00007ffe9f037000 	C:\WINDOWS\System32\SHCORE.dll
0x00007ffea0720000 - 0x00007ffea0786000 	C:\WINDOWS\System32\shlwapi.dll
0x00007ffe9d6d0000 - 0x00007ffe9d6f9000 	C:\WINDOWS\SYSTEM32\profapi.dll
0x00007ffe76930000 - 0x00007ffe76941000 	C:\Program Files\Apache NetBeans\jdk\bin\net.dll
0x00007ffe9cab0000 - 0x00007ffe9cb1c000 	C:\WINDOWS\system32\mswsock.dll
0x00007ffe685a0000 - 0x00007ffe685b6000 	C:\Program Files\Apache NetBeans\jdk\bin\nio.dll
0x00007ffe76950000 - 0x00007ffe76967000 	C:\Program Files\Apache NetBeans\jdk\bin\zip.dll
0x00007ffe7bf10000 - 0x00007ffe7bf34000 	C:\Program Files\Apache NetBeans\java\maven\lib\jansi-native\Windows\x86_64\jansi.dll
0x00007ffe87100000 - 0x00007ffe87110000 	C:\Program Files\Apache NetBeans\jdk\bin\verify.dll

JVMTI agents: none

dbghelp: loaded successfully - version: 4.0.5 - missing functions: none
symbol engine: initialized successfully - sym options: 0x614 - pdb path: .;C:\Program Files\Apache NetBeans\jdk\bin;C:\WINDOWS\SYSTEM32;C:\WINDOWS\WinSxS\amd64_microsoft.windows.common-controls_6595b64144ccf1df_6.0.26100.8115_none_3e075c82e3354f9c;C:\Program Files\Apache NetBeans\jdk\bin\server;C:\Program Files\Apache NetBeans\java\maven\lib\jansi-native\Windows\x86_64

VM Arguments:
jvm_args: --enable-native-access=ALL-UNNAMED -Dclassworlds.conf=C:\Program Files\Apache NetBeans\java\maven\bin\m2.conf -Dmaven.home=C:\Program Files\Apache NetBeans\java\maven -Dlibrary.jansi.path=C:\Program Files\Apache NetBeans\java\maven\lib\jansi-native -Dmaven.multiModuleProjectDirectory=C:\Users\ASUS\Documents\NetBeansProjects\Lubiproject1 
java_command: org.codehaus.plexus.classworlds.launcher.Launcher -Dmaven.ext.class.path=C:\Program Files\Apache NetBeans\java\maven-nblib\netbeans-eventspy.jar --no-transfer-progress install
java_class_path (initial): C:\Program Files\Apache NetBeans\java\maven\boot\plexus-classworlds-2.9.0.jar
Launcher Type: SUN_STANDARD

[Global flags]
     intx CICompilerCount                          = 2                                         {product} {ergonomic}
     uint ConcGCThreads                            = 1                                         {product} {ergonomic}
     uint G1ConcRefinementThreads                  = 2                                         {product} {ergonomic}
   size_t G1HeapRegionSize                         = 1048576                                   {product} {ergonomic}
   size_t InitialHeapSize                          = 65011712                                  {product} {ergonomic}
   size_t MarkStackSize                            = 4194304                                   {product} {ergonomic}
   size_t MarkStackSizeMax                         = 536870912                                 {product} {ergonomic}
   size_t MaxHeapSize                              = 1027604480                                {product} {ergonomic}
   size_t MaxNewSize                               = 616562688                                 {product} {ergonomic}
   size_t MinHeapDeltaBytes                        = 1048576                                   {product} {ergonomic}
   size_t MinHeapSize                              = 8388608                                   {product} {ergonomic}
    uintx NonNMethodCodeHeapSize                   = 5767168                                {pd product} {ergonomic}
    uintx NonProfiledCodeHeapSize                  = 123011072                              {pd product} {ergonomic}
    uintx ProfiledCodeHeapSize                     = 122880000                              {pd product} {ergonomic}
    uintx ReservedCodeCacheSize                    = 251658240                              {pd product} {ergonomic}
     bool SegmentedCodeCache                       = true                                      {product} {ergonomic}
   size_t SoftMaxHeapSize                          = 1027604480                             {manageable} {ergonomic}
     bool UseCompressedOops                        = true                           {product lp64_product} {ergonomic}
     bool UseG1GC                                  = true                                      {product} {ergonomic}
     bool UseLargePagesIndividualAllocation        = false                                  {pd product} {ergonomic}

Logging:
Log output configuration:
 #0: stdout all=warning uptime,level,tags foldmultilines=false
 #1: stderr all=off uptime,level,tags foldmultilines=false

Release file:
IMPLEMENTOR="Eclipse Adoptium" 
IMPLEMENTOR_VERSION="Temurin-25.0.2+10" 
JAVA_RUNTIME_VERSION="25.0.2+10-LTS" 
JAVA_VERSION="25.0.2" 
JAVA_VERSION_DATE="2026-01-20" 
LIBC="default" 
MODULES="java.base java.compiler java.datatransfer java.xml java.prefs java.desktop java.instrument java.logging java.management java.security.sasl java.naming java.rmi java.management.rmi java.net.http java.scripting java.security.jgss java.transaction.xa java.sql java.sql.rowset java.xml.crypto java.se java.smartcardio jdk.accessibility jdk.internal.jvmstat jdk.attach jdk.charsets jdk.internal.opt jdk.zipfs jdk.compiler jdk.crypto.cryptoki jdk.crypto.ec jdk.crypto.mscapi jdk.dynalink jdk.internal.ed jdk.editpad jdk.internal.vm.ci jdk.graal.compiler jdk.graal.compiler.management jdk.hotspot.agent jdk.httpserver jdk.incubator.vector jdk.internal.le jdk.internal.md jdk.jartool jdk.javadoc jdk.jcmd jdk.management jdk.management.agent jdk.jconsole jdk.jdeps jdk.jdwp.agent jdk.jdi jdk.jfr jdk.jlink jdk.jpackage jdk.jshell jdk.jsobject jdk.jstatd jdk.localedata jdk.management.jfr jdk.naming.dns jdk.naming.rmi jdk.net jdk.nio.mapmode jdk.sctp jdk.security.auth jdk.security.jgss jdk.unsupported jdk.unsupported.desktop jdk.xml.dom" 
OS_ARCH="x86_64" 
OS_NAME="Windows" 
SOURCE=".:git:9e3c947043a4" 
BUILD_SOURCE="git:458965074606f027bd5afce2cfd5c1055dea0438"
BUILD_SOURCE_REPO="https://github.com/adoptium/temurin-build.git"
SOURCE_REPO="https://github.com/adoptium/jdk25u.git"
FULL_VERSION="25.0.2+10-LTS"
SEMANTIC_VERSION="25.0.2+10"
BUILD_INFO="OS: Windows Server 2022 Version: 10.0"
JVM_VARIANT="Hotspot"
JVM_VERSION="25.0.2+10-LTS"
IMAGE_TYPE="JDK"

Environment Variables:
JAVA_HOME=C:\Program Files\Apache NetBeans\jdk
PATH=C:\WINDOWS\system32;C:\WINDOWS;C:\WINDOWS\System32\Wbem;C:\WINDOWS\System32\WindowsPowerShell\v1.0\;C:\WINDOWS\System32\OpenSSH\;C:\Program Files\Git\cmd;C:\Users\ASUS\AppData\Local\Microsoft\WindowsApps;;C:\Program Files\Apache NetBeans\bin\
USERNAME=ASUS
OS=Windows_NT
PROCESSOR_IDENTIFIER=Intel64 Family 6 Model 122 Stepping 1, GenuineIntel
TMP=C:\Users\ASUS\AppData\Local\Temp
TEMP=C:\Users\ASUS\AppData\Local\Temp




Compilation memory statistics disabled.

Periodic native trim disabled

---------------  S Y S T E M  ---------------

OS:
 Windows 11 , 64 bit Build 26100 (10.0.26100.8115)
OS uptime: 0 days 4:31 hours

CPU: total 2 (initial active 2) (2 cores per cpu, 1 threads per core) family 6 model 122 stepping 1 microcode 0x34, cx8, cmov, fxsr, mmx, 3dnowpref, sse, sse2, sse3, ssse3, sse4.1, sse4.2, popcnt, tsc, tscinvbit, aes, erms, clmul, sha, clflush, clflushopt, rdtscp, rdpid
Processor Information for the first 2 processors :
  Max Mhz: 1101, Current Mhz: 1101, Mhz Limit: 1101

Memory: 4k page, system-wide physical 3919M (198M free)
TotalPageFile size 15695M (AvailPageFile size 153M)
current process WorkingSet (physical memory assigned to process): 34M, peak: 77M
current process commit charge ("private bytes"): 158M, peak: 171M

vm_info: OpenJDK 64-Bit Server VM (25.0.2+10-LTS) for windows-amd64 JRE (25.0.2+10-LTS), built on 2026-01-20T00:00:00Z with MS VC++ 17.12 (VS2022)

END.
