#
# There is insufficient memory for the Java Runtime Environment to continue.
# Native memory allocation (malloc) failed to allocate 1373656 bytes. Error detail: Chunk::new
# Possible reasons:
#   The system is out of physical RAM or swap space
#   This process is running with CompressedOops enabled, and the Java Heap may be blocking the growth of the native heap
# Possible solutions:
#   Reduce memory load on the system
#   Increase physical memory or swap space
#   Check if swap backing store is full
#   Decrease Java heap size (-Xmx/-Xms)
#   Decrease number of Java threads
#   Decrease Java thread stack sizes (-Xss)
#   Set larger code cache with -XX:ReservedCodeCacheSize=
#   JVM is running with Unscaled Compressed Oops mode in which the Java heap is
#     placed in the first 4GB address space. The Java Heap base address is the
#     maximum limit for the native heap growth. Please use -XX:HeapBaseMinAddress
#     to set the Java Heap base and to place the Java Heap above 4GB virtual address.
# This output file may be truncated or incomplete.
#
#  Out of Memory Error (arena.cpp:186), pid=2704, tid=12092
#
# JRE version: OpenJDK Runtime Environment Temurin-25.0.2+10 (25.0.2+10) (build 25.0.2+10-LTS)
# Java VM: OpenJDK 64-Bit Server VM Temurin-25.0.2+10 (25.0.2+10-LTS, mixed mode, sharing, tiered, compressed oops, compressed class ptrs, g1 gc, windows-amd64)
# No core dump will be written. Minidumps are not enabled by default on client versions of Windows
#

---------------  S U M M A R Y ------------

Command Line: --enable-native-access=ALL-UNNAMED -Dclassworlds.conf=C:\Program Files\Apache NetBeans\java\maven\bin\m2.conf -Dmaven.home=C:\Program Files\Apache NetBeans\java\maven -Dlibrary.jansi.path=C:\Program Files\Apache NetBeans\java\maven\lib\jansi-native -Dmaven.multiModuleProjectDirectory=C:\Users\ASUS\Documents\NetBeansProjects\Lubiproject1 org.codehaus.plexus.classworlds.launcher.Launcher -Dmaven.ext.class.path=C:\Program Files\Apache NetBeans\java\maven-nblib\netbeans-eventspy.jar --no-transfer-progress install

Host: Intel(R) Celeron(R) N4000 CPU @ 1.10GHz, 2 cores, 3G,  Windows 11 , 64 bit Build 26100 (10.0.26100.8115)
Time: Fri Apr  3 20:38:51 2026 SE Asia Standard Time elapsed time: 533.849561 seconds (0d 0h 8m 53s)

---------------  T H R E A D  ---------------

Current thread (0x00000276fe37de50):  JavaThread "C2 CompilerThread0" daemon [_thread_in_native, id=12092, stack(0x000000e977d00000,0x000000e977e00000) (1024K)]


Current CompileTask:
C2:533906 1673       4       jdk.internal.module.SystemModuleFinders$SystemModuleReader::containsImageLocation (42 bytes)

Stack: [0x000000e977d00000,0x000000e977e00000]
Native frames: (J=compiled Java code, j=interpreted, Vv=VM code, C=native code)
V  [jvm.dll+0x7a8bc9]  (no source info available)
V  [jvm.dll+0x77310d]  (no source info available)
V  [jvm.dll+0x9f55f3]  (no source info available)
V  [jvm.dll+0x9f7be1]  (no source info available)
V  [jvm.dll+0x9f82f3]  (no source info available)
V  [jvm.dll+0x2fce26]  (no source info available)
V  [jvm.dll+0x111076]  (no source info available)
V  [jvm.dll+0x11139e]  (no source info available)
V  [jvm.dll+0x19fff2]  (no source info available)
V  [jvm.dll+0x3b5f62]  (no source info available)
V  [jvm.dll+0x7ae53c]  (no source info available)
V  [jvm.dll+0x2c0407]  (no source info available)
V  [jvm.dll+0x2bf3cf]  (no source info available)
V  [jvm.dll+0x237140]  (no source info available)
V  [jvm.dll+0x2cf4c6]  (no source info available)
V  [jvm.dll+0x2cd74a]  (no source info available)
V  [jvm.dll+0x48fbee]  (no source info available)
V  [jvm.dll+0x996b0d]  (no source info available)
V  [jvm.dll+0x7a71a5]  (no source info available)
C  [ucrtbase.dll+0x37b0]  (no source info available)
C  [KERNEL32.DLL+0x2e8d7]  (no source info available)
C  [ntdll.dll+0x8c3fc]  (no source info available)

Lock stack of current Java thread (top to bottom):


---------------  P R O C E S S  ---------------

Threads class SMR info:
_java_thread_list=0x00000276fe8192d0, length=11, elements={
0x00000276f229de40, 0x00000276fe3729e0, 0x00000276fe374690, 0x00000276fe379ac0,
0x00000276fe37b7e0, 0x00000276fe37c3a0, 0x00000276fe37cf60, 0x00000276fe37de50,
0x00000276fe3f68f0, 0x00000276fe4b3bf0, 0x00000276fe4c4830
}

Java Threads: ( => current thread )
  0x00000276f229de40 JavaThread "main"                              [_thread_in_native, id=6036, stack(0x000000e976f00000,0x000000e977000000) (1024K)]
  0x00000276fe3729e0 JavaThread "Reference Handler"          daemon [_thread_blocked, id=28032, stack(0x000000e977700000,0x000000e977800000) (1024K)]
  0x00000276fe374690 JavaThread "Finalizer"                  daemon [_thread_blocked, id=25240, stack(0x000000e977800000,0x000000e977900000) (1024K)]
  0x00000276fe379ac0 JavaThread "Signal Dispatcher"          daemon [_thread_blocked, id=16944, stack(0x000000e977900000,0x000000e977a00000) (1024K)]
  0x00000276fe37b7e0 JavaThread "Attach Listener"            daemon [_thread_blocked, id=26340, stack(0x000000e977a00000,0x000000e977b00000) (1024K)]
  0x00000276fe37c3a0 JavaThread "Service Thread"             daemon [_thread_blocked, id=23888, stack(0x000000e977b00000,0x000000e977c00000) (1024K)]
  0x00000276fe37cf60 JavaThread "Monitor Deflation Thread"   daemon [_thread_blocked, id=22688, stack(0x000000e977c00000,0x000000e977d00000) (1024K)]
=>0x00000276fe37de50 JavaThread "C2 CompilerThread0"         daemon [_thread_in_native, id=12092, stack(0x000000e977d00000,0x000000e977e00000) (1024K)]
  0x00000276fe3f68f0 JavaThread "C1 CompilerThread0"         daemon [_thread_blocked, id=24408, stack(0x000000e977e00000,0x000000e977f00000) (1024K)]
  0x00000276fe4b3bf0 JavaThread "Notification Thread"        daemon [_thread_blocked, id=18716, stack(0x000000e977f00000,0x000000e978000000) (1024K)]
  0x00000276fe4c4830 JavaThread "Common-Cleaner"             daemon [_thread_blocked, id=21288, stack(0x000000e978000000,0x000000e978100000) (1024K)]
Total: 11

Other Threads:
  0x00000276fe35f6b0 VMThread "VM Thread"                           [id=10260, stack(0x000000e977600000,0x000000e977700000) (1024K)]
  0x00000276f46d4de0 WatcherThread "VM Periodic Task Thread"        [id=28592, stack(0x000000e977500000,0x000000e977600000) (1024K)]
  0x00000276f46556c0 WorkerThread "GC Thread#0"                     [id=25048, stack(0x000000e977000000,0x000000e977100000) (1024K)]
  0x00000276fe827040 WorkerThread "GC Thread#1"                     [id=4332, stack(0x000000e976d00000,0x000000e976e00000) (1024K)]
  0x00000276f4661f50 ConcurrentGCThread "G1 Main Marker"            [id=5368, stack(0x000000e977100000,0x000000e977200000) (1024K)]
  0x00000276f4662af0 WorkerThread "G1 Conc#0"                       [id=25692, stack(0x000000e977200000,0x000000e977300000) (1024K)]
  0x00000276f4680e90 ConcurrentGCThread "G1 Refine#0"               [id=11416, stack(0x000000e977300000,0x000000e977400000) (1024K)]
  0x00000276f4685710 ConcurrentGCThread "G1 Service"                [id=19664, stack(0x000000e977400000,0x000000e977500000) (1024K)]
Total: 8

Threads with active compile tasks:
C2 CompilerThread0  534368 1673       4       jdk.internal.module.SystemModuleFinders$SystemModuleReader::containsImageLocation (42 bytes)
Total: 1

VM state: not at safepoint (normal execution)

VM Mutex/Monitor currently owned by a thread: None

Heap address: 0x00000000c2c00000, size: 980 MB, Compressed Oops mode: 32-bit

CDS archive(s) mapped at: [0x0000000030000000-0x0000000030dd0000-0x0000000030dd0000), size 14483456, SharedBaseAddress: 0x0000000030000000, ArchiveRelocationMode: 1.
Compressed class space mapped at: 0x0000000031000000-0x0000000071000000, reserved size: 1073741824
UseCompressedClassPointers 1, UseCompactObjectHeaders 0
Narrow klass pointer bits 32, Max shift 3
Narrow klass base: 0x0000000030000000, Narrow klass shift: 0
Encoding Range: [0x0000000030000000 - 0x0000000130000000), (4294967296 bytes)
Klass Range:    [0x0000000030010000 - 0x0000000071000000), (1090453504 bytes)
Klass ID Range:  [65536 - 1090519033) (1090453497)
Protection zone: [0x0000000030000000 - 0x0000000030010000), (65536 bytes)

GC Precious Log:
 CardTable entry size: 512
 Card Set container configuration: InlinePtr #cards 5 size 8 Array Of Cards #cards 10 size 36 Howl #buckets 4 coarsen threshold 1843 Howl Bitmap #cards 512 size 80 coarsen threshold 460 Card regions per heap region 1 cards per card region 2048
 CPUs: 2 total, 2 available
 Memory: 3919M
 Large Page Support: Disabled
 NUMA Support: Disabled
 Compressed Oops: Enabled (32-bit)
 Heap Region Size: 1M
 Heap Min Capacity: 8M
 Heap Initial Capacity: 62M
 Heap Max Capacity: 980M
 Pre-touch: Disabled
 Parallel Workers: 2
 Concurrent Workers: 1
 Concurrent Refinement Workers: 2
 Periodic GC: Disabled

Heap:
 garbage-first heap   total reserved 1003520K, committed 65536K, used 4970K [0x00000000c2c00000, 0x0000000100000000)
  region size 1024K, 2 young (2048K), 1 survivors (1024K)

Heap Regions: E=young(eden), S=young(survivor), O=old, HS=humongous(starts), HC=humongous(continues), CS=collection set, F=free, TAMS=top-at-mark-start, PB=parsable bottom
|   0|0x00000000c2c00000, 0x00000000c2d00000, 0x00000000c2d00000|100%| O|  |TAMS 0x00000000c2c00000| PB 0x00000000c2c00000| Untracked |  0
|   1|0x00000000c2d00000, 0x00000000c2e00000, 0x00000000c2e00000|100%| O|  |TAMS 0x00000000c2d00000| PB 0x00000000c2d00000| Untracked |  0
|   2|0x00000000c2e00000, 0x00000000c2f00000, 0x00000000c2f00000|100%| O|  |TAMS 0x00000000c2e00000| PB 0x00000000c2e00000| Untracked |  0
|   3|0x00000000c2f00000, 0x00000000c2f225c0, 0x00000000c3000000| 13%| O|  |TAMS 0x00000000c2f00000| PB 0x00000000c2f00000| Untracked |  0
|   4|0x00000000c3000000, 0x00000000c3000000, 0x00000000c3100000|  0%| F|  |TAMS 0x00000000c3000000| PB 0x00000000c3000000| Untracked |  0
|   5|0x00000000c3100000, 0x00000000c3100000, 0x00000000c3200000|  0%| F|  |TAMS 0x00000000c3100000| PB 0x00000000c3100000| Untracked |  0
|   6|0x00000000c3200000, 0x00000000c3200000, 0x00000000c3300000|  0%| F|  |TAMS 0x00000000c3200000| PB 0x00000000c3200000| Untracked |  0
|   7|0x00000000c3300000, 0x00000000c3300000, 0x00000000c3400000|  0%| F|  |TAMS 0x00000000c3300000| PB 0x00000000c3300000| Untracked |  0
|   8|0x00000000c3400000, 0x00000000c3400000, 0x00000000c3500000|  0%| F|  |TAMS 0x00000000c3400000| PB 0x00000000c3400000| Untracked |  0
|   9|0x00000000c3500000, 0x00000000c3500000, 0x00000000c3600000|  0%| F|  |TAMS 0x00000000c3500000| PB 0x00000000c3500000| Untracked |  0
|  10|0x00000000c3600000, 0x00000000c3600000, 0x00000000c3700000|  0%| F|  |TAMS 0x00000000c3600000| PB 0x00000000c3600000| Untracked |  0
|  11|0x00000000c3700000, 0x00000000c3700000, 0x00000000c3800000|  0%| F|  |TAMS 0x00000000c3700000| PB 0x00000000c3700000| Untracked |  0
|  12|0x00000000c3800000, 0x00000000c3800000, 0x00000000c3900000|  0%| F|  |TAMS 0x00000000c3800000| PB 0x00000000c3800000| Untracked |  0
|  13|0x00000000c3900000, 0x00000000c3900000, 0x00000000c3a00000|  0%| F|  |TAMS 0x00000000c3900000| PB 0x00000000c3900000| Untracked |  0
|  14|0x00000000c3a00000, 0x00000000c3a00000, 0x00000000c3b00000|  0%| F|  |TAMS 0x00000000c3a00000| PB 0x00000000c3a00000| Untracked |  0
|  15|0x00000000c3b00000, 0x00000000c3b00000, 0x00000000c3c00000|  0%| F|  |TAMS 0x00000000c3b00000| PB 0x00000000c3b00000| Untracked |  0
|  16|0x00000000c3c00000, 0x00000000c3c00000, 0x00000000c3d00000|  0%| F|  |TAMS 0x00000000c3c00000| PB 0x00000000c3c00000| Untracked |  0
|  17|0x00000000c3d00000, 0x00000000c3d00000, 0x00000000c3e00000|  0%| F|  |TAMS 0x00000000c3d00000| PB 0x00000000c3d00000| Untracked |  0
|  18|0x00000000c3e00000, 0x00000000c3e00000, 0x00000000c3f00000|  0%| F|  |TAMS 0x00000000c3e00000| PB 0x00000000c3e00000| Untracked |  0
|  19|0x00000000c3f00000, 0x00000000c3f00000, 0x00000000c4000000|  0%| F|  |TAMS 0x00000000c3f00000| PB 0x00000000c3f00000| Untracked |  0
|  20|0x00000000c4000000, 0x00000000c4000000, 0x00000000c4100000|  0%| F|  |TAMS 0x00000000c4000000| PB 0x00000000c4000000| Untracked |  0
|  21|0x00000000c4100000, 0x00000000c4100000, 0x00000000c4200000|  0%| F|  |TAMS 0x00000000c4100000| PB 0x00000000c4100000| Untracked |  0
|  22|0x00000000c4200000, 0x00000000c4200000, 0x00000000c4300000|  0%| F|  |TAMS 0x00000000c4200000| PB 0x00000000c4200000| Untracked |  0
|  23|0x00000000c4300000, 0x00000000c4300000, 0x00000000c4400000|  0%| F|  |TAMS 0x00000000c4300000| PB 0x00000000c4300000| Untracked |  0
|  24|0x00000000c4400000, 0x00000000c4400000, 0x00000000c4500000|  0%| F|  |TAMS 0x00000000c4400000| PB 0x00000000c4400000| Untracked |  0
|  25|0x00000000c4500000, 0x00000000c4500000, 0x00000000c4600000|  0%| F|  |TAMS 0x00000000c4500000| PB 0x00000000c4500000| Untracked |  0
|  26|0x00000000c4600000, 0x00000000c4600000, 0x00000000c4700000|  0%| F|  |TAMS 0x00000000c4600000| PB 0x00000000c4600000| Untracked |  0
|  27|0x00000000c4700000, 0x00000000c4700000, 0x00000000c4800000|  0%| F|  |TAMS 0x00000000c4700000| PB 0x00000000c4700000| Untracked |  0
|  28|0x00000000c4800000, 0x00000000c4800000, 0x00000000c4900000|  0%| F|  |TAMS 0x00000000c4800000| PB 0x00000000c4800000| Untracked |  0
|  29|0x00000000c4900000, 0x00000000c4900000, 0x00000000c4a00000|  0%| F|  |TAMS 0x00000000c4900000| PB 0x00000000c4900000| Untracked |  0
|  30|0x00000000c4a00000, 0x00000000c4a00000, 0x00000000c4b00000|  0%| F|  |TAMS 0x00000000c4a00000| PB 0x00000000c4a00000| Untracked |  0
|  31|0x00000000c4b00000, 0x00000000c4b00000, 0x00000000c4c00000|  0%| F|  |TAMS 0x00000000c4b00000| PB 0x00000000c4b00000| Untracked |  0
|  32|0x00000000c4c00000, 0x00000000c4c00000, 0x00000000c4d00000|  0%| F|  |TAMS 0x00000000c4c00000| PB 0x00000000c4c00000| Untracked |  0
|  33|0x00000000c4d00000, 0x00000000c4d00000, 0x00000000c4e00000|  0%| F|  |TAMS 0x00000000c4d00000| PB 0x00000000c4d00000| Untracked |  0
|  34|0x00000000c4e00000, 0x00000000c4e00000, 0x00000000c4f00000|  0%| F|  |TAMS 0x00000000c4e00000| PB 0x00000000c4e00000| Untracked |  0
|  35|0x00000000c4f00000, 0x00000000c4f00000, 0x00000000c5000000|  0%| F|  |TAMS 0x00000000c4f00000| PB 0x00000000c4f00000| Untracked |  0
|  36|0x00000000c5000000, 0x00000000c5000000, 0x00000000c5100000|  0%| F|  |TAMS 0x00000000c5000000| PB 0x00000000c5000000| Untracked |  0
|  37|0x00000000c5100000, 0x00000000c5100000, 0x00000000c5200000|  0%| F|  |TAMS 0x00000000c5100000| PB 0x00000000c5100000| Untracked |  0
|  38|0x00000000c5200000, 0x00000000c5200000, 0x00000000c5300000|  0%| F|  |TAMS 0x00000000c5200000| PB 0x00000000c5200000| Untracked |  0
|  39|0x00000000c5300000, 0x00000000c5300000, 0x00000000c5400000|  0%| F|  |TAMS 0x00000000c5300000| PB 0x00000000c5300000| Untracked |  0
|  40|0x00000000c5400000, 0x00000000c5400000, 0x00000000c5500000|  0%| F|  |TAMS 0x00000000c5400000| PB 0x00000000c5400000| Untracked |  0
|  41|0x00000000c5500000, 0x00000000c5500000, 0x00000000c5600000|  0%| F|  |TAMS 0x00000000c5500000| PB 0x00000000c5500000| Untracked |  0
|  42|0x00000000c5600000, 0x00000000c5600000, 0x00000000c5700000|  0%| F|  |TAMS 0x00000000c5600000| PB 0x00000000c5600000| Untracked |  0
|  43|0x00000000c5700000, 0x00000000c5700000, 0x00000000c5800000|  0%| F|  |TAMS 0x00000000c5700000| PB 0x00000000c5700000| Untracked |  0
|  44|0x00000000c5800000, 0x00000000c5800000, 0x00000000c5900000|  0%| F|  |TAMS 0x00000000c5800000| PB 0x00000000c5800000| Untracked |  0
|  45|0x00000000c5900000, 0x00000000c5900000, 0x00000000c5a00000|  0%| F|  |TAMS 0x00000000c5900000| PB 0x00000000c5900000| Untracked |  0
|  46|0x00000000c5a00000, 0x00000000c5a00000, 0x00000000c5b00000|  0%| F|  |TAMS 0x00000000c5a00000| PB 0x00000000c5a00000| Untracked |  0
|  47|0x00000000c5b00000, 0x00000000c5b00000, 0x00000000c5c00000|  0%| F|  |TAMS 0x00000000c5b00000| PB 0x00000000c5b00000| Untracked |  0
|  48|0x00000000c5c00000, 0x00000000c5c00000, 0x00000000c5d00000|  0%| F|  |TAMS 0x00000000c5c00000| PB 0x00000000c5c00000| Untracked |  0
|  49|0x00000000c5d00000, 0x00000000c5d00000, 0x00000000c5e00000|  0%| F|  |TAMS 0x00000000c5d00000| PB 0x00000000c5d00000| Untracked |  0
|  50|0x00000000c5e00000, 0x00000000c5e00000, 0x00000000c5f00000|  0%| F|  |TAMS 0x00000000c5e00000| PB 0x00000000c5e00000| Untracked |  0
|  51|0x00000000c5f00000, 0x00000000c5f00000, 0x00000000c6000000|  0%| F|  |TAMS 0x00000000c5f00000| PB 0x00000000c5f00000| Untracked |  0
|  52|0x00000000c6000000, 0x00000000c6000000, 0x00000000c6100000|  0%| F|  |TAMS 0x00000000c6000000| PB 0x00000000c6000000| Untracked |  0
|  53|0x00000000c6100000, 0x00000000c6100000, 0x00000000c6200000|  0%| F|  |TAMS 0x00000000c6100000| PB 0x00000000c6100000| Untracked |  0
|  54|0x00000000c6200000, 0x00000000c6200000, 0x00000000c6300000|  0%| F|  |TAMS 0x00000000c6200000| PB 0x00000000c6200000| Untracked |  0
|  55|0x00000000c6300000, 0x00000000c6300000, 0x00000000c6400000|  0%| F|  |TAMS 0x00000000c6300000| PB 0x00000000c6300000| Untracked |  0
|  56|0x00000000c6400000, 0x00000000c6400000, 0x00000000c6500000|  0%| F|  |TAMS 0x00000000c6400000| PB 0x00000000c6400000| Untracked |  0
|  57|0x00000000c6500000, 0x00000000c6500000, 0x00000000c6600000|  0%| F|  |TAMS 0x00000000c6500000| PB 0x00000000c6500000| Untracked |  0
|  58|0x00000000c6600000, 0x00000000c6693700, 0x00000000c6700000| 57%| S|CS|TAMS 0x00000000c6600000| PB 0x00000000c6600000| Complete |  0
|  59|0x00000000c6700000, 0x00000000c6700000, 0x00000000c6800000|  0%| F|  |TAMS 0x00000000c6700000| PB 0x00000000c6700000| Untracked |  0
|  60|0x00000000c6800000, 0x00000000c6800000, 0x00000000c6900000|  0%| F|  |TAMS 0x00000000c6800000| PB 0x00000000c6800000| Untracked |  0
|  61|0x00000000c6900000, 0x00000000c6941ab8, 0x00000000c6a00000| 25%| E|  |TAMS 0x00000000c6900000| PB 0x00000000c6900000| Complete |  0
| 978|0x00000000ffe00000, 0x00000000fff00000, 0x00000000fff00000|100%| O|  |TAMS 0x00000000ffe00000| PB 0x00000000ffe00000| Untracked |  0
| 979|0x00000000fff00000, 0x00000000fff24ea8, 0x0000000100000000| 14%| O|  |TAMS 0x00000000fff00000| PB 0x00000000fff00000| Untracked |  0

Card table byte_map: [0x00000276f43d0000,0x00000276f45c0000] _byte_map_base: 0x00000276f3dba000

Marking Bits: (CMBitMap*) 0x00000276f4655e50
 Bits: [0x00000276fd110000, 0x00000276fe060000)

Polling page: 0x00000276f2460000

Metaspace:
Metaspace        used 6901K, committed 7104K, reserved 1114112K
 class space     used 837K, committed 960K, reserved 1048576K

Usage:
  Non-class:      5.92 MB used.
      Class:    837.77 KB used.
       Both:      6.74 MB used.

Virtual space:
  Non-class space:       64.00 MB reserved,       6.00 MB (  9%) committed,  1 nodes.
      Class space:        1.00 GB reserved,     960.00 KB ( <1%) committed,  1 nodes.
             Both:        1.06 GB reserved,       6.94 MB ( <1%) committed. 

Chunk freelists:
   Non-Class:  8.20 MB
       Class:  15.11 MB
        Both:  23.31 MB

MaxMetaspaceSize: unlimited
CompressedClassSpaceSize: 1.00 GB
Initial GC threshold: 21.00 MB
Current GC threshold: 21.00 MB
CDS: on
 - commit_granule_bytes: 65536.
 - commit_granule_words: 8192.
 - virtual_space_node_default_size: 8388608.
 - enlarge_chunks_in_place: 1.
UseCompressedClassPointers 1, UseCompactObjectHeaders 0
Narrow klass pointer bits 32, Max shift 3
Narrow klass base: 0x0000000030000000, Narrow klass shift: 0
Encoding Range: [0x0000000030000000 - 0x0000000130000000), (4294967296 bytes)
Klass Range:    [0x0000000030010000 - 0x0000000071000000), (1090453504 bytes)
Klass ID Range:  [65536 - 1090519033) (1090453497)
Protection zone: [0x0000000030000000 - 0x0000000030010000), (65536 bytes)


Internal statistics:

num_allocs_failed_limit: 0.
num_arena_births: 56.
num_arena_deaths: 0.
num_vsnodes_births: 2.
num_vsnodes_deaths: 0.
num_space_committed: 111.
num_space_uncommitted: 0.
num_chunks_returned_to_freelist: 0.
num_chunks_taken_from_freelist: 270.
num_chunk_merges: 0.
num_chunk_splits: 177.
num_chunks_enlarged: 145.
num_inconsistent_stats: 0.

CodeHeap 'non-profiled nmethods': size=120128Kb used=505Kb max_used=505Kb free=119622Kb
 bounds [0x0000027687ab0000, 0x0000027687d20000, 0x000002768f000000]
CodeHeap 'profiled nmethods': size=120000Kb used=2356Kb max_used=2356Kb free=117643Kb
 bounds [0x0000027680000000, 0x0000027680270000, 0x0000027687530000]
CodeHeap 'non-nmethods': size=5632Kb used=1342Kb max_used=1388Kb free=4289Kb
 bounds [0x0000027687530000, 0x00000276877a0000, 0x0000027687ab0000]
CodeCache: size=245760Kb, used=4203Kb, max_used=4249Kb, free=241554Kb
 total_blobs=2081, nmethods=1611, adapters=374, full_count=0
Compilation: enabled, stopped_count=0, restarted_count=0

Compilation events (20 events):
Event: 530.706 Thread 0x00000276fe3f68f0 nmethod 1662 0x0000027680246f88 code [0x0000027680247080, 0x0000027680247940]
Event: 530.910 Thread 0x00000276fe3f68f0 1663       3       org.objectweb.asm.ClassReader::getFirstAttributeOffset (136 bytes)
Event: 530.911 Thread 0x00000276fe3f68f0 nmethod 1663 0x0000027680247988 code [0x0000027680247a80, 0x00000276802480f0]
Event: 531.001 Thread 0x00000276fe3f68f0 1664       3       sun.reflect.generics.scope.ClassScope::make (9 bytes)
Event: 531.001 Thread 0x00000276fe3f68f0 nmethod 1664 0x0000027680248108 code [0x0000027680248200, 0x00000276802484b8]
Event: 531.001 Thread 0x00000276fe3f68f0 1665       3       sun.reflect.generics.scope.ClassScope::<init> (6 bytes)
Event: 531.002 Thread 0x00000276fe3f68f0 nmethod 1665 0x0000027680248508 code [0x0000027680248600, 0x0000027680248820]
Event: 531.006 Thread 0x00000276fe3f68f0 1666       3       sun.reflect.generics.factory.CoreReflectionFactory::make (10 bytes)
Event: 531.006 Thread 0x00000276fe3f68f0 nmethod 1666 0x0000027680248888 code [0x0000027680248980, 0x0000027680248c38]
Event: 531.006 Thread 0x00000276fe3f68f0 1667       3       sun.reflect.generics.factory.CoreReflectionFactory::<init> (15 bytes)
Event: 531.007 Thread 0x00000276fe3f68f0 nmethod 1667 0x0000027680248c88 code [0x0000027680248d80, 0x0000027680248fa0]
Event: 531.642 Thread 0x00000276fe3f68f0 1668       3       java.io.File::exists (18 bytes)
Event: 531.643 Thread 0x00000276fe3f68f0 nmethod 1668 0x0000027680249008 code [0x0000027680249100, 0x00000276802497a8]
Event: 531.848 Thread 0x00000276fe3f68f0 1670       3       java.lang.ClassLoader::getResource (41 bytes)
Event: 531.849 Thread 0x00000276fe3f68f0 nmethod 1670 0x0000027680249808 code [0x0000027680249900, 0x0000027680249ed8]
Event: 531.855 Thread 0x00000276fe3f68f0 1671       3       jdk.internal.loader.BuiltinClassLoader::findResourceOnClassPath (18 bytes)
Event: 531.855 Thread 0x00000276fe3f68f0 nmethod 1671 0x0000027680249f08 code [0x000002768024a000, 0x000002768024a2d8]
Event: 532.314 Thread 0x00000276fe37de50 1672       4       jdk.internal.module.SystemModuleFinders$SystemModuleReader::find (59 bytes)
Event: 532.359 Thread 0x00000276fe37de50 nmethod 1672 0x0000027687b2d788 code [0x0000027687b2d880, 0x0000027687b2e4a8]
Event: 532.375 Thread 0x00000276fe37de50 1673       4       jdk.internal.module.SystemModuleFinders$SystemModuleReader::containsImageLocation (42 bytes)

GC Heap Usage History (16 events):
Event: 208.077 {heap Before GC invocations=0 (full 0):
 garbage-first heap   total reserved 1003520K, committed 65536K, used 14483K [0x00000000c2c00000, 0x0000000100000000)
  region size 1024K, 14 young (14336K), 0 survivors (0K)
}
Event: 208.894 {heap After GC invocations=1 (full 0):
 garbage-first heap   total reserved 1003520K, committed 65536K, used 3812K [0x00000000c2c00000, 0x0000000100000000)
  region size 1024K, 2 young (2048K), 2 survivors (2048K)
}
Event: 346.938 {heap Before GC invocations=1 (full 0):
 garbage-first heap   total reserved 1003520K, committed 65536K, used 7908K [0x00000000c2c00000, 0x0000000100000000)
  region size 1024K, 6 young (6144K), 2 survivors (2048K)
}
Event: 347.586 {heap After GC invocations=2 (full 0):
 garbage-first heap   total reserved 1003520K, committed 65536K, used 4465K [0x00000000c2c00000, 0x0000000100000000)
  region size 1024K, 1 young (1024K), 1 survivors (1024K)
}
Event: 376.189 {heap Before GC invocations=2 (full 0):
 garbage-first heap   total reserved 1003520K, committed 65536K, used 6513K [0x00000000c2c00000, 0x0000000100000000)
  region size 1024K, 3 young (3072K), 1 survivors (1024K)
}
Event: 376.206 {heap After GC invocations=3 (full 0):
 garbage-first heap   total reserved 1003520K, committed 65536K, used 4428K [0x00000000c2c00000, 0x0000000100000000)
  region size 1024K, 1 young (1024K), 1 survivors (1024K)
}
Event: 398.064 {heap Before GC invocations=3 (full 0):
 garbage-first heap   total reserved 1003520K, committed 65536K, used 8524K [0x00000000c2c00000, 0x0000000100000000)
  region size 1024K, 5 young (5120K), 1 survivors (1024K)
}
Event: 398.483 {heap After GC invocations=4 (full 0):
 garbage-first heap   total reserved 1003520K, committed 65536K, used 4467K [0x00000000c2c00000, 0x0000000100000000)
  region size 1024K, 1 young (1024K), 1 survivors (1024K)
}
Event: 438.411 {heap Before GC invocations=4 (full 0):
 garbage-first heap   total reserved 1003520K, committed 65536K, used 6515K [0x00000000c2c00000, 0x0000000100000000)
  region size 1024K, 3 young (3072K), 1 survivors (1024K)
}
Event: 438.700 {heap After GC invocations=5 (full 0):
 garbage-first heap   total reserved 1003520K, committed 65536K, used 4531K [0x00000000c2c00000, 0x0000000100000000)
  region size 1024K, 1 young (1024K), 1 survivors (1024K)
}
Event: 452.425 {heap Before GC invocations=5 (full 0):
 garbage-first heap   total reserved 1003520K, committed 65536K, used 6579K [0x00000000c2c00000, 0x0000000100000000)
  region size 1024K, 3 young (3072K), 1 survivors (1024K)
}
Event: 452.429 {heap After GC invocations=6 (full 0):
 garbage-first heap   total reserved 1003520K, committed 65536K, used 4617K [0x00000000c2c00000, 0x0000000100000000)
  region size 1024K, 1 young (1024K), 1 survivors (1024K)
}
Event: 502.243 {heap Before GC invocations=6 (full 0):
 garbage-first heap   total reserved 1003520K, committed 65536K, used 7689K [0x00000000c2c00000, 0x0000000100000000)
  region size 1024K, 4 young (4096K), 1 survivors (1024K)
}
Event: 504.584 {heap After GC invocations=7 (full 0):
 garbage-first heap   total reserved 1003520K, committed 65536K, used 4747K [0x00000000c2c00000, 0x0000000100000000)
  region size 1024K, 1 young (1024K), 1 survivors (1024K)
}
Event: 525.258 {heap Before GC invocations=7 (full 0):
 garbage-first heap   total reserved 1003520K, committed 65536K, used 6795K [0x00000000c2c00000, 0x0000000100000000)
  region size 1024K, 3 young (3072K), 1 survivors (1024K)
}
Event: 525.269 {heap After GC invocations=8 (full 0):
 garbage-first heap   total reserved 1003520K, committed 65536K, used 4998K [0x00000000c2c00000, 0x0000000100000000)
  region size 1024K, 1 young (1024K), 1 survivors (1024K)
}

Metaspace Usage History (16 events):
Event: 208.078 {metaspace Before GC invocations=0 (full 0):
 Metaspace       used 4258K, committed 4416K, reserved 1114112K
  class space    used 469K, committed 576K, reserved 1048576K
}
Event: 208.894 {metaspace After GC invocations=1 (full 0):
 Metaspace       used 4258K, committed 4416K, reserved 1114112K
  class space    used 469K, committed 576K, reserved 1048576K
}
Event: 346.939 {metaspace Before GC invocations=1 (full 0):
 Metaspace       used 5367K, committed 5568K, reserved 1114112K
  class space    used 642K, committed 768K, reserved 1048576K
}
Event: 347.586 {metaspace After GC invocations=2 (full 0):
 Metaspace       used 5367K, committed 5568K, reserved 1114112K
  class space    used 642K, committed 768K, reserved 1048576K
}
Event: 376.189 {metaspace Before GC invocations=2 (full 0):
 Metaspace       used 5490K, committed 5696K, reserved 1114112K
  class space    used 666K, committed 768K, reserved 1048576K
}
Event: 376.206 {metaspace After GC invocations=3 (full 0):
 Metaspace       used 5490K, committed 5696K, reserved 1114112K
  class space    used 666K, committed 768K, reserved 1048576K
}
Event: 398.064 {metaspace Before GC invocations=3 (full 0):
 Metaspace       used 5622K, committed 5760K, reserved 1114112K
  class space    used 686K, committed 768K, reserved 1048576K
}
Event: 398.483 {metaspace After GC invocations=4 (full 0):
 Metaspace       used 5622K, committed 5760K, reserved 1114112K
  class space    used 686K, committed 768K, reserved 1048576K
}
Event: 438.436 {metaspace Before GC invocations=4 (full 0):
 Metaspace       used 5800K, committed 6016K, reserved 1114112K
  class space    used 712K, committed 832K, reserved 1048576K
}
Event: 438.700 {metaspace After GC invocations=5 (full 0):
 Metaspace       used 5800K, committed 6016K, reserved 1114112K
  class space    used 712K, committed 832K, reserved 1048576K
}
Event: 452.425 {metaspace Before GC invocations=5 (full 0):
 Metaspace       used 6136K, committed 6336K, reserved 1114112K
  class space    used 745K, committed 832K, reserved 1048576K
}
Event: 452.429 {metaspace After GC invocations=6 (full 0):
 Metaspace       used 6136K, committed 6336K, reserved 1114112K
  class space    used 745K, committed 832K, reserved 1048576K
}
Event: 502.243 {metaspace Before GC invocations=6 (full 0):
 Metaspace       used 6521K, committed 6720K, reserved 1114112K
  class space    used 793K, committed 896K, reserved 1048576K
}
Event: 504.584 {metaspace After GC invocations=7 (full 0):
 Metaspace       used 6521K, committed 6720K, reserved 1114112K
  class space    used 793K, committed 896K, reserved 1048576K
}
Event: 525.258 {metaspace Before GC invocations=7 (full 0):
 Metaspace       used 6679K, committed 6912K, reserved 1114112K
  class space    used 811K, committed 896K, reserved 1048576K
}
Event: 525.269 {metaspace After GC invocations=8 (full 0):
 Metaspace       used 6679K, committed 6912K, reserved 1114112K
  class space    used 811K, committed 896K, reserved 1048576K
}

Dll operation events (7 events):
Event: 0.065 Loaded shared library C:\Program Files\Apache NetBeans\jdk\bin\java.dll
Event: 4.631 Loaded shared library C:\Program Files\Apache NetBeans\jdk\bin\net.dll
Event: 5.081 Loaded shared library C:\Program Files\Apache NetBeans\jdk\bin\nio.dll
Event: 5.572 Loaded shared library C:\Program Files\Apache NetBeans\jdk\bin\zip.dll
Event: 37.964 Loaded shared library C:\Program Files\Apache NetBeans\java\maven\lib\jansi-native\Windows\x86_64\jansi.dll
Event: 40.247 Loaded shared library C:\Program Files\Apache NetBeans\jdk\bin\verify.dll
Event: 49.729 Loaded shared library C:\Program Files\Apache NetBeans\jdk\bin\jimage.dll

Deoptimization events (20 events):
Event: 478.305 Thread 0x00000276f229de40 DEOPT PACKING pc=0x0000027687b217f8 sp=0x000000e976ffc1e0
Event: 478.305 Thread 0x00000276f229de40 DEOPT UNPACKING pc=0x00000276875b857c sp=0x000000e976ffc158 mode 2
Event: 478.305 Thread 0x00000276f229de40 Uncommon trap: trap_request=0xffffffde fr.pc=0x0000027687b217f8 relative=0x00000000000000f8
Event: 478.305 Thread 0x00000276f229de40 Uncommon trap: reason=class_check action=maybe_recompile pc=0x0000027687b217f8 method=jdk.internal.misc.Unsafe.allocateUninitializedArray(Ljava/lang/Class;I)Ljava/lang/Object; @ 51 c2
Event: 478.305 Thread 0x00000276f229de40 DEOPT PACKING pc=0x0000027687b217f8 sp=0x000000e976ffbbd0
Event: 478.305 Thread 0x00000276f229de40 DEOPT UNPACKING pc=0x00000276875b857c sp=0x000000e976ffbb48 mode 2
Event: 478.305 Thread 0x00000276f229de40 Uncommon trap: trap_request=0xffffffde fr.pc=0x0000027687b217f8 relative=0x00000000000000f8
Event: 478.305 Thread 0x00000276f229de40 Uncommon trap: reason=class_check action=maybe_recompile pc=0x0000027687b217f8 method=jdk.internal.misc.Unsafe.allocateUninitializedArray(Ljava/lang/Class;I)Ljava/lang/Object; @ 51 c2
Event: 478.305 Thread 0x00000276f229de40 DEOPT PACKING pc=0x0000027687b217f8 sp=0x000000e976ffbea0
Event: 478.305 Thread 0x00000276f229de40 DEOPT UNPACKING pc=0x00000276875b857c sp=0x000000e976ffbe18 mode 2
Event: 497.244 Thread 0x00000276f229de40 Uncommon trap: trap_request=0xffffff45 fr.pc=0x0000027687b1e148 relative=0x00000000000005c8
Event: 497.244 Thread 0x00000276f229de40 Uncommon trap: reason=unstable_if action=reinterpret pc=0x0000027687b1e148 method=java.lang.String.<init>([CIILjava/lang/Void;)V @ 5 c2
Event: 497.244 Thread 0x00000276f229de40 DEOPT PACKING pc=0x0000027687b1e148 sp=0x000000e976ffdeb0
Event: 497.244 Thread 0x00000276f229de40 DEOPT UNPACKING pc=0x00000276875b857c sp=0x000000e976ffdd30 mode 2
Event: 514.635 Thread 0x00000276f229de40 Uncommon trap: trap_request=0xffffffde fr.pc=0x0000027687ae9448 relative=0x0000000000000248
Event: 514.635 Thread 0x00000276f229de40 Uncommon trap: reason=class_check action=maybe_recompile pc=0x0000027687ae9448 method=java.util.HashMap.getNode(Ljava/lang/Object;)Ljava/util/HashMap$Node; @ 128 c2
Event: 514.635 Thread 0x00000276f229de40 DEOPT PACKING pc=0x0000027687ae9448 sp=0x000000e976ffdcb0
Event: 514.635 Thread 0x00000276f229de40 DEOPT UNPACKING pc=0x00000276875b857c sp=0x000000e976ffdc18 mode 2
Event: 522.857 Thread 0x00000276f229de40 DEOPT PACKING pc=0x00000276801f0760 sp=0x000000e976ffe080
Event: 522.857 Thread 0x00000276f229de40 DEOPT UNPACKING pc=0x0000027687581063 sp=0x000000e976ffd4f0 mode 0

Classes loaded (20 events):
Event: 296.385 Loading class java/lang/reflect/ParameterizedType
Event: 296.424 Loading class java/lang/reflect/ParameterizedType done
Event: 300.948 Loading class java/lang/reflect/WildcardType
Event: 300.949 Loading class java/lang/reflect/WildcardType done
Event: 306.078 Loading class sun/reflect/generics/tree/TypeVariableSignature
Event: 306.086 Loading class sun/reflect/generics/tree/TypeVariableSignature done
Event: 319.879 Loading class java/lang/annotation/IncompleteAnnotationException
Event: 319.959 Loading class java/lang/annotation/IncompleteAnnotationException done
Event: 363.325 Loading class java/lang/foreign/MemorySegment
Event: 363.618 Loading class java/lang/foreign/MemorySegment done
Event: 399.364 Loading class sun/reflect/generics/reflectiveObjects/TypeVariableImpl
Event: 399.795 Loading class sun/reflect/generics/reflectiveObjects/LazyReflectiveObjectGenerator
Event: 399.831 Loading class sun/reflect/generics/reflectiveObjects/LazyReflectiveObjectGenerator done
Event: 399.831 Loading class sun/reflect/generics/reflectiveObjects/TypeVariableImpl done
Event: 399.832 Loading class sun/reflect/generics/reflectiveObjects/ParameterizedTypeImpl
Event: 399.927 Loading class sun/reflect/generics/reflectiveObjects/ParameterizedTypeImpl done
Event: 427.316 Loading class jdk/internal/foreign/MemorySessionImpl
Event: 428.130 Loading class java/lang/foreign/MemorySegment$Scope
Event: 428.159 Loading class java/lang/foreign/MemorySegment$Scope done
Event: 428.160 Loading class jdk/internal/foreign/MemorySessionImpl done

Classes unloaded (0 events):
No events

Classes redefined (0 events):
No events

Internal exceptions (20 events):
Event: 38.796 Thread 0x00000276f229de40 Exception <a 'java/lang/NullPointerException'{0x00000000c655afd0}> (0x00000000c655afd0) 
thrown [s\src\hotspot\share\interpreter\linkResolver.cpp, line 1416]
Event: 40.243 Thread 0x00000276f229de40 Exception <a 'sun/nio/fs/WindowsException'{0x00000000c657c568}> (0x00000000c657c568) 
thrown [s\src\hotspot\share\prims\jni.cpp, line 516]
Event: 40.243 Thread 0x00000276f229de40 Exception <a 'sun/nio/fs/WindowsException'{0x00000000c657cb98}> (0x00000000c657cb98) 
thrown [s\src\hotspot\share\prims\jni.cpp, line 516]
Event: 40.244 Thread 0x00000276f229de40 Exception <a 'sun/nio/fs/WindowsException'{0x00000000c657d0f8}> (0x00000000c657d0f8) 
thrown [s\src\hotspot\share\prims\jni.cpp, line 516]
Event: 40.244 Thread 0x00000276f229de40 Exception <a 'sun/nio/fs/WindowsException'{0x00000000c657d638}> (0x00000000c657d638) 
thrown [s\src\hotspot\share\prims\jni.cpp, line 516]
Event: 40.244 Thread 0x00000276f229de40 Exception <a 'sun/nio/fs/WindowsException'{0x00000000c657db28}> (0x00000000c657db28) 
thrown [s\src\hotspot\share\prims\jni.cpp, line 516]
Event: 40.244 Thread 0x00000276f229de40 Exception <a 'sun/nio/fs/WindowsException'{0x00000000c657dfd0}> (0x00000000c657dfd0) 
thrown [s\src\hotspot\share\prims\jni.cpp, line 516]
Event: 41.658 Thread 0x00000276f229de40 Exception <a 'java/lang/NoSuchMethodError'{0x00000000c65b7628}: 'void java.lang.invoke.DirectMethodHandle$Holder.invokeVirtual(java.lang.Object, java.lang.Object)'> (0x00000000c65b7628) 
thrown [s\src\hotspot\share\interpreter\linkResolver.cpp, line 804]
Event: 42.446 Thread 0x00000276f229de40 Exception <a 'java/lang/NoSuchMethodError'{0x00000000c65d8920}: 'void java.lang.invoke.DirectMethodHandle$Holder.invokeStatic(java.lang.Object, java.lang.Object)'> (0x00000000c65d8920) 
thrown [s\src\hotspot\share\interpreter\linkResolver.cpp, line 804]
Event: 43.614 Thread 0x00000276f229de40 Exception <a 'java/lang/NoSuchMethodError'{0x00000000c65e09f8}: 'void java.lang.invoke.DirectMethodHandle$Holder.invokeStaticInit(java.lang.Object, java.lang.Object)'> (0x00000000c65e09f8) 
thrown [s\src\hotspot\share\interpreter\linkResolver.cpp, line 804]
Event: 45.305 Thread 0x00000276f229de40 Exception <a 'java/lang/NoSuchMethodError'{0x00000000c641bee0}: 'void java.lang.invoke.DirectMethodHandle$Holder.invokeSpecial(java.lang.Object, java.lang.Object, java.lang.Object, java.lang.Object, java.lang.Object)'> (0x00000000c641bee0) 
thrown [s\src\hotspot\share\interpreter\linkResolver.cpp, line 804]
Event: 48.790 Thread 0x00000276f229de40 Exception <a 'java/lang/NoSuchMethodError'{0x00000000c649f6f0}: 'void java.lang.invoke.DirectMethodHandle$Holder.invokeStatic(java.lang.Object, java.lang.Object, java.lang.Object)'> (0x00000000c649f6f0) 
thrown [s\src\hotspot\share\interpreter\linkResolver.cpp, line 804]
Event: 63.302 Thread 0x00000276f229de40 Exception <a 'java/lang/NoSuchMethodError'{0x00000000c621dea0}: 'java.lang.Object java.lang.invoke.DirectMethodHandle$Holder.invokeSpecialIFC(java.lang.Object, java.lang.Object, java.lang.Object, java.lang.Object)'> (0x00000000c621dea0) 
thrown [s\src\hotspot\share\interpreter\linkResolver.cpp, line 804]
Event: 159.176 Thread 0x00000276f229de40 Exception <a 'java/lang/NoSuchMethodError'{0x00000000c5d56950}: 'void java.lang.invoke.DirectMethodHandle$Holder.invokeSpecial(java.lang.Object, java.lang.Object, java.lang.Object)'> (0x00000000c5d56950) 
thrown [s\src\hotspot\share\interpreter\linkResolver.cpp, line 804]
Event: 202.377 Thread 0x00000276f229de40 Exception <a 'java/lang/NoSuchMethodError'{0x00000000c5c70de8}: 'java.lang.Object java.lang.invoke.DirectMethodHandle$Holder.invokeInterface(java.lang.Object, java.lang.Object)'> (0x00000000c5c70de8) 
thrown [s\src\hotspot\share\interpreter\linkResolver.cpp, line 804]
Event: 209.931 Thread 0x00000276f229de40 Exception <a 'java/lang/NoSuchMethodError'{0x00000000c691bbf0}: 'int java.lang.invoke.DirectMethodHandle$Holder.invokeStatic(java.lang.Object, java.lang.Object, java.lang.Object, java.lang.Object)'> (0x00000000c691bbf0) 
thrown [s\src\hotspot\share\interpreter\linkResolver.cpp, line 804]
Event: 211.710 Thread 0x00000276f229de40 Exception <a 'java/lang/NoSuchMethodError'{0x00000000c69457c8}: 'int java.lang.invoke.DirectMethodHandle$Holder.invokeSpecialIFC(java.lang.Object, java.lang.Object, java.lang.Object, java.lang.Object, java.lang.Object)'> (0x00000000c69457c8) 
thrown [s\src\hotspot\share\interpreter\linkResolver.cpp, line 804]
Event: 280.420 Thread 0x00000276f229de40 Exception <a 'java/lang/NoSuchMethodError'{0x00000000c6731540}: 'java.lang.Object java.lang.invoke.DirectMethodHandle$Holder.newInvokeSpecial(java.lang.Object, java.lang.Object, java.lang.Object, java.lang.Object, java.lang.Object)'> (0x00000000c6731540) 
thrown [s\src\hotspot\share\interpreter\linkResolver.cpp, line 804]
Event: 312.353 Thread 0x00000276f229de40 Exception <a 'java/lang/NoSuchMethodError'{0x00000000c664b378}: 'int java.lang.invoke.DirectMethodHandle$Holder.invokeStaticInit(java.lang.Object, java.lang.Object)'> (0x00000000c664b378) 
thrown [s\src\hotspot\share\interpreter\linkResolver.cpp, line 804]
Event: 320.053 Thread 0x00000276f229de40 Exception <a 'java/lang/NoClassDefFoundError'{0x00000000c66853e8}: javax/enterprise/inject/Typed> (0x00000000c66853e8) 
thrown [s\src\hotspot\share\classfile\systemDictionary.cpp, line 316]

VM Operations (20 events):
Event: 208.076 Executing safepoint VM operation: G1CollectForAllocation (G1 Evacuation Pause)
Event: 208.894 Executing safepoint VM operation: G1CollectForAllocation (G1 Evacuation Pause) done
Event: 302.572 Executing non-safepoint VM operation: HandshakeAllThreads (HandshakeForDeflation)
Event: 305.092 Executing non-safepoint VM operation: HandshakeAllThreads (HandshakeForDeflation) done
Event: 305.092 Executing non-safepoint VM operation: RendezvousGCThreads
Event: 305.092 Executing non-safepoint VM operation: RendezvousGCThreads done
Event: 346.899 Executing safepoint VM operation: G1CollectForAllocation (G1 Evacuation Pause)
Event: 347.586 Executing safepoint VM operation: G1CollectForAllocation (G1 Evacuation Pause) done
Event: 376.169 Executing safepoint VM operation: G1CollectForAllocation (G1 Evacuation Pause)
Event: 376.207 Executing safepoint VM operation: G1CollectForAllocation (G1 Evacuation Pause) done
Event: 398.064 Executing safepoint VM operation: G1CollectForAllocation (G1 Evacuation Pause)
Event: 398.483 Executing safepoint VM operation: G1CollectForAllocation (G1 Evacuation Pause) done
Event: 438.351 Executing safepoint VM operation: G1CollectForAllocation (G1 Evacuation Pause)
Event: 438.700 Executing safepoint VM operation: G1CollectForAllocation (G1 Evacuation Pause) done
Event: 452.425 Executing safepoint VM operation: G1CollectForAllocation (G1 Evacuation Pause)
Event: 452.429 Executing safepoint VM operation: G1CollectForAllocation (G1 Evacuation Pause) done
Event: 501.987 Executing safepoint VM operation: G1CollectForAllocation (G1 Evacuation Pause)
Event: 504.584 Executing safepoint VM operation: G1CollectForAllocation (G1 Evacuation Pause) done
Event: 525.258 Executing safepoint VM operation: G1CollectForAllocation (G1 Evacuation Pause)
Event: 525.269 Executing safepoint VM operation: G1CollectForAllocation (G1 Evacuation Pause) done

Memory protections (0 events):
No events

Nmethod flushes (0 events):
No events

Events (13 events):
Event: 0.523 Thread 0x00000276f229de40 Thread added: 0x00000276f229de40
Event: 2.890 Thread 0x00000276f229de40 Thread added: 0x00000276fe3729e0
Event: 2.908 Thread 0x00000276f229de40 Thread added: 0x00000276fe374690
Event: 3.030 Thread 0x00000276f229de40 Thread added: 0x00000276fe379ac0
Event: 3.030 Thread 0x00000276f229de40 Thread added: 0x00000276fe37b7e0
Event: 3.030 Thread 0x00000276f229de40 Thread added: 0x00000276fe37c3a0
Event: 3.030 Thread 0x00000276f229de40 Thread added: 0x00000276fe37cf60
Event: 3.031 Thread 0x00000276f229de40 Thread added: 0x00000276fe37de50
Event: 3.135 Thread 0x00000276f229de40 Thread added: 0x00000276fe3f68f0
Event: 4.397 Thread 0x00000276f229de40 Thread added: 0x00000276fe4b3bf0
Event: 4.468 Thread 0x00000276f229de40 Thread added: 0x00000276fe4c4830
Event: 37.222 Thread 0x00000276f229de40 Thread added: 0x00000276fe3dcf10
Event: 154.284 Thread 0x00000276fe3dcf10 Thread exited: 0x00000276fe3dcf10


Dynamic libraries:
0x00007ff61ab00000 - 0x00007ff61ab0e000 	C:\Program Files\Apache NetBeans\jdk\bin\java.exe
0x00007ffea0ee0000 - 0x00007ffea1147000 	C:\WINDOWS\SYSTEM32\ntdll.dll
0x00007ffe9fee0000 - 0x00007ffe9ffa9000 	C:\WINDOWS\System32\KERNEL32.DLL
0x00007ffe9dbe0000 - 0x00007ffe9dfd4000 	C:\WINDOWS\System32\KERNELBASE.dll
0x00007ffe9e110000 - 0x00007ffe9e25b000 	C:\WINDOWS\System32\ucrtbase.dll
0x00007ffe806e0000 - 0x00007ffe806f6000 	C:\Program Files\Apache NetBeans\jdk\bin\jli.dll
0x00007ffe9ed70000 - 0x00007ffe9ef35000 	C:\WINDOWS\System32\USER32.dll
0x00007ffe9eb90000 - 0x00007ffe9ebb7000 	C:\WINDOWS\System32\win32u.dll
0x00007ffea09d0000 - 0x00007ffea09fb000 	C:\WINDOWS\System32\GDI32.dll
0x00007ffe9dfe0000 - 0x00007ffe9e10a000 	C:\WINDOWS\System32\gdi32full.dll
0x00007ffe9ebc0000 - 0x00007ffe9ec63000 	C:\WINDOWS\System32\msvcp_win.dll
0x00007ffe91b10000 - 0x00007ffe91b2e000 	C:\Program Files\Apache NetBeans\jdk\bin\VCRUNTIME140.dll
0x00007ffe8ba70000 - 0x00007ffe8bd03000 	C:\WINDOWS\WinSxS\amd64_microsoft.windows.common-controls_6595b64144ccf1df_6.0.26100.8115_none_3e075c82e3354f9c\COMCTL32.dll
0x00007ffea0400000 - 0x00007ffea04a9000 	C:\WINDOWS\System32\msvcrt.dll
0x00007ffe9fd40000 - 0x00007ffe9fd72000 	C:\WINDOWS\System32\IMM32.DLL
0x00007ffe8bdb0000 - 0x00007ffe8bdbc000 	C:\Program Files\Apache NetBeans\jdk\bin\vcruntime140_1.dll
0x00007ffe68510000 - 0x00007ffe6859d000 	C:\Program Files\Apache NetBeans\jdk\bin\msvcp140.dll
0x00007ffe2ca00000 - 0x00007ffe2d926000 	C:\Program Files\Apache NetBeans\jdk\bin\server\jvm.dll
0x00007ffea0660000 - 0x00007ffea0716000 	C:\WINDOWS\System32\ADVAPI32.dll
0x00007ffea04b0000 - 0x00007ffea0557000 	C:\WINDOWS\System32\sechost.dll
0x00007ffe9f250000 - 0x00007ffe9f368000 	C:\WINDOWS\System32\RPCRT4.dll
0x00007ffea0940000 - 0x00007ffea09c0000 	C:\WINDOWS\System32\WS2_32.dll
0x00007ffe9d610000 - 0x00007ffe9d66e000 	C:\WINDOWS\SYSTEM32\POWRPROF.dll
0x00007ffe7a540000 - 0x00007ffe7a576000 	C:\WINDOWS\SYSTEM32\WINMM.dll
0x00007ffe8c650000 - 0x00007ffe8c65b000 	C:\WINDOWS\SYSTEM32\VERSION.dll
0x00007ffe9d5f0000 - 0x00007ffe9d604000 	C:\WINDOWS\SYSTEM32\UMPDC.dll
0x00007ffe9c540000 - 0x00007ffe9c55b000 	C:\WINDOWS\SYSTEM32\kernel.appcore.dll
0x00007ffe8bda0000 - 0x00007ffe8bdaa000 	C:\Program Files\Apache NetBeans\jdk\bin\jimage.dll
0x00007ffe9b6f0000 - 0x00007ffe9b932000 	C:\WINDOWS\SYSTEM32\DBGHELP.DLL
0x00007ffe9ffb0000 - 0x00007ffea0332000 	C:\WINDOWS\System32\combase.dll
0x00007ffe9f400000 - 0x00007ffe9f4d7000 	C:\WINDOWS\System32\OLEAUT32.dll
0x00007ffe8c3b0000 - 0x00007ffe8c3eb000 	C:\WINDOWS\SYSTEM32\dbgcore.DLL
0x00007ffe9d9c0000 - 0x00007ffe9da65000 	C:\WINDOWS\System32\bcryptPrimitives.dll
0x00007ffe80700000 - 0x00007ffe8071e000 	C:\Program Files\Apache NetBeans\jdk\bin\java.dll
0x00007ffea0790000 - 0x00007ffea0927000 	C:\WINDOWS\System32\ole32.dll
0x00007ffe9f570000 - 0x00007ffe9fcd6000 	C:\WINDOWS\System32\SHELL32.dll
0x00007ffe9da70000 - 0x00007ffe9dbda000 	C:\WINDOWS\System32\wintypes.dll
0x00007ffe9e260000 - 0x00007ffe9eac5000 	C:\WINDOWS\System32\windows.storage.dll
0x00007ffe9ef40000 - 0x00007ffe9f037000 	C:\WINDOWS\System32\SHCORE.dll
0x00007ffea0720000 - 0x00007ffea0786000 	C:\WINDOWS\System32\shlwapi.dll
0x00007ffe9d6d0000 - 0x00007ffe9d6f9000 	C:\WINDOWS\SYSTEM32\profapi.dll
0x00007ffe76930000 - 0x00007ffe76941000 	C:\Program Files\Apache NetBeans\jdk\bin\net.dll
0x00007ffe9cab0000 - 0x00007ffe9cb1c000 	C:\WINDOWS\system32\mswsock.dll
0x00007ffe685a0000 - 0x00007ffe685b6000 	C:\Program Files\Apache NetBeans\jdk\bin\nio.dll
0x00007ffe76950000 - 0x00007ffe76967000 	C:\Program Files\Apache NetBeans\jdk\bin\zip.dll
0x00007ffe7bf10000 - 0x00007ffe7bf34000 	C:\Program Files\Apache NetBeans\java\maven\lib\jansi-native\Windows\x86_64\jansi.dll
0x00007ffe87100000 - 0x00007ffe87110000 	C:\Program Files\Apache NetBeans\jdk\bin\verify.dll

JVMTI agents: none

dbghelp: loaded successfully - version: 4.0.5 - missing functions: none
symbol engine: initialized successfully - sym options: 0x614 - pdb path: .;C:\Program Files\Apache NetBeans\jdk\bin;C:\WINDOWS\SYSTEM32;C:\WINDOWS\WinSxS\amd64_microsoft.windows.common-controls_6595b64144ccf1df_6.0.26100.8115_none_3e075c82e3354f9c;C:\Program Files\Apache NetBeans\jdk\bin\server;C:\Program Files\Apache NetBeans\java\maven\lib\jansi-native\Windows\x86_64

VM Arguments:
jvm_args: --enable-native-access=ALL-UNNAMED -Dclassworlds.conf=C:\Program Files\Apache NetBeans\java\maven\bin\m2.conf -Dmaven.home=C:\Program Files\Apache NetBeans\java\maven -Dlibrary.jansi.path=C:\Program Files\Apache NetBeans\java\maven\lib\jansi-native -Dmaven.multiModuleProjectDirectory=C:\Users\ASUS\Documents\NetBeansProjects\Lubiproject1 
java_command: org.codehaus.plexus.classworlds.launcher.Launcher -Dmaven.ext.class.path=C:\Program Files\Apache NetBeans\java\maven-nblib\netbeans-eventspy.jar --no-transfer-progress install
java_class_path (initial): C:\Program Files\Apache NetBeans\java\maven\boot\plexus-classworlds-2.9.0.jar
Launcher Type: SUN_STANDARD

[Global flags]
     intx CICompilerCount                          = 2                                         {product} {ergonomic}
     uint ConcGCThreads                            = 1                                         {product} {ergonomic}
     uint G1ConcRefinementThreads                  = 2                                         {product} {ergonomic}
   size_t G1HeapRegionSize                         = 1048576                                   {product} {ergonomic}
   size_t InitialHeapSize                          = 65011712                                  {product} {ergonomic}
   size_t MarkStackSize                            = 4194304                                   {product} {ergonomic}
   size_t MarkStackSizeMax                         = 536870912                                 {product} {ergonomic}
   size_t MaxHeapSize                              = 1027604480                                {product} {ergonomic}
   size_t MaxNewSize                               = 616562688                                 {product} {ergonomic}
   size_t MinHeapDeltaBytes                        = 1048576                                   {product} {ergonomic}
   size_t MinHeapSize                              = 8388608                                   {product} {ergonomic}
    uintx NonNMethodCodeHeapSize                   = 5767168                                {pd product} {ergonomic}
    uintx NonProfiledCodeHeapSize                  = 123011072                              {pd product} {ergonomic}
    uintx ProfiledCodeHeapSize                     = 122880000                              {pd product} {ergonomic}
    uintx ReservedCodeCacheSize                    = 251658240                              {pd product} {ergonomic}
     bool SegmentedCodeCache                       = true                                      {product} {ergonomic}
   size_t SoftMaxHeapSize                          = 1027604480                             {manageable} {ergonomic}
     bool UseCompressedOops                        = true                           {product lp64_product} {ergonomic}
     bool UseG1GC                                  = true                                      {product} {ergonomic}
     bool UseLargePagesIndividualAllocation        = false                                  {pd product} {ergonomic}

Logging:
Log output configuration:
 #0: stdout all=warning uptime,level,tags foldmultilines=false
 #1: stderr all=off uptime,level,tags foldmultilines=false

Release file:
IMPLEMENTOR="Eclipse Adoptium" 
IMPLEMENTOR_VERSION="Temurin-25.0.2+10" 
JAVA_RUNTIME_VERSION="25.0.2+10-LTS" 
JAVA_VERSION="25.0.2" 
JAVA_VERSION_DATE="2026-01-20" 
LIBC="default" 
MODULES="java.base java.compiler java.datatransfer java.xml java.prefs java.desktop java.instrument java.logging java.management java.security.sasl java.naming java.rmi java.management.rmi java.net.http java.scripting java.security.jgss java.transaction.xa java.sql java.sql.rowset java.xml.crypto java.se java.smartcardio jdk.accessibility jdk.internal.jvmstat jdk.attach jdk.charsets jdk.internal.opt jdk.zipfs jdk.compiler jdk.crypto.cryptoki jdk.crypto.ec jdk.crypto.mscapi jdk.dynalink jdk.internal.ed jdk.editpad jdk.internal.vm.ci jdk.graal.compiler jdk.graal.compiler.management jdk.hotspot.agent jdk.httpserver jdk.incubator.vector jdk.internal.le jdk.internal.md jdk.jartool jdk.javadoc jdk.jcmd jdk.management jdk.management.agent jdk.jconsole jdk.jdeps jdk.jdwp.agent jdk.jdi jdk.jfr jdk.jlink jdk.jpackage jdk.jshell jdk.jsobject jdk.jstatd jdk.localedata jdk.management.jfr jdk.naming.dns jdk.naming.rmi jdk.net jdk.nio.mapmode jdk.sctp jdk.security.auth jdk.security.jgss jdk.unsupported jdk.unsupported.desktop jdk.xml.dom" 
OS_ARCH="x86_64" 
OS_NAME="Windows" 
SOURCE=".:git:9e3c947043a4" 
BUILD_SOURCE="git:458965074606f027bd5afce2cfd5c1055dea0438"
BUILD_SOURCE_REPO="https://github.com/adoptium/temurin-build.git"
SOURCE_REPO="https://github.com/adoptium/jdk25u.git"
FULL_VERSION="25.0.2+10-LTS"
SEMANTIC_VERSION="25.0.2+10"
BUILD_INFO="OS: Windows Server 2022 Version: 10.0"
JVM_VARIANT="Hotspot"
JVM_VERSION="25.0.2+10-LTS"
IMAGE_TYPE="JDK"

Environment Variables:
JAVA_HOME=C:\Program Files\Apache NetBeans\jdk
PATH=C:\WINDOWS\system32;C:\WINDOWS;C:\WINDOWS\System32\Wbem;C:\WINDOWS\System32\WindowsPowerShell\v1.0\;C:\WINDOWS\System32\OpenSSH\;C:\Program Files\Git\cmd;C:\Users\ASUS\AppData\Local\Microsoft\WindowsApps;;C:\Program Files\Apache NetBeans\bin\
USERNAME=ASUS
OS=Windows_NT
PROCESSOR_IDENTIFIER=Intel64 Family 6 Model 122 Stepping 1, GenuineIntel
TMP=C:\Users\ASUS\AppData\Local\Temp
TEMP=C:\Users\ASUS\AppData\Local\Temp




Compilation memory statistics disabled.

Periodic native trim disabled

---------------  S Y S T E M  ---------------

OS:
 Windows 11 , 64 bit Build 26100 (10.0.26100.8115)
OS uptime: 0 days 4:31 hours

CPU: total 2 (initial active 2) (2 cores per cpu, 1 threads per core) family 6 model 122 stepping 1 microcode 0x34, cx8, cmov, fxsr, mmx, 3dnowpref, sse, sse2, sse3, ssse3, sse4.1, sse4.2, popcnt, tsc, tscinvbit, aes, erms, clmul, sha, clflush, clflushopt, rdtscp, rdpid
Processor Information for the first 2 processors :
  Max Mhz: 1101, Current Mhz: 1101, Mhz Limit: 1101

Memory: 4k page, system-wide physical 3919M (230M free)
TotalPageFile size 15695M (AvailPageFile size 147M)
current process WorkingSet (physical memory assigned to process): 36M, peak: 41M
current process commit charge ("private bytes"): 146M, peak: 152M

vm_info: OpenJDK 64-Bit Server VM (25.0.2+10-LTS) for windows-amd64 JRE (25.0.2+10-LTS), built on 2026-01-20T00:00:00Z with MS VC++ 17.12 (VS2022)

END.
