#
# There is insufficient memory for the Java Runtime Environment to continue.
# Native memory allocation (malloc) failed to allocate 1708952 bytes. Error detail: Chunk::new
# Possible reasons:
#   The system is out of physical RAM or swap space
#   This process is running with CompressedOops enabled, and the Java Heap may be blocking the growth of the native heap
# Possible solutions:
#   Reduce memory load on the system
#   Increase physical memory or swap space
#   Check if swap backing store is full
#   Decrease Java heap size (-Xmx/-Xms)
#   Decrease number of Java threads
#   Decrease Java thread stack sizes (-Xss)
#   Set larger code cache with -XX:ReservedCodeCacheSize=
#   JVM is running with Unscaled Compressed Oops mode in which the Java heap is
#     placed in the first 4GB address space. The Java Heap base address is the
#     maximum limit for the native heap growth. Please use -XX:HeapBaseMinAddress
#     to set the Java Heap base and to place the Java Heap above 4GB virtual address.
# This output file may be truncated or incomplete.
#
#  Out of Memory Error (arena.cpp:186), pid=8904, tid=14048
#
# JRE version: OpenJDK Runtime Environment Temurin-25.0.2+10 (25.0.2+10) (build 25.0.2+10-LTS)
# Java VM: OpenJDK 64-Bit Server VM Temurin-25.0.2+10 (25.0.2+10-LTS, mixed mode, sharing, tiered, compressed oops, compressed class ptrs, g1 gc, windows-amd64)
# No core dump will be written. Minidumps are not enabled by default on client versions of Windows
#

---------------  S U M M A R Y ------------

Command Line: --enable-native-access=ALL-UNNAMED -Dclassworlds.conf=C:\Program Files\Apache NetBeans\java\maven\bin\m2.conf -Dmaven.home=C:\Program Files\Apache NetBeans\java\maven -Dlibrary.jansi.path=C:\Program Files\Apache NetBeans\java\maven\lib\jansi-native -Dmaven.multiModuleProjectDirectory=C:\Users\ASUS\Documents\NetBeansProjects\Lubiproject1 org.codehaus.plexus.classworlds.launcher.Launcher -Dmaven.ext.class.path=C:\Program Files\Apache NetBeans\java\maven-nblib\netbeans-eventspy.jar --no-transfer-progress install

Host: Intel(R) Celeron(R) N4000 CPU @ 1.10GHz, 2 cores, 3G,  Windows 11 , 64 bit Build 26100 (10.0.26100.8115)
Time: Fri Apr  3 17:05:44 2026 SE Asia Standard Time elapsed time: 268.902107 seconds (0d 0h 4m 28s)

---------------  T H R E A D  ---------------

Current thread (0x0000017528d01200):  JavaThread "C2 CompilerThread0" daemon [_thread_in_native, id=14048, stack(0x0000006945e00000,0x0000006945f00000) (1024K)]


Current CompileTask:
C2:268902 1910       4       java.lang.String::decodeUTF8_UTF16 (624 bytes)

Stack: [0x0000006945e00000,0x0000006945f00000]
Native frames: (J=compiled Java code, j=interpreted, Vv=VM code, C=native code)
V  [jvm.dll+0x7a8bc9]  (no source info available)
V  [jvm.dll+0x77310d]  (no source info available)
V  [jvm.dll+0x9f55f3]  (no source info available)
V  [jvm.dll+0x9f7be1]  (no source info available)
V  [jvm.dll+0x9f82f3]  (no source info available)
V  [jvm.dll+0x2fce26]  (no source info available)
V  [jvm.dll+0x111076]  (no source info available)
V  [jvm.dll+0x11139e]  (no source info available)
V  [jvm.dll+0x19fff2]  (no source info available)
V  [jvm.dll+0x3b5f62]  (no source info available)
V  [jvm.dll+0x7ae53c]  (no source info available)
V  [jvm.dll+0x2c0407]  (no source info available)
V  [jvm.dll+0x2bf3cf]  (no source info available)
V  [jvm.dll+0x237140]  (no source info available)
V  [jvm.dll+0x2cf4c6]  (no source info available)
V  [jvm.dll+0x2cd74a]  (no source info available)
V  [jvm.dll+0x48fbee]  (no source info available)
V  [jvm.dll+0x996b0d]  (no source info available)
V  [jvm.dll+0x7a71a5]  (no source info available)
C  [ucrtbase.dll+0x37b0]  (no source info available)
C  [KERNEL32.DLL+0x2e8d7]  (no source info available)
C  [ntdll.dll+0x8c3fc]  (no source info available)

Lock stack of current Java thread (top to bottom):


---------------  P R O C E S S  ---------------

Threads class SMR info:
_java_thread_list=0x000001752d35c480, length=11, elements={
0x000001750bc4d600, 0x0000017528cf1ac0, 0x0000017528cf6830, 0x0000017528cf8c00,
0x0000017528cfef90, 0x0000017528cff750, 0x0000017528d00310, 0x0000017528d01200,
0x0000017528d79b20, 0x000001752d046df0, 0x000001752d0540a0
}

Java Threads: ( => current thread )
  0x000001750bc4d600 JavaThread "main"                              [_thread_in_native, id=13756, stack(0x0000006944f00000,0x0000006945000000) (1024K)]
  0x0000017528cf1ac0 JavaThread "Reference Handler"          daemon [_thread_blocked, id=12968, stack(0x0000006945800000,0x0000006945900000) (1024K)]
  0x0000017528cf6830 JavaThread "Finalizer"                  daemon [_thread_blocked, id=8448, stack(0x0000006945900000,0x0000006945a00000) (1024K)]
  0x0000017528cf8c00 JavaThread "Signal Dispatcher"          daemon [_thread_blocked, id=12088, stack(0x0000006945a00000,0x0000006945b00000) (1024K)]
  0x0000017528cfef90 JavaThread "Attach Listener"            daemon [_thread_blocked, id=7244, stack(0x0000006945b00000,0x0000006945c00000) (1024K)]
  0x0000017528cff750 JavaThread "Service Thread"             daemon [_thread_blocked, id=3420, stack(0x0000006945c00000,0x0000006945d00000) (1024K)]
  0x0000017528d00310 JavaThread "Monitor Deflation Thread"   daemon [_thread_blocked, id=12688, stack(0x0000006945d00000,0x0000006945e00000) (1024K)]
=>0x0000017528d01200 JavaThread "C2 CompilerThread0"         daemon [_thread_in_native, id=14048, stack(0x0000006945e00000,0x0000006945f00000) (1024K)]
  0x0000017528d79b20 JavaThread "C1 CompilerThread0"         daemon [_thread_blocked, id=5452, stack(0x0000006945f00000,0x0000006946000000) (1024K)]
  0x000001752d046df0 JavaThread "Notification Thread"        daemon [_thread_blocked, id=15476, stack(0x0000006946000000,0x0000006946100000) (1024K)]
  0x000001752d0540a0 JavaThread "Common-Cleaner"             daemon [_thread_blocked, id=15524, stack(0x0000006946100000,0x0000006946200000) (1024K)]
Total: 11

Other Threads:
  0x000001750e02e690 VMThread "VM Thread"                           [id=15208, stack(0x0000006945700000,0x0000006945800000) (1024K)]
  0x000001750e024c70 WatcherThread "VM Periodic Task Thread"        [id=8564, stack(0x0000006945600000,0x0000006945700000) (1024K)]
  0x000001750dfa55a0 WorkerThread "GC Thread#0"                     [id=13316, stack(0x0000006945100000,0x0000006945200000) (1024K)]
  0x000001752d8b3720 WorkerThread "GC Thread#1"                     [id=11472, stack(0x0000006944e00000,0x0000006944f00000) (1024K)]
  0x000001750dfb1e30 ConcurrentGCThread "G1 Main Marker"            [id=2904, stack(0x0000006945200000,0x0000006945300000) (1024K)]
  0x000001750dfb29d0 WorkerThread "G1 Conc#0"                       [id=2260, stack(0x0000006945300000,0x0000006945400000) (1024K)]
  0x000001750dfcfa80 ConcurrentGCThread "G1 Refine#0"               [id=9956, stack(0x0000006945400000,0x0000006945500000) (1024K)]
  0x000001750dfd0490 ConcurrentGCThread "G1 Service"                [id=14248, stack(0x0000006945500000,0x0000006945600000) (1024K)]
Total: 8

Threads with active compile tasks:
C2 CompilerThread0  269134 1910       4       java.lang.String::decodeUTF8_UTF16 (624 bytes)
Total: 1

VM state: not at safepoint (normal execution)

VM Mutex/Monitor currently owned by a thread: None

Heap address: 0x00000000c2c00000, size: 980 MB, Compressed Oops mode: 32-bit

CDS archive(s) mapped at: [0x000000000d000000-0x000000000ddd0000-0x000000000ddd0000), size 14483456, SharedBaseAddress: 0x000000000d000000, ArchiveRelocationMode: 1.
Compressed class space mapped at: 0x000000000e000000-0x000000004e000000, reserved size: 1073741824
UseCompressedClassPointers 1, UseCompactObjectHeaders 0
Narrow klass pointer bits 32, Max shift 3
Narrow klass base: 0x000000000d000000, Narrow klass shift: 0
Encoding Range: [0x000000000d000000 - 0x000000010d000000), (4294967296 bytes)
Klass Range:    [0x000000000d010000 - 0x000000004e000000), (1090453504 bytes)
Klass ID Range:  [65536 - 1090519033) (1090453497)
Protection zone: [0x000000000d000000 - 0x000000000d010000), (65536 bytes)

GC Precious Log:
 CardTable entry size: 512
 Card Set container configuration: InlinePtr #cards 5 size 8 Array Of Cards #cards 10 size 36 Howl #buckets 4 coarsen threshold 1843 Howl Bitmap #cards 512 size 80 coarsen threshold 460 Card regions per heap region 1 cards per card region 2048
 CPUs: 2 total, 2 available
 Memory: 3919M
 Large Page Support: Disabled
 NUMA Support: Disabled
 Compressed Oops: Enabled (32-bit)
 Heap Region Size: 1M
 Heap Min Capacity: 8M
 Heap Initial Capacity: 62M
 Heap Max Capacity: 980M
 Pre-touch: Disabled
 Parallel Workers: 2
 Concurrent Workers: 1
 Concurrent Refinement Workers: 2
 Periodic GC: Disabled

Heap:
 garbage-first heap   total reserved 1003520K, committed 65536K, used 6616K [0x00000000c2c00000, 0x0000000100000000)
  region size 1024K, 3 young (3072K), 1 survivors (1024K)

Heap Regions: E=young(eden), S=young(survivor), O=old, HS=humongous(starts), HC=humongous(continues), CS=collection set, F=free, TAMS=top-at-mark-start, PB=parsable bottom
|   0|0x00000000c2c00000, 0x00000000c2d00000, 0x00000000c2d00000|100%| O|  |TAMS 0x00000000c2c00000| PB 0x00000000c2c00000| Untracked |  0
|   1|0x00000000c2d00000, 0x00000000c2e00000, 0x00000000c2e00000|100%| O|  |TAMS 0x00000000c2d00000| PB 0x00000000c2d00000| Untracked |  0
|   2|0x00000000c2e00000, 0x00000000c2f00000, 0x00000000c2f00000|100%| O|  |TAMS 0x00000000c2e00000| PB 0x00000000c2e00000| Untracked |  0
|   3|0x00000000c2f00000, 0x00000000c2fb0310, 0x00000000c3000000| 68%| O|  |TAMS 0x00000000c2f00000| PB 0x00000000c2f00000| Untracked |  0
|   4|0x00000000c3000000, 0x00000000c3000000, 0x00000000c3100000|  0%| F|  |TAMS 0x00000000c3000000| PB 0x00000000c3000000| Untracked |  0
|   5|0x00000000c3100000, 0x00000000c3100000, 0x00000000c3200000|  0%| F|  |TAMS 0x00000000c3100000| PB 0x00000000c3100000| Untracked |  0
|   6|0x00000000c3200000, 0x00000000c3200000, 0x00000000c3300000|  0%| F|  |TAMS 0x00000000c3200000| PB 0x00000000c3200000| Untracked |  0
|   7|0x00000000c3300000, 0x00000000c3300000, 0x00000000c3400000|  0%| F|  |TAMS 0x00000000c3300000| PB 0x00000000c3300000| Untracked |  0
|   8|0x00000000c3400000, 0x00000000c3400000, 0x00000000c3500000|  0%| F|  |TAMS 0x00000000c3400000| PB 0x00000000c3400000| Untracked |  0
|   9|0x00000000c3500000, 0x00000000c3500000, 0x00000000c3600000|  0%| F|  |TAMS 0x00000000c3500000| PB 0x00000000c3500000| Untracked |  0
|  10|0x00000000c3600000, 0x00000000c3600000, 0x00000000c3700000|  0%| F|  |TAMS 0x00000000c3600000| PB 0x00000000c3600000| Untracked |  0
|  11|0x00000000c3700000, 0x00000000c3700000, 0x00000000c3800000|  0%| F|  |TAMS 0x00000000c3700000| PB 0x00000000c3700000| Untracked |  0
|  12|0x00000000c3800000, 0x00000000c3800000, 0x00000000c3900000|  0%| F|  |TAMS 0x00000000c3800000| PB 0x00000000c3800000| Untracked |  0
|  13|0x00000000c3900000, 0x00000000c3900000, 0x00000000c3a00000|  0%| F|  |TAMS 0x00000000c3900000| PB 0x00000000c3900000| Untracked |  0
|  14|0x00000000c3a00000, 0x00000000c3a00000, 0x00000000c3b00000|  0%| F|  |TAMS 0x00000000c3a00000| PB 0x00000000c3a00000| Untracked |  0
|  15|0x00000000c3b00000, 0x00000000c3b00000, 0x00000000c3c00000|  0%| F|  |TAMS 0x00000000c3b00000| PB 0x00000000c3b00000| Untracked |  0
|  16|0x00000000c3c00000, 0x00000000c3c00000, 0x00000000c3d00000|  0%| F|  |TAMS 0x00000000c3c00000| PB 0x00000000c3c00000| Untracked |  0
|  17|0x00000000c3d00000, 0x00000000c3d00000, 0x00000000c3e00000|  0%| F|  |TAMS 0x00000000c3d00000| PB 0x00000000c3d00000| Untracked |  0
|  18|0x00000000c3e00000, 0x00000000c3e00000, 0x00000000c3f00000|  0%| F|  |TAMS 0x00000000c3e00000| PB 0x00000000c3e00000| Untracked |  0
|  19|0x00000000c3f00000, 0x00000000c3f00000, 0x00000000c4000000|  0%| F|  |TAMS 0x00000000c3f00000| PB 0x00000000c3f00000| Untracked |  0
|  20|0x00000000c4000000, 0x00000000c4000000, 0x00000000c4100000|  0%| F|  |TAMS 0x00000000c4000000| PB 0x00000000c4000000| Untracked |  0
|  21|0x00000000c4100000, 0x00000000c4100000, 0x00000000c4200000|  0%| F|  |TAMS 0x00000000c4100000| PB 0x00000000c4100000| Untracked |  0
|  22|0x00000000c4200000, 0x00000000c4200000, 0x00000000c4300000|  0%| F|  |TAMS 0x00000000c4200000| PB 0x00000000c4200000| Untracked |  0
|  23|0x00000000c4300000, 0x00000000c4300000, 0x00000000c4400000|  0%| F|  |TAMS 0x00000000c4300000| PB 0x00000000c4300000| Untracked |  0
|  24|0x00000000c4400000, 0x00000000c4400000, 0x00000000c4500000|  0%| F|  |TAMS 0x00000000c4400000| PB 0x00000000c4400000| Untracked |  0
|  25|0x00000000c4500000, 0x00000000c4500000, 0x00000000c4600000|  0%| F|  |TAMS 0x00000000c4500000| PB 0x00000000c4500000| Untracked |  0
|  26|0x00000000c4600000, 0x00000000c4600000, 0x00000000c4700000|  0%| F|  |TAMS 0x00000000c4600000| PB 0x00000000c4600000| Untracked |  0
|  27|0x00000000c4700000, 0x00000000c4700000, 0x00000000c4800000|  0%| F|  |TAMS 0x00000000c4700000| PB 0x00000000c4700000| Untracked |  0
|  28|0x00000000c4800000, 0x00000000c4800000, 0x00000000c4900000|  0%| F|  |TAMS 0x00000000c4800000| PB 0x00000000c4800000| Untracked |  0
|  29|0x00000000c4900000, 0x00000000c4900000, 0x00000000c4a00000|  0%| F|  |TAMS 0x00000000c4900000| PB 0x00000000c4900000| Untracked |  0
|  30|0x00000000c4a00000, 0x00000000c4a00000, 0x00000000c4b00000|  0%| F|  |TAMS 0x00000000c4a00000| PB 0x00000000c4a00000| Untracked |  0
|  31|0x00000000c4b00000, 0x00000000c4b00000, 0x00000000c4c00000|  0%| F|  |TAMS 0x00000000c4b00000| PB 0x00000000c4b00000| Untracked |  0
|  32|0x00000000c4c00000, 0x00000000c4c00000, 0x00000000c4d00000|  0%| F|  |TAMS 0x00000000c4c00000| PB 0x00000000c4c00000| Untracked |  0
|  33|0x00000000c4d00000, 0x00000000c4d00000, 0x00000000c4e00000|  0%| F|  |TAMS 0x00000000c4d00000| PB 0x00000000c4d00000| Untracked |  0
|  34|0x00000000c4e00000, 0x00000000c4e00000, 0x00000000c4f00000|  0%| F|  |TAMS 0x00000000c4e00000| PB 0x00000000c4e00000| Untracked |  0
|  35|0x00000000c4f00000, 0x00000000c4f00000, 0x00000000c5000000|  0%| F|  |TAMS 0x00000000c4f00000| PB 0x00000000c4f00000| Untracked |  0
|  36|0x00000000c5000000, 0x00000000c5000000, 0x00000000c5100000|  0%| F|  |TAMS 0x00000000c5000000| PB 0x00000000c5000000| Untracked |  0
|  37|0x00000000c5100000, 0x00000000c5100000, 0x00000000c5200000|  0%| F|  |TAMS 0x00000000c5100000| PB 0x00000000c5100000| Untracked |  0
|  38|0x00000000c5200000, 0x00000000c5200000, 0x00000000c5300000|  0%| F|  |TAMS 0x00000000c5200000| PB 0x00000000c5200000| Untracked |  0
|  39|0x00000000c5300000, 0x00000000c5300000, 0x00000000c5400000|  0%| F|  |TAMS 0x00000000c5300000| PB 0x00000000c5300000| Untracked |  0
|  40|0x00000000c5400000, 0x00000000c5400000, 0x00000000c5500000|  0%| F|  |TAMS 0x00000000c5400000| PB 0x00000000c5400000| Untracked |  0
|  41|0x00000000c5500000, 0x00000000c5500000, 0x00000000c5600000|  0%| F|  |TAMS 0x00000000c5500000| PB 0x00000000c5500000| Untracked |  0
|  42|0x00000000c5600000, 0x00000000c5600000, 0x00000000c5700000|  0%| F|  |TAMS 0x00000000c5600000| PB 0x00000000c5600000| Untracked |  0
|  43|0x00000000c5700000, 0x00000000c5700000, 0x00000000c5800000|  0%| F|  |TAMS 0x00000000c5700000| PB 0x00000000c5700000| Untracked |  0
|  44|0x00000000c5800000, 0x00000000c5800000, 0x00000000c5900000|  0%| F|  |TAMS 0x00000000c5800000| PB 0x00000000c5800000| Untracked |  0
|  45|0x00000000c5900000, 0x00000000c5900000, 0x00000000c5a00000|  0%| F|  |TAMS 0x00000000c5900000| PB 0x00000000c5900000| Untracked |  0
|  46|0x00000000c5a00000, 0x00000000c5a00000, 0x00000000c5b00000|  0%| F|  |TAMS 0x00000000c5a00000| PB 0x00000000c5a00000| Untracked |  0
|  47|0x00000000c5b00000, 0x00000000c5b00000, 0x00000000c5c00000|  0%| F|  |TAMS 0x00000000c5b00000| PB 0x00000000c5b00000| Untracked |  0
|  48|0x00000000c5c00000, 0x00000000c5c00000, 0x00000000c5d00000|  0%| F|  |TAMS 0x00000000c5c00000| PB 0x00000000c5c00000| Untracked |  0
|  49|0x00000000c5d00000, 0x00000000c5d00000, 0x00000000c5e00000|  0%| F|  |TAMS 0x00000000c5d00000| PB 0x00000000c5d00000| Untracked |  0
|  50|0x00000000c5e00000, 0x00000000c5e00000, 0x00000000c5f00000|  0%| F|  |TAMS 0x00000000c5e00000| PB 0x00000000c5e00000| Untracked |  0
|  51|0x00000000c5f00000, 0x00000000c5f00000, 0x00000000c6000000|  0%| F|  |TAMS 0x00000000c5f00000| PB 0x00000000c5f00000| Untracked |  0
|  52|0x00000000c6000000, 0x00000000c6000000, 0x00000000c6100000|  0%| F|  |TAMS 0x00000000c6000000| PB 0x00000000c6000000| Untracked |  0
|  53|0x00000000c6100000, 0x00000000c6100000, 0x00000000c6200000|  0%| F|  |TAMS 0x00000000c6100000| PB 0x00000000c6100000| Untracked |  0
|  54|0x00000000c6200000, 0x00000000c6200000, 0x00000000c6300000|  0%| F|  |TAMS 0x00000000c6200000| PB 0x00000000c6200000| Untracked |  0
|  55|0x00000000c6300000, 0x00000000c6300000, 0x00000000c6400000|  0%| F|  |TAMS 0x00000000c6300000| PB 0x00000000c6300000| Untracked |  0
|  56|0x00000000c6400000, 0x00000000c6400000, 0x00000000c6500000|  0%| F|  |TAMS 0x00000000c6400000| PB 0x00000000c6400000| Untracked |  0
|  57|0x00000000c6500000, 0x00000000c6500000, 0x00000000c6600000|  0%| F|  |TAMS 0x00000000c6500000| PB 0x00000000c6500000| Untracked |  0
|  58|0x00000000c6600000, 0x00000000c66a0fb0, 0x00000000c6700000| 62%| S|CS|TAMS 0x00000000c6600000| PB 0x00000000c6600000| Complete |  0
|  59|0x00000000c6700000, 0x00000000c6700000, 0x00000000c6800000|  0%| F|  |TAMS 0x00000000c6700000| PB 0x00000000c6700000| Untracked |  0
|  60|0x00000000c6800000, 0x00000000c68ae438, 0x00000000c6900000| 68%| E|  |TAMS 0x00000000c6800000| PB 0x00000000c6800000| Complete |  0
|  61|0x00000000c6900000, 0x00000000c6a00000, 0x00000000c6a00000|100%| E|CS|TAMS 0x00000000c6900000| PB 0x00000000c6900000| Complete |  0
| 978|0x00000000ffe00000, 0x00000000fff00000, 0x00000000fff00000|100%| O|  |TAMS 0x00000000ffe00000| PB 0x00000000ffe00000| Untracked |  0
| 979|0x00000000fff00000, 0x00000000fff24ea8, 0x0000000100000000| 14%| O|  |TAMS 0x00000000fff00000| PB 0x00000000fff00000| Untracked |  0

Card table byte_map: [0x000001750dd40000,0x000001750df30000] _byte_map_base: 0x000001750d72a000

Marking Bits: (CMBitMap*) 0x000001750dfa5d30
 Bits: [0x0000017525a60000, 0x00000175269b0000)

Polling page: 0x000001750be50000

Metaspace:
Metaspace        used 9489K, committed 9664K, reserved 1114112K
 class space     used 1177K, committed 1280K, reserved 1048576K

Usage:
  Non-class:      8.12 MB used.
      Class:      1.15 MB used.
       Both:      9.27 MB used.

Virtual space:
  Non-class space:       64.00 MB reserved,       8.19 MB ( 13%) committed,  1 nodes.
      Class space:        1.00 GB reserved,       1.25 MB ( <1%) committed,  1 nodes.
             Both:        1.06 GB reserved,       9.44 MB ( <1%) committed. 

Chunk freelists:
   Non-Class:  6.19 MB
       Class:  14.77 MB
        Both:  20.95 MB

MaxMetaspaceSize: unlimited
CompressedClassSpaceSize: 1.00 GB
Initial GC threshold: 21.00 MB
Current GC threshold: 21.00 MB
CDS: on
 - commit_granule_bytes: 65536.
 - commit_granule_words: 8192.
 - virtual_space_node_default_size: 8388608.
 - enlarge_chunks_in_place: 1.
UseCompressedClassPointers 1, UseCompactObjectHeaders 0
Narrow klass pointer bits 32, Max shift 3
Narrow klass base: 0x000000000d000000, Narrow klass shift: 0
Encoding Range: [0x000000000d000000 - 0x000000010d000000), (4294967296 bytes)
Klass Range:    [0x000000000d010000 - 0x000000004e000000), (1090453504 bytes)
Klass ID Range:  [65536 - 1090519033) (1090453497)
Protection zone: [0x000000000d000000 - 0x000000000d010000), (65536 bytes)


Internal statistics:

num_allocs_failed_limit: 0.
num_arena_births: 62.
num_arena_deaths: 0.
num_vsnodes_births: 2.
num_vsnodes_deaths: 0.
num_space_committed: 151.
num_space_uncommitted: 0.
num_chunks_returned_to_freelist: 0.
num_chunks_taken_from_freelist: 380.
num_chunk_merges: 0.
num_chunk_splits: 258.
num_chunks_enlarged: 214.
num_inconsistent_stats: 0.

CodeHeap 'non-profiled nmethods': size=120128Kb used=579Kb max_used=579Kb free=119548Kb
 bounds [0x000001751e510000, 0x000001751e780000, 0x0000017525a60000]
CodeHeap 'profiled nmethods': size=120000Kb used=2901Kb max_used=2901Kb free=117098Kb
 bounds [0x0000017516a60000, 0x0000017516d40000, 0x000001751df90000]
CodeHeap 'non-nmethods': size=5632Kb used=1360Kb max_used=1387Kb free=4271Kb
 bounds [0x000001751df90000, 0x000001751e200000, 0x000001751e510000]
CodeCache: size=245760Kb, used=4840Kb, max_used=4867Kb, free=240917Kb
 total_blobs=2400, nmethods=1911, adapters=392, full_count=0
Compilation: enabled, stopped_count=0, restarted_count=0

Compilation events (20 events):
Event: 258.854 Thread 0x0000017528d79b20 nmethod 1900 0x0000017516d2c708 code [0x0000017516d2c800, 0x0000017516d2c950]
Event: 258.858 Thread 0x0000017528d01200 1901       4       java.util.ArrayList::get (15 bytes)
Event: 258.860 Thread 0x0000017528d01200 nmethod 1901 0x000001751e59ff88 code [0x000001751e5a0080, 0x000001751e5a0188]
Event: 258.996 Thread 0x0000017528d79b20 1902       3       java.util.concurrent.atomic.AtomicInteger::incrementAndGet (14 bytes)
Event: 258.996 Thread 0x0000017528d79b20 nmethod 1902 0x0000017516d2ca08 code [0x0000017516d2cb00, 0x0000017516d2cc18]
Event: 259.022 Thread 0x0000017528d79b20 1903       3       com.google.common.cache.LocalCache::get (21 bytes)
Event: 259.023 Thread 0x0000017528d79b20 nmethod 1903 0x0000017516d2cd08 code [0x0000017516d2ce00, 0x0000017516d2d540]
Event: 259.023 Thread 0x0000017528d79b20 1904       3       com.google.common.cache.LocalCache::rehash (49 bytes)
Event: 259.023 Thread 0x0000017528d79b20 nmethod 1904 0x0000017516d2d588 code [0x0000017516d2d680, 0x0000017516d2d7a8]
Event: 265.933 Thread 0x0000017528d79b20 1905       3       com.google.common.cache.LocalCache$Segment::getEntry (73 bytes)
Event: 265.936 Thread 0x0000017528d79b20 nmethod 1905 0x0000017516d2d888 code [0x0000017516d2d980, 0x0000017516d2ef18]
Event: 265.949 Thread 0x0000017528d79b20 1906       3       jdk.internal.reflect.ReflectionFactory::copyConstructor (11 bytes)
Event: 265.950 Thread 0x0000017528d79b20 nmethod 1906 0x0000017516d2ef88 code [0x0000017516d2f080, 0x0000017516d2f2e8]
Event: 265.950 Thread 0x0000017528d79b20 1907       3       java.lang.reflect.Constructor::<init> (50 bytes)
Event: 265.950 Thread 0x0000017528d79b20 nmethod 1907 0x0000017516d2f308 code [0x0000017516d2f400, 0x0000017516d2f870]
Event: 265.952 Thread 0x0000017528d79b20 1908       3       com.google.common.cache.LocalCache$Segment::getLiveValue (61 bytes)
Event: 265.955 Thread 0x0000017528d79b20 nmethod 1908 0x0000017516d2f888 code [0x0000017516d2f980, 0x0000017516d32418]
Event: 265.955 Thread 0x0000017528d79b20 1909       3       com.google.common.cache.LocalCache$Segment::scheduleRefresh (66 bytes)
Event: 265.955 Thread 0x0000017528d79b20 nmethod 1909 0x0000017516d32488 code [0x0000017516d32580, 0x0000017516d329a8]
Event: 267.869 Thread 0x0000017528d01200 1910       4       java.lang.String::decodeUTF8_UTF16 (624 bytes)

GC Heap Usage History (12 events):
Event: 63.957 {heap Before GC invocations=0 (full 0):
 garbage-first heap   total reserved 1003520K, committed 65536K, used 14483K [0x00000000c2c00000, 0x0000000100000000)
  region size 1024K, 14 young (14336K), 0 survivors (0K)
}
Event: 64.234 {heap After GC invocations=1 (full 0):
 garbage-first heap   total reserved 1003520K, committed 65536K, used 3884K [0x00000000c2c00000, 0x0000000100000000)
  region size 1024K, 2 young (2048K), 2 survivors (2048K)
}
Event: 224.861 {heap Before GC invocations=1 (full 0):
 garbage-first heap   total reserved 1003520K, committed 65536K, used 28460K [0x00000000c2c00000, 0x0000000100000000)
  region size 1024K, 27 young (27648K), 2 survivors (2048K)
}
Event: 228.041 {heap After GC invocations=2 (full 0):
 garbage-first heap   total reserved 1003520K, committed 65536K, used 5415K [0x00000000c2c00000, 0x0000000100000000)
  region size 1024K, 4 young (4096K), 4 survivors (4096K)
}
Event: 229.019 {heap Before GC invocations=2 (full 0):
 garbage-first heap   total reserved 1003520K, committed 65536K, used 6439K [0x00000000c2c00000, 0x0000000100000000)
  region size 1024K, 5 young (5120K), 4 survivors (4096K)
}
Event: 229.055 {heap After GC invocations=3 (full 0):
 garbage-first heap   total reserved 1003520K, committed 65536K, used 5444K [0x00000000c2c00000, 0x0000000100000000)
  region size 1024K, 1 young (1024K), 1 survivors (1024K)
}
Event: 235.867 {heap Before GC invocations=3 (full 0):
 garbage-first heap   total reserved 1003520K, committed 65536K, used 6468K [0x00000000c2c00000, 0x0000000100000000)
  region size 1024K, 3 young (3072K), 1 survivors (1024K)
}
Event: 235.934 {heap After GC invocations=4 (full 0):
 garbage-first heap   total reserved 1003520K, committed 65536K, used 5213K [0x00000000c2c00000, 0x0000000100000000)
  region size 1024K, 1 young (1024K), 1 survivors (1024K)
}
Event: 240.635 {heap Before GC invocations=4 (full 0):
 garbage-first heap   total reserved 1003520K, committed 65536K, used 7261K [0x00000000c2c00000, 0x0000000100000000)
  region size 1024K, 3 young (3072K), 1 survivors (1024K)
}
Event: 240.638 {heap After GC invocations=5 (full 0):
 garbage-first heap   total reserved 1003520K, committed 65536K, used 5325K [0x00000000c2c00000, 0x0000000100000000)
  region size 1024K, 1 young (1024K), 1 survivors (1024K)
}
Event: 254.334 {heap Before GC invocations=5 (full 0):
 garbage-first heap   total reserved 1003520K, committed 65536K, used 7373K [0x00000000c2c00000, 0x0000000100000000)
  region size 1024K, 3 young (3072K), 1 survivors (1024K)
}
Event: 254.343 {heap After GC invocations=6 (full 0):
 garbage-first heap   total reserved 1003520K, committed 65536K, used 5592K [0x00000000c2c00000, 0x0000000100000000)
  region size 1024K, 1 young (1024K), 1 survivors (1024K)
}

Metaspace Usage History (12 events):
Event: 63.957 {metaspace Before GC invocations=0 (full 0):
 Metaspace       used 4335K, committed 4544K, reserved 1114112K
  class space    used 488K, committed 576K, reserved 1048576K
}
Event: 64.234 {metaspace After GC invocations=1 (full 0):
 Metaspace       used 4335K, committed 4544K, reserved 1114112K
  class space    used 488K, committed 576K, reserved 1048576K
}
Event: 224.861 {metaspace Before GC invocations=1 (full 0):
 Metaspace       used 7477K, committed 7680K, reserved 1114112K
  class space    used 904K, committed 1024K, reserved 1048576K
}
Event: 228.041 {metaspace After GC invocations=2 (full 0):
 Metaspace       used 7477K, committed 7680K, reserved 1114112K
  class space    used 904K, committed 1024K, reserved 1048576K
}
Event: 229.019 {metaspace Before GC invocations=2 (full 0):
 Metaspace       used 7713K, committed 7936K, reserved 1114112K
  class space    used 928K, committed 1024K, reserved 1048576K
}
Event: 229.055 {metaspace After GC invocations=3 (full 0):
 Metaspace       used 7713K, committed 7936K, reserved 1114112K
  class space    used 928K, committed 1024K, reserved 1048576K
}
Event: 235.867 {metaspace Before GC invocations=3 (full 0):
 Metaspace       used 8242K, committed 8448K, reserved 1114112K
  class space    used 993K, committed 1088K, reserved 1048576K
}
Event: 235.934 {metaspace After GC invocations=4 (full 0):
 Metaspace       used 8242K, committed 8448K, reserved 1114112K
  class space    used 993K, committed 1088K, reserved 1048576K
}
Event: 240.635 {metaspace Before GC invocations=4 (full 0):
 Metaspace       used 8719K, committed 8896K, reserved 1114112K
  class space    used 1058K, committed 1152K, reserved 1048576K
}
Event: 240.638 {metaspace After GC invocations=5 (full 0):
 Metaspace       used 8719K, committed 8896K, reserved 1114112K
  class space    used 1058K, committed 1152K, reserved 1048576K
}
Event: 254.334 {metaspace Before GC invocations=5 (full 0):
 Metaspace       used 9143K, committed 9344K, reserved 1114112K
  class space    used 1128K, committed 1216K, reserved 1048576K
}
Event: 254.343 {metaspace After GC invocations=6 (full 0):
 Metaspace       used 9143K, committed 9344K, reserved 1114112K
  class space    used 1128K, committed 1216K, reserved 1048576K
}

Dll operation events (7 events):
Event: 0.217 Loaded shared library C:\Program Files\Apache NetBeans\jdk\bin\java.dll
Event: 4.845 Loaded shared library C:\Program Files\Apache NetBeans\jdk\bin\net.dll
Event: 4.891 Loaded shared library C:\Program Files\Apache NetBeans\jdk\bin\nio.dll
Event: 5.190 Loaded shared library C:\Program Files\Apache NetBeans\jdk\bin\zip.dll
Event: 19.484 Loaded shared library C:\Program Files\Apache NetBeans\java\maven\lib\jansi-native\Windows\x86_64\jansi.dll
Event: 20.005 Loaded shared library C:\Program Files\Apache NetBeans\jdk\bin\verify.dll
Event: 24.790 Loaded shared library C:\Program Files\Apache NetBeans\jdk\bin\jimage.dll

Deoptimization events (20 events):
Event: 220.097 Thread 0x000001750bc4d600 Uncommon trap: trap_request=0xffffffde fr.pc=0x000001751e5955f8 relative=0x00000000000000f8
Event: 220.097 Thread 0x000001750bc4d600 Uncommon trap: reason=class_check action=maybe_recompile pc=0x000001751e5955f8 method=jdk.internal.misc.Unsafe.allocateUninitializedArray(Ljava/lang/Class;I)Ljava/lang/Object; @ 51 c2
Event: 220.097 Thread 0x000001750bc4d600 DEOPT PACKING pc=0x000001751e5955f8 sp=0x0000006944ffde30
Event: 220.097 Thread 0x000001750bc4d600 DEOPT UNPACKING pc=0x000001751e01857c sp=0x0000006944ffdda8 mode 2
Event: 220.097 Thread 0x000001750bc4d600 Uncommon trap: trap_request=0xffffffde fr.pc=0x000001751e5955f8 relative=0x00000000000000f8
Event: 220.097 Thread 0x000001750bc4d600 Uncommon trap: reason=class_check action=maybe_recompile pc=0x000001751e5955f8 method=jdk.internal.misc.Unsafe.allocateUninitializedArray(Ljava/lang/Class;I)Ljava/lang/Object; @ 51 c2
Event: 220.097 Thread 0x000001750bc4d600 DEOPT PACKING pc=0x000001751e5955f8 sp=0x0000006944ffd8e0
Event: 220.097 Thread 0x000001750bc4d600 DEOPT UNPACKING pc=0x000001751e01857c sp=0x0000006944ffd858 mode 2
Event: 220.098 Thread 0x000001750bc4d600 Uncommon trap: trap_request=0xffffffde fr.pc=0x000001751e5955f8 relative=0x00000000000000f8
Event: 220.098 Thread 0x000001750bc4d600 Uncommon trap: reason=class_check action=maybe_recompile pc=0x000001751e5955f8 method=jdk.internal.misc.Unsafe.allocateUninitializedArray(Ljava/lang/Class;I)Ljava/lang/Object; @ 51 c2
Event: 220.098 Thread 0x000001750bc4d600 DEOPT PACKING pc=0x000001751e5955f8 sp=0x0000006944ffdaf0
Event: 220.098 Thread 0x000001750bc4d600 DEOPT UNPACKING pc=0x000001751e01857c sp=0x0000006944ffda68 mode 2
Event: 220.151 Thread 0x000001750bc4d600 Uncommon trap: trap_request=0xffffffde fr.pc=0x000001751e5955f8 relative=0x00000000000000f8
Event: 220.151 Thread 0x000001750bc4d600 Uncommon trap: reason=class_check action=maybe_recompile pc=0x000001751e5955f8 method=jdk.internal.misc.Unsafe.allocateUninitializedArray(Ljava/lang/Class;I)Ljava/lang/Object; @ 51 c2
Event: 220.151 Thread 0x000001750bc4d600 DEOPT PACKING pc=0x000001751e5955f8 sp=0x0000006944ffdb20
Event: 220.151 Thread 0x000001750bc4d600 DEOPT UNPACKING pc=0x000001751e01857c sp=0x0000006944ffda98 mode 2
Event: 228.507 Thread 0x000001750bc4d600 Uncommon trap: trap_request=0xffffff45 fr.pc=0x000001751e544e58 relative=0x0000000000000058
Event: 228.507 Thread 0x000001750bc4d600 Uncommon trap: reason=unstable_if action=reinterpret pc=0x000001751e544e58 method=java.lang.ref.ReferenceQueue.poll()Ljava/lang/ref/Reference; @ 4 c2
Event: 228.507 Thread 0x000001750bc4d600 DEOPT PACKING pc=0x000001751e544e58 sp=0x0000006944ffd630
Event: 228.507 Thread 0x000001750bc4d600 DEOPT UNPACKING pc=0x000001751e01857c sp=0x0000006944ffd5a8 mode 2

Classes loaded (20 events):
Event: 219.124 Loading class java/lang/reflect/AnnotatedParameterizedType done
Event: 219.124 Loading class sun/reflect/annotation/AnnotatedTypeFactory$AnnotatedParameterizedTypeImpl done
Event: 240.354 Loading class java/util/EventObject
Event: 240.354 Loading class java/util/EventObject done
Event: 245.045 Loading class java/util/concurrent/CompletionService
Event: 245.045 Loading class java/util/concurrent/CompletionService done
Event: 248.818 Loading class java/security/NoSuchAlgorithmException
Event: 248.818 Loading class java/security/GeneralSecurityException
Event: 248.818 Loading class java/security/GeneralSecurityException done
Event: 248.818 Loading class java/security/NoSuchAlgorithmException done
Event: 258.453 Loading class java/lang/reflect/Executable$ParameterData
Event: 258.453 Loading class java/lang/reflect/Executable$ParameterData done
Event: 258.453 Loading class sun/reflect/generics/scope/ConstructorScope
Event: 258.453 Loading class sun/reflect/generics/scope/ConstructorScope done
Event: 258.453 Loading class sun/reflect/generics/repository/ConstructorRepository
Event: 258.454 Loading class sun/reflect/generics/repository/ConstructorRepository done
Event: 258.454 Loading class sun/reflect/generics/tree/VoidDescriptor
Event: 258.454 Loading class sun/reflect/generics/tree/VoidDescriptor done
Event: 258.454 Loading class sun/reflect/generics/tree/MethodTypeSignature
Event: 258.454 Loading class sun/reflect/generics/tree/MethodTypeSignature done

Classes unloaded (0 events):
No events

Classes redefined (0 events):
No events

Internal exceptions (20 events):
Event: 19.711 Thread 0x000001750bc4d600 Exception <a 'java/lang/NullPointerException'{0x00000000c655afd8}> (0x00000000c655afd8) 
thrown [s\src\hotspot\share\interpreter\linkResolver.cpp, line 1416]
Event: 19.958 Thread 0x000001750bc4d600 Exception <a 'sun/nio/fs/WindowsException'{0x00000000c657c570}> (0x00000000c657c570) 
thrown [s\src\hotspot\share\prims\jni.cpp, line 516]
Event: 19.958 Thread 0x000001750bc4d600 Exception <a 'sun/nio/fs/WindowsException'{0x00000000c657cba0}> (0x00000000c657cba0) 
thrown [s\src\hotspot\share\prims\jni.cpp, line 516]
Event: 19.959 Thread 0x000001750bc4d600 Exception <a 'sun/nio/fs/WindowsException'{0x00000000c657d100}> (0x00000000c657d100) 
thrown [s\src\hotspot\share\prims\jni.cpp, line 516]
Event: 19.959 Thread 0x000001750bc4d600 Exception <a 'sun/nio/fs/WindowsException'{0x00000000c657d640}> (0x00000000c657d640) 
thrown [s\src\hotspot\share\prims\jni.cpp, line 516]
Event: 19.959 Thread 0x000001750bc4d600 Exception <a 'sun/nio/fs/WindowsException'{0x00000000c657db30}> (0x00000000c657db30) 
thrown [s\src\hotspot\share\prims\jni.cpp, line 516]
Event: 19.959 Thread 0x000001750bc4d600 Exception <a 'sun/nio/fs/WindowsException'{0x00000000c657dfd8}> (0x00000000c657dfd8) 
thrown [s\src\hotspot\share\prims\jni.cpp, line 516]
Event: 20.926 Thread 0x000001750bc4d600 Exception <a 'java/lang/NoSuchMethodError'{0x00000000c65b7610}: 'void java.lang.invoke.DirectMethodHandle$Holder.invokeVirtual(java.lang.Object, java.lang.Object)'> (0x00000000c65b7610) 
thrown [s\src\hotspot\share\interpreter\linkResolver.cpp, line 804]
Event: 21.791 Thread 0x000001750bc4d600 Exception <a 'java/lang/NoSuchMethodError'{0x00000000c65d8908}: 'void java.lang.invoke.DirectMethodHandle$Holder.invokeStatic(java.lang.Object, java.lang.Object)'> (0x00000000c65d8908) 
thrown [s\src\hotspot\share\interpreter\linkResolver.cpp, line 804]
Event: 22.060 Thread 0x000001750bc4d600 Exception <a 'java/lang/NoSuchMethodError'{0x00000000c65e09e0}: 'void java.lang.invoke.DirectMethodHandle$Holder.invokeStaticInit(java.lang.Object, java.lang.Object)'> (0x00000000c65e09e0) 
thrown [s\src\hotspot\share\interpreter\linkResolver.cpp, line 804]
Event: 23.175 Thread 0x000001750bc4d600 Exception <a 'java/lang/NoSuchMethodError'{0x00000000c641bee0}: 'void java.lang.invoke.DirectMethodHandle$Holder.invokeSpecial(java.lang.Object, java.lang.Object, java.lang.Object, java.lang.Object, java.lang.Object)'> (0x00000000c641bee0) 
thrown [s\src\hotspot\share\interpreter\linkResolver.cpp, line 804]
Event: 24.383 Thread 0x000001750bc4d600 Exception <a 'java/lang/NoSuchMethodError'{0x00000000c6457b58}: 'void java.lang.invoke.DirectMethodHandle$Holder.invokeStatic(java.lang.Object, java.lang.Object, java.lang.Object)'> (0x00000000c6457b58) 
thrown [s\src\hotspot\share\interpreter\linkResolver.cpp, line 804]
Event: 34.036 Thread 0x000001750bc4d600 Exception <a 'java/lang/NoSuchMethodError'{0x00000000c621dea0}: 'java.lang.Object java.lang.invoke.DirectMethodHandle$Holder.invokeSpecialIFC(java.lang.Object, java.lang.Object, java.lang.Object, java.lang.Object)'> (0x00000000c621dea0) 
thrown [s\src\hotspot\share\interpreter\linkResolver.cpp, line 804]
Event: 55.371 Thread 0x000001750bc4d600 Exception <a 'java/lang/NoSuchMethodError'{0x00000000c5d10bb8}: 'void java.lang.invoke.DirectMethodHandle$Holder.invokeSpecial(java.lang.Object, java.lang.Object, java.lang.Object)'> (0x00000000c5d10bb8) 
thrown [s\src\hotspot\share\interpreter\linkResolver.cpp, line 804]
Event: 61.952 Thread 0x000001750bc4d600 Exception <a 'java/lang/NoSuchMethodError'{0x00000000c5c2b9d0}: 'java.lang.Object java.lang.invoke.DirectMethodHandle$Holder.invokeInterface(java.lang.Object, java.lang.Object)'> (0x00000000c5c2b9d0) 
thrown [s\src\hotspot\share\interpreter\linkResolver.cpp, line 804]
Event: 62.307 Thread 0x000001750bc4d600 Exception <a 'java/lang/NoSuchMethodError'{0x00000000c5cd6820}: 'int java.lang.invoke.DirectMethodHandle$Holder.invokeStatic(java.lang.Object, java.lang.Object, java.lang.Object, java.lang.Object)'> (0x00000000c5cd6820) 
thrown [s\src\hotspot\share\interpreter\linkResolver.cpp, line 804]
Event: 64.237 Thread 0x000001750bc4d600 Exception <a 'java/lang/NoSuchMethodError'{0x00000000c6900c48}: 'int java.lang.invoke.DirectMethodHandle$Holder.invokeSpecialIFC(java.lang.Object, java.lang.Object, java.lang.Object, java.lang.Object, java.lang.Object)'> (0x00000000c6900c48) 
thrown [s\src\hotspot\share\interpreter\linkResolver.cpp, line 804]
Event: 66.728 Thread 0x000001750bc4d600 Exception <a 'java/lang/NoSuchMethodError'{0x00000000c68d3c58}: 'java.lang.Object java.lang.invoke.DirectMethodHandle$Holder.newInvokeSpecial(java.lang.Object, java.lang.Object, java.lang.Object, java.lang.Object, java.lang.Object)'> (0x00000000c68d3c58) 
thrown [s\src\hotspot\share\interpreter\linkResolver.cpp, line 804]
Event: 80.737 Thread 0x000001750bc4d600 Exception <a 'java/lang/NoSuchMethodError'{0x00000000c67ef450}: 'int java.lang.invoke.DirectMethodHandle$Holder.invokeStaticInit(java.lang.Object, java.lang.Object)'> (0x00000000c67ef450) 
thrown [s\src\hotspot\share\interpreter\linkResolver.cpp, line 804]
Event: 83.760 Thread 0x000001750bc4d600 Exception <a 'java/lang/NoClassDefFoundError'{0x00000000c662a600}: javax/enterprise/inject/Typed> (0x00000000c662a600) 
thrown [s\src\hotspot\share\classfile\systemDictionary.cpp, line 316]

VM Operations (20 events):
Event: 120.414 Executing non-safepoint VM operation: RendezvousGCThreads
Event: 120.414 Executing non-safepoint VM operation: RendezvousGCThreads done
Event: 224.754 Executing non-safepoint VM operation: HandshakeAllThreads (Deoptimize)
Event: 224.779 Executing non-safepoint VM operation: HandshakeAllThreads (Deoptimize) done
Event: 224.861 Executing safepoint VM operation: G1CollectForAllocation (G1 Evacuation Pause)
Event: 228.041 Executing safepoint VM operation: G1CollectForAllocation (G1 Evacuation Pause) done
Event: 229.010 Executing safepoint VM operation: G1CollectForAllocation (G1 Evacuation Pause)
Event: 229.055 Executing safepoint VM operation: G1CollectForAllocation (G1 Evacuation Pause) done
Event: 235.867 Executing safepoint VM operation: G1CollectForAllocation (G1 Evacuation Pause)
Event: 235.934 Executing safepoint VM operation: G1CollectForAllocation (G1 Evacuation Pause) done
Event: 240.416 Executing non-safepoint VM operation: HandshakeAllThreads (HandshakeForDeflation)
Event: 240.583 Executing non-safepoint VM operation: HandshakeAllThreads (HandshakeForDeflation) done
Event: 240.583 Executing non-safepoint VM operation: RendezvousGCThreads
Event: 240.583 Executing non-safepoint VM operation: RendezvousGCThreads done
Event: 240.635 Executing safepoint VM operation: G1CollectForAllocation (G1 Evacuation Pause)
Event: 240.638 Executing safepoint VM operation: G1CollectForAllocation (G1 Evacuation Pause) done
Event: 254.330 Executing non-safepoint VM operation: HandshakeAllThreads (Deoptimize)
Event: 254.330 Executing non-safepoint VM operation: HandshakeAllThreads (Deoptimize) done
Event: 254.334 Executing safepoint VM operation: G1CollectForAllocation (G1 Evacuation Pause)
Event: 254.343 Executing safepoint VM operation: G1CollectForAllocation (G1 Evacuation Pause) done

Memory protections (0 events):
No events

Nmethod flushes (0 events):
No events

Events (13 events):
Event: 0.444 Thread 0x000001750bc4d600 Thread added: 0x000001750bc4d600
Event: 1.131 Thread 0x000001750bc4d600 Thread added: 0x0000017528cf1ac0
Event: 1.132 Thread 0x000001750bc4d600 Thread added: 0x0000017528cf6830
Event: 1.171 Thread 0x000001750bc4d600 Thread added: 0x0000017528cf8c00
Event: 1.172 Thread 0x000001750bc4d600 Thread added: 0x0000017528cfef90
Event: 1.172 Thread 0x000001750bc4d600 Thread added: 0x0000017528cff750
Event: 1.172 Thread 0x000001750bc4d600 Thread added: 0x0000017528d00310
Event: 1.172 Thread 0x000001750bc4d600 Thread added: 0x0000017528d01200
Event: 1.263 Thread 0x000001750bc4d600 Thread added: 0x0000017528d79b20
Event: 4.626 Thread 0x000001750bc4d600 Thread added: 0x000001752d046df0
Event: 4.839 Thread 0x000001750bc4d600 Thread added: 0x000001752d0540a0
Event: 19.221 Thread 0x000001750bc4d600 Thread added: 0x000001752d39ce20
Event: 40.910 Thread 0x000001752d39ce20 Thread exited: 0x000001752d39ce20


Dynamic libraries:
0x00007ff62b400000 - 0x00007ff62b40e000 	C:\Program Files\Apache NetBeans\jdk\bin\java.exe
0x00007ffea0ee0000 - 0x00007ffea1147000 	C:\WINDOWS\SYSTEM32\ntdll.dll
0x00007ffe9fee0000 - 0x00007ffe9ffa9000 	C:\WINDOWS\System32\KERNEL32.DLL
0x00007ffe9dbe0000 - 0x00007ffe9dfd4000 	C:\WINDOWS\System32\KERNELBASE.dll
0x00007ffe9e110000 - 0x00007ffe9e25b000 	C:\WINDOWS\System32\ucrtbase.dll
0x00007ffe8a0d0000 - 0x00007ffe8a0e6000 	C:\Program Files\Apache NetBeans\jdk\bin\jli.dll
0x00007ffe9ed70000 - 0x00007ffe9ef35000 	C:\WINDOWS\System32\USER32.dll
0x00007ffe9eb90000 - 0x00007ffe9ebb7000 	C:\WINDOWS\System32\win32u.dll
0x00007ffea09d0000 - 0x00007ffea09fb000 	C:\WINDOWS\System32\GDI32.dll
0x00007ffe9dfe0000 - 0x00007ffe9e10a000 	C:\WINDOWS\System32\gdi32full.dll
0x00007ffe9ebc0000 - 0x00007ffe9ec63000 	C:\WINDOWS\System32\msvcp_win.dll
0x00007ffe8b780000 - 0x00007ffe8b79e000 	C:\Program Files\Apache NetBeans\jdk\bin\VCRUNTIME140.dll
0x00007ffe8ba70000 - 0x00007ffe8bd03000 	C:\WINDOWS\WinSxS\amd64_microsoft.windows.common-controls_6595b64144ccf1df_6.0.26100.8115_none_3e075c82e3354f9c\COMCTL32.dll
0x00007ffea0400000 - 0x00007ffea04a9000 	C:\WINDOWS\System32\msvcrt.dll
0x00007ffe9fd40000 - 0x00007ffe9fd72000 	C:\WINDOWS\System32\IMM32.DLL
0x00007ffe92200000 - 0x00007ffe9220c000 	C:\Program Files\Apache NetBeans\jdk\bin\vcruntime140_1.dll
0x00007ffe76b40000 - 0x00007ffe76bcd000 	C:\Program Files\Apache NetBeans\jdk\bin\msvcp140.dll
0x00007ffe28420000 - 0x00007ffe29346000 	C:\Program Files\Apache NetBeans\jdk\bin\server\jvm.dll
0x00007ffea0660000 - 0x00007ffea0716000 	C:\WINDOWS\System32\ADVAPI32.dll
0x00007ffea04b0000 - 0x00007ffea0557000 	C:\WINDOWS\System32\sechost.dll
0x00007ffe9f250000 - 0x00007ffe9f368000 	C:\WINDOWS\System32\RPCRT4.dll
0x00007ffea0940000 - 0x00007ffea09c0000 	C:\WINDOWS\System32\WS2_32.dll
0x00007ffe9d610000 - 0x00007ffe9d66e000 	C:\WINDOWS\SYSTEM32\POWRPROF.dll
0x00007ffe7a540000 - 0x00007ffe7a576000 	C:\WINDOWS\SYSTEM32\WINMM.dll
0x00007ffe8c650000 - 0x00007ffe8c65b000 	C:\WINDOWS\SYSTEM32\VERSION.dll
0x00007ffe9d5f0000 - 0x00007ffe9d604000 	C:\WINDOWS\SYSTEM32\UMPDC.dll
0x00007ffe9c540000 - 0x00007ffe9c55b000 	C:\WINDOWS\SYSTEM32\kernel.appcore.dll
0x00007ffe904d0000 - 0x00007ffe904da000 	C:\Program Files\Apache NetBeans\jdk\bin\jimage.dll
0x00007ffe9b6f0000 - 0x00007ffe9b932000 	C:\WINDOWS\SYSTEM32\DBGHELP.DLL
0x00007ffe9ffb0000 - 0x00007ffea0332000 	C:\WINDOWS\System32\combase.dll
0x00007ffe9f400000 - 0x00007ffe9f4d7000 	C:\WINDOWS\System32\OLEAUT32.dll
0x00007ffe8c3b0000 - 0x00007ffe8c3eb000 	C:\WINDOWS\SYSTEM32\dbgcore.DLL
0x00007ffe9d9c0000 - 0x00007ffe9da65000 	C:\WINDOWS\System32\bcryptPrimitives.dll
0x00007ffe8a200000 - 0x00007ffe8a21e000 	C:\Program Files\Apache NetBeans\jdk\bin\java.dll
0x00007ffea0790000 - 0x00007ffea0927000 	C:\WINDOWS\System32\ole32.dll
0x00007ffe9f570000 - 0x00007ffe9fcd6000 	C:\WINDOWS\System32\SHELL32.dll
0x00007ffe9da70000 - 0x00007ffe9dbda000 	C:\WINDOWS\System32\wintypes.dll
0x00007ffe9e260000 - 0x00007ffe9eac5000 	C:\WINDOWS\System32\windows.storage.dll
0x00007ffe9ef40000 - 0x00007ffe9f037000 	C:\WINDOWS\System32\SHCORE.dll
0x00007ffea0720000 - 0x00007ffea0786000 	C:\WINDOWS\System32\shlwapi.dll
0x00007ffe9d6d0000 - 0x00007ffe9d6f9000 	C:\WINDOWS\SYSTEM32\profapi.dll
0x00007ffe89600000 - 0x00007ffe89611000 	C:\Program Files\Apache NetBeans\jdk\bin\net.dll
0x00007ffe9cab0000 - 0x00007ffe9cb1c000 	C:\WINDOWS\system32\mswsock.dll
0x00007ffe895e0000 - 0x00007ffe895f6000 	C:\Program Files\Apache NetBeans\jdk\bin\nio.dll
0x00007ffe8a0b0000 - 0x00007ffe8a0c7000 	C:\Program Files\Apache NetBeans\jdk\bin\zip.dll
0x00007ffe77c10000 - 0x00007ffe77c34000 	C:\Program Files\Apache NetBeans\java\maven\lib\jansi-native\Windows\x86_64\jansi.dll
0x00007ffe895d0000 - 0x00007ffe895e0000 	C:\Program Files\Apache NetBeans\jdk\bin\verify.dll

JVMTI agents: none

dbghelp: loaded successfully - version: 4.0.5 - missing functions: none
symbol engine: initialized successfully - sym options: 0x614 - pdb path: .;C:\Program Files\Apache NetBeans\jdk\bin;C:\WINDOWS\SYSTEM32;C:\WINDOWS\WinSxS\amd64_microsoft.windows.common-controls_6595b64144ccf1df_6.0.26100.8115_none_3e075c82e3354f9c;C:\Program Files\Apache NetBeans\jdk\bin\server;C:\Program Files\Apache NetBeans\java\maven\lib\jansi-native\Windows\x86_64

VM Arguments:
jvm_args: --enable-native-access=ALL-UNNAMED -Dclassworlds.conf=C:\Program Files\Apache NetBeans\java\maven\bin\m2.conf -Dmaven.home=C:\Program Files\Apache NetBeans\java\maven -Dlibrary.jansi.path=C:\Program Files\Apache NetBeans\java\maven\lib\jansi-native -Dmaven.multiModuleProjectDirectory=C:\Users\ASUS\Documents\NetBeansProjects\Lubiproject1 
java_command: org.codehaus.plexus.classworlds.launcher.Launcher -Dmaven.ext.class.path=C:\Program Files\Apache NetBeans\java\maven-nblib\netbeans-eventspy.jar --no-transfer-progress install
java_class_path (initial): C:\Program Files\Apache NetBeans\java\maven\boot\plexus-classworlds-2.9.0.jar
Launcher Type: SUN_STANDARD

[Global flags]
     intx CICompilerCount                          = 2                                         {product} {ergonomic}
     uint ConcGCThreads                            = 1                                         {product} {ergonomic}
     uint G1ConcRefinementThreads                  = 2                                         {product} {ergonomic}
   size_t G1HeapRegionSize                         = 1048576                                   {product} {ergonomic}
   size_t InitialHeapSize                          = 65011712                                  {product} {ergonomic}
   size_t MarkStackSize                            = 4194304                                   {product} {ergonomic}
   size_t MarkStackSizeMax                         = 536870912                                 {product} {ergonomic}
   size_t MaxHeapSize                              = 1027604480                                {product} {ergonomic}
   size_t MaxNewSize                               = 616562688                                 {product} {ergonomic}
   size_t MinHeapDeltaBytes                        = 1048576                                   {product} {ergonomic}
   size_t MinHeapSize                              = 8388608                                   {product} {ergonomic}
    uintx NonNMethodCodeHeapSize                   = 5767168                                {pd product} {ergonomic}
    uintx NonProfiledCodeHeapSize                  = 123011072                              {pd product} {ergonomic}
    uintx ProfiledCodeHeapSize                     = 122880000                              {pd product} {ergonomic}
    uintx ReservedCodeCacheSize                    = 251658240                              {pd product} {ergonomic}
     bool SegmentedCodeCache                       = true                                      {product} {ergonomic}
   size_t SoftMaxHeapSize                          = 1027604480                             {manageable} {ergonomic}
     bool UseCompressedOops                        = true                           {product lp64_product} {ergonomic}
     bool UseG1GC                                  = true                                      {product} {ergonomic}
     bool UseLargePagesIndividualAllocation        = false                                  {pd product} {ergonomic}

Logging:
Log output configuration:
 #0: stdout all=warning uptime,level,tags foldmultilines=false
 #1: stderr all=off uptime,level,tags foldmultilines=false

Release file:
IMPLEMENTOR="Eclipse Adoptium" 
IMPLEMENTOR_VERSION="Temurin-25.0.2+10" 
JAVA_RUNTIME_VERSION="25.0.2+10-LTS" 
JAVA_VERSION="25.0.2" 
JAVA_VERSION_DATE="2026-01-20" 
LIBC="default" 
MODULES="java.base java.compiler java.datatransfer java.xml java.prefs java.desktop java.instrument java.logging java.management java.security.sasl java.naming java.rmi java.management.rmi java.net.http java.scripting java.security.jgss java.transaction.xa java.sql java.sql.rowset java.xml.crypto java.se java.smartcardio jdk.accessibility jdk.internal.jvmstat jdk.attach jdk.charsets jdk.internal.opt jdk.zipfs jdk.compiler jdk.crypto.cryptoki jdk.crypto.ec jdk.crypto.mscapi jdk.dynalink jdk.internal.ed jdk.editpad jdk.internal.vm.ci jdk.graal.compiler jdk.graal.compiler.management jdk.hotspot.agent jdk.httpserver jdk.incubator.vector jdk.internal.le jdk.internal.md jdk.jartool jdk.javadoc jdk.jcmd jdk.management jdk.management.agent jdk.jconsole jdk.jdeps jdk.jdwp.agent jdk.jdi jdk.jfr jdk.jlink jdk.jpackage jdk.jshell jdk.jsobject jdk.jstatd jdk.localedata jdk.management.jfr jdk.naming.dns jdk.naming.rmi jdk.net jdk.nio.mapmode jdk.sctp jdk.security.auth jdk.security.jgss jdk.unsupported jdk.unsupported.desktop jdk.xml.dom" 
OS_ARCH="x86_64" 
OS_NAME="Windows" 
SOURCE=".:git:9e3c947043a4" 
BUILD_SOURCE="git:458965074606f027bd5afce2cfd5c1055dea0438"
BUILD_SOURCE_REPO="https://github.com/adoptium/temurin-build.git"
SOURCE_REPO="https://github.com/adoptium/jdk25u.git"
FULL_VERSION="25.0.2+10-LTS"
SEMANTIC_VERSION="25.0.2+10"
BUILD_INFO="OS: Windows Server 2022 Version: 10.0"
JVM_VARIANT="Hotspot"
JVM_VERSION="25.0.2+10-LTS"
IMAGE_TYPE="JDK"

Environment Variables:
JAVA_HOME=C:\Program Files\Apache NetBeans\jdk
PATH=C:\WINDOWS\system32;C:\WINDOWS;C:\WINDOWS\System32\Wbem;C:\WINDOWS\System32\WindowsPowerShell\v1.0\;C:\WINDOWS\System32\OpenSSH\;C:\Program Files\Git\cmd;C:\Users\ASUS\AppData\Local\Microsoft\WindowsApps;;C:\Program Files\Apache NetBeans\bin\
USERNAME=ASUS
OS=Windows_NT
PROCESSOR_IDENTIFIER=Intel64 Family 6 Model 122 Stepping 1, GenuineIntel
TMP=C:\Users\ASUS\AppData\Local\Temp
TEMP=C:\Users\ASUS\AppData\Local\Temp




Compilation memory statistics disabled.

Periodic native trim disabled

---------------  S Y S T E M  ---------------

OS:
 Windows 11 , 64 bit Build 26100 (10.0.26100.8115)
OS uptime: 0 days 0:58 hours

CPU: total 2 (initial active 2) (2 cores per cpu, 1 threads per core) family 6 model 122 stepping 1 microcode 0x34, cx8, cmov, fxsr, mmx, 3dnowpref, sse, sse2, sse3, ssse3, sse4.1, sse4.2, popcnt, tsc, tscinvbit, aes, erms, clmul, sha, clflush, clflushopt, rdtscp, rdpid
Processor Information for the first 2 processors :
  Max Mhz: 1101, Current Mhz: 1101, Mhz Limit: 1101

Memory: 4k page, system-wide physical 3919M (231M free)
TotalPageFile size 15695M (AvailPageFile size 7M)
current process WorkingSet (physical memory assigned to process): 31M, peak: 57M
current process commit charge ("private bytes"): 149M, peak: 152M

vm_info: OpenJDK 64-Bit Server VM (25.0.2+10-LTS) for windows-amd64 JRE (25.0.2+10-LTS), built on 2026-01-20T00:00:00Z with MS VC++ 17.12 (VS2022)

END.
