#
# There is insufficient memory for the Java Runtime Environment to continue.
# Native memory allocation (malloc) failed to allocate 1449368 bytes. Error detail: Chunk::new
# Possible reasons:
#   The system is out of physical RAM or swap space
#   This process is running with CompressedOops enabled, and the Java Heap may be blocking the growth of the native heap
# Possible solutions:
#   Reduce memory load on the system
#   Increase physical memory or swap space
#   Check if swap backing store is full
#   Decrease Java heap size (-Xmx/-Xms)
#   Decrease number of Java threads
#   Decrease Java thread stack sizes (-Xss)
#   Set larger code cache with -XX:ReservedCodeCacheSize=
#   JVM is running with Unscaled Compressed Oops mode in which the Java heap is
#     placed in the first 4GB address space. The Java Heap base address is the
#     maximum limit for the native heap growth. Please use -XX:HeapBaseMinAddress
#     to set the Java Heap base and to place the Java Heap above 4GB virtual address.
# This output file may be truncated or incomplete.
#
#  Out of Memory Error (arena.cpp:186), pid=24572, tid=28528
#
# JRE version: OpenJDK Runtime Environment Temurin-25.0.2+10 (25.0.2+10) (build 25.0.2+10-LTS)
# Java VM: OpenJDK 64-Bit Server VM Temurin-25.0.2+10 (25.0.2+10-LTS, mixed mode, sharing, tiered, compressed oops, compressed class ptrs, g1 gc, windows-amd64)
# No core dump will be written. Minidumps are not enabled by default on client versions of Windows
#

---------------  S U M M A R Y ------------

Command Line: --enable-native-access=ALL-UNNAMED -Dclassworlds.conf=C:\Program Files\Apache NetBeans\java\maven\bin\m2.conf -Dmaven.home=C:\Program Files\Apache NetBeans\java\maven -Dlibrary.jansi.path=C:\Program Files\Apache NetBeans\java\maven\lib\jansi-native -Dmaven.multiModuleProjectDirectory=C:\Users\ASUS\Documents\NetBeansProjects\Lubiproject1 org.codehaus.plexus.classworlds.launcher.Launcher -Dmaven.ext.class.path=C:\Program Files\Apache NetBeans\java\maven-nblib\netbeans-eventspy.jar --no-transfer-progress install

Host: Intel(R) Celeron(R) N4000 CPU @ 1.10GHz, 2 cores, 3G,  Windows 11 , 64 bit Build 26100 (10.0.26100.8115)
Time: Fri Apr  3 20:27:25 2026 SE Asia Standard Time elapsed time: 442.800961 seconds (0d 0h 7m 22s)

---------------  T H R E A D  ---------------

Current thread (0x000001d6e638fed0):  JavaThread "C2 CompilerThread0" daemon [_thread_in_native, id=28528, stack(0x0000000bb4500000,0x0000000bb4600000) (1024K)]


Current CompileTask:
C2:442801 1488       4       java.lang.String::replace (42 bytes)

Stack: [0x0000000bb4500000,0x0000000bb4600000]
Native frames: (J=compiled Java code, j=interpreted, Vv=VM code, C=native code)
V  [jvm.dll+0x7a8bc9]  (no source info available)
V  [jvm.dll+0x77310d]  (no source info available)
V  [jvm.dll+0x9f55f3]  (no source info available)
V  [jvm.dll+0x9f7be1]  (no source info available)
V  [jvm.dll+0x9f82f3]  (no source info available)
V  [jvm.dll+0x2fce26]  (no source info available)
V  [jvm.dll+0x111076]  (no source info available)
V  [jvm.dll+0x11139e]  (no source info available)
V  [jvm.dll+0x19fff2]  (no source info available)
V  [jvm.dll+0x3b5f62]  (no source info available)
V  [jvm.dll+0x7ae53c]  (no source info available)
V  [jvm.dll+0x2c0407]  (no source info available)
V  [jvm.dll+0x2bf3cf]  (no source info available)
V  [jvm.dll+0x237140]  (no source info available)
V  [jvm.dll+0x2cf4c6]  (no source info available)
V  [jvm.dll+0x2cd74a]  (no source info available)
V  [jvm.dll+0x48fbee]  (no source info available)
V  [jvm.dll+0x996b0d]  (no source info available)
V  [jvm.dll+0x7a71a5]  (no source info available)
C  [ucrtbase.dll+0x37b0]  (no source info available)
C  [KERNEL32.DLL+0x2e8d7]  (no source info available)
C  [ntdll.dll+0x8c3fc]  (no source info available)

Lock stack of current Java thread (top to bottom):


---------------  P R O C E S S  ---------------

Threads class SMR info:
_java_thread_list=0x000001d6e6454d40, length=11, elements={
0x000001d6c934d630, 0x000001d6e63838b0, 0x000001d6e6384710, 0x000001d6e638b3e0,
0x000001d6e638d450, 0x000001d6e638e420, 0x000001d6e638efe0, 0x000001d6e638fed0,
0x000001d6e6409d30, 0x000001d6eb0024e0, 0x000001d6e64d0390
}

Java Threads: ( => current thread )
  0x000001d6c934d630 JavaThread "main"                              [_thread_in_native, id=3456, stack(0x0000000bb3600000,0x0000000bb3700000) (1024K)]
  0x000001d6e63838b0 JavaThread "Reference Handler"          daemon [_thread_blocked, id=21516, stack(0x0000000bb3f00000,0x0000000bb4000000) (1024K)]
  0x000001d6e6384710 JavaThread "Finalizer"                  daemon [_thread_blocked, id=17960, stack(0x0000000bb4000000,0x0000000bb4100000) (1024K)]
  0x000001d6e638b3e0 JavaThread "Signal Dispatcher"          daemon [_thread_blocked, id=27620, stack(0x0000000bb4100000,0x0000000bb4200000) (1024K)]
  0x000001d6e638d450 JavaThread "Attach Listener"            daemon [_thread_blocked, id=27304, stack(0x0000000bb4200000,0x0000000bb4300000) (1024K)]
  0x000001d6e638e420 JavaThread "Service Thread"             daemon [_thread_blocked, id=20384, stack(0x0000000bb4300000,0x0000000bb4400000) (1024K)]
  0x000001d6e638efe0 JavaThread "Monitor Deflation Thread"   daemon [_thread_blocked, id=13740, stack(0x0000000bb4400000,0x0000000bb4500000) (1024K)]
=>0x000001d6e638fed0 JavaThread "C2 CompilerThread0"         daemon [_thread_in_native, id=28528, stack(0x0000000bb4500000,0x0000000bb4600000) (1024K)]
  0x000001d6e6409d30 JavaThread "C1 CompilerThread0"         daemon [_thread_blocked, id=8292, stack(0x0000000bb4600000,0x0000000bb4700000) (1024K)]
  0x000001d6eb0024e0 JavaThread "Notification Thread"        daemon [_thread_blocked, id=25720, stack(0x0000000bb4700000,0x0000000bb4800000) (1024K)]
  0x000001d6e64d0390 JavaThread "Common-Cleaner"             daemon [_thread_blocked, id=22868, stack(0x0000000bb4800000,0x0000000bb4900000) (1024K)]
Total: 11

Other Threads:
  0x000001d6cb6ed150 VMThread "VM Thread"                           [id=17348, stack(0x0000000bb3e00000,0x0000000bb3f00000) (1024K)]
  0x000001d6cb6e6220 WatcherThread "VM Periodic Task Thread"        [id=27096, stack(0x0000000bb3d00000,0x0000000bb3e00000) (1024K)]
  0x000001d6cb6655a0 WorkerThread "GC Thread#0"                     [id=21336, stack(0x0000000bb3800000,0x0000000bb3900000) (1024K)]
  0x000001d6e6874ee0 WorkerThread "GC Thread#1"                     [id=25536, stack(0x0000000bb3500000,0x0000000bb3600000) (1024K)]
  0x000001d6cb671e30 ConcurrentGCThread "G1 Main Marker"            [id=25660, stack(0x0000000bb3900000,0x0000000bb3a00000) (1024K)]
  0x000001d6cb6729d0 WorkerThread "G1 Conc#0"                       [id=27536, stack(0x0000000bb3a00000,0x0000000bb3b00000) (1024K)]
  0x000001d6cb68d180 ConcurrentGCThread "G1 Refine#0"               [id=9044, stack(0x0000000bb3b00000,0x0000000bb3c00000) (1024K)]
  0x000001d6cb68dd90 ConcurrentGCThread "G1 Service"                [id=8124, stack(0x0000000bb3c00000,0x0000000bb3d00000) (1024K)]
Total: 8

Threads with active compile tasks:
C2 CompilerThread0  451011 1488       4       java.lang.String::replace (42 bytes)
Total: 1

VM state: not at safepoint (normal execution)

VM Mutex/Monitor currently owned by a thread: None

Heap address: 0x00000000c2c00000, size: 980 MB, Compressed Oops mode: 32-bit

CDS archive(s) mapped at: [0x000000003b000000-0x000000003bdd0000-0x000000003bdd0000), size 14483456, SharedBaseAddress: 0x000000003b000000, ArchiveRelocationMode: 1.
Compressed class space mapped at: 0x000000003c000000-0x000000007c000000, reserved size: 1073741824
UseCompressedClassPointers 1, UseCompactObjectHeaders 0
Narrow klass pointer bits 32, Max shift 3
Narrow klass base: 0x000000003b000000, Narrow klass shift: 0
Encoding Range: [0x000000003b000000 - 0x000000013b000000), (4294967296 bytes)
Klass Range:    [0x000000003b010000 - 0x000000007c000000), (1090453504 bytes)
Klass ID Range:  [65536 - 1090519033) (1090453497)
Protection zone: [0x000000003b000000 - 0x000000003b010000), (65536 bytes)

GC Precious Log:
 CardTable entry size: 512
 Card Set container configuration: InlinePtr #cards 5 size 8 Array Of Cards #cards 10 size 36 Howl #buckets 4 coarsen threshold 1843 Howl Bitmap #cards 512 size 80 coarsen threshold 460 Card regions per heap region 1 cards per card region 2048
 CPUs: 2 total, 2 available
 Memory: 3919M
 Large Page Support: Disabled
 NUMA Support: Disabled
 Compressed Oops: Enabled (32-bit)
 Heap Region Size: 1M
 Heap Min Capacity: 8M
 Heap Initial Capacity: 62M
 Heap Max Capacity: 980M
 Pre-touch: Disabled
 Parallel Workers: 2
 Concurrent Workers: 1
 Concurrent Refinement Workers: 2
 Periodic GC: Disabled

Heap:
 garbage-first heap   total reserved 1003520K, committed 65536K, used 19184K [0x00000000c2c00000, 0x0000000100000000)
  region size 1024K, 18 young (18432K), 2 survivors (2048K)

Heap Regions: E=young(eden), S=young(survivor), O=old, HS=humongous(starts), HC=humongous(continues), CS=collection set, F=free, TAMS=top-at-mark-start, PB=parsable bottom
|   0|0x00000000c2c00000, 0x00000000c2c97420, 0x00000000c2d00000| 59%| O|  |TAMS 0x00000000c2c00000| PB 0x00000000c2c00000| Untracked |  0
|   1|0x00000000c2d00000, 0x00000000c2d00000, 0x00000000c2e00000|  0%| F|  |TAMS 0x00000000c2d00000| PB 0x00000000c2d00000| Untracked |  0
|   2|0x00000000c2e00000, 0x00000000c2e00000, 0x00000000c2f00000|  0%| F|  |TAMS 0x00000000c2e00000| PB 0x00000000c2e00000| Untracked |  0
|   3|0x00000000c2f00000, 0x00000000c2f00000, 0x00000000c3000000|  0%| F|  |TAMS 0x00000000c2f00000| PB 0x00000000c2f00000| Untracked |  0
|   4|0x00000000c3000000, 0x00000000c3000000, 0x00000000c3100000|  0%| F|  |TAMS 0x00000000c3000000| PB 0x00000000c3000000| Untracked |  0
|   5|0x00000000c3100000, 0x00000000c3100000, 0x00000000c3200000|  0%| F|  |TAMS 0x00000000c3100000| PB 0x00000000c3100000| Untracked |  0
|   6|0x00000000c3200000, 0x00000000c3200000, 0x00000000c3300000|  0%| F|  |TAMS 0x00000000c3200000| PB 0x00000000c3200000| Untracked |  0
|   7|0x00000000c3300000, 0x00000000c3300000, 0x00000000c3400000|  0%| F|  |TAMS 0x00000000c3300000| PB 0x00000000c3300000| Untracked |  0
|   8|0x00000000c3400000, 0x00000000c3400000, 0x00000000c3500000|  0%| F|  |TAMS 0x00000000c3400000| PB 0x00000000c3400000| Untracked |  0
|   9|0x00000000c3500000, 0x00000000c3500000, 0x00000000c3600000|  0%| F|  |TAMS 0x00000000c3500000| PB 0x00000000c3500000| Untracked |  0
|  10|0x00000000c3600000, 0x00000000c3600000, 0x00000000c3700000|  0%| F|  |TAMS 0x00000000c3600000| PB 0x00000000c3600000| Untracked |  0
|  11|0x00000000c3700000, 0x00000000c3700000, 0x00000000c3800000|  0%| F|  |TAMS 0x00000000c3700000| PB 0x00000000c3700000| Untracked |  0
|  12|0x00000000c3800000, 0x00000000c3800000, 0x00000000c3900000|  0%| F|  |TAMS 0x00000000c3800000| PB 0x00000000c3800000| Untracked |  0
|  13|0x00000000c3900000, 0x00000000c3900000, 0x00000000c3a00000|  0%| F|  |TAMS 0x00000000c3900000| PB 0x00000000c3900000| Untracked |  0
|  14|0x00000000c3a00000, 0x00000000c3a00000, 0x00000000c3b00000|  0%| F|  |TAMS 0x00000000c3a00000| PB 0x00000000c3a00000| Untracked |  0
|  15|0x00000000c3b00000, 0x00000000c3b00000, 0x00000000c3c00000|  0%| F|  |TAMS 0x00000000c3b00000| PB 0x00000000c3b00000| Untracked |  0
|  16|0x00000000c3c00000, 0x00000000c3c00000, 0x00000000c3d00000|  0%| F|  |TAMS 0x00000000c3c00000| PB 0x00000000c3c00000| Untracked |  0
|  17|0x00000000c3d00000, 0x00000000c3d00000, 0x00000000c3e00000|  0%| F|  |TAMS 0x00000000c3d00000| PB 0x00000000c3d00000| Untracked |  0
|  18|0x00000000c3e00000, 0x00000000c3e00000, 0x00000000c3f00000|  0%| F|  |TAMS 0x00000000c3e00000| PB 0x00000000c3e00000| Untracked |  0
|  19|0x00000000c3f00000, 0x00000000c3f00000, 0x00000000c4000000|  0%| F|  |TAMS 0x00000000c3f00000| PB 0x00000000c3f00000| Untracked |  0
|  20|0x00000000c4000000, 0x00000000c4000000, 0x00000000c4100000|  0%| F|  |TAMS 0x00000000c4000000| PB 0x00000000c4000000| Untracked |  0
|  21|0x00000000c4100000, 0x00000000c4100000, 0x00000000c4200000|  0%| F|  |TAMS 0x00000000c4100000| PB 0x00000000c4100000| Untracked |  0
|  22|0x00000000c4200000, 0x00000000c4200000, 0x00000000c4300000|  0%| F|  |TAMS 0x00000000c4200000| PB 0x00000000c4200000| Untracked |  0
|  23|0x00000000c4300000, 0x00000000c4300000, 0x00000000c4400000|  0%| F|  |TAMS 0x00000000c4300000| PB 0x00000000c4300000| Untracked |  0
|  24|0x00000000c4400000, 0x00000000c4400000, 0x00000000c4500000|  0%| F|  |TAMS 0x00000000c4400000| PB 0x00000000c4400000| Untracked |  0
|  25|0x00000000c4500000, 0x00000000c4500000, 0x00000000c4600000|  0%| F|  |TAMS 0x00000000c4500000| PB 0x00000000c4500000| Untracked |  0
|  26|0x00000000c4600000, 0x00000000c4600000, 0x00000000c4700000|  0%| F|  |TAMS 0x00000000c4600000| PB 0x00000000c4600000| Untracked |  0
|  27|0x00000000c4700000, 0x00000000c4700000, 0x00000000c4800000|  0%| F|  |TAMS 0x00000000c4700000| PB 0x00000000c4700000| Untracked |  0
|  28|0x00000000c4800000, 0x00000000c4800000, 0x00000000c4900000|  0%| F|  |TAMS 0x00000000c4800000| PB 0x00000000c4800000| Untracked |  0
|  29|0x00000000c4900000, 0x00000000c4900000, 0x00000000c4a00000|  0%| F|  |TAMS 0x00000000c4900000| PB 0x00000000c4900000| Untracked |  0
|  30|0x00000000c4a00000, 0x00000000c4a00000, 0x00000000c4b00000|  0%| F|  |TAMS 0x00000000c4a00000| PB 0x00000000c4a00000| Untracked |  0
|  31|0x00000000c4b00000, 0x00000000c4b00000, 0x00000000c4c00000|  0%| F|  |TAMS 0x00000000c4b00000| PB 0x00000000c4b00000| Untracked |  0
|  32|0x00000000c4c00000, 0x00000000c4c00000, 0x00000000c4d00000|  0%| F|  |TAMS 0x00000000c4c00000| PB 0x00000000c4c00000| Untracked |  0
|  33|0x00000000c4d00000, 0x00000000c4d00000, 0x00000000c4e00000|  0%| F|  |TAMS 0x00000000c4d00000| PB 0x00000000c4d00000| Untracked |  0
|  34|0x00000000c4e00000, 0x00000000c4e00000, 0x00000000c4f00000|  0%| F|  |TAMS 0x00000000c4e00000| PB 0x00000000c4e00000| Untracked |  0
|  35|0x00000000c4f00000, 0x00000000c4f00000, 0x00000000c5000000|  0%| F|  |TAMS 0x00000000c4f00000| PB 0x00000000c4f00000| Untracked |  0
|  36|0x00000000c5000000, 0x00000000c5000000, 0x00000000c5100000|  0%| F|  |TAMS 0x00000000c5000000| PB 0x00000000c5000000| Untracked |  0
|  37|0x00000000c5100000, 0x00000000c5100000, 0x00000000c5200000|  0%| F|  |TAMS 0x00000000c5100000| PB 0x00000000c5100000| Untracked |  0
|  38|0x00000000c5200000, 0x00000000c5200000, 0x00000000c5300000|  0%| F|  |TAMS 0x00000000c5200000| PB 0x00000000c5200000| Untracked |  0
|  39|0x00000000c5300000, 0x00000000c5300000, 0x00000000c5400000|  0%| F|  |TAMS 0x00000000c5300000| PB 0x00000000c5300000| Untracked |  0
|  40|0x00000000c5400000, 0x00000000c5400000, 0x00000000c5500000|  0%| F|  |TAMS 0x00000000c5400000| PB 0x00000000c5400000| Untracked |  0
|  41|0x00000000c5500000, 0x00000000c5500000, 0x00000000c5600000|  0%| F|  |TAMS 0x00000000c5500000| PB 0x00000000c5500000| Untracked |  0
|  42|0x00000000c5600000, 0x00000000c5600000, 0x00000000c5700000|  0%| F|  |TAMS 0x00000000c5600000| PB 0x00000000c5600000| Untracked |  0
|  43|0x00000000c5700000, 0x00000000c5700000, 0x00000000c5800000|  0%| F|  |TAMS 0x00000000c5700000| PB 0x00000000c5700000| Untracked |  0
|  44|0x00000000c5800000, 0x00000000c583b668, 0x00000000c5900000| 23%| E|  |TAMS 0x00000000c5800000| PB 0x00000000c5800000| Complete |  0
|  45|0x00000000c5900000, 0x00000000c5a00000, 0x00000000c5a00000|100%| E|CS|TAMS 0x00000000c5900000| PB 0x00000000c5900000| Complete |  0
|  46|0x00000000c5a00000, 0x00000000c5b00000, 0x00000000c5b00000|100%| S|CS|TAMS 0x00000000c5a00000| PB 0x00000000c5a00000| Complete |  0
|  47|0x00000000c5b00000, 0x00000000c5c00000, 0x00000000c5c00000|100%| S|CS|TAMS 0x00000000c5b00000| PB 0x00000000c5b00000| Complete |  0
|  48|0x00000000c5c00000, 0x00000000c5d00000, 0x00000000c5d00000|100%| E|CS|TAMS 0x00000000c5c00000| PB 0x00000000c5c00000| Complete |  0
|  49|0x00000000c5d00000, 0x00000000c5e00000, 0x00000000c5e00000|100%| E|CS|TAMS 0x00000000c5d00000| PB 0x00000000c5d00000| Complete |  0
|  50|0x00000000c5e00000, 0x00000000c5f00000, 0x00000000c5f00000|100%| E|CS|TAMS 0x00000000c5e00000| PB 0x00000000c5e00000| Complete |  0
|  51|0x00000000c5f00000, 0x00000000c6000000, 0x00000000c6000000|100%| E|CS|TAMS 0x00000000c5f00000| PB 0x00000000c5f00000| Complete |  0
|  52|0x00000000c6000000, 0x00000000c6100000, 0x00000000c6100000|100%| E|CS|TAMS 0x00000000c6000000| PB 0x00000000c6000000| Complete |  0
|  53|0x00000000c6100000, 0x00000000c6200000, 0x00000000c6200000|100%| E|CS|TAMS 0x00000000c6100000| PB 0x00000000c6100000| Complete |  0
|  54|0x00000000c6200000, 0x00000000c6300000, 0x00000000c6300000|100%| E|CS|TAMS 0x00000000c6200000| PB 0x00000000c6200000| Complete |  0
|  55|0x00000000c6300000, 0x00000000c6400000, 0x00000000c6400000|100%| E|CS|TAMS 0x00000000c6300000| PB 0x00000000c6300000| Complete |  0
|  56|0x00000000c6400000, 0x00000000c6500000, 0x00000000c6500000|100%| E|CS|TAMS 0x00000000c6400000| PB 0x00000000c6400000| Complete |  0
|  57|0x00000000c6500000, 0x00000000c6600000, 0x00000000c6600000|100%| E|CS|TAMS 0x00000000c6500000| PB 0x00000000c6500000| Complete |  0
|  58|0x00000000c6600000, 0x00000000c6700000, 0x00000000c6700000|100%| E|CS|TAMS 0x00000000c6600000| PB 0x00000000c6600000| Complete |  0
|  59|0x00000000c6700000, 0x00000000c6800000, 0x00000000c6800000|100%| E|CS|TAMS 0x00000000c6700000| PB 0x00000000c6700000| Complete |  0
|  60|0x00000000c6800000, 0x00000000c6900000, 0x00000000c6900000|100%| E|CS|TAMS 0x00000000c6800000| PB 0x00000000c6800000| Complete |  0
|  61|0x00000000c6900000, 0x00000000c6a00000, 0x00000000c6a00000|100%| E|CS|TAMS 0x00000000c6900000| PB 0x00000000c6900000| Complete |  0
| 978|0x00000000ffe00000, 0x00000000fff00000, 0x00000000fff00000|100%| O|  |TAMS 0x00000000ffe00000| PB 0x00000000ffe00000| Untracked |  0
| 979|0x00000000fff00000, 0x00000000fff24ea8, 0x0000000100000000| 14%| O|  |TAMS 0x00000000fff00000| PB 0x00000000fff00000| Untracked |  0

Card table byte_map: [0x000001d6cb3e0000,0x000001d6cb5d0000] _byte_map_base: 0x000001d6cadca000

Marking Bits: (CMBitMap*) 0x000001d6cb665d30
 Bits: [0x000001d6e3120000, 0x000001d6e4070000)

Polling page: 0x000001d6c9440000

Metaspace:
Metaspace        used 6283K, committed 6464K, reserved 1114112K
 class space     used 755K, committed 832K, reserved 1048576K

Usage:
  Non-class:      5.40 MB used.
      Class:    755.62 KB used.
       Both:      6.14 MB used.

Virtual space:
  Non-class space:       64.00 MB reserved,       5.50 MB (  9%) committed,  1 nodes.
      Class space:        1.00 GB reserved,     832.00 KB ( <1%) committed,  1 nodes.
             Both:        1.06 GB reserved,       6.31 MB ( <1%) committed. 

Chunk freelists:
   Non-Class:  8.69 MB
       Class:  15.19 MB
        Both:  23.88 MB

MaxMetaspaceSize: unlimited
CompressedClassSpaceSize: 1.00 GB
Initial GC threshold: 21.00 MB
Current GC threshold: 21.00 MB
CDS: on
 - commit_granule_bytes: 65536.
 - commit_granule_words: 8192.
 - virtual_space_node_default_size: 8388608.
 - enlarge_chunks_in_place: 1.
UseCompressedClassPointers 1, UseCompactObjectHeaders 0
Narrow klass pointer bits 32, Max shift 3
Narrow klass base: 0x000000003b000000, Narrow klass shift: 0
Encoding Range: [0x000000003b000000 - 0x000000013b000000), (4294967296 bytes)
Klass Range:    [0x000000003b010000 - 0x000000007c000000), (1090453504 bytes)
Klass ID Range:  [65536 - 1090519033) (1090453497)
Protection zone: [0x000000003b000000 - 0x000000003b010000), (65536 bytes)


Internal statistics:

num_allocs_failed_limit: 0.
num_arena_births: 56.
num_arena_deaths: 0.
num_vsnodes_births: 2.
num_vsnodes_deaths: 0.
num_space_committed: 101.
num_space_uncommitted: 0.
num_chunks_returned_to_freelist: 0.
num_chunks_taken_from_freelist: 246.
num_chunk_merges: 0.
num_chunk_splits: 157.
num_chunks_enlarged: 130.
num_inconsistent_stats: 0.

CodeHeap 'non-profiled nmethods': size=120128Kb used=443Kb max_used=443Kb free=119684Kb
 bounds [0x000001d6dbbd0000, 0x000001d6dbe40000, 0x000001d6e3120000]
CodeHeap 'profiled nmethods': size=120000Kb used=2241Kb max_used=2241Kb free=117758Kb
 bounds [0x000001d6d4120000, 0x000001d6d4390000, 0x000001d6db650000]
CodeHeap 'non-nmethods': size=5632Kb used=1343Kb max_used=1364Kb free=4288Kb
 bounds [0x000001d6db650000, 0x000001d6db8c0000, 0x000001d6dbbd0000]
CodeCache: size=245760Kb, used=4027Kb, max_used=4048Kb, free=241730Kb
 total_blobs=1966, nmethods=1496, adapters=374, full_count=0
Compilation: enabled, stopped_count=0, restarted_count=0

Compilation events (20 events):
Event: 429.041 Thread 0x000001d6e6409d30 nmethod 1479 0x000001d6d4342688 code [0x000001d6d4342780, 0x000001d6d4342948]
Event: 429.068 Thread 0x000001d6e6409d30 1480       3       java.nio.HeapByteBuffer::byteOffset (7 bytes)
Event: 429.069 Thread 0x000001d6e6409d30 nmethod 1480 0x000001d6d4342988 code [0x000001d6d4342a80, 0x000001d6d4342b90]
Event: 429.078 Thread 0x000001d6e6409d30 1481       3       java.lang.Integer::parseInt (314 bytes)
Event: 429.081 Thread 0x000001d6e6409d30 nmethod 1481 0x000001d6d4342c88 code [0x000001d6d4342d80, 0x000001d6d4344b18]
Event: 435.314 Thread 0x000001d6e6409d30 1482   !   3       java.net.URL::getURLStreamHandler (191 bytes)
Event: 435.317 Thread 0x000001d6e6409d30 nmethod 1482 0x000001d6d4344b88 code [0x000001d6d4344c80, 0x000001d6d4345a70]
Event: 435.879 Thread 0x000001d6e638fed0 1483       4       java.util.Objects::checkFromIndexSize (8 bytes)
Event: 435.906 Thread 0x000001d6e638fed0 nmethod 1483 0x000001d6dbc3e208 code [0x000001d6dbc3e300, 0x000001d6dbc3e3c0]
Event: 436.145 Thread 0x000001d6e6409d30 1484       3       java.nio.HeapByteBuffer::getShort (29 bytes)
Event: 436.202 Thread 0x000001d6e6409d30 nmethod 1484 0x000001d6d4345a88 code [0x000001d6d4345b80, 0x000001d6d4346710]
Event: 436.202 Thread 0x000001d6e6409d30 1485   !   3       jdk.internal.misc.ScopedMemoryAccess::getShortUnaligned (18 bytes)
Event: 436.202 Thread 0x000001d6e6409d30 nmethod 1485 0x000001d6d4346788 code [0x000001d6d4346880, 0x000001d6d4346e10]
Event: 436.202 Thread 0x000001d6e6409d30 1486   !   3       jdk.internal.misc.ScopedMemoryAccess::getShortUnalignedInternal (36 bytes)
Event: 436.203 Thread 0x000001d6e6409d30 nmethod 1486 0x000001d6d4346e88 code [0x000001d6d4346f80, 0x000001d6d4347398]
Event: 438.493 Thread 0x000001d6e6409d30 1487       3       com.google.inject.internal.MoreTypes::equals (282 bytes)
Event: 438.493 Thread 0x000001d6e638fed0 1488       4       java.lang.String::replace (42 bytes)
Event: 438.495 Thread 0x000001d6e6409d30 nmethod 1487 0x000001d6d4347408 code [0x000001d6d4347500, 0x000001d6d4349f40]
Event: 438.495 Thread 0x000001d6e6409d30 1489       3       com.google.inject.internal.AbstractBindingBuilder::setBinding (22 bytes)
Event: 438.495 Thread 0x000001d6e6409d30 nmethod 1489 0x000001d6d4349f88 code [0x000001d6d434a080, 0x000001d6d434a2c8]

GC Heap Usage History (2 events):
Event: 243.744 {heap Before GC invocations=0 (full 0):
 garbage-first heap   total reserved 1003520K, committed 65536K, used 14483K [0x00000000c2c00000, 0x0000000100000000)
  region size 1024K, 14 young (14336K), 0 survivors (0K)
}
Event: 261.166 {heap After GC invocations=1 (full 0):
 garbage-first heap   total reserved 1003520K, committed 65536K, used 3824K [0x00000000c2c00000, 0x0000000100000000)
  region size 1024K, 2 young (2048K), 2 survivors (2048K)
}

Metaspace Usage History (2 events):
Event: 243.745 {metaspace Before GC invocations=0 (full 0):
 Metaspace       used 4252K, committed 4480K, reserved 1114112K
  class space    used 465K, committed 576K, reserved 1048576K
}
Event: 261.166 {metaspace After GC invocations=1 (full 0):
 Metaspace       used 4252K, committed 4480K, reserved 1114112K
  class space    used 465K, committed 576K, reserved 1048576K
}

Dll operation events (7 events):
Event: 0.326 Loaded shared library C:\Program Files\Apache NetBeans\jdk\bin\java.dll
Event: 31.038 Loaded shared library C:\Program Files\Apache NetBeans\jdk\bin\net.dll
Event: 31.045 Loaded shared library C:\Program Files\Apache NetBeans\jdk\bin\nio.dll
Event: 32.247 Loaded shared library C:\Program Files\Apache NetBeans\jdk\bin\zip.dll
Event: 60.433 Loaded shared library C:\Program Files\Apache NetBeans\java\maven\lib\jansi-native\Windows\x86_64\jansi.dll
Event: 60.710 Loaded shared library C:\Program Files\Apache NetBeans\jdk\bin\verify.dll
Event: 65.200 Loaded shared library C:\Program Files\Apache NetBeans\jdk\bin\jimage.dll

Deoptimization events (20 events):
Event: 350.098 Thread 0x000001d6c934d630 Uncommon trap: trap_request=0xffffff45 fr.pc=0x000001d6dbc2cc18 relative=0x0000000000000918
Event: 350.098 Thread 0x000001d6c934d630 Uncommon trap: reason=unstable_if action=reinterpret pc=0x000001d6dbc2cc18 method=org.codehaus.plexus.util.xml.pull.MXParser.nextImpl()I @ 200 c2
Event: 350.098 Thread 0x000001d6c934d630 DEOPT PACKING pc=0x000001d6dbc2cc18 sp=0x0000000bb36fe1f0
Event: 350.098 Thread 0x000001d6c934d630 DEOPT UNPACKING pc=0x000001d6db6d857c sp=0x0000000bb36fe150 mode 2
Event: 366.363 Thread 0x000001d6c934d630 Uncommon trap: trap_request=0xffffff45 fr.pc=0x000001d6dbc2f3b0 relative=0x0000000000000a30
Event: 366.363 Thread 0x000001d6c934d630 Uncommon trap: reason=unstable_if action=reinterpret pc=0x000001d6dbc2f3b0 method=org.codehaus.plexus.util.xml.pull.MXParser.nextImpl()I @ 241 c2
Event: 366.363 Thread 0x000001d6c934d630 DEOPT PACKING pc=0x000001d6dbc2f3b0 sp=0x0000000bb36fe1f0
Event: 366.363 Thread 0x000001d6c934d630 DEOPT UNPACKING pc=0x000001d6db6d857c sp=0x0000000bb36fe150 mode 2
Event: 366.363 Thread 0x000001d6c934d630 Uncommon trap: trap_request=0xffffffde fr.pc=0x000001d6dbc2200c relative=0x000000000000010c
Event: 366.363 Thread 0x000001d6c934d630 Uncommon trap: reason=class_check action=maybe_recompile pc=0x000001d6dbc2200c method=java.nio.Buffer.<init>(IIIILjava/lang/foreign/MemorySegment;)V @ 39 c2
Event: 366.363 Thread 0x000001d6c934d630 DEOPT PACKING pc=0x000001d6dbc2200c sp=0x0000000bb36fdd20
Event: 366.363 Thread 0x000001d6c934d630 DEOPT UNPACKING pc=0x000001d6db6d857c sp=0x0000000bb36fdcd8 mode 2
Event: 392.215 Thread 0x000001d6c934d630 Uncommon trap: trap_request=0xffffffde fr.pc=0x000001d6dbc08ac8 relative=0x0000000000000248
Event: 392.215 Thread 0x000001d6c934d630 Uncommon trap: reason=class_check action=maybe_recompile pc=0x000001d6dbc08ac8 method=java.util.HashMap.getNode(Ljava/lang/Object;)Ljava/util/HashMap$Node; @ 128 c2
Event: 392.215 Thread 0x000001d6c934d630 DEOPT PACKING pc=0x000001d6dbc08ac8 sp=0x0000000bb36fdae0
Event: 392.215 Thread 0x000001d6c934d630 DEOPT UNPACKING pc=0x000001d6db6d857c sp=0x0000000bb36fda48 mode 2
Event: 394.225 Thread 0x000001d6c934d630 Uncommon trap: trap_request=0xffffffde fr.pc=0x000001d6dbc08ac8 relative=0x0000000000000248
Event: 394.225 Thread 0x000001d6c934d630 Uncommon trap: reason=class_check action=maybe_recompile pc=0x000001d6dbc08ac8 method=java.util.HashMap.getNode(Ljava/lang/Object;)Ljava/util/HashMap$Node; @ 128 c2
Event: 394.225 Thread 0x000001d6c934d630 DEOPT PACKING pc=0x000001d6dbc08ac8 sp=0x0000000bb36fdae0
Event: 394.225 Thread 0x000001d6c934d630 DEOPT UNPACKING pc=0x000001d6db6d857c sp=0x0000000bb36fda48 mode 2

Classes loaded (20 events):
Event: 315.687 Loading class java/lang/reflect/ParameterizedType
Event: 315.687 Loading class java/lang/reflect/ParameterizedType done
Event: 315.749 Loading class java/lang/reflect/WildcardType
Event: 315.749 Loading class java/lang/reflect/WildcardType done
Event: 316.017 Loading class sun/reflect/generics/tree/TypeVariableSignature
Event: 316.017 Loading class sun/reflect/generics/tree/TypeVariableSignature done
Event: 322.196 Loading class java/lang/annotation/IncompleteAnnotationException
Event: 322.196 Loading class java/lang/annotation/IncompleteAnnotationException done
Event: 326.736 Loading class jdk/internal/foreign/MemorySessionImpl
Event: 326.737 Loading class java/lang/foreign/MemorySegment$Scope
Event: 326.737 Loading class java/lang/foreign/MemorySegment$Scope done
Event: 326.737 Loading class jdk/internal/foreign/MemorySessionImpl done
Event: 340.373 Loading class java/lang/foreign/MemorySegment
Event: 340.374 Loading class java/lang/foreign/MemorySegment done
Event: 366.499 Loading class sun/reflect/generics/reflectiveObjects/TypeVariableImpl
Event: 366.499 Loading class sun/reflect/generics/reflectiveObjects/LazyReflectiveObjectGenerator
Event: 366.502 Loading class sun/reflect/generics/reflectiveObjects/LazyReflectiveObjectGenerator done
Event: 366.502 Loading class sun/reflect/generics/reflectiveObjects/TypeVariableImpl done
Event: 366.503 Loading class sun/reflect/generics/reflectiveObjects/ParameterizedTypeImpl
Event: 366.503 Loading class sun/reflect/generics/reflectiveObjects/ParameterizedTypeImpl done

Classes unloaded (0 events):
No events

Classes redefined (0 events):
No events

Internal exceptions (20 events):
Event: 60.451 Thread 0x000001d6c934d630 Exception <a 'java/lang/NullPointerException'{0x00000000c655afb8}> (0x00000000c655afb8) 
thrown [s\src\hotspot\share\interpreter\linkResolver.cpp, line 1416]
Event: 60.695 Thread 0x000001d6c934d630 Exception <a 'sun/nio/fs/WindowsException'{0x00000000c657c550}> (0x00000000c657c550) 
thrown [s\src\hotspot\share\prims\jni.cpp, line 516]
Event: 60.695 Thread 0x000001d6c934d630 Exception <a 'sun/nio/fs/WindowsException'{0x00000000c657cb80}> (0x00000000c657cb80) 
thrown [s\src\hotspot\share\prims\jni.cpp, line 516]
Event: 60.697 Thread 0x000001d6c934d630 Exception <a 'sun/nio/fs/WindowsException'{0x00000000c657d0e0}> (0x00000000c657d0e0) 
thrown [s\src\hotspot\share\prims\jni.cpp, line 516]
Event: 60.698 Thread 0x000001d6c934d630 Exception <a 'sun/nio/fs/WindowsException'{0x00000000c657d620}> (0x00000000c657d620) 
thrown [s\src\hotspot\share\prims\jni.cpp, line 516]
Event: 60.698 Thread 0x000001d6c934d630 Exception <a 'sun/nio/fs/WindowsException'{0x00000000c657db10}> (0x00000000c657db10) 
thrown [s\src\hotspot\share\prims\jni.cpp, line 516]
Event: 60.699 Thread 0x000001d6c934d630 Exception <a 'sun/nio/fs/WindowsException'{0x00000000c657dfb8}> (0x00000000c657dfb8) 
thrown [s\src\hotspot\share\prims\jni.cpp, line 516]
Event: 61.414 Thread 0x000001d6c934d630 Exception <a 'java/lang/NoSuchMethodError'{0x00000000c65b7610}: 'void java.lang.invoke.DirectMethodHandle$Holder.invokeVirtual(java.lang.Object, java.lang.Object)'> (0x00000000c65b7610) 
thrown [s\src\hotspot\share\interpreter\linkResolver.cpp, line 804]
Event: 61.759 Thread 0x000001d6c934d630 Exception <a 'java/lang/NoSuchMethodError'{0x00000000c65d8908}: 'void java.lang.invoke.DirectMethodHandle$Holder.invokeStatic(java.lang.Object, java.lang.Object)'> (0x00000000c65d8908) 
thrown [s\src\hotspot\share\interpreter\linkResolver.cpp, line 804]
Event: 62.449 Thread 0x000001d6c934d630 Exception <a 'java/lang/NoSuchMethodError'{0x00000000c65e09e0}: 'void java.lang.invoke.DirectMethodHandle$Holder.invokeStaticInit(java.lang.Object, java.lang.Object)'> (0x00000000c65e09e0) 
thrown [s\src\hotspot\share\interpreter\linkResolver.cpp, line 804]
Event: 63.059 Thread 0x000001d6c934d630 Exception <a 'java/lang/NoSuchMethodError'{0x00000000c641bee0}: 'void java.lang.invoke.DirectMethodHandle$Holder.invokeSpecial(java.lang.Object, java.lang.Object, java.lang.Object, java.lang.Object, java.lang.Object)'> (0x00000000c641bee0) 
thrown [s\src\hotspot\share\interpreter\linkResolver.cpp, line 804]
Event: 64.396 Thread 0x000001d6c934d630 Exception <a 'java/lang/NoSuchMethodError'{0x00000000c6457bf0}: 'void java.lang.invoke.DirectMethodHandle$Holder.invokeStatic(java.lang.Object, java.lang.Object, java.lang.Object)'> (0x00000000c6457bf0) 
thrown [s\src\hotspot\share\interpreter\linkResolver.cpp, line 804]
Event: 138.616 Thread 0x000001d6c934d630 Exception <a 'java/lang/NoSuchMethodError'{0x00000000c621dea0}: 'java.lang.Object java.lang.invoke.DirectMethodHandle$Holder.invokeSpecialIFC(java.lang.Object, java.lang.Object, java.lang.Object, java.lang.Object)'> (0x00000000c621dea0) 
thrown [s\src\hotspot\share\interpreter\linkResolver.cpp, line 804]
Event: 227.402 Thread 0x000001d6c934d630 Exception <a 'java/lang/NoSuchMethodError'{0x00000000c5d59910}: 'void java.lang.invoke.DirectMethodHandle$Holder.invokeSpecial(java.lang.Object, java.lang.Object, java.lang.Object)'> (0x00000000c5d59910) 
thrown [s\src\hotspot\share\interpreter\linkResolver.cpp, line 804]
Event: 237.895 Thread 0x000001d6c934d630 Exception <a 'java/lang/NoSuchMethodError'{0x00000000c5c74598}: 'java.lang.Object java.lang.invoke.DirectMethodHandle$Holder.invokeInterface(java.lang.Object, java.lang.Object)'> (0x00000000c5c74598) 
thrown [s\src\hotspot\share\interpreter\linkResolver.cpp, line 804]
Event: 277.363 Thread 0x000001d6c934d630 Exception <a 'java/lang/NoSuchMethodError'{0x00000000c691f380}: 'int java.lang.invoke.DirectMethodHandle$Holder.invokeStatic(java.lang.Object, java.lang.Object, java.lang.Object, java.lang.Object)'> (0x00000000c691f380) 
thrown [s\src\hotspot\share\interpreter\linkResolver.cpp, line 804]
Event: 277.768 Thread 0x000001d6c934d630 Exception <a 'java/lang/NoSuchMethodError'{0x00000000c6949330}: 'int java.lang.invoke.DirectMethodHandle$Holder.invokeSpecialIFC(java.lang.Object, java.lang.Object, java.lang.Object, java.lang.Object, java.lang.Object)'> (0x00000000c6949330) 
thrown [s\src\hotspot\share\interpreter\linkResolver.cpp, line 804]
Event: 302.440 Thread 0x000001d6c934d630 Exception <a 'java/lang/NoSuchMethodError'{0x00000000c6715a08}: 'java.lang.Object java.lang.invoke.DirectMethodHandle$Holder.newInvokeSpecial(java.lang.Object, java.lang.Object, java.lang.Object, java.lang.Object, java.lang.Object)'> (0x00000000c6715a08) 
thrown [s\src\hotspot\share\interpreter\linkResolver.cpp, line 804]
Event: 318.049 Thread 0x000001d6c934d630 Exception <a 'java/lang/NoSuchMethodError'{0x00000000c662f730}: 'int java.lang.invoke.DirectMethodHandle$Holder.invokeStaticInit(java.lang.Object, java.lang.Object)'> (0x00000000c662f730) 
thrown [s\src\hotspot\share\interpreter\linkResolver.cpp, line 804]
Event: 322.197 Thread 0x000001d6c934d630 Exception <a 'java/lang/NoClassDefFoundError'{0x00000000c66697c0}: javax/enterprise/inject/Typed> (0x00000000c66697c0) 
thrown [s\src\hotspot\share\classfile\systemDictionary.cpp, line 316]

VM Operations (12 events):
Event: 32.256 Executing non-safepoint VM operation: HandshakeAllThreads (Deoptimize)
Event: 32.256 Executing non-safepoint VM operation: HandshakeAllThreads (Deoptimize) done
Event: 60.117 Executing non-safepoint VM operation: HandshakeAllThreads (Deoptimize)
Event: 60.117 Executing non-safepoint VM operation: HandshakeAllThreads (Deoptimize) done
Event: 65.212 Executing non-safepoint VM operation: HandshakeAllThreads (Deoptimize)
Event: 119.556 Executing non-safepoint VM operation: HandshakeAllThreads (Deoptimize) done
Event: 243.744 Executing safepoint VM operation: G1CollectForAllocation (G1 Evacuation Pause)
Event: 261.167 Executing safepoint VM operation: G1CollectForAllocation (G1 Evacuation Pause) done
Event: 321.287 Executing non-safepoint VM operation: HandshakeAllThreads (HandshakeForDeflation)
Event: 321.298 Executing non-safepoint VM operation: HandshakeAllThreads (HandshakeForDeflation) done
Event: 321.308 Executing non-safepoint VM operation: RendezvousGCThreads
Event: 321.308 Executing non-safepoint VM operation: RendezvousGCThreads done

Memory protections (0 events):
No events

Nmethod flushes (0 events):
No events

Events (13 events):
Event: 2.997 Thread 0x000001d6c934d630 Thread added: 0x000001d6c934d630
Event: 3.521 Thread 0x000001d6c934d630 Thread added: 0x000001d6e63838b0
Event: 3.522 Thread 0x000001d6c934d630 Thread added: 0x000001d6e6384710
Event: 3.523 Thread 0x000001d6c934d630 Thread added: 0x000001d6e638b3e0
Event: 3.523 Thread 0x000001d6c934d630 Thread added: 0x000001d6e638d450
Event: 3.523 Thread 0x000001d6c934d630 Thread added: 0x000001d6e638e420
Event: 3.523 Thread 0x000001d6c934d630 Thread added: 0x000001d6e638efe0
Event: 3.524 Thread 0x000001d6c934d630 Thread added: 0x000001d6e638fed0
Event: 3.759 Thread 0x000001d6c934d630 Thread added: 0x000001d6e6409d30
Event: 28.427 Thread 0x000001d6c934d630 Thread added: 0x000001d6eb0024e0
Event: 29.727 Thread 0x000001d6c934d630 Thread added: 0x000001d6e64d0390
Event: 60.132 Thread 0x000001d6c934d630 Thread added: 0x000001d6e6475710
Event: 197.930 Thread 0x000001d6e6475710 Thread exited: 0x000001d6e6475710


Dynamic libraries:
0x00007ff61ab00000 - 0x00007ff61ab0e000 	C:\Program Files\Apache NetBeans\jdk\bin\java.exe
0x00007ffea0ee0000 - 0x00007ffea1147000 	C:\WINDOWS\SYSTEM32\ntdll.dll
0x00007ffe9fee0000 - 0x00007ffe9ffa9000 	C:\WINDOWS\System32\KERNEL32.DLL
0x00007ffe9dbe0000 - 0x00007ffe9dfd4000 	C:\WINDOWS\System32\KERNELBASE.dll
0x00007ffe9e110000 - 0x00007ffe9e25b000 	C:\WINDOWS\System32\ucrtbase.dll
0x00007ffe806e0000 - 0x00007ffe806f6000 	C:\Program Files\Apache NetBeans\jdk\bin\jli.dll
0x00007ffe9ed70000 - 0x00007ffe9ef35000 	C:\WINDOWS\System32\USER32.dll
0x00007ffe9eb90000 - 0x00007ffe9ebb7000 	C:\WINDOWS\System32\win32u.dll
0x00007ffea09d0000 - 0x00007ffea09fb000 	C:\WINDOWS\System32\GDI32.dll
0x00007ffe9dfe0000 - 0x00007ffe9e10a000 	C:\WINDOWS\System32\gdi32full.dll
0x00007ffe9ebc0000 - 0x00007ffe9ec63000 	C:\WINDOWS\System32\msvcp_win.dll
0x00007ffe91b10000 - 0x00007ffe91b2e000 	C:\Program Files\Apache NetBeans\jdk\bin\VCRUNTIME140.dll
0x00007ffe8ba70000 - 0x00007ffe8bd03000 	C:\WINDOWS\WinSxS\amd64_microsoft.windows.common-controls_6595b64144ccf1df_6.0.26100.8115_none_3e075c82e3354f9c\COMCTL32.dll
0x00007ffea0400000 - 0x00007ffea04a9000 	C:\WINDOWS\System32\msvcrt.dll
0x00007ffe9fd40000 - 0x00007ffe9fd72000 	C:\WINDOWS\System32\IMM32.DLL
0x00007ffe8bdb0000 - 0x00007ffe8bdbc000 	C:\Program Files\Apache NetBeans\jdk\bin\vcruntime140_1.dll
0x00007ffe68510000 - 0x00007ffe6859d000 	C:\Program Files\Apache NetBeans\jdk\bin\msvcp140.dll
0x00007ffe2ca00000 - 0x00007ffe2d926000 	C:\Program Files\Apache NetBeans\jdk\bin\server\jvm.dll
0x00007ffea0660000 - 0x00007ffea0716000 	C:\WINDOWS\System32\ADVAPI32.dll
0x00007ffea04b0000 - 0x00007ffea0557000 	C:\WINDOWS\System32\sechost.dll
0x00007ffe9f250000 - 0x00007ffe9f368000 	C:\WINDOWS\System32\RPCRT4.dll
0x00007ffea0940000 - 0x00007ffea09c0000 	C:\WINDOWS\System32\WS2_32.dll
0x00007ffe9d610000 - 0x00007ffe9d66e000 	C:\WINDOWS\SYSTEM32\POWRPROF.dll
0x00007ffe7a540000 - 0x00007ffe7a576000 	C:\WINDOWS\SYSTEM32\WINMM.dll
0x00007ffe8c650000 - 0x00007ffe8c65b000 	C:\WINDOWS\SYSTEM32\VERSION.dll
0x00007ffe9d5f0000 - 0x00007ffe9d604000 	C:\WINDOWS\SYSTEM32\UMPDC.dll
0x00007ffe9c540000 - 0x00007ffe9c55b000 	C:\WINDOWS\SYSTEM32\kernel.appcore.dll
0x00007ffe8bda0000 - 0x00007ffe8bdaa000 	C:\Program Files\Apache NetBeans\jdk\bin\jimage.dll
0x00007ffe9b6f0000 - 0x00007ffe9b932000 	C:\WINDOWS\SYSTEM32\DBGHELP.DLL
0x00007ffe9ffb0000 - 0x00007ffea0332000 	C:\WINDOWS\System32\combase.dll
0x00007ffe9f400000 - 0x00007ffe9f4d7000 	C:\WINDOWS\System32\OLEAUT32.dll
0x00007ffe8c3b0000 - 0x00007ffe8c3eb000 	C:\WINDOWS\SYSTEM32\dbgcore.DLL
0x00007ffe9d9c0000 - 0x00007ffe9da65000 	C:\WINDOWS\System32\bcryptPrimitives.dll
0x00007ffe80700000 - 0x00007ffe8071e000 	C:\Program Files\Apache NetBeans\jdk\bin\java.dll
0x00007ffea0790000 - 0x00007ffea0927000 	C:\WINDOWS\System32\ole32.dll
0x00007ffe9f570000 - 0x00007ffe9fcd6000 	C:\WINDOWS\System32\SHELL32.dll
0x00007ffe9da70000 - 0x00007ffe9dbda000 	C:\WINDOWS\System32\wintypes.dll
0x00007ffe9e260000 - 0x00007ffe9eac5000 	C:\WINDOWS\System32\windows.storage.dll
0x00007ffe9ef40000 - 0x00007ffe9f037000 	C:\WINDOWS\System32\SHCORE.dll
0x00007ffea0720000 - 0x00007ffea0786000 	C:\WINDOWS\System32\shlwapi.dll
0x00007ffe9d6d0000 - 0x00007ffe9d6f9000 	C:\WINDOWS\SYSTEM32\profapi.dll
0x00007ffe76930000 - 0x00007ffe76941000 	C:\Program Files\Apache NetBeans\jdk\bin\net.dll
0x00007ffe9cab0000 - 0x00007ffe9cb1c000 	C:\WINDOWS\system32\mswsock.dll
0x00007ffe685a0000 - 0x00007ffe685b6000 	C:\Program Files\Apache NetBeans\jdk\bin\nio.dll
0x00007ffe76950000 - 0x00007ffe76967000 	C:\Program Files\Apache NetBeans\jdk\bin\zip.dll
0x00007ffe7bf10000 - 0x00007ffe7bf34000 	C:\Program Files\Apache NetBeans\java\maven\lib\jansi-native\Windows\x86_64\jansi.dll
0x00007ffe87100000 - 0x00007ffe87110000 	C:\Program Files\Apache NetBeans\jdk\bin\verify.dll

JVMTI agents: none

dbghelp: loaded successfully - version: 4.0.5 - missing functions: none
symbol engine: initialized successfully - sym options: 0x614 - pdb path: .;C:\Program Files\Apache NetBeans\jdk\bin;C:\WINDOWS\SYSTEM32;C:\WINDOWS\WinSxS\amd64_microsoft.windows.common-controls_6595b64144ccf1df_6.0.26100.8115_none_3e075c82e3354f9c;C:\Program Files\Apache NetBeans\jdk\bin\server;C:\Program Files\Apache NetBeans\java\maven\lib\jansi-native\Windows\x86_64

VM Arguments:
jvm_args: --enable-native-access=ALL-UNNAMED -Dclassworlds.conf=C:\Program Files\Apache NetBeans\java\maven\bin\m2.conf -Dmaven.home=C:\Program Files\Apache NetBeans\java\maven -Dlibrary.jansi.path=C:\Program Files\Apache NetBeans\java\maven\lib\jansi-native -Dmaven.multiModuleProjectDirectory=C:\Users\ASUS\Documents\NetBeansProjects\Lubiproject1 
java_command: org.codehaus.plexus.classworlds.launcher.Launcher -Dmaven.ext.class.path=C:\Program Files\Apache NetBeans\java\maven-nblib\netbeans-eventspy.jar --no-transfer-progress install
java_class_path (initial): C:\Program Files\Apache NetBeans\java\maven\boot\plexus-classworlds-2.9.0.jar
Launcher Type: SUN_STANDARD

[Global flags]
     intx CICompilerCount                          = 2                                         {product} {ergonomic}
     uint ConcGCThreads                            = 1                                         {product} {ergonomic}
     uint G1ConcRefinementThreads                  = 2                                         {product} {ergonomic}
   size_t G1HeapRegionSize                         = 1048576                                   {product} {ergonomic}
   size_t InitialHeapSize                          = 65011712                                  {product} {ergonomic}
   size_t MarkStackSize                            = 4194304                                   {product} {ergonomic}
   size_t MarkStackSizeMax                         = 536870912                                 {product} {ergonomic}
   size_t MaxHeapSize                              = 1027604480                                {product} {ergonomic}
   size_t MaxNewSize                               = 616562688                                 {product} {ergonomic}
   size_t MinHeapDeltaBytes                        = 1048576                                   {product} {ergonomic}
   size_t MinHeapSize                              = 8388608                                   {product} {ergonomic}
    uintx NonNMethodCodeHeapSize                   = 5767168                                {pd product} {ergonomic}
    uintx NonProfiledCodeHeapSize                  = 123011072                              {pd product} {ergonomic}
    uintx ProfiledCodeHeapSize                     = 122880000                              {pd product} {ergonomic}
    uintx ReservedCodeCacheSize                    = 251658240                              {pd product} {ergonomic}
     bool SegmentedCodeCache                       = true                                      {product} {ergonomic}
   size_t SoftMaxHeapSize                          = 1027604480                             {manageable} {ergonomic}
     bool UseCompressedOops                        = true                           {product lp64_product} {ergonomic}
     bool UseG1GC                                  = true                                      {product} {ergonomic}
     bool UseLargePagesIndividualAllocation        = false                                  {pd product} {ergonomic}

Logging:
Log output configuration:
 #0: stdout all=warning uptime,level,tags foldmultilines=false
 #1: stderr all=off uptime,level,tags foldmultilines=false

Release file:
IMPLEMENTOR="Eclipse Adoptium" 
IMPLEMENTOR_VERSION="Temurin-25.0.2+10" 
JAVA_RUNTIME_VERSION="25.0.2+10-LTS" 
JAVA_VERSION="25.0.2" 
JAVA_VERSION_DATE="2026-01-20" 
LIBC="default" 
MODULES="java.base java.compiler java.datatransfer java.xml java.prefs java.desktop java.instrument java.logging java.management java.security.sasl java.naming java.rmi java.management.rmi java.net.http java.scripting java.security.jgss java.transaction.xa java.sql java.sql.rowset java.xml.crypto java.se java.smartcardio jdk.accessibility jdk.internal.jvmstat jdk.attach jdk.charsets jdk.internal.opt jdk.zipfs jdk.compiler jdk.crypto.cryptoki jdk.crypto.ec jdk.crypto.mscapi jdk.dynalink jdk.internal.ed jdk.editpad jdk.internal.vm.ci jdk.graal.compiler jdk.graal.compiler.management jdk.hotspot.agent jdk.httpserver jdk.incubator.vector jdk.internal.le jdk.internal.md jdk.jartool jdk.javadoc jdk.jcmd jdk.management jdk.management.agent jdk.jconsole jdk.jdeps jdk.jdwp.agent jdk.jdi jdk.jfr jdk.jlink jdk.jpackage jdk.jshell jdk.jsobject jdk.jstatd jdk.localedata jdk.management.jfr jdk.naming.dns jdk.naming.rmi jdk.net jdk.nio.mapmode jdk.sctp jdk.security.auth jdk.security.jgss jdk.unsupported jdk.unsupported.desktop jdk.xml.dom" 
OS_ARCH="x86_64" 
OS_NAME="Windows" 
SOURCE=".:git:9e3c947043a4" 
BUILD_SOURCE="git:458965074606f027bd5afce2cfd5c1055dea0438"
BUILD_SOURCE_REPO="https://github.com/adoptium/temurin-build.git"
SOURCE_REPO="https://github.com/adoptium/jdk25u.git"
FULL_VERSION="25.0.2+10-LTS"
SEMANTIC_VERSION="25.0.2+10"
BUILD_INFO="OS: Windows Server 2022 Version: 10.0"
JVM_VARIANT="Hotspot"
JVM_VERSION="25.0.2+10-LTS"
IMAGE_TYPE="JDK"

Environment Variables:
JAVA_HOME=C:\Program Files\Apache NetBeans\jdk
PATH=C:\WINDOWS\system32;C:\WINDOWS;C:\WINDOWS\System32\Wbem;C:\WINDOWS\System32\WindowsPowerShell\v1.0\;C:\WINDOWS\System32\OpenSSH\;C:\Program Files\Git\cmd;C:\Users\ASUS\AppData\Local\Microsoft\WindowsApps;;C:\Program Files\Apache NetBeans\bin\
USERNAME=ASUS
OS=Windows_NT
PROCESSOR_IDENTIFIER=Intel64 Family 6 Model 122 Stepping 1, GenuineIntel
TMP=C:\Users\ASUS\AppData\Local\Temp
TEMP=C:\Users\ASUS\AppData\Local\Temp




Compilation memory statistics disabled.

Periodic native trim disabled

---------------  S Y S T E M  ---------------

OS:
 Windows 11 , 64 bit Build 26100 (10.0.26100.8115)
OS uptime: 0 days 4:19 hours

CPU: total 2 (initial active 2) (2 cores per cpu, 1 threads per core) family 6 model 122 stepping 1 microcode 0x34, cx8, cmov, fxsr, mmx, 3dnowpref, sse, sse2, sse3, ssse3, sse4.1, sse4.2, popcnt, tsc, tscinvbit, aes, erms, clmul, sha, clflush, clflushopt, rdtscp, rdpid
Processor Information for the first 2 processors :
  Max Mhz: 1101, Current Mhz: 1101, Mhz Limit: 1101

Memory: 4k page, system-wide physical 3919M (114M free)
TotalPageFile size 15695M (AvailPageFile size 386M)
current process WorkingSet (physical memory assigned to process): 29M, peak: 42M
current process commit charge ("private bytes"): 144M, peak: 152M

vm_info: OpenJDK 64-Bit Server VM (25.0.2+10-LTS) for windows-amd64 JRE (25.0.2+10-LTS), built on 2026-01-20T00:00:00Z with MS VC++ 17.12 (VS2022)

END.
