#
# A fatal error has been detected by the Java Runtime Environment:
#
#  EXCEPTION_ACCESS_VIOLATION (0xc0000005) at pc=0x00007ffe8bda1b65, pid=26416, tid=20988
#
# JRE version:  (25.0.2+10) (build )
# Java VM: OpenJDK 64-Bit Server VM (25.0.2+10-LTS, mixed mode, sharing, tiered, compressed class ptrs, unknown gc, windows-amd64)
# Problematic frame:
# C  [jimage.dll+0x1b65]
#
# No core dump will be written. Minidumps are not enabled by default on client versions of Windows
#
#

---------------  S U M M A R Y ------------

Command Line: 

Host: Intel(R) Celeron(R) N4000 CPU @ 1.10GHz, 2 cores, 3G,  Windows 11 , 64 bit Build 26100 (10.0.26100.8115)
Time: Fri Apr  3 20:19:48 2026 SE Asia Standard Time elapsed time: 6.223094 seconds (0d 0h 0m 6s)

---------------  T H R E A D  ---------------

Current thread is native thread

Stack: [0x0000005533900000,0x0000005533a00000],  sp=0x00000055339fd7e0,  free space=1013k
Native frames: (J=compiled Java code, j=interpreted, Vv=VM code, C=native code)
C  [jimage.dll+0x1b65]  (no source info available)
C  [jimage.dll+0x1cef]  (no source info available)
C  [jimage.dll+0x25b9]  (no source info available)
V  [jvm.dll+0x292f52]  (no source info available)
V  [jvm.dll+0x114dec]  (no source info available)
V  [jvm.dll+0x9a00a8]  (no source info available)
V  [jvm.dll+0x4fa5c1]  (no source info available)
V  [jvm.dll+0x4fbeb1]  (no source info available)
C  [jli.dll+0x53fa]  (no source info available)
C  [ucrtbase.dll+0x37b0]  (no source info available)
C  [KERNEL32.DLL+0x2e8d7]  (no source info available)
C  [ntdll.dll+0x8c3fc]  (no source info available)


siginfo: EXCEPTION_ACCESS_VIOLATION (0xc0000005), reading address 0x00000000000166a4


Registers:
RAX=0x00000000000007a6, RBX=0x00000055339fd8d1, RCX=0x00007ffe8bda6000, RDX=0x00000000000059a2
RSP=0x00000055339fd7e0, RBP=0x00000055339fd8d0, RSI=0x00000000000076ff, RDI=0x00000055339fd8d0
R8 =0x00007ffe8bda4298, R9 =0x000000000000001c, R10=0x00007ffe91b10000, R11=0x00007ffe8bda6000
R12=0x0000000000000002, R13=0x0000000000000000, R14=0x00000055339fe940, R15=0x00007ffe2d550610
RIP=0x00007ffe8bda1b65, EFLAGS=0x0000000000010247

XMM[0]=0x0000000000000000 0x0000000000000000
XMM[1]=0x2f6d762f6c616e72 0x65746e692f6b646a
XMM[2]=0x736e6f6974706f2f 0x6d762f6c616e7265
XMM[3]=0x0000000000000000 0x0000000000000000
XMM[4]=0x0000000000000000 0x0000000000000000
XMM[5]=0x0000000000000000 0x0000000000000000
XMM[6]=0x0000000000000000 0x0000000000000000
XMM[7]=0x0000000000000000 0x0000000000000000
XMM[8]=0x0000000000000000 0x0000000000000000
XMM[9]=0x0000000000000000 0x0000000000000000
XMM[10]=0x0000000000000000 0x0000000000000000
XMM[11]=0x0000000000000000 0x0000000000000000
XMM[12]=0x0000000000000000 0x0000000000000000
XMM[13]=0x0000000000000000 0x0000000000000000
XMM[14]=0x0000000000000000 0x0000000000000000
XMM[15]=0x0000000000000000 0x0000000000000000
  MXCSR=0x00001f80


Top of Stack: (sp=0x00000055339fd7e0)
0x00000055339fd7e0:   0000000000000000 0000000000000000   ................
0x00000055339fd7f0:   0000000000000000 0000000000000000   ................
0x00000055339fd800:   00000168e15094a0 00007ffe8bda1cef   ..P.h...........
0x00000055339fd810:   000000000000000b 00000168e15094a0   ..........P.h...
0x00000055339fd820:   0000000000000000 0000000000000000   ................
0x00000055339fd830:   0000000000000000 0000000000000000   ................
0x00000055339fd840:   0000000000000000 0000000000000000   ................
0x00000055339fd850:   0000003100000000 0000000000000000   ....1...........
0x00000055339fd860:   0000000000000000 0000000000000000   ................
0x00000055339fd870:   00007fd25d24ad58 0000000000000000   X.$]............
0x00000055339fd880:   00007ffe2d52d280 0000000000000017   ..R-............
0x00000055339fd890:   00000168e15094a0 00000055339fe940   ..P.h...@..3U...
0x00000055339fd8a0:   000000000000000b 00007ffe8bda25b9   .........%......
0x00000055339fd8b0:   0000000000000000 0000000000000000   ................
0x00000055339fd8c0:   00000168e15079f0 0000000000000000   .yP.h...........
0x00000055339fd8d0:   61622e6176616a2f 692f6b646a2f6573   /java.base/jdk/i
0x00000055339fd8e0:   2f6c616e7265746e 6f6974706f2f6d76   nternal/vm/optio
0x00000055339fd8f0:   000000000000736e 0000000000000000   ns..............
0x00000055339fd900:   0000000000000000 0000000000000000   ................
0x00000055339fd910:   00000168e1507de0 0000000000000000   .}P.h...........
0x00000055339fd920:   0000000000000000 0000000000000000   ................
0x00000055339fd930:   0000000000000000 0000000000000000   ................
0x00000055339fd940:   0000000000000000 0000000000000000   ................
0x00000055339fd950:   0000000000000000 0000000000000000   ................
0x00000055339fd960:   0000000000000000 0000000000000000   ................
0x00000055339fd970:   0000000000000000 0000000000000000   ................
0x00000055339fd980:   0000000000000000 0000000000000000   ................
0x00000055339fd990:   0000000000000000 0000000000000000   ................
0x00000055339fd9a0:   0000000000000000 0000000000000000   ................
0x00000055339fd9b0:   00000168e38af670 0000000000000014   p...h...........
0x00000055339fd9c0:   0000000000008210 00000000000081fe   ................
0x00000055339fd9d0:   0000000000008210 00007ffea0f31534   ........4.......

Instructions: (pc=0x00007ffe8bda1b65)
  0x00007ffe8bda1a65:   48 85 c9 74 1d 80 3d 9f 45 00 00 00 74 06 48 8b
  0x00007ffe8bda1a75:   53 18 eb 04 48 8b 53 40 e8 92 0e 00 00 48 83 63
  0x00007ffe8bda1a85:   48 00 8b 4b 0c 83 f9 ff 74 09 e8 c8 0c 00 00 83
  0x00007ffe8bda1a95:   4b 0c ff 48 8b 4b 70 48 85 c9 74 0f ba 10 00 00
  0x00007ffe8bda1aa5:   00 e8 e9 0e 00 00 48 83 63 70 00 48 83 c4 20 5b
  0x00007ffe8bda1ab5:   c3 cc cc 40 53 48 83 ec 20 48 8b d9 48 8d 0d b8
  0x00007ffe8bda1ac5:   47 00 00 e8 97 0c 00 00 83 6b 08 01 75 24 48 8b
  0x00007ffe8bda1ad5:   d3 48 8d 0d 3b 45 00 00 e8 0a 08 00 00 48 8b cb
  0x00007ffe8bda1ae5:   e8 d6 fe ff ff ba 78 00 00 00 48 8b cb e8 9d 0e
  0x00007ffe8bda1af5:   00 00 48 8d 0d 82 47 00 00 48 83 c4 20 5b e9 64
  0x00007ffe8bda1b05:   0c 00 00 48 89 5c 24 08 48 89 74 24 10 57 48 83
  0x00007ffe8bda1b15:   ec 20 41 8b f1 4d 8b c8 48 8b fa 4c 8b d9 4d 85
  0x00007ffe8bda1b25:   c0 74 73 85 f6 74 6f 44 8a 12 48 8d 5a 01 48 8b
  0x00007ffe8bda1b35:   d3 b8 93 01 00 01 eb 12 69 c0 93 01 00 01 41 0f
  0x00007ffe8bda1b45:   b6 ca 44 8a 12 33 c1 48 ff c2 45 84 d2 75 e9 4d
  0x00007ffe8bda1b55:   8b 03 33 d2 0f ba f0 1f 49 8b cb f7 f6 48 63 d2
=>0x00007ffe8bda1b65:   41 8b 14 91 41 ff 50 08 85 c0 7e 24 8a 0f eb 10
  0x00007ffe8bda1b75:   69 c0 93 01 00 01 0f b6 c9 33 c1 8a 0b 48 ff c3
  0x00007ffe8bda1b85:   84 c9 75 ec 0f ba f0 1f 33 d2 f7 f6 8b c2 eb 09
  0x00007ffe8bda1b95:   79 04 f7 d0 eb 03 83 c8 ff 48 8b 5c 24 30 48 8b
  0x00007ffe8bda1ba5:   74 24 38 48 83 c4 20 5f c3 cc cc 48 89 5c 24 08
  0x00007ffe8bda1bb5:   48 89 74 24 10 57 48 83 ec 20 48 8b f1 48 8d 0d
  0x00007ffe8bda1bc5:   b7 46 00 00 e8 96 0b 00 00 33 ff 39 3d 42 44 00
  0x00007ffe8bda1bd5:   00 76 24 48 8b 05 41 44 00 00 48 8b d6 48 8b 1c
  0x00007ffe8bda1be5:   f8 48 8b 0b e8 5c 1f 00 00 85 c0 74 2b ff c7 3b
  0x00007ffe8bda1bf5:   3d 1e 44 00 00 72 dc 33 db 48 8d 0d 7b 46 00 00
  0x00007ffe8bda1c05:   e8 62 0b 00 00 48 8b 74 24 38 48 8b c3 48 8b 5c
  0x00007ffe8bda1c15:   24 30 48 83 c4 20 5f c3 ff 43 08 eb dc cc cc 48
  0x00007ffe8bda1c25:   89 5c 24 08 48 89 74 24 10 57 48 83 ec 20 48 8b
  0x00007ffe8bda1c35:   d9 48 8b f2 48 8b 49 10 49 8b f8 8b 53 30 48 8b
  0x00007ffe8bda1c45:   01 ff 50 20 4c 8b 43 50 48 8b d6 48 8b 4b 10 44
  0x00007ffe8bda1c55:   8b c8 e8 ac fe ff ff 83 f8 ff 74 38 48 8b 4b 10



---------------  P R O C E S S  ---------------

VM state: not at safepoint (not fully initialized)

VM Mutex/Monitor currently owned by a thread: None

CDS archive(s) mapped at: [0x0000000000000000-0x0000000000000000-0x0000000000000000), size 0, SharedBaseAddress: 0x0000000800000000, ArchiveRelocationMode: 1.
UseCompressedClassPointers 1, UseCompactObjectHeaders 0
Narrow klass pointer bits -1, Max shift -1
Narrow klass base: 0xffffffffffffffff, Narrow klass shift: -1
Encoding Range: [0xffffffffffffffff - 0x3fffffffffffffff), (4611686018427387904 bytes)
Klass Range:    [0x0000000000000000 - 0x0000000000000000), (0 bytes)
Klass ID Range:  [4294967295 - 0) (1)
No protection zone.

GC Precious Log:
<Not initialized>


Dynamic libraries:
0x00007ff61ab00000 - 0x00007ff61ab0e000 	C:\Program Files\Apache NetBeans\jdk\bin\java.exe
0x00007ffea0ee0000 - 0x00007ffea1147000 	C:\WINDOWS\SYSTEM32\ntdll.dll
0x00007ffe9fee0000 - 0x00007ffe9ffa9000 	C:\WINDOWS\System32\KERNEL32.DLL
0x00007ffe9dbe0000 - 0x00007ffe9dfd4000 	C:\WINDOWS\System32\KERNELBASE.dll
0x00007ffe9e110000 - 0x00007ffe9e25b000 	C:\WINDOWS\System32\ucrtbase.dll
0x00007ffe806e0000 - 0x00007ffe806f6000 	C:\Program Files\Apache NetBeans\jdk\bin\jli.dll
0x00007ffe9ed70000 - 0x00007ffe9ef35000 	C:\WINDOWS\System32\USER32.dll
0x00007ffe9eb90000 - 0x00007ffe9ebb7000 	C:\WINDOWS\System32\win32u.dll
0x00007ffea09d0000 - 0x00007ffea09fb000 	C:\WINDOWS\System32\GDI32.dll
0x00007ffe9dfe0000 - 0x00007ffe9e10a000 	C:\WINDOWS\System32\gdi32full.dll
0x00007ffe9ebc0000 - 0x00007ffe9ec63000 	C:\WINDOWS\System32\msvcp_win.dll
0x00007ffe91b10000 - 0x00007ffe91b2e000 	C:\Program Files\Apache NetBeans\jdk\bin\VCRUNTIME140.dll
0x00007ffe8ba70000 - 0x00007ffe8bd03000 	C:\WINDOWS\WinSxS\amd64_microsoft.windows.common-controls_6595b64144ccf1df_6.0.26100.8115_none_3e075c82e3354f9c\COMCTL32.dll
0x00007ffea0400000 - 0x00007ffea04a9000 	C:\WINDOWS\System32\msvcrt.dll
0x00007ffe9fd40000 - 0x00007ffe9fd72000 	C:\WINDOWS\System32\IMM32.DLL
0x00007ffe8bdb0000 - 0x00007ffe8bdbc000 	C:\Program Files\Apache NetBeans\jdk\bin\vcruntime140_1.dll
0x00007ffe68510000 - 0x00007ffe6859d000 	C:\Program Files\Apache NetBeans\jdk\bin\msvcp140.dll
0x00007ffe2ca00000 - 0x00007ffe2d926000 	C:\Program Files\Apache NetBeans\jdk\bin\server\jvm.dll
0x00007ffea0660000 - 0x00007ffea0716000 	C:\WINDOWS\System32\ADVAPI32.dll
0x00007ffea04b0000 - 0x00007ffea0557000 	C:\WINDOWS\System32\sechost.dll
0x00007ffe9f250000 - 0x00007ffe9f368000 	C:\WINDOWS\System32\RPCRT4.dll
0x00007ffea0940000 - 0x00007ffea09c0000 	C:\WINDOWS\System32\WS2_32.dll
0x00007ffe9d610000 - 0x00007ffe9d66e000 	C:\WINDOWS\SYSTEM32\POWRPROF.dll
0x00007ffe7a540000 - 0x00007ffe7a576000 	C:\WINDOWS\SYSTEM32\WINMM.dll
0x00007ffe8c650000 - 0x00007ffe8c65b000 	C:\WINDOWS\SYSTEM32\VERSION.dll
0x00007ffe9d5f0000 - 0x00007ffe9d604000 	C:\WINDOWS\SYSTEM32\UMPDC.dll
0x00007ffe9c540000 - 0x00007ffe9c55b000 	C:\WINDOWS\SYSTEM32\kernel.appcore.dll
0x00007ffe8bda0000 - 0x00007ffe8bdaa000 	C:\Program Files\Apache NetBeans\jdk\bin\jimage.dll
0x00007ffe9b6f0000 - 0x00007ffe9b932000 	C:\WINDOWS\SYSTEM32\DBGHELP.DLL
0x00007ffe9ffb0000 - 0x00007ffea0332000 	C:\WINDOWS\System32\combase.dll
0x00007ffe9f400000 - 0x00007ffe9f4d7000 	C:\WINDOWS\System32\OLEAUT32.dll
0x00007ffe8c3b0000 - 0x00007ffe8c3eb000 	C:\WINDOWS\SYSTEM32\dbgcore.DLL
0x00007ffe9d9c0000 - 0x00007ffe9da65000 	C:\WINDOWS\System32\bcryptPrimitives.dll

JVMTI agents: none

dbghelp: loaded successfully - version: 4.0.5 - missing functions: none
symbol engine: initialized successfully - sym options: 0x614 - pdb path: .;C:\Program Files\Apache NetBeans\jdk\bin;C:\WINDOWS\SYSTEM32;C:\WINDOWS\WinSxS\amd64_microsoft.windows.common-controls_6595b64144ccf1df_6.0.26100.8115_none_3e075c82e3354f9c;C:\Program Files\Apache NetBeans\jdk\bin\server

VM Arguments:
java_command: <unknown>
java_class_path (initial): <not set>
Launcher Type: SUN_STANDARD

[Global flags]
     bool UseLargePagesIndividualAllocation        = false                                  {pd product} {ergonomic}

Logging:
Log output configuration:
 #0: stdout all=warning uptime,level,tags foldmultilines=false
 #1: stderr all=off uptime,level,tags foldmultilines=false

Release file:
<release file has not been read>
Environment Variables:
JAVA_HOME=C:\Program Files\Apache NetBeans\jdk
PATH=C:\WINDOWS\system32;C:\WINDOWS;C:\WINDOWS\System32\Wbem;C:\WINDOWS\System32\WindowsPowerShell\v1.0\;C:\WINDOWS\System32\OpenSSH\;C:\Program Files\Git\cmd;C:\Users\ASUS\AppData\Local\Microsoft\WindowsApps;;C:\Program Files\Apache NetBeans\bin\
USERNAME=ASUS
OS=Windows_NT
PROCESSOR_IDENTIFIER=Intel64 Family 6 Model 122 Stepping 1, GenuineIntel
TMP=C:\Users\ASUS\AppData\Local\Temp
TEMP=C:\Users\ASUS\AppData\Local\Temp




Compilation memory statistics disabled.

Periodic native trim disabled

---------------  S Y S T E M  ---------------

OS:
 Windows 11 , 64 bit Build 26100 (10.0.26100.8115)
OS uptime: 0 days 4:12 hours

CPU: total 2 (initial active 0) 
Processor Information for the first 2 processors :
  Max Mhz: 1101, Current Mhz: 1101, Mhz Limit: 1101

Memory: 4k page, system-wide physical 3919M (452M free)
TotalPageFile size 15695M (AvailPageFile size 81M)
current process WorkingSet (physical memory assigned to process): 9M, peak: 9M
current process commit charge ("private bytes"): 3M, peak: 3M

vm_info: OpenJDK 64-Bit Server VM (25.0.2+10-LTS) for windows-amd64 JRE (25.0.2+10-LTS), built on 2026-01-20T00:00:00Z with MS VC++ 17.12 (VS2022)

END.
