#
# There is insufficient memory for the Java Runtime Environment to continue.
# Native memory allocation (malloc) failed to allocate 289656 bytes. Error detail: Chunk::new
# Possible reasons:
#   The system is out of physical RAM or swap space
#   This process is running with CompressedOops enabled, and the Java Heap may be blocking the growth of the native heap
# Possible solutions:
#   Reduce memory load on the system
#   Increase physical memory or swap space
#   Check if swap backing store is full
#   Decrease Java heap size (-Xmx/-Xms)
#   Decrease number of Java threads
#   Decrease Java thread stack sizes (-Xss)
#   Set larger code cache with -XX:ReservedCodeCacheSize=
#   JVM is running with Unscaled Compressed Oops mode in which the Java heap is
#     placed in the first 4GB address space. The Java Heap base address is the
#     maximum limit for the native heap growth. Please use -XX:HeapBaseMinAddress
#     to set the Java Heap base and to place the Java Heap above 4GB virtual address.
# This output file may be truncated or incomplete.
#
#  Out of Memory Error (arena.cpp:186), pid=3804, tid=12248
#
# JRE version: OpenJDK Runtime Environment Temurin-25.0.2+10 (25.0.2+10) (build 25.0.2+10-LTS)
# Java VM: OpenJDK 64-Bit Server VM Temurin-25.0.2+10 (25.0.2+10-LTS, mixed mode, sharing, tiered, compressed oops, compressed class ptrs, g1 gc, windows-amd64)
# No core dump will be written. Minidumps are not enabled by default on client versions of Windows
#

---------------  S U M M A R Y ------------

Command Line: --enable-native-access=ALL-UNNAMED -Dclassworlds.conf=C:\Program Files\Apache NetBeans\java\maven\bin\m2.conf -Dmaven.home=C:\Program Files\Apache NetBeans\java\maven -Dlibrary.jansi.path=C:\Program Files\Apache NetBeans\java\maven\lib\jansi-native -Dmaven.multiModuleProjectDirectory=C:\Users\ASUS\Documents\NetBeansProjects\Lubiproject1 org.codehaus.plexus.classworlds.launcher.Launcher -Dmaven.ext.class.path=C:\Program Files\Apache NetBeans\java\maven-nblib\netbeans-eventspy.jar --no-transfer-progress install

Host: Intel(R) Celeron(R) N4000 CPU @ 1.10GHz, 2 cores, 3G,  Windows 11 , 64 bit Build 26100 (10.0.26100.8115)
Time: Fri Apr  3 17:05:38 2026 SE Asia Standard Time elapsed time: 196.054310 seconds (0d 0h 3m 16s)

---------------  T H R E A D  ---------------

Current thread (0x000001477dff1410):  JavaThread "C2 CompilerThread0" daemon [_thread_in_native, id=12248, stack(0x0000002d8ab00000,0x0000002d8ac00000) (1024K)]


Current CompileTask:
C2:196054 1404       4       java.util.jar.JarFile::getVersionedEntry (114 bytes)

Stack: [0x0000002d8ab00000,0x0000002d8ac00000]
Native frames: (J=compiled Java code, j=interpreted, Vv=VM code, C=native code)
V  [jvm.dll+0x7a8bc9]  (no source info available)
V  [jvm.dll+0x77310d]  (no source info available)
V  [jvm.dll+0x9f55f3]  (no source info available)
V  [jvm.dll+0x9f7be1]  (no source info available)
V  [jvm.dll+0x9f82f3]  (no source info available)
V  [jvm.dll+0x2fce26]  (no source info available)
V  [jvm.dll+0x111076]  (no source info available)
V  [jvm.dll+0x11139e]  (no source info available)
V  [jvm.dll+0x45371d]  (no source info available)
V  [jvm.dll+0x4223f2]  (no source info available)
V  [jvm.dll+0x42180a]  (no source info available)
V  [jvm.dll+0x2c01e9]  (no source info available)
V  [jvm.dll+0x2bf3cf]  (no source info available)
V  [jvm.dll+0x237140]  (no source info available)
V  [jvm.dll+0x2cf4c6]  (no source info available)
V  [jvm.dll+0x2cd74a]  (no source info available)
V  [jvm.dll+0x48fbee]  (no source info available)
V  [jvm.dll+0x996b0d]  (no source info available)
V  [jvm.dll+0x7a71a5]  (no source info available)
C  [ucrtbase.dll+0x37b0]  (no source info available)
C  [KERNEL32.DLL+0x2e8d7]  (no source info available)
C  [ntdll.dll+0x8c3fc]  (no source info available)

Lock stack of current Java thread (top to bottom):


---------------  P R O C E S S  ---------------

Threads class SMR info:
_java_thread_list=0x000001477e502d30, length=11, elements={
0x0000014760f5d600, 0x000001477dfe4130, 0x000001477dfe7270, 0x000001477dfeb9a0,
0x000001477dfed6c0, 0x000001477dfef960, 0x000001477dff0520, 0x000001477dff1410,
0x000001477e065f20, 0x000001477e0b84e0, 0x000001477e0bef40
}

Java Threads: ( => current thread )
  0x0000014760f5d600 JavaThread "main"                              [_thread_in_Java, id=9324, stack(0x0000002d89c00000,0x0000002d89d00000) (1024K)]
  0x000001477dfe4130 JavaThread "Reference Handler"          daemon [_thread_blocked, id=10500, stack(0x0000002d8a500000,0x0000002d8a600000) (1024K)]
  0x000001477dfe7270 JavaThread "Finalizer"                  daemon [_thread_blocked, id=2028, stack(0x0000002d8a600000,0x0000002d8a700000) (1024K)]
  0x000001477dfeb9a0 JavaThread "Signal Dispatcher"          daemon [_thread_blocked, id=2472, stack(0x0000002d8a700000,0x0000002d8a800000) (1024K)]
  0x000001477dfed6c0 JavaThread "Attach Listener"            daemon [_thread_blocked, id=14960, stack(0x0000002d8a800000,0x0000002d8a900000) (1024K)]
  0x000001477dfef960 JavaThread "Service Thread"             daemon [_thread_blocked, id=11452, stack(0x0000002d8a900000,0x0000002d8aa00000) (1024K)]
  0x000001477dff0520 JavaThread "Monitor Deflation Thread"   daemon [_thread_blocked, id=1532, stack(0x0000002d8aa00000,0x0000002d8ab00000) (1024K)]
=>0x000001477dff1410 JavaThread "C2 CompilerThread0"         daemon [_thread_in_native, id=12248, stack(0x0000002d8ab00000,0x0000002d8ac00000) (1024K)]
  0x000001477e065f20 JavaThread "C1 CompilerThread0"         daemon [_thread_blocked, id=16500, stack(0x0000002d8ac00000,0x0000002d8ad00000) (1024K)]
  0x000001477e0b84e0 JavaThread "Notification Thread"        daemon [_thread_blocked, id=15348, stack(0x0000002d8ad00000,0x0000002d8ae00000) (1024K)]
  0x000001477e0bef40 JavaThread "Common-Cleaner"             daemon [_thread_blocked, id=6964, stack(0x0000002d8ae00000,0x0000002d8af00000) (1024K)]
Total: 11

Other Threads:
  0x000001476334d8a0 VMThread "VM Thread"                           [id=3252, stack(0x0000002d8a400000,0x0000002d8a500000) (1024K)]
  0x000001477dfcaae0 WatcherThread "VM Periodic Task Thread"        [id=12924, stack(0x0000002d8a300000,0x0000002d8a400000) (1024K)]
  0x00000147632c55a0 WorkerThread "GC Thread#0"                     [id=16572, stack(0x0000002d89e00000,0x0000002d89f00000) (1024K)]
  0x000001477e2dd0c0 WorkerThread "GC Thread#1"                     [id=18012, stack(0x0000002d89b00000,0x0000002d89c00000) (1024K)]
  0x00000147632d1e30 ConcurrentGCThread "G1 Main Marker"            [id=16544, stack(0x0000002d89f00000,0x0000002d8a000000) (1024K)]
  0x00000147632d4060 WorkerThread "G1 Conc#0"                       [id=8812, stack(0x0000002d8a000000,0x0000002d8a100000) (1024K)]
  0x00000147632ed180 ConcurrentGCThread "G1 Refine#0"               [id=5644, stack(0x0000002d8a100000,0x0000002d8a200000) (1024K)]
  0x00000147632f0390 ConcurrentGCThread "G1 Service"                [id=16496, stack(0x0000002d8a200000,0x0000002d8a300000) (1024K)]
Total: 8

Threads with active compile tasks:
C2 CompilerThread0  197423 1404       4       java.util.jar.JarFile::getVersionedEntry (114 bytes)
Total: 1

VM state: not at safepoint (normal execution)

VM Mutex/Monitor currently owned by a thread: None

Heap address: 0x00000000c2c00000, size: 980 MB, Compressed Oops mode: 32-bit

CDS archive(s) mapped at: [0x0000000020000000-0x0000000020dd0000-0x0000000020dd0000), size 14483456, SharedBaseAddress: 0x0000000020000000, ArchiveRelocationMode: 1.
Compressed class space mapped at: 0x0000000021000000-0x0000000061000000, reserved size: 1073741824
UseCompressedClassPointers 1, UseCompactObjectHeaders 0
Narrow klass pointer bits 32, Max shift 3
Narrow klass base: 0x0000000020000000, Narrow klass shift: 0
Encoding Range: [0x0000000020000000 - 0x0000000120000000), (4294967296 bytes)
Klass Range:    [0x0000000020010000 - 0x0000000061000000), (1090453504 bytes)
Klass ID Range:  [65536 - 1090519033) (1090453497)
Protection zone: [0x0000000020000000 - 0x0000000020010000), (65536 bytes)

GC Precious Log:
 CardTable entry size: 512
 Card Set container configuration: InlinePtr #cards 5 size 8 Array Of Cards #cards 10 size 36 Howl #buckets 4 coarsen threshold 1843 Howl Bitmap #cards 512 size 80 coarsen threshold 460 Card regions per heap region 1 cards per card region 2048
 CPUs: 2 total, 2 available
 Memory: 3919M
 Large Page Support: Disabled
 NUMA Support: Disabled
 Compressed Oops: Enabled (32-bit)
 Heap Region Size: 1M
 Heap Min Capacity: 8M
 Heap Initial Capacity: 62M
 Heap Max Capacity: 980M
 Pre-touch: Disabled
 Parallel Workers: 2
 Concurrent Workers: 1
 Concurrent Refinement Workers: 2
 Periodic GC: Disabled

Heap:
 garbage-first heap   total reserved 1003520K, committed 65536K, used 7525K [0x00000000c2c00000, 0x0000000100000000)
  region size 1024K, 5 young (5120K), 1 survivors (1024K)

Heap Regions: E=young(eden), S=young(survivor), O=old, HS=humongous(starts), HC=humongous(continues), CS=collection set, F=free, TAMS=top-at-mark-start, PB=parsable bottom
|   0|0x00000000c2c00000, 0x00000000c2d00000, 0x00000000c2d00000|100%| O|  |TAMS 0x00000000c2c00000| PB 0x00000000c2c00000| Untracked |  0
|   1|0x00000000c2d00000, 0x00000000c2e00000, 0x00000000c2e00000|100%| O|  |TAMS 0x00000000c2d00000| PB 0x00000000c2d00000| Untracked |  0
|   2|0x00000000c2e00000, 0x00000000c2ec2a80, 0x00000000c2f00000| 76%| O|  |TAMS 0x00000000c2e00000| PB 0x00000000c2e00000| Untracked |  0
|   3|0x00000000c2f00000, 0x00000000c2f00000, 0x00000000c3000000|  0%| F|  |TAMS 0x00000000c2f00000| PB 0x00000000c2f00000| Untracked |  0
|   4|0x00000000c3000000, 0x00000000c3000000, 0x00000000c3100000|  0%| F|  |TAMS 0x00000000c3000000| PB 0x00000000c3000000| Untracked |  0
|   5|0x00000000c3100000, 0x00000000c3100000, 0x00000000c3200000|  0%| F|  |TAMS 0x00000000c3100000| PB 0x00000000c3100000| Untracked |  0
|   6|0x00000000c3200000, 0x00000000c3200000, 0x00000000c3300000|  0%| F|  |TAMS 0x00000000c3200000| PB 0x00000000c3200000| Untracked |  0
|   7|0x00000000c3300000, 0x00000000c3300000, 0x00000000c3400000|  0%| F|  |TAMS 0x00000000c3300000| PB 0x00000000c3300000| Untracked |  0
|   8|0x00000000c3400000, 0x00000000c3400000, 0x00000000c3500000|  0%| F|  |TAMS 0x00000000c3400000| PB 0x00000000c3400000| Untracked |  0
|   9|0x00000000c3500000, 0x00000000c3500000, 0x00000000c3600000|  0%| F|  |TAMS 0x00000000c3500000| PB 0x00000000c3500000| Untracked |  0
|  10|0x00000000c3600000, 0x00000000c3600000, 0x00000000c3700000|  0%| F|  |TAMS 0x00000000c3600000| PB 0x00000000c3600000| Untracked |  0
|  11|0x00000000c3700000, 0x00000000c3700000, 0x00000000c3800000|  0%| F|  |TAMS 0x00000000c3700000| PB 0x00000000c3700000| Untracked |  0
|  12|0x00000000c3800000, 0x00000000c3800000, 0x00000000c3900000|  0%| F|  |TAMS 0x00000000c3800000| PB 0x00000000c3800000| Untracked |  0
|  13|0x00000000c3900000, 0x00000000c3900000, 0x00000000c3a00000|  0%| F|  |TAMS 0x00000000c3900000| PB 0x00000000c3900000| Untracked |  0
|  14|0x00000000c3a00000, 0x00000000c3a00000, 0x00000000c3b00000|  0%| F|  |TAMS 0x00000000c3a00000| PB 0x00000000c3a00000| Untracked |  0
|  15|0x00000000c3b00000, 0x00000000c3b00000, 0x00000000c3c00000|  0%| F|  |TAMS 0x00000000c3b00000| PB 0x00000000c3b00000| Untracked |  0
|  16|0x00000000c3c00000, 0x00000000c3c00000, 0x00000000c3d00000|  0%| F|  |TAMS 0x00000000c3c00000| PB 0x00000000c3c00000| Untracked |  0
|  17|0x00000000c3d00000, 0x00000000c3d00000, 0x00000000c3e00000|  0%| F|  |TAMS 0x00000000c3d00000| PB 0x00000000c3d00000| Untracked |  0
|  18|0x00000000c3e00000, 0x00000000c3e00000, 0x00000000c3f00000|  0%| F|  |TAMS 0x00000000c3e00000| PB 0x00000000c3e00000| Untracked |  0
|  19|0x00000000c3f00000, 0x00000000c3f00000, 0x00000000c4000000|  0%| F|  |TAMS 0x00000000c3f00000| PB 0x00000000c3f00000| Untracked |  0
|  20|0x00000000c4000000, 0x00000000c4000000, 0x00000000c4100000|  0%| F|  |TAMS 0x00000000c4000000| PB 0x00000000c4000000| Untracked |  0
|  21|0x00000000c4100000, 0x00000000c4100000, 0x00000000c4200000|  0%| F|  |TAMS 0x00000000c4100000| PB 0x00000000c4100000| Untracked |  0
|  22|0x00000000c4200000, 0x00000000c4200000, 0x00000000c4300000|  0%| F|  |TAMS 0x00000000c4200000| PB 0x00000000c4200000| Untracked |  0
|  23|0x00000000c4300000, 0x00000000c4300000, 0x00000000c4400000|  0%| F|  |TAMS 0x00000000c4300000| PB 0x00000000c4300000| Untracked |  0
|  24|0x00000000c4400000, 0x00000000c4400000, 0x00000000c4500000|  0%| F|  |TAMS 0x00000000c4400000| PB 0x00000000c4400000| Untracked |  0
|  25|0x00000000c4500000, 0x00000000c4500000, 0x00000000c4600000|  0%| F|  |TAMS 0x00000000c4500000| PB 0x00000000c4500000| Untracked |  0
|  26|0x00000000c4600000, 0x00000000c4600000, 0x00000000c4700000|  0%| F|  |TAMS 0x00000000c4600000| PB 0x00000000c4600000| Untracked |  0
|  27|0x00000000c4700000, 0x00000000c4700000, 0x00000000c4800000|  0%| F|  |TAMS 0x00000000c4700000| PB 0x00000000c4700000| Untracked |  0
|  28|0x00000000c4800000, 0x00000000c4800000, 0x00000000c4900000|  0%| F|  |TAMS 0x00000000c4800000| PB 0x00000000c4800000| Untracked |  0
|  29|0x00000000c4900000, 0x00000000c4900000, 0x00000000c4a00000|  0%| F|  |TAMS 0x00000000c4900000| PB 0x00000000c4900000| Untracked |  0
|  30|0x00000000c4a00000, 0x00000000c4a00000, 0x00000000c4b00000|  0%| F|  |TAMS 0x00000000c4a00000| PB 0x00000000c4a00000| Untracked |  0
|  31|0x00000000c4b00000, 0x00000000c4b00000, 0x00000000c4c00000|  0%| F|  |TAMS 0x00000000c4b00000| PB 0x00000000c4b00000| Untracked |  0
|  32|0x00000000c4c00000, 0x00000000c4c00000, 0x00000000c4d00000|  0%| F|  |TAMS 0x00000000c4c00000| PB 0x00000000c4c00000| Untracked |  0
|  33|0x00000000c4d00000, 0x00000000c4d00000, 0x00000000c4e00000|  0%| F|  |TAMS 0x00000000c4d00000| PB 0x00000000c4d00000| Untracked |  0
|  34|0x00000000c4e00000, 0x00000000c4e00000, 0x00000000c4f00000|  0%| F|  |TAMS 0x00000000c4e00000| PB 0x00000000c4e00000| Untracked |  0
|  35|0x00000000c4f00000, 0x00000000c4f00000, 0x00000000c5000000|  0%| F|  |TAMS 0x00000000c4f00000| PB 0x00000000c4f00000| Untracked |  0
|  36|0x00000000c5000000, 0x00000000c5000000, 0x00000000c5100000|  0%| F|  |TAMS 0x00000000c5000000| PB 0x00000000c5000000| Untracked |  0
|  37|0x00000000c5100000, 0x00000000c5100000, 0x00000000c5200000|  0%| F|  |TAMS 0x00000000c5100000| PB 0x00000000c5100000| Untracked |  0
|  38|0x00000000c5200000, 0x00000000c5200000, 0x00000000c5300000|  0%| F|  |TAMS 0x00000000c5200000| PB 0x00000000c5200000| Untracked |  0
|  39|0x00000000c5300000, 0x00000000c5300000, 0x00000000c5400000|  0%| F|  |TAMS 0x00000000c5300000| PB 0x00000000c5300000| Untracked |  0
|  40|0x00000000c5400000, 0x00000000c5400000, 0x00000000c5500000|  0%| F|  |TAMS 0x00000000c5400000| PB 0x00000000c5400000| Untracked |  0
|  41|0x00000000c5500000, 0x00000000c5500000, 0x00000000c5600000|  0%| F|  |TAMS 0x00000000c5500000| PB 0x00000000c5500000| Untracked |  0
|  42|0x00000000c5600000, 0x00000000c5600000, 0x00000000c5700000|  0%| F|  |TAMS 0x00000000c5600000| PB 0x00000000c5600000| Untracked |  0
|  43|0x00000000c5700000, 0x00000000c5700000, 0x00000000c5800000|  0%| F|  |TAMS 0x00000000c5700000| PB 0x00000000c5700000| Untracked |  0
|  44|0x00000000c5800000, 0x00000000c5800000, 0x00000000c5900000|  0%| F|  |TAMS 0x00000000c5800000| PB 0x00000000c5800000| Untracked |  0
|  45|0x00000000c5900000, 0x00000000c5900000, 0x00000000c5a00000|  0%| F|  |TAMS 0x00000000c5900000| PB 0x00000000c5900000| Untracked |  0
|  46|0x00000000c5a00000, 0x00000000c5a00000, 0x00000000c5b00000|  0%| F|  |TAMS 0x00000000c5a00000| PB 0x00000000c5a00000| Untracked |  0
|  47|0x00000000c5b00000, 0x00000000c5b00000, 0x00000000c5c00000|  0%| F|  |TAMS 0x00000000c5b00000| PB 0x00000000c5b00000| Untracked |  0
|  48|0x00000000c5c00000, 0x00000000c5c00000, 0x00000000c5d00000|  0%| F|  |TAMS 0x00000000c5c00000| PB 0x00000000c5c00000| Untracked |  0
|  49|0x00000000c5d00000, 0x00000000c5d00000, 0x00000000c5e00000|  0%| F|  |TAMS 0x00000000c5d00000| PB 0x00000000c5d00000| Untracked |  0
|  50|0x00000000c5e00000, 0x00000000c5e00000, 0x00000000c5f00000|  0%| F|  |TAMS 0x00000000c5e00000| PB 0x00000000c5e00000| Untracked |  0
|  51|0x00000000c5f00000, 0x00000000c5f00000, 0x00000000c6000000|  0%| F|  |TAMS 0x00000000c5f00000| PB 0x00000000c5f00000| Untracked |  0
|  52|0x00000000c6000000, 0x00000000c6000000, 0x00000000c6100000|  0%| F|  |TAMS 0x00000000c6000000| PB 0x00000000c6000000| Untracked |  0
|  53|0x00000000c6100000, 0x00000000c6100000, 0x00000000c6200000|  0%| F|  |TAMS 0x00000000c6100000| PB 0x00000000c6100000| Untracked |  0
|  54|0x00000000c6200000, 0x00000000c6200000, 0x00000000c6300000|  0%| F|  |TAMS 0x00000000c6200000| PB 0x00000000c6200000| Untracked |  0
|  55|0x00000000c6300000, 0x00000000c6300000, 0x00000000c6400000|  0%| F|  |TAMS 0x00000000c6300000| PB 0x00000000c6300000| Untracked |  0
|  56|0x00000000c6400000, 0x00000000c6400000, 0x00000000c6500000|  0%| F|  |TAMS 0x00000000c6400000| PB 0x00000000c6400000| Untracked |  0
|  57|0x00000000c6500000, 0x00000000c6571de8, 0x00000000c6600000| 44%| S|CS|TAMS 0x00000000c6500000| PB 0x00000000c6500000| Complete |  0
|  58|0x00000000c6600000, 0x00000000c66a1090, 0x00000000c6700000| 62%| E|  |TAMS 0x00000000c6600000| PB 0x00000000c6600000| Complete |  0
|  59|0x00000000c6700000, 0x00000000c6800000, 0x00000000c6800000|100%| E|CS|TAMS 0x00000000c6700000| PB 0x00000000c6700000| Complete |  0
|  60|0x00000000c6800000, 0x00000000c6900000, 0x00000000c6900000|100%| E|CS|TAMS 0x00000000c6800000| PB 0x00000000c6800000| Complete |  0
|  61|0x00000000c6900000, 0x00000000c6a00000, 0x00000000c6a00000|100%| E|CS|TAMS 0x00000000c6900000| PB 0x00000000c6900000| Complete |  0
| 978|0x00000000ffe00000, 0x00000000fff00000, 0x00000000fff00000|100%| O|  |TAMS 0x00000000ffe00000| PB 0x00000000ffe00000| Untracked |  0
| 979|0x00000000fff00000, 0x00000000fff24ea8, 0x0000000100000000| 14%| O|  |TAMS 0x00000000fff00000| PB 0x00000000fff00000| Untracked |  0

Card table byte_map: [0x0000014763050000,0x0000014763240000] _byte_map_base: 0x0000014762a3a000

Marking Bits: (CMBitMap*) 0x00000147632c5d30
 Bits: [0x000001477ad80000, 0x000001477bcd0000)

Polling page: 0x0000014760f20000

Metaspace:
Metaspace        used 6099K, committed 6336K, reserved 1114112K
 class space     used 736K, committed 832K, reserved 1048576K

Usage:
  Non-class:      5.24 MB used.
      Class:    736.97 KB used.
       Both:      5.96 MB used.

Virtual space:
  Non-class space:       64.00 MB reserved,       5.38 MB (  8%) committed,  1 nodes.
      Class space:        1.00 GB reserved,     832.00 KB ( <1%) committed,  1 nodes.
             Both:        1.06 GB reserved,       6.19 MB ( <1%) committed. 

Chunk freelists:
   Non-Class:  8.80 MB
       Class:  15.20 MB
        Both:  24.00 MB

MaxMetaspaceSize: unlimited
CompressedClassSpaceSize: 1.00 GB
Initial GC threshold: 21.00 MB
Current GC threshold: 21.00 MB
CDS: on
 - commit_granule_bytes: 65536.
 - commit_granule_words: 8192.
 - virtual_space_node_default_size: 8388608.
 - enlarge_chunks_in_place: 1.
UseCompressedClassPointers 1, UseCompactObjectHeaders 0
Narrow klass pointer bits 32, Max shift 3
Narrow klass base: 0x0000000020000000, Narrow klass shift: 0
Encoding Range: [0x0000000020000000 - 0x0000000120000000), (4294967296 bytes)
Klass Range:    [0x0000000020010000 - 0x0000000061000000), (1090453504 bytes)
Klass ID Range:  [65536 - 1090519033) (1090453497)
Protection zone: [0x0000000020000000 - 0x0000000020010000), (65536 bytes)


Internal statistics:

num_allocs_failed_limit: 0.
num_arena_births: 56.
num_arena_deaths: 0.
num_vsnodes_births: 2.
num_vsnodes_deaths: 0.
num_space_committed: 99.
num_space_uncommitted: 0.
num_chunks_returned_to_freelist: 0.
num_chunks_taken_from_freelist: 245.
num_chunk_merges: 0.
num_chunk_splits: 153.
num_chunks_enlarged: 125.
num_inconsistent_stats: 0.

CodeHeap 'non-profiled nmethods': size=120128Kb used=429Kb max_used=429Kb free=119698Kb
 bounds [0x0000014773830000, 0x0000014773aa0000, 0x000001477ad80000]
CodeHeap 'profiled nmethods': size=120000Kb used=2085Kb max_used=2085Kb free=117914Kb
 bounds [0x000001476bd80000, 0x000001476bff0000, 0x00000147732b0000]
CodeHeap 'non-nmethods': size=5632Kb used=1334Kb max_used=1362Kb free=4297Kb
 bounds [0x00000147732b0000, 0x0000014773520000, 0x0000014773830000]
CodeCache: size=245760Kb, used=3848Kb, max_used=3876Kb, free=241909Kb
 total_blobs=1878, nmethods=1409, adapters=374, full_count=0
Compilation: enabled, stopped_count=0, restarted_count=0

Compilation events (20 events):
Event: 191.082 Thread 0x000001477e065f20 nmethod 1392 0x000001476bf86a88 code [0x000001476bf86b80, 0x000001476bf86cc0]
Event: 191.299 Thread 0x000001477e065f20 1395       3       java.lang.Float::isNaN (12 bytes)
Event: 191.300 Thread 0x000001477e065f20 nmethod 1395 0x000001476bf86d88 code [0x000001476bf86e80, 0x000001476bf86fd8]
Event: 191.300 Thread 0x000001477dff1410 1396       4       sun.nio.fs.WindowsPathParser::isInvalidPathChar (22 bytes)
Event: 191.302 Thread 0x000001477dff1410 nmethod 1396 0x0000014773899f08 code [0x000001477389a000, 0x000001477389a148]
Event: 191.375 Thread 0x000001477e065f20 1397       3       org.objectweb.asm.ClassReader::readInt (52 bytes)
Event: 191.376 Thread 0x000001477e065f20 nmethod 1397 0x000001476bf87088 code [0x000001476bf87180, 0x000001476bf87350]
Event: 191.429 Thread 0x000001477dff1410 1398       4       java.lang.ClassLoader::checkName (37 bytes)
Event: 192.437 Thread 0x000001477dff1410 nmethod 1398 0x000001477389a208 code [0x000001477389a300, 0x000001477389a4a0]
Event: 192.800 Thread 0x000001477e065f20 1399       3       sun.reflect.annotation.AnnotatedTypeFactory::isArray (32 bytes)
Event: 192.800 Thread 0x000001477e065f20 nmethod 1399 0x000001476bf87388 code [0x000001476bf87480, 0x000001476bf879f8]
Event: 192.968 Thread 0x000001477e065f20 1400       1       java.lang.reflect.Method::getAnnotationBytes (5 bytes)
Event: 192.968 Thread 0x000001477e065f20 nmethod 1400 0x000001477389a508 code [0x000001477389a600, 0x000001477389a6c8]
Event: 192.975 Thread 0x000001477e065f20 1401       3       com.google.inject.internal.BindingImpl::<init> (30 bytes)
Event: 192.976 Thread 0x000001477e065f20 nmethod 1401 0x000001476bf87a08 code [0x000001476bf87b00, 0x000001476bf87dd8]
Event: 192.978 Thread 0x000001477e065f20 1402       3       java.util.stream.AbstractPipeline::<init> (55 bytes)
Event: 192.979 Thread 0x000001477e065f20 nmethod 1402 0x000001476bf87e08 code [0x000001476bf87f00, 0x000001476bf881d0]
Event: 192.980 Thread 0x000001477e065f20 1403       3       java.lang.ThreadLocal::getMap (17 bytes)
Event: 192.980 Thread 0x000001477e065f20 nmethod 1403 0x000001476bf88208 code [0x000001476bf88300, 0x000001476bf886b0]
Event: 192.981 Thread 0x000001477dff1410 1404       4       java.util.jar.JarFile::getVersionedEntry (114 bytes)

GC Heap Usage History (12 events):
Event: 156.339 {heap Before GC invocations=0 (full 0):
 garbage-first heap   total reserved 1003520K, committed 65536K, used 14483K [0x00000000c2c00000, 0x0000000100000000)
  region size 1024K, 14 young (14336K), 0 survivors (0K)
}
Event: 158.098 {heap After GC invocations=1 (full 0):
 garbage-first heap   total reserved 1003520K, committed 65536K, used 3897K [0x00000000c2c00000, 0x0000000100000000)
  region size 1024K, 2 young (2048K), 2 survivors (2048K)
}
Event: 158.526 {heap Before GC invocations=1 (full 0):
 garbage-first heap   total reserved 1003520K, committed 65536K, used 4921K [0x00000000c2c00000, 0x0000000100000000)
  region size 1024K, 3 young (3072K), 2 survivors (2048K)
}
Event: 158.534 {heap After GC invocations=2 (full 0):
 garbage-first heap   total reserved 1003520K, committed 65536K, used 4335K [0x00000000c2c00000, 0x0000000100000000)
  region size 1024K, 1 young (1024K), 1 survivors (1024K)
}
Event: 160.773 {heap Before GC invocations=2 (full 0):
 garbage-first heap   total reserved 1003520K, committed 65536K, used 6383K [0x00000000c2c00000, 0x0000000100000000)
  region size 1024K, 3 young (3072K), 1 survivors (1024K)
}
Event: 160.775 {heap After GC invocations=3 (full 0):
 garbage-first heap   total reserved 1003520K, committed 65536K, used 4274K [0x00000000c2c00000, 0x0000000100000000)
  region size 1024K, 1 young (1024K), 1 survivors (1024K)
}
Event: 163.707 {heap Before GC invocations=3 (full 0):
 garbage-first heap   total reserved 1003520K, committed 65536K, used 6322K [0x00000000c2c00000, 0x0000000100000000)
  region size 1024K, 3 young (3072K), 1 survivors (1024K)
}
Event: 163.709 {heap After GC invocations=4 (full 0):
 garbage-first heap   total reserved 1003520K, committed 65536K, used 4348K [0x00000000c2c00000, 0x0000000100000000)
  region size 1024K, 1 young (1024K), 1 survivors (1024K)
}
Event: 173.141 {heap Before GC invocations=4 (full 0):
 garbage-first heap   total reserved 1003520K, committed 65536K, used 6396K [0x00000000c2c00000, 0x0000000100000000)
  region size 1024K, 3 young (3072K), 1 survivors (1024K)
}
Event: 173.231 {heap After GC invocations=5 (full 0):
 garbage-first heap   total reserved 1003520K, committed 65536K, used 4410K [0x00000000c2c00000, 0x0000000100000000)
  region size 1024K, 1 young (1024K), 1 survivors (1024K)
}
Event: 175.027 {heap Before GC invocations=5 (full 0):
 garbage-first heap   total reserved 1003520K, committed 65536K, used 7482K [0x00000000c2c00000, 0x0000000100000000)
  region size 1024K, 4 young (4096K), 1 survivors (1024K)
}
Event: 175.035 {heap After GC invocations=6 (full 0):
 garbage-first heap   total reserved 1003520K, committed 65536K, used 4453K [0x00000000c2c00000, 0x0000000100000000)
  region size 1024K, 1 young (1024K), 1 survivors (1024K)
}

Metaspace Usage History (12 events):
Event: 156.339 {metaspace Before GC invocations=0 (full 0):
 Metaspace       used 4351K, committed 4544K, reserved 1114112K
  class space    used 489K, committed 576K, reserved 1048576K
}
Event: 158.098 {metaspace After GC invocations=1 (full 0):
 Metaspace       used 4351K, committed 4544K, reserved 1114112K
  class space    used 489K, committed 576K, reserved 1048576K
}
Event: 158.526 {metaspace Before GC invocations=1 (full 0):
 Metaspace       used 4666K, committed 4864K, reserved 1114112K
  class space    used 550K, committed 640K, reserved 1048576K
}
Event: 158.534 {metaspace After GC invocations=2 (full 0):
 Metaspace       used 4666K, committed 4864K, reserved 1114112K
  class space    used 550K, committed 640K, reserved 1048576K
}
Event: 160.773 {metaspace Before GC invocations=2 (full 0):
 Metaspace       used 5278K, committed 5504K, reserved 1114112K
  class space    used 636K, committed 768K, reserved 1048576K
}
Event: 160.775 {metaspace After GC invocations=3 (full 0):
 Metaspace       used 5278K, committed 5504K, reserved 1114112K
  class space    used 636K, committed 768K, reserved 1048576K
}
Event: 163.707 {metaspace Before GC invocations=3 (full 0):
 Metaspace       used 5471K, committed 5632K, reserved 1114112K
  class space    used 656K, committed 768K, reserved 1048576K
}
Event: 163.709 {metaspace After GC invocations=4 (full 0):
 Metaspace       used 5471K, committed 5632K, reserved 1114112K
  class space    used 656K, committed 768K, reserved 1048576K
}
Event: 173.141 {metaspace Before GC invocations=4 (full 0):
 Metaspace       used 5505K, committed 5696K, reserved 1114112K
  class space    used 666K, committed 768K, reserved 1048576K
}
Event: 173.231 {metaspace After GC invocations=5 (full 0):
 Metaspace       used 5505K, committed 5696K, reserved 1114112K
  class space    used 666K, committed 768K, reserved 1048576K
}
Event: 175.027 {metaspace Before GC invocations=5 (full 0):
 Metaspace       used 5638K, committed 5760K, reserved 1114112K
  class space    used 687K, committed 768K, reserved 1048576K
}
Event: 175.035 {metaspace After GC invocations=6 (full 0):
 Metaspace       used 5638K, committed 5760K, reserved 1114112K
  class space    used 687K, committed 768K, reserved 1048576K
}

Dll operation events (7 events):
Event: 1.055 Loaded shared library C:\Program Files\Apache NetBeans\jdk\bin\java.dll
Event: 16.620 Loaded shared library C:\Program Files\Apache NetBeans\jdk\bin\net.dll
Event: 16.624 Loaded shared library C:\Program Files\Apache NetBeans\jdk\bin\nio.dll
Event: 20.331 Loaded shared library C:\Program Files\Apache NetBeans\jdk\bin\zip.dll
Event: 58.744 Loaded shared library C:\Program Files\Apache NetBeans\java\maven\lib\jansi-native\Windows\x86_64\jansi.dll
Event: 58.765 Loaded shared library C:\Program Files\Apache NetBeans\jdk\bin\verify.dll
Event: 64.031 Loaded shared library C:\Program Files\Apache NetBeans\jdk\bin\jimage.dll

Deoptimization events (20 events):
Event: 185.750 Thread 0x0000014760f5d600 Uncommon trap: trap_request=0xffffffde fr.pc=0x000001477386aa48 relative=0x0000000000000248
Event: 185.750 Thread 0x0000014760f5d600 Uncommon trap: reason=class_check action=maybe_recompile pc=0x000001477386aa48 method=java.util.HashMap.getNode(Ljava/lang/Object;)Ljava/util/HashMap$Node; @ 128 c2
Event: 185.750 Thread 0x0000014760f5d600 DEOPT PACKING pc=0x000001477386aa48 sp=0x0000002d89cfde50
Event: 185.750 Thread 0x0000014760f5d600 DEOPT UNPACKING pc=0x000001477333857c sp=0x0000002d89cfddb8 mode 2
Event: 185.762 Thread 0x0000014760f5d600 Uncommon trap: trap_request=0xffffffde fr.pc=0x000001477386aa48 relative=0x0000000000000248
Event: 185.762 Thread 0x0000014760f5d600 Uncommon trap: reason=class_check action=maybe_recompile pc=0x000001477386aa48 method=java.util.HashMap.getNode(Ljava/lang/Object;)Ljava/util/HashMap$Node; @ 128 c2
Event: 185.762 Thread 0x0000014760f5d600 DEOPT PACKING pc=0x000001477386aa48 sp=0x0000002d89cfde50
Event: 185.762 Thread 0x0000014760f5d600 DEOPT UNPACKING pc=0x000001477333857c sp=0x0000002d89cfddb8 mode 2
Event: 189.768 Thread 0x0000014760f5d600 Uncommon trap: trap_request=0xffffffc6 fr.pc=0x000001477386b3b4 relative=0x00000000000003b4
Event: 189.768 Thread 0x0000014760f5d600 Uncommon trap: reason=bimorphic_or_optimized_type_check action=maybe_recompile pc=0x000001477386b3b4 method=java.util.concurrent.ConcurrentHashMap.get(Ljava/lang/Object;)Ljava/lang/Object; @ 149 c2
Event: 189.768 Thread 0x0000014760f5d600 DEOPT PACKING pc=0x000001477386b3b4 sp=0x0000002d89cfda30
Event: 189.768 Thread 0x0000014760f5d600 DEOPT UNPACKING pc=0x000001477333857c sp=0x0000002d89cfd9a0 mode 2
Event: 191.079 Thread 0x0000014760f5d600 Uncommon trap: trap_request=0xffffffc6 fr.pc=0x000001477386b3b4 relative=0x00000000000003b4
Event: 191.079 Thread 0x0000014760f5d600 Uncommon trap: reason=bimorphic_or_optimized_type_check action=maybe_recompile pc=0x000001477386b3b4 method=java.util.concurrent.ConcurrentHashMap.get(Ljava/lang/Object;)Ljava/lang/Object; @ 149 c2
Event: 191.079 Thread 0x0000014760f5d600 DEOPT PACKING pc=0x000001477386b3b4 sp=0x0000002d89cfda30
Event: 191.079 Thread 0x0000014760f5d600 DEOPT UNPACKING pc=0x000001477333857c sp=0x0000002d89cfd9a0 mode 2
Event: 192.983 Thread 0x0000014760f5d600 Uncommon trap: trap_request=0xffffffc6 fr.pc=0x000001477386b3b4 relative=0x00000000000003b4
Event: 192.983 Thread 0x0000014760f5d600 Uncommon trap: reason=bimorphic_or_optimized_type_check action=maybe_recompile pc=0x000001477386b3b4 method=java.util.concurrent.ConcurrentHashMap.get(Ljava/lang/Object;)Ljava/lang/Object; @ 149 c2
Event: 192.983 Thread 0x0000014760f5d600 DEOPT PACKING pc=0x000001477386b3b4 sp=0x0000002d89cfdae0
Event: 192.983 Thread 0x0000014760f5d600 DEOPT UNPACKING pc=0x000001477333857c sp=0x0000002d89cfda50 mode 2

Classes loaded (20 events):
Event: 159.845 Loading class java/util/concurrent/TimeoutException
Event: 159.894 Loading class java/util/concurrent/TimeoutException done
Event: 159.894 Loading class java/util/concurrent/CancellationException
Event: 159.927 Loading class java/util/concurrent/CancellationException done
Event: 159.995 Loading class java/lang/reflect/ParameterizedType
Event: 159.995 Loading class java/lang/reflect/ParameterizedType done
Event: 160.331 Loading class java/lang/reflect/WildcardType
Event: 160.331 Loading class java/lang/reflect/WildcardType done
Event: 160.497 Loading class sun/reflect/generics/tree/TypeVariableSignature
Event: 160.497 Loading class sun/reflect/generics/tree/TypeVariableSignature done
Event: 161.131 Loading class java/lang/annotation/IncompleteAnnotationException
Event: 161.131 Loading class java/lang/annotation/IncompleteAnnotationException done
Event: 163.550 Loading class java/lang/foreign/MemorySegment
Event: 163.550 Loading class java/lang/foreign/MemorySegment done
Event: 176.926 Loading class sun/reflect/generics/reflectiveObjects/TypeVariableImpl
Event: 176.927 Loading class sun/reflect/generics/reflectiveObjects/LazyReflectiveObjectGenerator
Event: 176.927 Loading class sun/reflect/generics/reflectiveObjects/LazyReflectiveObjectGenerator done
Event: 176.927 Loading class sun/reflect/generics/reflectiveObjects/TypeVariableImpl done
Event: 176.927 Loading class sun/reflect/generics/reflectiveObjects/ParameterizedTypeImpl
Event: 176.927 Loading class sun/reflect/generics/reflectiveObjects/ParameterizedTypeImpl done

Classes unloaded (0 events):
No events

Classes redefined (0 events):
No events

Internal exceptions (20 events):
Event: 58.753 Thread 0x0000014760f5d600 Exception <a 'java/lang/NullPointerException'{0x00000000c655afd8}> (0x00000000c655afd8) 
thrown [s\src\hotspot\share\interpreter\linkResolver.cpp, line 1416]
Event: 58.762 Thread 0x0000014760f5d600 Exception <a 'sun/nio/fs/WindowsException'{0x00000000c657c570}> (0x00000000c657c570) 
thrown [s\src\hotspot\share\prims\jni.cpp, line 516]
Event: 58.762 Thread 0x0000014760f5d600 Exception <a 'sun/nio/fs/WindowsException'{0x00000000c657cba0}> (0x00000000c657cba0) 
thrown [s\src\hotspot\share\prims\jni.cpp, line 516]
Event: 58.763 Thread 0x0000014760f5d600 Exception <a 'sun/nio/fs/WindowsException'{0x00000000c657d100}> (0x00000000c657d100) 
thrown [s\src\hotspot\share\prims\jni.cpp, line 516]
Event: 58.763 Thread 0x0000014760f5d600 Exception <a 'sun/nio/fs/WindowsException'{0x00000000c657d640}> (0x00000000c657d640) 
thrown [s\src\hotspot\share\prims\jni.cpp, line 516]
Event: 58.763 Thread 0x0000014760f5d600 Exception <a 'sun/nio/fs/WindowsException'{0x00000000c657db30}> (0x00000000c657db30) 
thrown [s\src\hotspot\share\prims\jni.cpp, line 516]
Event: 58.763 Thread 0x0000014760f5d600 Exception <a 'sun/nio/fs/WindowsException'{0x00000000c657dfd8}> (0x00000000c657dfd8) 
thrown [s\src\hotspot\share\prims\jni.cpp, line 516]
Event: 63.488 Thread 0x0000014760f5d600 Exception <a 'java/lang/NoSuchMethodError'{0x00000000c65b7610}: 'void java.lang.invoke.DirectMethodHandle$Holder.invokeVirtual(java.lang.Object, java.lang.Object)'> (0x00000000c65b7610) 
thrown [s\src\hotspot\share\interpreter\linkResolver.cpp, line 804]
Event: 63.495 Thread 0x0000014760f5d600 Exception <a 'java/lang/NoSuchMethodError'{0x00000000c65d8908}: 'void java.lang.invoke.DirectMethodHandle$Holder.invokeStatic(java.lang.Object, java.lang.Object)'> (0x00000000c65d8908) 
thrown [s\src\hotspot\share\interpreter\linkResolver.cpp, line 804]
Event: 63.496 Thread 0x0000014760f5d600 Exception <a 'java/lang/NoSuchMethodError'{0x00000000c65e09e0}: 'void java.lang.invoke.DirectMethodHandle$Holder.invokeStaticInit(java.lang.Object, java.lang.Object)'> (0x00000000c65e09e0) 
thrown [s\src\hotspot\share\interpreter\linkResolver.cpp, line 804]
Event: 67.112 Thread 0x0000014760f5d600 Exception <a 'java/lang/NoSuchMethodError'{0x00000000c645aed8}: 'void java.lang.invoke.DirectMethodHandle$Holder.invokeSpecial(java.lang.Object, java.lang.Object, java.lang.Object, java.lang.Object, java.lang.Object)'> (0x00000000c645aed8) 
thrown [s\src\hotspot\share\interpreter\linkResolver.cpp, line 804]
Event: 67.131 Thread 0x0000014760f5d600 Exception <a 'java/lang/NoSuchMethodError'{0x00000000c6496b18}: 'void java.lang.invoke.DirectMethodHandle$Holder.invokeStatic(java.lang.Object, java.lang.Object, java.lang.Object)'> (0x00000000c6496b18) 
thrown [s\src\hotspot\share\interpreter\linkResolver.cpp, line 804]
Event: 85.348 Thread 0x0000014760f5d600 Exception <a 'java/lang/NoSuchMethodError'{0x00000000c6210488}: 'java.lang.Object java.lang.invoke.DirectMethodHandle$Holder.invokeSpecialIFC(java.lang.Object, java.lang.Object, java.lang.Object, java.lang.Object)'> (0x00000000c6210488) 
thrown [s\src\hotspot\share\interpreter\linkResolver.cpp, line 804]
Event: 152.007 Thread 0x0000014760f5d600 Exception <a 'java/lang/NoSuchMethodError'{0x00000000c5d024b0}: 'void java.lang.invoke.DirectMethodHandle$Holder.invokeSpecial(java.lang.Object, java.lang.Object, java.lang.Object)'> (0x00000000c5d024b0) 
thrown [s\src\hotspot\share\interpreter\linkResolver.cpp, line 804]
Event: 154.529 Thread 0x0000014760f5d600 Exception <a 'java/lang/NoSuchMethodError'{0x00000000c5c1d4e8}: 'java.lang.Object java.lang.invoke.DirectMethodHandle$Holder.invokeInterface(java.lang.Object, java.lang.Object)'> (0x00000000c5c1d4e8) 
thrown [s\src\hotspot\share\interpreter\linkResolver.cpp, line 804]
Event: 155.249 Thread 0x0000014760f5d600 Exception <a 'java/lang/NoSuchMethodError'{0x00000000c5cc88d0}: 'int java.lang.invoke.DirectMethodHandle$Holder.invokeStatic(java.lang.Object, java.lang.Object, java.lang.Object, java.lang.Object)'> (0x00000000c5cc88d0) 
thrown [s\src\hotspot\share\interpreter\linkResolver.cpp, line 804]
Event: 156.232 Thread 0x0000014760f5d600 Exception <a 'java/lang/NoSuchMethodError'{0x00000000c5cf26f8}: 'int java.lang.invoke.DirectMethodHandle$Holder.invokeSpecialIFC(java.lang.Object, java.lang.Object, java.lang.Object, java.lang.Object, java.lang.Object)'> (0x00000000c5cf26f8) 
thrown [s\src\hotspot\share\interpreter\linkResolver.cpp, line 804]
Event: 159.731 Thread 0x0000014760f5d600 Exception <a 'java/lang/NoSuchMethodError'{0x00000000c69c0c68}: 'java.lang.Object java.lang.invoke.DirectMethodHandle$Holder.newInvokeSpecial(java.lang.Object, java.lang.Object, java.lang.Object, java.lang.Object, java.lang.Object)'> (0x00000000c69c0c68) 
thrown [s\src\hotspot\share\interpreter\linkResolver.cpp, line 804]
Event: 160.759 Thread 0x0000014760f5d600 Exception <a 'java/lang/NoSuchMethodError'{0x00000000c67dd648}: 'int java.lang.invoke.DirectMethodHandle$Holder.invokeStaticInit(java.lang.Object, java.lang.Object)'> (0x00000000c67dd648) 
thrown [s\src\hotspot\share\interpreter\linkResolver.cpp, line 804]
Event: 161.132 Thread 0x0000014760f5d600 Exception <a 'java/lang/NoClassDefFoundError'{0x00000000c6918d20}: javax/enterprise/inject/Typed> (0x00000000c6918d20) 
thrown [s\src\hotspot\share\classfile\systemDictionary.cpp, line 316]

VM Operations (20 events):
Event: 49.225 Executing non-safepoint VM operation: HandshakeAllThreads (Deoptimize)
Event: 49.225 Executing non-safepoint VM operation: HandshakeAllThreads (Deoptimize) done
Event: 64.043 Executing non-safepoint VM operation: HandshakeAllThreads (Deoptimize)
Event: 64.084 Executing non-safepoint VM operation: HandshakeAllThreads (Deoptimize) done
Event: 156.281 Executing safepoint VM operation: G1CollectForAllocation (G1 Evacuation Pause)
Event: 158.098 Executing safepoint VM operation: G1CollectForAllocation (G1 Evacuation Pause) done
Event: 158.526 Executing safepoint VM operation: G1CollectForAllocation (G1 Evacuation Pause)
Event: 158.534 Executing safepoint VM operation: G1CollectForAllocation (G1 Evacuation Pause) done
Event: 160.773 Executing safepoint VM operation: G1CollectForAllocation (G1 Evacuation Pause)
Event: 160.775 Executing safepoint VM operation: G1CollectForAllocation (G1 Evacuation Pause) done
Event: 163.707 Executing safepoint VM operation: G1CollectForAllocation (G1 Evacuation Pause)
Event: 163.712 Executing safepoint VM operation: G1CollectForAllocation (G1 Evacuation Pause) done
Event: 173.141 Executing safepoint VM operation: G1CollectForAllocation (G1 Evacuation Pause)
Event: 173.231 Executing safepoint VM operation: G1CollectForAllocation (G1 Evacuation Pause) done
Event: 175.027 Executing safepoint VM operation: G1CollectForAllocation (G1 Evacuation Pause)
Event: 175.035 Executing safepoint VM operation: G1CollectForAllocation (G1 Evacuation Pause) done
Event: 181.357 Executing non-safepoint VM operation: HandshakeAllThreads (HandshakeForDeflation)
Event: 185.213 Executing non-safepoint VM operation: HandshakeAllThreads (HandshakeForDeflation) done
Event: 185.213 Executing non-safepoint VM operation: RendezvousGCThreads
Event: 185.213 Executing non-safepoint VM operation: RendezvousGCThreads done

Memory protections (0 events):
No events

Nmethod flushes (0 events):
No events

Events (13 events):
Event: 12.837 Thread 0x0000014760f5d600 Thread added: 0x0000014760f5d600
Event: 15.654 Thread 0x0000014760f5d600 Thread added: 0x000001477dfe4130
Event: 15.654 Thread 0x0000014760f5d600 Thread added: 0x000001477dfe7270
Event: 15.940 Thread 0x0000014760f5d600 Thread added: 0x000001477dfeb9a0
Event: 15.940 Thread 0x0000014760f5d600 Thread added: 0x000001477dfed6c0
Event: 16.152 Thread 0x0000014760f5d600 Thread added: 0x000001477dfef960
Event: 16.152 Thread 0x0000014760f5d600 Thread added: 0x000001477dff0520
Event: 16.152 Thread 0x0000014760f5d600 Thread added: 0x000001477dff1410
Event: 16.408 Thread 0x0000014760f5d600 Thread added: 0x000001477e065f20
Event: 16.612 Thread 0x0000014760f5d600 Thread added: 0x000001477e0b84e0
Event: 16.616 Thread 0x0000014760f5d600 Thread added: 0x000001477e0bef40
Event: 58.734 Thread 0x0000014760f5d600 Thread added: 0x000001477e28ce40
Event: 64.098 Thread 0x000001477e28ce40 Thread exited: 0x000001477e28ce40


Dynamic libraries:
0x00007ff62b400000 - 0x00007ff62b40e000 	C:\Program Files\Apache NetBeans\jdk\bin\java.exe
0x00007ffea0ee0000 - 0x00007ffea1147000 	C:\WINDOWS\SYSTEM32\ntdll.dll
0x00007ffe9fee0000 - 0x00007ffe9ffa9000 	C:\WINDOWS\System32\KERNEL32.DLL
0x00007ffe9dbe0000 - 0x00007ffe9dfd4000 	C:\WINDOWS\System32\KERNELBASE.dll
0x00007ffe9e110000 - 0x00007ffe9e25b000 	C:\WINDOWS\System32\ucrtbase.dll
0x00007ffe8a0d0000 - 0x00007ffe8a0e6000 	C:\Program Files\Apache NetBeans\jdk\bin\jli.dll
0x00007ffe9ed70000 - 0x00007ffe9ef35000 	C:\WINDOWS\System32\USER32.dll
0x00007ffe9eb90000 - 0x00007ffe9ebb7000 	C:\WINDOWS\System32\win32u.dll
0x00007ffea09d0000 - 0x00007ffea09fb000 	C:\WINDOWS\System32\GDI32.dll
0x00007ffe9dfe0000 - 0x00007ffe9e10a000 	C:\WINDOWS\System32\gdi32full.dll
0x00007ffe9ebc0000 - 0x00007ffe9ec63000 	C:\WINDOWS\System32\msvcp_win.dll
0x00007ffe8b780000 - 0x00007ffe8b79e000 	C:\Program Files\Apache NetBeans\jdk\bin\VCRUNTIME140.dll
0x00007ffe8ba70000 - 0x00007ffe8bd03000 	C:\WINDOWS\WinSxS\amd64_microsoft.windows.common-controls_6595b64144ccf1df_6.0.26100.8115_none_3e075c82e3354f9c\COMCTL32.dll
0x00007ffea0400000 - 0x00007ffea04a9000 	C:\WINDOWS\System32\msvcrt.dll
0x00007ffe9fd40000 - 0x00007ffe9fd72000 	C:\WINDOWS\System32\IMM32.DLL
0x00007ffe92200000 - 0x00007ffe9220c000 	C:\Program Files\Apache NetBeans\jdk\bin\vcruntime140_1.dll
0x00007ffe76b40000 - 0x00007ffe76bcd000 	C:\Program Files\Apache NetBeans\jdk\bin\msvcp140.dll
0x00007ffe28420000 - 0x00007ffe29346000 	C:\Program Files\Apache NetBeans\jdk\bin\server\jvm.dll
0x00007ffea0660000 - 0x00007ffea0716000 	C:\WINDOWS\System32\ADVAPI32.dll
0x00007ffea04b0000 - 0x00007ffea0557000 	C:\WINDOWS\System32\sechost.dll
0x00007ffe9f250000 - 0x00007ffe9f368000 	C:\WINDOWS\System32\RPCRT4.dll
0x00007ffea0940000 - 0x00007ffea09c0000 	C:\WINDOWS\System32\WS2_32.dll
0x00007ffe9d610000 - 0x00007ffe9d66e000 	C:\WINDOWS\SYSTEM32\POWRPROF.dll
0x00007ffe7a540000 - 0x00007ffe7a576000 	C:\WINDOWS\SYSTEM32\WINMM.dll
0x00007ffe8c650000 - 0x00007ffe8c65b000 	C:\WINDOWS\SYSTEM32\VERSION.dll
0x00007ffe9d5f0000 - 0x00007ffe9d604000 	C:\WINDOWS\SYSTEM32\UMPDC.dll
0x00007ffe9c540000 - 0x00007ffe9c55b000 	C:\WINDOWS\SYSTEM32\kernel.appcore.dll
0x00007ffe904d0000 - 0x00007ffe904da000 	C:\Program Files\Apache NetBeans\jdk\bin\jimage.dll
0x00007ffe9b6f0000 - 0x00007ffe9b932000 	C:\WINDOWS\SYSTEM32\DBGHELP.DLL
0x00007ffe9ffb0000 - 0x00007ffea0332000 	C:\WINDOWS\System32\combase.dll
0x00007ffe9f400000 - 0x00007ffe9f4d7000 	C:\WINDOWS\System32\OLEAUT32.dll
0x00007ffe8c3b0000 - 0x00007ffe8c3eb000 	C:\WINDOWS\SYSTEM32\dbgcore.DLL
0x00007ffe9d9c0000 - 0x00007ffe9da65000 	C:\WINDOWS\System32\bcryptPrimitives.dll
0x00007ffe8a200000 - 0x00007ffe8a21e000 	C:\Program Files\Apache NetBeans\jdk\bin\java.dll
0x00007ffea0790000 - 0x00007ffea0927000 	C:\WINDOWS\System32\ole32.dll
0x00007ffe9f570000 - 0x00007ffe9fcd6000 	C:\WINDOWS\System32\SHELL32.dll
0x00007ffe9da70000 - 0x00007ffe9dbda000 	C:\WINDOWS\System32\wintypes.dll
0x00007ffe9e260000 - 0x00007ffe9eac5000 	C:\WINDOWS\System32\windows.storage.dll
0x00007ffe9ef40000 - 0x00007ffe9f037000 	C:\WINDOWS\System32\SHCORE.dll
0x00007ffea0720000 - 0x00007ffea0786000 	C:\WINDOWS\System32\shlwapi.dll
0x00007ffe9d6d0000 - 0x00007ffe9d6f9000 	C:\WINDOWS\SYSTEM32\profapi.dll
0x00007ffe89600000 - 0x00007ffe89611000 	C:\Program Files\Apache NetBeans\jdk\bin\net.dll
0x00007ffe9cab0000 - 0x00007ffe9cb1c000 	C:\WINDOWS\system32\mswsock.dll
0x00007ffe895e0000 - 0x00007ffe895f6000 	C:\Program Files\Apache NetBeans\jdk\bin\nio.dll
0x00007ffe8a0b0000 - 0x00007ffe8a0c7000 	C:\Program Files\Apache NetBeans\jdk\bin\zip.dll
0x00007ffe77c10000 - 0x00007ffe77c34000 	C:\Program Files\Apache NetBeans\java\maven\lib\jansi-native\Windows\x86_64\jansi.dll
0x00007ffe895d0000 - 0x00007ffe895e0000 	C:\Program Files\Apache NetBeans\jdk\bin\verify.dll

JVMTI agents: none

dbghelp: loaded successfully - version: 4.0.5 - missing functions: none
symbol engine: initialized successfully - sym options: 0x614 - pdb path: .;C:\Program Files\Apache NetBeans\jdk\bin;C:\WINDOWS\SYSTEM32;C:\WINDOWS\WinSxS\amd64_microsoft.windows.common-controls_6595b64144ccf1df_6.0.26100.8115_none_3e075c82e3354f9c;C:\Program Files\Apache NetBeans\jdk\bin\server;C:\Program Files\Apache NetBeans\java\maven\lib\jansi-native\Windows\x86_64

VM Arguments:
jvm_args: --enable-native-access=ALL-UNNAMED -Dclassworlds.conf=C:\Program Files\Apache NetBeans\java\maven\bin\m2.conf -Dmaven.home=C:\Program Files\Apache NetBeans\java\maven -Dlibrary.jansi.path=C:\Program Files\Apache NetBeans\java\maven\lib\jansi-native -Dmaven.multiModuleProjectDirectory=C:\Users\ASUS\Documents\NetBeansProjects\Lubiproject1 
java_command: org.codehaus.plexus.classworlds.launcher.Launcher -Dmaven.ext.class.path=C:\Program Files\Apache NetBeans\java\maven-nblib\netbeans-eventspy.jar --no-transfer-progress install
java_class_path (initial): C:\Program Files\Apache NetBeans\java\maven\boot\plexus-classworlds-2.9.0.jar
Launcher Type: SUN_STANDARD

[Global flags]
     intx CICompilerCount                          = 2                                         {product} {ergonomic}
     uint ConcGCThreads                            = 1                                         {product} {ergonomic}
     uint G1ConcRefinementThreads                  = 2                                         {product} {ergonomic}
   size_t G1HeapRegionSize                         = 1048576                                   {product} {ergonomic}
   size_t InitialHeapSize                          = 65011712                                  {product} {ergonomic}
   size_t MarkStackSize                            = 4194304                                   {product} {ergonomic}
   size_t MarkStackSizeMax                         = 536870912                                 {product} {ergonomic}
   size_t MaxHeapSize                              = 1027604480                                {product} {ergonomic}
   size_t MaxNewSize                               = 616562688                                 {product} {ergonomic}
   size_t MinHeapDeltaBytes                        = 1048576                                   {product} {ergonomic}
   size_t MinHeapSize                              = 8388608                                   {product} {ergonomic}
    uintx NonNMethodCodeHeapSize                   = 5767168                                {pd product} {ergonomic}
    uintx NonProfiledCodeHeapSize                  = 123011072                              {pd product} {ergonomic}
    uintx ProfiledCodeHeapSize                     = 122880000                              {pd product} {ergonomic}
    uintx ReservedCodeCacheSize                    = 251658240                              {pd product} {ergonomic}
     bool SegmentedCodeCache                       = true                                      {product} {ergonomic}
   size_t SoftMaxHeapSize                          = 1027604480                             {manageable} {ergonomic}
     bool UseCompressedOops                        = true                           {product lp64_product} {ergonomic}
     bool UseG1GC                                  = true                                      {product} {ergonomic}
     bool UseLargePagesIndividualAllocation        = false                                  {pd product} {ergonomic}

Logging:
Log output configuration:
 #0: stdout all=warning uptime,level,tags foldmultilines=false
 #1: stderr all=off uptime,level,tags foldmultilines=false

Release file:
IMPLEMENTOR="Eclipse Adoptium" 
IMPLEMENTOR_VERSION="Temurin-25.0.2+10" 
JAVA_RUNTIME_VERSION="25.0.2+10-LTS" 
JAVA_VERSION="25.0.2" 
JAVA_VERSION_DATE="2026-01-20" 
LIBC="default" 
MODULES="java.base java.compiler java.datatransfer java.xml java.prefs java.desktop java.instrument java.logging java.management java.security.sasl java.naming java.rmi java.management.rmi java.net.http java.scripting java.security.jgss java.transaction.xa java.sql java.sql.rowset java.xml.crypto java.se java.smartcardio jdk.accessibility jdk.internal.jvmstat jdk.attach jdk.charsets jdk.internal.opt jdk.zipfs jdk.compiler jdk.crypto.cryptoki jdk.crypto.ec jdk.crypto.mscapi jdk.dynalink jdk.internal.ed jdk.editpad jdk.internal.vm.ci jdk.graal.compiler jdk.graal.compiler.management jdk.hotspot.agent jdk.httpserver jdk.incubator.vector jdk.internal.le jdk.internal.md jdk.jartool jdk.javadoc jdk.jcmd jdk.management jdk.management.agent jdk.jconsole jdk.jdeps jdk.jdwp.agent jdk.jdi jdk.jfr jdk.jlink jdk.jpackage jdk.jshell jdk.jsobject jdk.jstatd jdk.localedata jdk.management.jfr jdk.naming.dns jdk.naming.rmi jdk.net jdk.nio.mapmode jdk.sctp jdk.security.auth jdk.security.jgss jdk.unsupported jdk.unsupported.desktop jdk.xml.dom" 
OS_ARCH="x86_64" 
OS_NAME="Windows" 
SOURCE=".:git:9e3c947043a4" 
BUILD_SOURCE="git:458965074606f027bd5afce2cfd5c1055dea0438"
BUILD_SOURCE_REPO="https://github.com/adoptium/temurin-build.git"
SOURCE_REPO="https://github.com/adoptium/jdk25u.git"
FULL_VERSION="25.0.2+10-LTS"
SEMANTIC_VERSION="25.0.2+10"
BUILD_INFO="OS: Windows Server 2022 Version: 10.0"
JVM_VARIANT="Hotspot"
JVM_VERSION="25.0.2+10-LTS"
IMAGE_TYPE="JDK"

Environment Variables:
JAVA_HOME=C:\Program Files\Apache NetBeans\jdk
PATH=C:\WINDOWS\system32;C:\WINDOWS;C:\WINDOWS\System32\Wbem;C:\WINDOWS\System32\WindowsPowerShell\v1.0\;C:\WINDOWS\System32\OpenSSH\;C:\Program Files\Git\cmd;C:\Users\ASUS\AppData\Local\Microsoft\WindowsApps;;C:\Program Files\Apache NetBeans\bin\
USERNAME=ASUS
OS=Windows_NT
PROCESSOR_IDENTIFIER=Intel64 Family 6 Model 122 Stepping 1, GenuineIntel
TMP=C:\Users\ASUS\AppData\Local\Temp
TEMP=C:\Users\ASUS\AppData\Local\Temp




Compilation memory statistics disabled.

Periodic native trim disabled

---------------  S Y S T E M  ---------------

OS:
 Windows 11 , 64 bit Build 26100 (10.0.26100.8115)
OS uptime: 0 days 0:57 hours

CPU: total 2 (initial active 2) (2 cores per cpu, 1 threads per core) family 6 model 122 stepping 1 microcode 0x34, cx8, cmov, fxsr, mmx, 3dnowpref, sse, sse2, sse3, ssse3, sse4.1, sse4.2, popcnt, tsc, tscinvbit, aes, erms, clmul, sha, clflush, clflushopt, rdtscp, rdpid
Processor Information for the first 2 processors :
  Max Mhz: 1101, Current Mhz: 1101, Mhz Limit: 1101

Memory: 4k page, system-wide physical 3919M (243M free)
TotalPageFile size 15695M (AvailPageFile size 20M)
current process WorkingSet (physical memory assigned to process): 36M, peak: 56M
current process commit charge ("private bytes"): 146M, peak: 151M

vm_info: OpenJDK 64-Bit Server VM (25.0.2+10-LTS) for windows-amd64 JRE (25.0.2+10-LTS), built on 2026-01-20T00:00:00Z with MS VC++ 17.12 (VS2022)

END.
