#
# There is insufficient memory for the Java Runtime Environment to continue.
# Native memory allocation (mmap) failed to map 65536 bytes. Error detail: Failed to commit metaspace.
# Possible reasons:
#   The system is out of physical RAM or swap space
#   This process is running with CompressedOops enabled, and the Java Heap may be blocking the growth of the native heap
# Possible solutions:
#   Reduce memory load on the system
#   Increase physical memory or swap space
#   Check if swap backing store is full
#   Decrease Java heap size (-Xmx/-Xms)
#   Decrease number of Java threads
#   Decrease Java thread stack sizes (-Xss)
#   Set larger code cache with -XX:ReservedCodeCacheSize=
#   JVM is running with Unscaled Compressed Oops mode in which the Java heap is
#     placed in the first 4GB address space. The Java Heap base address is the
#     maximum limit for the native heap growth. Please use -XX:HeapBaseMinAddress
#     to set the Java Heap base and to place the Java Heap above 4GB virtual address.
# This output file may be truncated or incomplete.
#
#  Out of Memory Error (virtualSpaceNode.cpp:113), pid=23632, tid=28220
#
# JRE version: OpenJDK Runtime Environment Temurin-25.0.2+10 (25.0.2+10) (build 25.0.2+10-LTS)
# Java VM: OpenJDK 64-Bit Server VM Temurin-25.0.2+10 (25.0.2+10-LTS, mixed mode, tiered, compressed oops, compressed class ptrs, g1 gc, windows-amd64)
# No core dump will be written. Minidumps are not enabled by default on client versions of Windows
#

---------------  S U M M A R Y ------------

Command Line: --enable-native-access=ALL-UNNAMED -Dclassworlds.conf=C:\Program Files\Apache NetBeans\java\maven\bin\m2.conf -Dmaven.home=C:\Program Files\Apache NetBeans\java\maven -Dlibrary.jansi.path=C:\Program Files\Apache NetBeans\java\maven\lib\jansi-native -Dmaven.multiModuleProjectDirectory=C:\Users\ASUS\Documents\NetBeansProjects\Lubiproject1 org.codehaus.plexus.classworlds.launcher.Launcher -Dmaven.ext.class.path=C:\Program Files\Apache NetBeans\java\maven-nblib\netbeans-eventspy.jar --no-transfer-progress install

Host: Intel(R) Celeron(R) N4000 CPU @ 1.10GHz, 2 cores, 3G,  Windows 11 , 64 bit Build 26100 (10.0.26100.8115)
Time: Fri Apr  3 20:20:15 2026 SE Asia Standard Time elapsed time: 18.853245 seconds (0d 0h 0m 18s)

---------------  T H R E A D  ---------------

Current thread (0x00000187edb1d630):  JavaThread "main"             [_thread_in_vm, id=28220, stack(0x0000006f11100000,0x0000006f11200000) (1024K)]

Stack: [0x0000006f11100000,0x0000006f11200000]
Native frames: (J=compiled Java code, j=interpreted, Vv=VM code, C=native code)
V  [jvm.dll+0x7a8bc9]  (no source info available)
V  [jvm.dll+0x77310d]  (no source info available)
V  [jvm.dll+0x9f55f3]  (no source info available)
V  [jvm.dll+0x9f7be1]  (no source info available)
V  [jvm.dll+0x9f82f3]  (no source info available)
V  [jvm.dll+0x2fce26]  (no source info available)
V  [jvm.dll+0x9f24ce]  (no source info available)
V  [jvm.dll+0x73e0d4]  (no source info available)
V  [jvm.dll+0x73e13a]  (no source info available)
V  [jvm.dll+0x740a2d]  (no source info available)
V  [jvm.dll+0x7407b5]  (no source info available)
V  [jvm.dll+0x29aba2]  (no source info available)
V  [jvm.dll+0x73eafe]  (no source info available)
V  [jvm.dll+0x7520ad]  (no source info available)
V  [jvm.dll+0x74b04e]  (no source info available)
V  [jvm.dll+0x473221]  (no source info available)
C  0x000001878753bf48  (no source info available)

The last pc belongs to method entry point (kind = zerolocals) (printed below).
Java frames: (J=compiled Java code, j=interpreted, Vv=VM code)
j  jdk.internal.misc.Unsafe.compareAndSetBoolean(Ljava/lang/Object;JZZ)Z+0 java.base
j  java.lang.Module$EnableNativeAccess.trySetEnableNativeAccess(Ljava/lang/Module;)Z+9 java.base
j  java.lang.Module.implAddEnableNativeAccess()Ljava/lang/Module;+1 java.base
j  java.lang.System$1.addEnableNativeAccess(Ljava/lang/Module;)Ljava/lang/Module;+1 java.base
j  jdk.internal.loader.BootLoader.<clinit>()V+30 java.base
v  ~StubRoutines::call_stub 0x00000187875312f5
j  jdk.internal.module.ModuleBootstrap.boot2()Ljava/lang/ModuleLayer;+352 java.base
j  jdk.internal.module.ModuleBootstrap.boot()Ljava/lang/ModuleLayer;+64 java.base
j  java.lang.System.initPhase2(ZZ)I+0 java.base
v  ~StubRoutines::call_stub 0x00000187875312f5
Lock stack of current Java thread (top to bottom):

method entry point (kind = zerolocals)  [0x000001878753bd80, 0x000001878753c0c8]  840 bytes
[MachCode]
  0x000001878753bd80: 488b 5308 | 0fb7 4a2e | 0fb7 522c | 2bd1 81fa | f501 0000 | 0f86 2500 | 0000 488b | c248 c1e0 
  0x000001878753bda0: 0348 83c0 | 5849 0387 | 5805 0000 | 483b e00f | 870a 0000 | 0058 498b | e550 e921 | abff ff58 
  0x000001878753bdc0: 4c8d 74cc | f885 d27e | 0968 0000 | 0000 ffca | 7ff7 5055 | 488b ec41 | 5548 8b43 | 084c 8d68 
  0x000001878753bde0: 3848 8b40 | 0868 0000 | 0000 5348 | 8b50 1848 | 8b52 7048 | 8b12 5248 | 8b53 1048 | 85d2 7407 
  0x000001878753be00: 4881 c2d0 | 0000 0052 | 488b 5010 | 5249 8bc6 | 482b c548 | c1e8 0350 | 4155 68f7 | ffff ff41 
  0x000001878753be20: c687 f104 | 0000 0148 | 8b45 d848 | 85c0 0f84 | 8400 0000 | 8b48 f885 | c90f 8879 | 0000 0048 
  0x000001878753be40: 03c1 488b | 4808 4883 | e902 488b | 54c8 1048 | f7da 498b | 14d6 4885 | d275 10f6 | 44c8 1801 
  0x000001878753be60: 7550 f048 | 834c c818 | 01eb 478b | 5208 4c8b | d248 3354 | c818 48f7 | c2fc ffff | ff74 33f6 
  0x000001878753be80: c202 752e | 4883 7cc8 | 1800 7421 | 4883 7cc8 | 1801 7419 | 498b d248 | 3354 c818 | 48f7 c2fc 
  0x000001878753bea0: ffff ff74 | 0d48 834c | c818 02eb | 0548 8954 | c818 4883 | e902 7992 | 488b 4310 | 4885 c074 
  0x000001878753bec0: 208b 8890 | 0000 0083 | c102 8988 | 9000 0000 | 2388 a400 | 0000 0f84 | 3e01 0000 | e9c9 0000 
  0x000001878753bee0: 0048 8b43 | 1848 85c0 | 0f85 aa00 | 0000 e805 | 0000 00e9 | 9300 0000 | 488b d348 | 8d44 2408 
  0x000001878753bf00: 4c89 6dc0 | 498b cf49 | 89af 3804 | 0000 4989 | 8728 0400 | 0048 83ec | 2040 f6c4 | 0f0f 8419 
  0x000001878753bf20: 0000 0048 | 83ec 0848 | b800 32e7 | 2cfe 7f00 | 00ff d048 | 83c4 08e9 | 0c00 0000 | 48b8 0032 
  0x000001878753bf40: e72c fe7f | 0000 ffd0 | 4883 c420 | 49c7 8728 | 0400 0000 | 0000 0049 | c787 3804 | 0000 0000 
  0x000001878753bf60: 0000 49c7 | 8730 0400 | 0000 0000 | 0049 837f | 0800 0f84 | 0500 0000 | e963 52ff | ff4c 8b6d 
  0x000001878753bf80: c04c 8b75 | c84e 8d74 | f500 c348 | 8b43 1848 | 85c0 0f84 | 1200 0000 | 8b48 0883 | c102 8948 
  0x000001878753bfa0: 0823 482c | 0f84 7000 | 0000 493b | a770 0500 | 000f 8748 | 0000 0089 | 8424 00f0 | ffff 8984 
  0x000001878753bfc0: 2400 e0ff | ff89 8424 | 00d0 ffff | 8984 2400 | c0ff ff89 | 8424 00b0 | ffff 8984 | 2400 a0ff 
  0x000001878753bfe0: ff89 8424 | 0090 ffff | 8984 2400 | 80ff ff49 | 3ba7 6805 | 0000 7607 | 4989 a770 | 0500 0041 
  0x000001878753c000: c687 f104 | 0000 0041 | 0fb6 5d00 | 49ba 40b1 | 842d fe7f | 0000 41ff | 24da ba00 | 0000 00e8 
  0x000001878753c020: 0500 0000 | e990 0000 | 0048 8d44 | 2408 4c89 | 6dc0 498b | cf49 89af | 3804 0000 | 4989 8728 
  0x000001878753c040: 0400 0048 | 83ec 2040 | f6c4 0f0f | 8419 0000 | 0048 83ec | 0848 b8e0 | 40e7 2cfe | 7f00 00ff 
  0x000001878753c060: d048 83c4 | 08e9 0c00 | 0000 48b8 | e040 e72c | fe7f 0000 | ffd0 4883 | c420 49c7 | 8728 0400 
  0x000001878753c080: 0000 0000 | 0049 c787 | 3804 0000 | 0000 0000 | 49c7 8730 | 0400 0000 | 0000 0049 | 837f 0800 
  0x000001878753c0a0: 0f84 0500 | 0000 e935 | 51ff ff4c | 8b6d c04c | 8b75 c84e | 8d74 f500 | c348 8b5d | e8e9 e8fe 
  0x000001878753c0c0: ffff 660f | 1f44 0000 
[/MachCode]

---------------  P R O C E S S  ---------------

Threads class SMR info:
_java_thread_list=0x00000187fbc5d920, length=9, elements={
0x00000187edb1d630, 0x00000187fbbf0560, 0x00000187fbbf2be0, 0x00000187fbbf4310,
0x00000187fbbf4ed0, 0x00000187fbbf5a90, 0x00000187fbbf8660, 0x00000187fbbf9550,
0x00000187fbc70040
}

Java Threads: ( => current thread )
=>0x00000187edb1d630 JavaThread "main"                              [_thread_in_vm, id=28220, stack(0x0000006f11100000,0x0000006f11200000) (1024K)]
  0x00000187fbbf0560 JavaThread "Reference Handler"          daemon [_thread_blocked, id=21368, stack(0x0000006f11900000,0x0000006f11a00000) (1024K)]
  0x00000187fbbf2be0 JavaThread "Finalizer"                  daemon [_thread_blocked, id=1812, stack(0x0000006f11a00000,0x0000006f11b00000) (1024K)]
  0x00000187fbbf4310 JavaThread "Signal Dispatcher"          daemon [_thread_blocked, id=15696, stack(0x0000006f11b00000,0x0000006f11c00000) (1024K)]
  0x00000187fbbf4ed0 JavaThread "Attach Listener"            daemon [_thread_blocked, id=10852, stack(0x0000006f11c00000,0x0000006f11d00000) (1024K)]
  0x00000187fbbf5a90 JavaThread "Service Thread"             daemon [_thread_blocked, id=18232, stack(0x0000006f11d00000,0x0000006f11e00000) (1024K)]
  0x00000187fbbf8660 JavaThread "Monitor Deflation Thread"   daemon [_thread_blocked, id=28260, stack(0x0000006f11e00000,0x0000006f11f00000) (1024K)]
  0x00000187fbbf9550 JavaThread "C2 CompilerThread0"         daemon [_thread_blocked, id=28140, stack(0x0000006f11f00000,0x0000006f12000000) (1024K)]
  0x00000187fbc70040 JavaThread "C1 CompilerThread0"         daemon [_thread_blocked, id=28616, stack(0x0000006f12000000,0x0000006f12100000) (1024K)]
Total: 9

Other Threads:
  0x00000187fbbaf530 VMThread "VM Thread"                           [id=3840, stack(0x0000006f11800000,0x0000006f11900000) (1024K)]
  0x00000187fbb7ba00 WatcherThread "VM Periodic Task Thread"        [id=17432, stack(0x0000006f11700000,0x0000006f11800000) (1024K)]
  0x00000187efd955a0 WorkerThread "GC Thread#0"                     [id=27568, stack(0x0000006f11200000,0x0000006f11300000) (1024K)]
  0x00000187efda1e30 ConcurrentGCThread "G1 Main Marker"            [id=24192, stack(0x0000006f11300000,0x0000006f11400000) (1024K)]
  0x00000187efda29d0 WorkerThread "G1 Conc#0"                       [id=26948, stack(0x0000006f11400000,0x0000006f11500000) (1024K)]
  0x00000187efdbd180 ConcurrentGCThread "G1 Refine#0"               [id=18932, stack(0x0000006f11500000,0x0000006f11600000) (1024K)]
  0x00000187efdbdd90 ConcurrentGCThread "G1 Service"                [id=23704, stack(0x0000006f11600000,0x0000006f11700000) (1024K)]
Total: 7

Threads with active compile tasks:
Total: 0

VM state: not at safepoint (normal execution)

VM Mutex/Monitor currently owned by a thread:  ([mutex/lock_event])
[0x00007ffe2d8341c8] Metaspace_lock - owner thread: 0x00000187edb1d630

Heap address: 0x00000000c2c00000, size: 980 MB, Compressed Oops mode: 32-bit

CDS archive(s) not mapped
Compressed class space mapped at: 0x000000002a000000-0x000000006a000000, reserved size: 1073741824
UseCompressedClassPointers 1, UseCompactObjectHeaders 0
Narrow klass pointer bits 32, Max shift 3
Narrow klass base: 0x0000000000000000, Narrow klass shift: 0
Encoding Range: [0x0000000000000000 - 0x0000000100000000), (4294967296 bytes)
Klass Range:    [0x000000002a000000 - 0x000000006a000000), (1073741824 bytes)
Klass ID Range:  [704643072 - 1778384889) (1073741817)
No protection zone.

GC Precious Log:
 CardTable entry size: 512
 Card Set container configuration: InlinePtr #cards 5 size 8 Array Of Cards #cards 10 size 36 Howl #buckets 4 coarsen threshold 1843 Howl Bitmap #cards 512 size 80 coarsen threshold 460 Card regions per heap region 1 cards per card region 2048
 CPUs: 2 total, 2 available
 Memory: 3919M
 Large Page Support: Disabled
 NUMA Support: Disabled
 Compressed Oops: Enabled (32-bit)
 Heap Region Size: 1M
 Heap Min Capacity: 8M
 Heap Initial Capacity: 62M
 Heap Max Capacity: 980M
 Pre-touch: Disabled
 Parallel Workers: 2
 Concurrent Workers: 1
 Concurrent Refinement Workers: 2
 Periodic GC: Disabled

Heap:
 garbage-first heap   total reserved 1003520K, committed 63488K, used 1024K [0x00000000c2c00000, 0x0000000100000000)
  region size 1024K, 2 young (2048K), 0 survivors (0K)

Heap Regions: E=young(eden), S=young(survivor), O=old, HS=humongous(starts), HC=humongous(continues), CS=collection set, F=free, TAMS=top-at-mark-start, PB=parsable bottom
|   0|0x00000000c2c00000, 0x00000000c2c00000, 0x00000000c2d00000|  0%| F|  |TAMS 0x00000000c2c00000| PB 0x00000000c2c00000| Untracked |  0
|   1|0x00000000c2d00000, 0x00000000c2d00000, 0x00000000c2e00000|  0%| F|  |TAMS 0x00000000c2d00000| PB 0x00000000c2d00000| Untracked |  0
|   2|0x00000000c2e00000, 0x00000000c2e00000, 0x00000000c2f00000|  0%| F|  |TAMS 0x00000000c2e00000| PB 0x00000000c2e00000| Untracked |  0
|   3|0x00000000c2f00000, 0x00000000c2f00000, 0x00000000c3000000|  0%| F|  |TAMS 0x00000000c2f00000| PB 0x00000000c2f00000| Untracked |  0
|   4|0x00000000c3000000, 0x00000000c3000000, 0x00000000c3100000|  0%| F|  |TAMS 0x00000000c3000000| PB 0x00000000c3000000| Untracked |  0
|   5|0x00000000c3100000, 0x00000000c3100000, 0x00000000c3200000|  0%| F|  |TAMS 0x00000000c3100000| PB 0x00000000c3100000| Untracked |  0
|   6|0x00000000c3200000, 0x00000000c3200000, 0x00000000c3300000|  0%| F|  |TAMS 0x00000000c3200000| PB 0x00000000c3200000| Untracked |  0
|   7|0x00000000c3300000, 0x00000000c3300000, 0x00000000c3400000|  0%| F|  |TAMS 0x00000000c3300000| PB 0x00000000c3300000| Untracked |  0
|   8|0x00000000c3400000, 0x00000000c3400000, 0x00000000c3500000|  0%| F|  |TAMS 0x00000000c3400000| PB 0x00000000c3400000| Untracked |  0
|   9|0x00000000c3500000, 0x00000000c3500000, 0x00000000c3600000|  0%| F|  |TAMS 0x00000000c3500000| PB 0x00000000c3500000| Untracked |  0
|  10|0x00000000c3600000, 0x00000000c3600000, 0x00000000c3700000|  0%| F|  |TAMS 0x00000000c3600000| PB 0x00000000c3600000| Untracked |  0
|  11|0x00000000c3700000, 0x00000000c3700000, 0x00000000c3800000|  0%| F|  |TAMS 0x00000000c3700000| PB 0x00000000c3700000| Untracked |  0
|  12|0x00000000c3800000, 0x00000000c3800000, 0x00000000c3900000|  0%| F|  |TAMS 0x00000000c3800000| PB 0x00000000c3800000| Untracked |  0
|  13|0x00000000c3900000, 0x00000000c3900000, 0x00000000c3a00000|  0%| F|  |TAMS 0x00000000c3900000| PB 0x00000000c3900000| Untracked |  0
|  14|0x00000000c3a00000, 0x00000000c3a00000, 0x00000000c3b00000|  0%| F|  |TAMS 0x00000000c3a00000| PB 0x00000000c3a00000| Untracked |  0
|  15|0x00000000c3b00000, 0x00000000c3b00000, 0x00000000c3c00000|  0%| F|  |TAMS 0x00000000c3b00000| PB 0x00000000c3b00000| Untracked |  0
|  16|0x00000000c3c00000, 0x00000000c3c00000, 0x00000000c3d00000|  0%| F|  |TAMS 0x00000000c3c00000| PB 0x00000000c3c00000| Untracked |  0
|  17|0x00000000c3d00000, 0x00000000c3d00000, 0x00000000c3e00000|  0%| F|  |TAMS 0x00000000c3d00000| PB 0x00000000c3d00000| Untracked |  0
|  18|0x00000000c3e00000, 0x00000000c3e00000, 0x00000000c3f00000|  0%| F|  |TAMS 0x00000000c3e00000| PB 0x00000000c3e00000| Untracked |  0
|  19|0x00000000c3f00000, 0x00000000c3f00000, 0x00000000c4000000|  0%| F|  |TAMS 0x00000000c3f00000| PB 0x00000000c3f00000| Untracked |  0
|  20|0x00000000c4000000, 0x00000000c4000000, 0x00000000c4100000|  0%| F|  |TAMS 0x00000000c4000000| PB 0x00000000c4000000| Untracked |  0
|  21|0x00000000c4100000, 0x00000000c4100000, 0x00000000c4200000|  0%| F|  |TAMS 0x00000000c4100000| PB 0x00000000c4100000| Untracked |  0
|  22|0x00000000c4200000, 0x00000000c4200000, 0x00000000c4300000|  0%| F|  |TAMS 0x00000000c4200000| PB 0x00000000c4200000| Untracked |  0
|  23|0x00000000c4300000, 0x00000000c4300000, 0x00000000c4400000|  0%| F|  |TAMS 0x00000000c4300000| PB 0x00000000c4300000| Untracked |  0
|  24|0x00000000c4400000, 0x00000000c4400000, 0x00000000c4500000|  0%| F|  |TAMS 0x00000000c4400000| PB 0x00000000c4400000| Untracked |  0
|  25|0x00000000c4500000, 0x00000000c4500000, 0x00000000c4600000|  0%| F|  |TAMS 0x00000000c4500000| PB 0x00000000c4500000| Untracked |  0
|  26|0x00000000c4600000, 0x00000000c4600000, 0x00000000c4700000|  0%| F|  |TAMS 0x00000000c4600000| PB 0x00000000c4600000| Untracked |  0
|  27|0x00000000c4700000, 0x00000000c4700000, 0x00000000c4800000|  0%| F|  |TAMS 0x00000000c4700000| PB 0x00000000c4700000| Untracked |  0
|  28|0x00000000c4800000, 0x00000000c4800000, 0x00000000c4900000|  0%| F|  |TAMS 0x00000000c4800000| PB 0x00000000c4800000| Untracked |  0
|  29|0x00000000c4900000, 0x00000000c4900000, 0x00000000c4a00000|  0%| F|  |TAMS 0x00000000c4900000| PB 0x00000000c4900000| Untracked |  0
|  30|0x00000000c4a00000, 0x00000000c4a00000, 0x00000000c4b00000|  0%| F|  |TAMS 0x00000000c4a00000| PB 0x00000000c4a00000| Untracked |  0
|  31|0x00000000c4b00000, 0x00000000c4b00000, 0x00000000c4c00000|  0%| F|  |TAMS 0x00000000c4b00000| PB 0x00000000c4b00000| Untracked |  0
|  32|0x00000000c4c00000, 0x00000000c4c00000, 0x00000000c4d00000|  0%| F|  |TAMS 0x00000000c4c00000| PB 0x00000000c4c00000| Untracked |  0
|  33|0x00000000c4d00000, 0x00000000c4d00000, 0x00000000c4e00000|  0%| F|  |TAMS 0x00000000c4d00000| PB 0x00000000c4d00000| Untracked |  0
|  34|0x00000000c4e00000, 0x00000000c4e00000, 0x00000000c4f00000|  0%| F|  |TAMS 0x00000000c4e00000| PB 0x00000000c4e00000| Untracked |  0
|  35|0x00000000c4f00000, 0x00000000c4f00000, 0x00000000c5000000|  0%| F|  |TAMS 0x00000000c4f00000| PB 0x00000000c4f00000| Untracked |  0
|  36|0x00000000c5000000, 0x00000000c5000000, 0x00000000c5100000|  0%| F|  |TAMS 0x00000000c5000000| PB 0x00000000c5000000| Untracked |  0
|  37|0x00000000c5100000, 0x00000000c5100000, 0x00000000c5200000|  0%| F|  |TAMS 0x00000000c5100000| PB 0x00000000c5100000| Untracked |  0
|  38|0x00000000c5200000, 0x00000000c5200000, 0x00000000c5300000|  0%| F|  |TAMS 0x00000000c5200000| PB 0x00000000c5200000| Untracked |  0
|  39|0x00000000c5300000, 0x00000000c5300000, 0x00000000c5400000|  0%| F|  |TAMS 0x00000000c5300000| PB 0x00000000c5300000| Untracked |  0
|  40|0x00000000c5400000, 0x00000000c5400000, 0x00000000c5500000|  0%| F|  |TAMS 0x00000000c5400000| PB 0x00000000c5400000| Untracked |  0
|  41|0x00000000c5500000, 0x00000000c5500000, 0x00000000c5600000|  0%| F|  |TAMS 0x00000000c5500000| PB 0x00000000c5500000| Untracked |  0
|  42|0x00000000c5600000, 0x00000000c5600000, 0x00000000c5700000|  0%| F|  |TAMS 0x00000000c5600000| PB 0x00000000c5600000| Untracked |  0
|  43|0x00000000c5700000, 0x00000000c5700000, 0x00000000c5800000|  0%| F|  |TAMS 0x00000000c5700000| PB 0x00000000c5700000| Untracked |  0
|  44|0x00000000c5800000, 0x00000000c5800000, 0x00000000c5900000|  0%| F|  |TAMS 0x00000000c5800000| PB 0x00000000c5800000| Untracked |  0
|  45|0x00000000c5900000, 0x00000000c5900000, 0x00000000c5a00000|  0%| F|  |TAMS 0x00000000c5900000| PB 0x00000000c5900000| Untracked |  0
|  46|0x00000000c5a00000, 0x00000000c5a00000, 0x00000000c5b00000|  0%| F|  |TAMS 0x00000000c5a00000| PB 0x00000000c5a00000| Untracked |  0
|  47|0x00000000c5b00000, 0x00000000c5b00000, 0x00000000c5c00000|  0%| F|  |TAMS 0x00000000c5b00000| PB 0x00000000c5b00000| Untracked |  0
|  48|0x00000000c5c00000, 0x00000000c5c00000, 0x00000000c5d00000|  0%| F|  |TAMS 0x00000000c5c00000| PB 0x00000000c5c00000| Untracked |  0
|  49|0x00000000c5d00000, 0x00000000c5d00000, 0x00000000c5e00000|  0%| F|  |TAMS 0x00000000c5d00000| PB 0x00000000c5d00000| Untracked |  0
|  50|0x00000000c5e00000, 0x00000000c5e00000, 0x00000000c5f00000|  0%| F|  |TAMS 0x00000000c5e00000| PB 0x00000000c5e00000| Untracked |  0
|  51|0x00000000c5f00000, 0x00000000c5f00000, 0x00000000c6000000|  0%| F|  |TAMS 0x00000000c5f00000| PB 0x00000000c5f00000| Untracked |  0
|  52|0x00000000c6000000, 0x00000000c6000000, 0x00000000c6100000|  0%| F|  |TAMS 0x00000000c6000000| PB 0x00000000c6000000| Untracked |  0
|  53|0x00000000c6100000, 0x00000000c6100000, 0x00000000c6200000|  0%| F|  |TAMS 0x00000000c6100000| PB 0x00000000c6100000| Untracked |  0
|  54|0x00000000c6200000, 0x00000000c6200000, 0x00000000c6300000|  0%| F|  |TAMS 0x00000000c6200000| PB 0x00000000c6200000| Untracked |  0
|  55|0x00000000c6300000, 0x00000000c6300000, 0x00000000c6400000|  0%| F|  |TAMS 0x00000000c6300000| PB 0x00000000c6300000| Untracked |  0
|  56|0x00000000c6400000, 0x00000000c6400000, 0x00000000c6500000|  0%| F|  |TAMS 0x00000000c6400000| PB 0x00000000c6400000| Untracked |  0
|  57|0x00000000c6500000, 0x00000000c6500000, 0x00000000c6600000|  0%| F|  |TAMS 0x00000000c6500000| PB 0x00000000c6500000| Untracked |  0
|  58|0x00000000c6600000, 0x00000000c6600000, 0x00000000c6700000|  0%| F|  |TAMS 0x00000000c6600000| PB 0x00000000c6600000| Untracked |  0
|  59|0x00000000c6700000, 0x00000000c6700000, 0x00000000c6800000|  0%| F|  |TAMS 0x00000000c6700000| PB 0x00000000c6700000| Untracked |  0
|  60|0x00000000c6800000, 0x00000000c6847b00, 0x00000000c6900000| 28%| E|  |TAMS 0x00000000c6800000| PB 0x00000000c6800000| Complete |  0
|  61|0x00000000c6900000, 0x00000000c6a00000, 0x00000000c6a00000|100%| E|CS|TAMS 0x00000000c6900000| PB 0x00000000c6900000| Complete |  0

Card table byte_map: [0x00000187f8850000,0x00000187f8a40000] _byte_map_base: 0x00000187f823a000

Marking Bits: (CMBitMap*) 0x00000187efd95d30
 Bits: [0x00000187f8a40000, 0x00000187f9990000)

Polling page: 0x00000187ef530000

Metaspace:
Metaspace        used 3593K, committed 3648K, reserved 1114112K
 class space     used 265K, committed 320K, reserved 1048576K

Usage:
  Non-class:      3.25 MB used.
      Class:    265.24 KB used.
       Both:      3.51 MB used.

Virtual space:
  Non-class space:       64.00 MB reserved,       3.25 MB (  5%) committed,  1 nodes.
      Class space:        1.00 GB reserved,     320.00 KB ( <1%) committed,  1 nodes.
             Both:        1.06 GB reserved,       3.56 MB ( <1%) committed. 

Chunk freelists:
   Non-Class:  12.00 MB
       Class:  15.50 MB
        Both:  27.50 MB

MaxMetaspaceSize: unlimited
CompressedClassSpaceSize: 1.00 GB
Initial GC threshold: 21.00 MB
Current GC threshold: 21.00 MB
CDS: off
 - commit_granule_bytes: 65536.
 - commit_granule_words: 8192.
 - virtual_space_node_default_size: 8388608.
 - enlarge_chunks_in_place: 1.
UseCompressedClassPointers 1, UseCompactObjectHeaders 0
Narrow klass pointer bits 32, Max shift 3
Narrow klass base: 0x0000000000000000, Narrow klass shift: 0
Encoding Range: [0x0000000000000000 - 0x0000000100000000), (4294967296 bytes)
Klass Range:    [0x000000002a000000 - 0x000000006a000000), (1073741824 bytes)
Klass ID Range:  [704643072 - 1778384889) (1073741817)
No protection zone.


Internal statistics:

num_allocs_failed_limit: 0.
num_arena_births: 2.
num_arena_deaths: 0.
num_vsnodes_births: 2.
num_vsnodes_deaths: 0.
num_space_committed: 57.
num_space_uncommitted: 0.
num_chunks_returned_to_freelist: 0.
num_chunks_taken_from_freelist: 2.
num_chunk_merges: 0.
num_chunk_splits: 2.
num_chunks_enlarged: 1.
num_inconsistent_stats: 0.

CodeHeap 'non-profiled nmethods': size=120128Kb used=4Kb max_used=4Kb free=120123Kb
 bounds [0x0000018787ab0000, 0x0000018787d20000, 0x000001878f000000]
CodeHeap 'profiled nmethods': size=120000Kb used=30Kb max_used=30Kb free=119969Kb
 bounds [0x0000018780000000, 0x0000018780270000, 0x0000018787530000]
CodeHeap 'non-nmethods': size=5632Kb used=1167Kb max_used=1181Kb free=4464Kb
 bounds [0x0000018787530000, 0x00000187877a0000, 0x0000018787ab0000]
CodeCache: size=245760Kb, used=1201Kb, max_used=1215Kb, free=244556Kb
 total_blobs=323, nmethods=33, adapters=195, full_count=0
Compilation: enabled, stopped_count=0, restarted_count=0

Compilation events (20 events):
Event: 13.786 Thread 0x00000187fbc70040   23       3       java.lang.module.ModuleDescriptor$Exports::hashCode (36 bytes)
Event: 13.786 Thread 0x00000187fbc70040 nmethod 23 0x0000018780005a08 code [0x0000018780005b00, 0x0000018780005de8]
Event: 14.238 Thread 0x00000187fbc70040   24       3       java.util.AbstractCollection::<init> (5 bytes)
Event: 14.239 Thread 0x00000187fbc70040 nmethod 24 0x0000018780005e08 code [0x0000018780005f00, 0x0000018780006060]
Event: 14.776 Thread 0x00000187fbc70040   25       3       java.util.ImmutableCollections$AbstractImmutableCollection::<init> (5 bytes)
Event: 14.777 Thread 0x00000187fbc70040 nmethod 25 0x0000018780006108 code [0x0000018780006200, 0x00000187800063c0]
Event: 14.944 Thread 0x00000187fbc70040   26       3       java.util.ImmutableCollections$AbstractImmutableSet::<init> (5 bytes)
Event: 14.944 Thread 0x00000187fbc70040 nmethod 26 0x0000018780006408 code [0x0000018780006500, 0x0000018780006720]
Event: 14.945 Thread 0x00000187fbc70040   27       3       java.util.Set::of (68 bytes)
Event: 14.945 Thread 0x00000187fbc70040 nmethod 27 0x0000018780006788 code [0x0000018780006880, 0x0000018780007030]
Event: 15.324 Thread 0x00000187fbc70040   28       3       java.lang.String::coder (15 bytes)
Event: 15.324 Thread 0x00000187fbc70040 nmethod 28 0x0000018780007088 code [0x0000018780007180, 0x00000187800072b0]
Event: 15.883 Thread 0x00000187fbc70040   29       1       java.lang.module.ModuleDescriptor::name (5 bytes)
Event: 15.884 Thread 0x00000187fbc70040 nmethod 29 0x0000018787ab0d08 code [0x0000018787ab0e00, 0x0000018787ab0ec8]
Event: 15.884 Thread 0x00000187fbc70040   31       3       java.lang.String::length (11 bytes)
Event: 15.884 Thread 0x00000187fbc70040 nmethod 31 0x0000018780007388 code [0x0000018780007480, 0x0000018780007690]
Event: 15.884 Thread 0x00000187fbc70040   32       3       java.lang.String::isLatin1 (19 bytes)
Event: 15.884 Thread 0x00000187fbc70040 nmethod 32 0x0000018780007708 code [0x0000018780007800, 0x0000018780007968]
Event: 15.884 Thread 0x00000187fbc70040   33       1       java.lang.module.ModuleReference::descriptor (5 bytes)
Event: 15.885 Thread 0x00000187fbc70040 nmethod 33 0x0000018787ab1008 code [0x0000018787ab1100, 0x0000018787ab11c8]

GC Heap Usage History (0 events):
No events

Metaspace Usage History (0 events):
No events

Dll operation events (1 events):
Event: 0.889 Loaded shared library C:\Program Files\Apache NetBeans\jdk\bin\java.dll

Deoptimization events (0 events):
No events

Classes loaded (20 events):
Event: 15.323 Loading class jdk/internal/module/SystemModuleFinders$1
Event: 15.323 Loading class java/util/function/Supplier
Event: 15.323 Loading class java/util/function/Supplier done
Event: 15.323 Loading class jdk/internal/module/SystemModuleFinders$1 done
Event: 15.323 Loading class jdk/internal/module/ModuleReferenceImpl
Event: 15.323 Loading class jdk/internal/module/ModuleReferenceImpl done
Event: 15.323 Loading class jdk/internal/module/SystemModuleFinders$2
Event: 15.323 Loading class jdk/internal/module/ModuleHashes$HashSupplier
Event: 15.323 Loading class jdk/internal/module/ModuleHashes$HashSupplier done
Event: 15.324 Loading class jdk/internal/module/SystemModuleFinders$2 done
Event: 15.884 Loading class jdk/internal/module/SystemModuleFinders$SystemModuleFinder
Event: 15.884 Loading class java/lang/module/ModuleFinder
Event: 15.884 Loading class java/lang/module/ModuleFinder done
Event: 15.884 Loading class jdk/internal/module/SystemModuleFinders$SystemModuleFinder done
Event: 15.928 Loading class java/util/Optional
Event: 15.928 Loading class java/util/Optional done
Event: 15.929 Loading class jdk/internal/loader/BootLoader
Event: 15.929 Loading class jdk/internal/loader/BootLoader done
Event: 15.929 Loading class java/lang/Module$EnableNativeAccess
Event: 15.929 Loading class java/lang/Module$EnableNativeAccess done

Classes unloaded (0 events):
No events

Classes redefined (0 events):
No events

Internal exceptions (0 events):
No events

VM Operations (0 events):
No events

Memory protections (0 events):
No events

Nmethod flushes (0 events):
No events

Events (9 events):
Event: 4.695 Thread 0x00000187edb1d630 Thread added: 0x00000187edb1d630
Event: 7.644 Thread 0x00000187edb1d630 Thread added: 0x00000187fbbf0560
Event: 7.645 Thread 0x00000187edb1d630 Thread added: 0x00000187fbbf2be0
Event: 7.651 Thread 0x00000187edb1d630 Thread added: 0x00000187fbbf4310
Event: 7.651 Thread 0x00000187edb1d630 Thread added: 0x00000187fbbf4ed0
Event: 7.651 Thread 0x00000187edb1d630 Thread added: 0x00000187fbbf5a90
Event: 7.651 Thread 0x00000187edb1d630 Thread added: 0x00000187fbbf8660
Event: 7.652 Thread 0x00000187edb1d630 Thread added: 0x00000187fbbf9550
Event: 8.106 Thread 0x00000187edb1d630 Thread added: 0x00000187fbc70040


Dynamic libraries:
0x00007ff61ab00000 - 0x00007ff61ab0e000 	C:\Program Files\Apache NetBeans\jdk\bin\java.exe
0x00007ffea0ee0000 - 0x00007ffea1147000 	C:\WINDOWS\SYSTEM32\ntdll.dll
0x00007ffe9fee0000 - 0x00007ffe9ffa9000 	C:\WINDOWS\System32\KERNEL32.DLL
0x00007ffe9dbe0000 - 0x00007ffe9dfd4000 	C:\WINDOWS\System32\KERNELBASE.dll
0x00007ffe9e110000 - 0x00007ffe9e25b000 	C:\WINDOWS\System32\ucrtbase.dll
0x00007ffe806e0000 - 0x00007ffe806f6000 	C:\Program Files\Apache NetBeans\jdk\bin\jli.dll
0x00007ffe9ed70000 - 0x00007ffe9ef35000 	C:\WINDOWS\System32\USER32.dll
0x00007ffe9eb90000 - 0x00007ffe9ebb7000 	C:\WINDOWS\System32\win32u.dll
0x00007ffea09d0000 - 0x00007ffea09fb000 	C:\WINDOWS\System32\GDI32.dll
0x00007ffe9dfe0000 - 0x00007ffe9e10a000 	C:\WINDOWS\System32\gdi32full.dll
0x00007ffe9ebc0000 - 0x00007ffe9ec63000 	C:\WINDOWS\System32\msvcp_win.dll
0x00007ffe91b10000 - 0x00007ffe91b2e000 	C:\Program Files\Apache NetBeans\jdk\bin\VCRUNTIME140.dll
0x00007ffe8ba70000 - 0x00007ffe8bd03000 	C:\WINDOWS\WinSxS\amd64_microsoft.windows.common-controls_6595b64144ccf1df_6.0.26100.8115_none_3e075c82e3354f9c\COMCTL32.dll
0x00007ffea0400000 - 0x00007ffea04a9000 	C:\WINDOWS\System32\msvcrt.dll
0x00007ffe9fd40000 - 0x00007ffe9fd72000 	C:\WINDOWS\System32\IMM32.DLL
0x00007ffe8bdb0000 - 0x00007ffe8bdbc000 	C:\Program Files\Apache NetBeans\jdk\bin\vcruntime140_1.dll
0x00007ffe68510000 - 0x00007ffe6859d000 	C:\Program Files\Apache NetBeans\jdk\bin\msvcp140.dll
0x00007ffe2ca00000 - 0x00007ffe2d926000 	C:\Program Files\Apache NetBeans\jdk\bin\server\jvm.dll
0x00007ffea0660000 - 0x00007ffea0716000 	C:\WINDOWS\System32\ADVAPI32.dll
0x00007ffea04b0000 - 0x00007ffea0557000 	C:\WINDOWS\System32\sechost.dll
0x00007ffe9f250000 - 0x00007ffe9f368000 	C:\WINDOWS\System32\RPCRT4.dll
0x00007ffea0940000 - 0x00007ffea09c0000 	C:\WINDOWS\System32\WS2_32.dll
0x00007ffe9d610000 - 0x00007ffe9d66e000 	C:\WINDOWS\SYSTEM32\POWRPROF.dll
0x00007ffe7a540000 - 0x00007ffe7a576000 	C:\WINDOWS\SYSTEM32\WINMM.dll
0x00007ffe8c650000 - 0x00007ffe8c65b000 	C:\WINDOWS\SYSTEM32\VERSION.dll
0x00007ffe9d5f0000 - 0x00007ffe9d604000 	C:\WINDOWS\SYSTEM32\UMPDC.dll
0x00007ffe9c540000 - 0x00007ffe9c55b000 	C:\WINDOWS\SYSTEM32\kernel.appcore.dll
0x00007ffe8bda0000 - 0x00007ffe8bdaa000 	C:\Program Files\Apache NetBeans\jdk\bin\jimage.dll
0x00007ffe9b6f0000 - 0x00007ffe9b932000 	C:\WINDOWS\SYSTEM32\DBGHELP.DLL
0x00007ffe9ffb0000 - 0x00007ffea0332000 	C:\WINDOWS\System32\combase.dll
0x00007ffe9f400000 - 0x00007ffe9f4d7000 	C:\WINDOWS\System32\OLEAUT32.dll
0x00007ffe8c3b0000 - 0x00007ffe8c3eb000 	C:\WINDOWS\SYSTEM32\dbgcore.DLL
0x00007ffe9d9c0000 - 0x00007ffe9da65000 	C:\WINDOWS\System32\bcryptPrimitives.dll
0x00007ffe80700000 - 0x00007ffe8071e000 	C:\Program Files\Apache NetBeans\jdk\bin\java.dll
0x00007ffea0790000 - 0x00007ffea0927000 	C:\WINDOWS\System32\ole32.dll
0x00007ffe9f570000 - 0x00007ffe9fcd6000 	C:\WINDOWS\System32\SHELL32.dll
0x00007ffe9da70000 - 0x00007ffe9dbda000 	C:\WINDOWS\System32\wintypes.dll
0x00007ffe9e260000 - 0x00007ffe9eac5000 	C:\WINDOWS\System32\windows.storage.dll
0x00007ffe9ef40000 - 0x00007ffe9f037000 	C:\WINDOWS\System32\SHCORE.dll
0x00007ffea0720000 - 0x00007ffea0786000 	C:\WINDOWS\System32\shlwapi.dll
0x00007ffe9d6d0000 - 0x00007ffe9d6f9000 	C:\WINDOWS\SYSTEM32\profapi.dll

JVMTI agents: none

dbghelp: loaded successfully - version: 4.0.5 - missing functions: none
symbol engine: initialized successfully - sym options: 0x614 - pdb path: .;C:\Program Files\Apache NetBeans\jdk\bin;C:\WINDOWS\SYSTEM32;C:\WINDOWS\WinSxS\amd64_microsoft.windows.common-controls_6595b64144ccf1df_6.0.26100.8115_none_3e075c82e3354f9c;C:\Program Files\Apache NetBeans\jdk\bin\server

VM Arguments:
jvm_args: --enable-native-access=ALL-UNNAMED -Dclassworlds.conf=C:\Program Files\Apache NetBeans\java\maven\bin\m2.conf -Dmaven.home=C:\Program Files\Apache NetBeans\java\maven -Dlibrary.jansi.path=C:\Program Files\Apache NetBeans\java\maven\lib\jansi-native -Dmaven.multiModuleProjectDirectory=C:\Users\ASUS\Documents\NetBeansProjects\Lubiproject1 
java_command: org.codehaus.plexus.classworlds.launcher.Launcher -Dmaven.ext.class.path=C:\Program Files\Apache NetBeans\java\maven-nblib\netbeans-eventspy.jar --no-transfer-progress install
java_class_path (initial): C:\Program Files\Apache NetBeans\java\maven\boot\plexus-classworlds-2.9.0.jar
Launcher Type: SUN_STANDARD

[Global flags]
     intx CICompilerCount                          = 2                                         {product} {ergonomic}
     uint ConcGCThreads                            = 1                                         {product} {ergonomic}
     uint G1ConcRefinementThreads                  = 2                                         {product} {ergonomic}
   size_t G1HeapRegionSize                         = 1048576                                   {product} {ergonomic}
   size_t InitialHeapSize                          = 65011712                                  {product} {ergonomic}
   size_t MarkStackSize                            = 4194304                                   {product} {ergonomic}
   size_t MarkStackSizeMax                         = 536870912                                 {product} {ergonomic}
   size_t MaxHeapSize                              = 1027604480                                {product} {ergonomic}
   size_t MaxNewSize                               = 616562688                                 {product} {ergonomic}
   size_t MinHeapDeltaBytes                        = 1048576                                   {product} {ergonomic}
   size_t MinHeapSize                              = 8388608                                   {product} {ergonomic}
    uintx NonNMethodCodeHeapSize                   = 5767168                                {pd product} {ergonomic}
    uintx NonProfiledCodeHeapSize                  = 123011072                              {pd product} {ergonomic}
    uintx ProfiledCodeHeapSize                     = 122880000                              {pd product} {ergonomic}
    uintx ReservedCodeCacheSize                    = 251658240                              {pd product} {ergonomic}
     bool SegmentedCodeCache                       = true                                      {product} {ergonomic}
   size_t SoftMaxHeapSize                          = 1027604480                             {manageable} {ergonomic}
     bool UseCompressedOops                        = true                           {product lp64_product} {ergonomic}
     bool UseG1GC                                  = true                                      {product} {ergonomic}
     bool UseLargePagesIndividualAllocation        = false                                  {pd product} {ergonomic}

Logging:
Log output configuration:
 #0: stdout all=warning uptime,level,tags foldmultilines=false
 #1: stderr all=off uptime,level,tags foldmultilines=false

Release file:
<release file has not been read>
Environment Variables:
JAVA_HOME=C:\Program Files\Apache NetBeans\jdk
PATH=C:\WINDOWS\system32;C:\WINDOWS;C:\WINDOWS\System32\Wbem;C:\WINDOWS\System32\WindowsPowerShell\v1.0\;C:\WINDOWS\System32\OpenSSH\;C:\Program Files\Git\cmd;C:\Users\ASUS\AppData\Local\Microsoft\WindowsApps;;C:\Program Files\Apache NetBeans\bin\
USERNAME=ASUS
OS=Windows_NT
PROCESSOR_IDENTIFIER=Intel64 Family 6 Model 122 Stepping 1, GenuineIntel
TMP=C:\Users\ASUS\AppData\Local\Temp
TEMP=C:\Users\ASUS\AppData\Local\Temp




Compilation memory statistics disabled.

Periodic native trim disabled

---------------  S Y S T E M  ---------------

OS:
 Windows 11 , 64 bit Build 26100 (10.0.26100.8115)
OS uptime: 0 days 4:12 hours

CPU: total 2 (initial active 2) (2 cores per cpu, 1 threads per core) family 6 model 122 stepping 1 microcode 0x34, cx8, cmov, fxsr, mmx, 3dnowpref, sse, sse2, sse3, ssse3, sse4.1, sse4.2, popcnt, tsc, tscinvbit, aes, erms, clmul, sha, clflush, clflushopt, rdtscp, rdpid
Processor Information for the first 2 processors :
  Max Mhz: 1101, Current Mhz: 1101, Mhz Limit: 1101

Memory: 4k page, system-wide physical 3919M (444M free)
TotalPageFile size 15695M (AvailPageFile size 2M)
current process WorkingSet (physical memory assigned to process): 22M, peak: 26M
current process commit charge ("private bytes"): 118M, peak: 125M

vm_info: OpenJDK 64-Bit Server VM (25.0.2+10-LTS) for windows-amd64 JRE (25.0.2+10-LTS), built on 2026-01-20T00:00:00Z with MS VC++ 17.12 (VS2022)

END.
